{"exp_name": "netperf-qemu-ns3-cd_bm", "start_time": 1606671541.5788453, "end_time": 1606671572.073963, "sims": {"nic.server.0.": {"class": "CorundumBMNIC", "cmd": ["/home/hejingli/endhostsim-code/corundum_bm/corundum_bm", "/home/hejingli/endhostsim-code/experiments/out/netperf-qemu-ns3-cd_bm/1/nic.pci.server.0.", "/home/hejingli/endhostsim-code/experiments/out/netperf-qemu-ns3-cd_bm/1/nic.eth.server.0.", "/home/hejingli/endhostsim-code/experiments/out/netperf-qemu-ns3-cd_bm/1/nic.shm.server.0.", "0", "500", "500", "500"], "stdout": ["pci connection accepted", "pci intro sent", "eth connection accepted", "eth intro sent", "pci host info received", "eth net info received"], "stderr": ["57522b87c900", "sync_pci=0 sync_eth=1", "exit main_time: 517202160000"]}, "nic.client.0.": {"class": "CorundumBMNIC", "cmd": ["/home/hejingli/endhostsim-code/corundum_bm/corundum_bm", "/home/hejingli/endhostsim-code/experiments/out/netperf-qemu-ns3-cd_bm/1/nic.pci.client.0.", "/home/hejingli/endhostsim-code/experiments/out/netperf-qemu-ns3-cd_bm/1/nic.eth.client.0.", "/home/hejingli/endhostsim-code/experiments/out/netperf-qemu-ns3-cd_bm/1/nic.shm.client.0.", "0", "500", "500", "500"], "stdout": ["pci connection accepted", "pci intro sent", "eth connection accepted", "eth intro sent", "pci host info received", "eth net info received"], "stderr": ["21695ecf0240", "sync_pci=0 sync_eth=1", "exit main_time: 517203050000"]}, "net.": {"class": "NS3BridgeNet", "cmd": ["/home/hejingli/endhostsim-code/ns-3/cosim-run.sh", "cosim", "cosim-bridge-example", "--CosimPort=/home/hejingli/endhostsim-code/experiments/out/netperf-qemu-ns3-cd_bm/1/nic.eth.server.0.", "--CosimPort=/home/hejingli/endhostsim-code/experiments/out/netperf-qemu-ns3-cd_bm/1/nic.eth.client.0."], "stdout": [], "stderr": []}, "host.server.0": {"class": "QemuHost", "cmd": ["/home/hejingli/endhostsim-code/qemu/build/x86_64-softmmu/qemu-system-x86_64", "-machine", "q35", "-serial", "mon:stdio", "-display", "none", "-nic", "none", "-kernel", "/home/hejingli/endhostsim-code/images/bzImage", "-drive", "file=/home/hejingli/endhostsim-code/experiments/out/netperf-qemu-ns3-cd_bm/1/hdcopy.server.0,if=ide,index=0,media=disk", "-drive", "file=/home/hejingli/endhostsim-code/experiments/out/netperf-qemu-ns3-cd_bm/1/cfg.server.0.tar,if=ide,index=1,media=disk,driver=raw", "-append", "earlyprintk=ttyS0 console=ttyS0 root=/dev/sda1 init=/home/ubuntu/guestinit.sh rw", "-m", "4096", "-smp", "1", "-cpu", "host", "-enable-kvm", "-chardev", "socket,path=/home/hejingli/endhostsim-code/experiments/out/netperf-qemu-ns3-cd_bm/1/nic.pci.server.0.,id=cosimcd", "-device", "cosim-pci,chardev=cosimcd,sync=off"], "stdout": ["early console in extract_kernel\r", "input_data: 0x000000000210e2c8\r", "input_len: 0x00000000003d1ed8\r", "output: 0x0000000001000000\r", "output_len: 0x00000000014baa98\r", "kernel_total_size: 0x0000000001226000\r", "needed_size: 0x0000000001600000\r", "trampoline_32bit: 0x000000000009d000\r", "\r", "Decompressing Linux... Parsing ELF... done.\r", "Booting the kernel.\r", "[    0.000000] Linux version 5.4.46 (hejingli@brain21) (gcc version 8.3.0 (Debian 8.3.0-6)) #1 SMP Mon Sep 21 21:54:40 CEST 2020\r", "[    0.000000] Command line: earlyprintk=ttyS0 console=ttyS0 root=/dev/sda1 init=/home/ubuntu/guestinit.sh rw\r", "[    0.000000] x86/fpu: Supporting XSAVE feature 0x001: 'x87 floating point registers'\r", "[    0.000000] x86/fpu: Supporting XSAVE feature 0x002: 'SSE registers'\r", "[    0.000000] x86/fpu: Supporting XSAVE feature 0x004: 'AVX registers'\r", "[    0.000000] x86/fpu: xstate_offset[2]:  576, xstate_sizes[2]:  256\r", "[    0.000000] x86/fpu: Enabled xstate features 0x7, context size is 832 bytes, using 'standard' format.\r", "[    0.000000] BIOS-provided physical RAM map:\r", "[    0.000000] BIOS-e820: [mem 0x0000000000000000-0x000000000009fbff] usable\r", "[    0.000000] BIOS-e820: [mem 0x000000000009fc00-0x000000000009ffff] reserved\r", "[    0.000000] BIOS-e820: [mem 0x00000000000f0000-0x00000000000fffff] reserved\r", "[    0.000000] BIOS-e820: [mem 0x0000000000100000-0x000000007ffddfff] usable\r", "[    0.000000] BIOS-e820: [mem 0x000000007ffde000-0x000000007fffffff] reserved\r", "[    0.000000] BIOS-e820: [mem 0x00000000b0000000-0x00000000bfffffff] reserved\r", "[    0.000000] BIOS-e820: [mem 0x00000000fed1c000-0x00000000fed1ffff] reserved\r", "[    0.000000] BIOS-e820: [mem 0x00000000feffc000-0x00000000feffffff] reserved\r", "[    0.000000] BIOS-e820: [mem 0x00000000fffc0000-0x00000000ffffffff] reserved\r", "[    0.000000] BIOS-e820: [mem 0x0000000100000000-0x000000017fffffff] usable\r", "[    0.000000] printk: bootconsole [earlyser0] enabled\r", "[    0.000000] NX (Execute Disable) protection: active\r", "[    0.000000] SMBIOS 2.8 present.\r", "[    0.000000] DMI: QEMU Standard PC (Q35 + ICH9, 2009), BIOS rel-1.14.0-0-g155821a1990b-prebuilt.qemu.org 04/01/2014\r", "[    0.000000] Hypervisor detected: KVM\r", "[    0.000000] kvm-clock: Using msrs 4b564d01 and 4b564d00\r", "[    0.000000] kvm-clock: cpu 0, msr 20d0001, primary cpu clock\r", "[    0.000000] kvm-clock: using sched offset of 169566748 cycles\r", "[    0.000875] clocksource: kvm-clock: mask: 0xffffffffffffffff max_cycles: 0x1cd42e4dffb, max_idle_ns: 881590591483 ns\r", "[    0.003328] tsc: Detected 2999.982 MHz processor\r", "[    0.005477] last_pfn = 0x180000 max_arch_pfn = 0x400000000\r", "[    0.006363] x86/PAT: Configuration [0-7]: WB  WC  UC- UC  WB  WP  UC- WT  \r", "[    0.007416] last_pfn = 0x7ffde max_arch_pfn = 0x400000000\r", "[    0.014998] found SMP MP-table at [mem 0x000f5ab0-0x000f5abf]\r", "[    0.015892] Using GB pages for direct mapping\r", "[    0.017360] ACPI: Early table checksum verification disabled\r", "[    0.018236] ACPI: RSDP 0x00000000000F58C0 000014 (v00 BOCHS )\r", "[    0.019123] ACPI: RSDT 0x000000007FFE20CE 000038 (v01 BOCHS  BXPCRSDT 00000001 BXPC 00000001)\r", "[    0.020434] ACPI: FACP 0x000000007FFE1EC6 0000F4 (v03 BOCHS  BXPCFACP 00000001 BXPC 00000001)\r", "[    0.021712] ACPI: DSDT 0x000000007FFE0040 001E86 (v01 BOCHS  BXPCDSDT 00000001 BXPC 00000001)\r", "[    0.022986] ACPI: FACS 0x000000007FFE0000 000040\r", "[    0.023693] ACPI: APIC 0x000000007FFE1FBA 000078 (v01 BOCHS  BXPCAPIC 00000001 BXPC 00000001)\r", "[    0.025006] ACPI: HPET 0x000000007FFE2032 000038 (v01 BOCHS  BXPCHPET 00000001 BXPC 00000001)\r", "[    0.026301] ACPI: MCFG 0x000000007FFE206A 00003C (v01 BOCHS  BXPCMCFG 00000001 BXPC 00000001)\r", "[    0.027557] ACPI: WAET 0x000000007FFE20A6 000028 (v01 BOCHS  BXPCWAET 00000001 BXPC 00000001)\r", "[    0.029174] No NUMA configuration found\r", "[    0.029781] Faking a node at [mem 0x0000000000000000-0x000000017fffffff]\r", "[    0.030791] NODE_DATA(0) allocated [mem 0x17ffdc000-0x17fffdfff]\r", "[    0.032602] Zone ranges:\r", "[    0.033004]   DMA      [mem 0x0000000000001000-0x0000000000ffffff]\r", "[    0.033925]   DMA32    [mem 0x0000000001000000-0x00000000ffffffff]\r", "[    0.034844]   Normal   [mem 0x0000000100000000-0x000000017fffffff]\r", "[    0.035769] Movable zone start for each node\r", "[    0.036396] Early memory node ranges\r", "[    0.036930]   node   0: [mem 0x0000000000001000-0x000000000009efff]\r", "[    0.037862]   node   0: [mem 0x0000000000100000-0x000000007ffddfff]\r", "[    0.038810]   node   0: [mem 0x0000000100000000-0x000000017fffffff]\r", "[    0.040803] Zeroed struct page in unavailable ranges: 132 pages\r", "[    0.040804] Initmem setup node 0 [mem 0x0000000000001000-0x000000017fffffff]\r", "[    0.069855] ACPI: PM-Timer IO Port: 0x608\r", "[    0.070497] ACPI: LAPIC_NMI (acpi_id[0xff] dfl dfl lint[0x1])\r", "[    0.071402] IOAPIC[0]: apic_id 0, version 17, address 0xfec00000, GSI 0-23\r", "[    0.072444] ACPI: INT_SRC_OVR (bus 0 bus_irq 0 global_irq 2 dfl dfl)\r", "[    0.073397] ACPI: INT_SRC_OVR (bus 0 bus_irq 5 global_irq 5 high level)\r", "[    0.074376] ACPI: INT_SRC_OVR (bus 0 bus_irq 9 global_irq 9 high level)\r", "[    0.075367] ACPI: INT_SRC_OVR (bus 0 bus_irq 10 global_irq 10 high level)\r", "[    0.076380] ACPI: INT_SRC_OVR (bus 0 bus_irq 11 global_irq 11 high level)\r", "[    0.077486] Using ACPI (MADT) for SMP configuration information\r", "[    0.078385] ACPI: HPET id: 0x8086a201 base: 0xfed00000\r", "[    0.079157] smpboot: Allowing 1 CPUs, 0 hotplug CPUs\r", "[    0.079908] KVM setup pv sched yield\r", "[    0.080454] [mem 0xc0000000-0xfed1bfff] available for PCI devices\r", "[    0.081378] Booting paravirtualized kernel on KVM\r", "[    0.082110] clocksource: refined-jiffies: mask: 0xffffffff max_cycles: 0xffffffff, max_idle_ns: 1910969940391419 ns\r", "[    0.123514] setup_percpu: NR_CPUS:8192 nr_cpumask_bits:1 nr_cpu_ids:1 nr_node_ids:1\r", "[    0.125440] percpu: Embedded 49 pages/cpu s159768 r8192 d32744 u2097152\r", "[    0.126514] KVM setup async PF for cpu 0\r", "[    0.127122] kvm-stealtime: cpu 0, msr 17c416080\r", "[    0.127817] Built 1 zonelists, mobility grouping on.  Total pages: 1034087\r", "[    0.128865] Policy zone: Normal\r", "[    0.129357] Kernel command line: earlyprintk=ttyS0 console=ttyS0 root=/dev/sda1 init=/home/ubuntu/guestinit.sh rw\r", "[    0.132239] Dentry cache hash table entries: 524288 (order: 10, 4194304 bytes, linear)\r", "[    0.133572] Inode-cache hash table entries: 262144 (order: 9, 2097152 bytes, linear)\r", "[    0.134809] mem auto-init: stack:off, heap alloc:off, heap free:off\r", "[    0.170414] Memory: 4045440K/4193776K available (8194K kernel code, 1285K rwdata, 1956K rodata, 1900K init, 1304K bss, 148336K reserved, 0K cma-reserved)\r", "[    0.174208] rcu: Hierarchical RCU implementation.\r", "[    0.174903] rcu: \tRCU restricting CPUs from NR_CPUS=8192 to nr_cpu_ids=1.\r", "[    0.175930] rcu: RCU calculated value of scheduler-enlistment delay is 100 jiffies.\r", "[    0.177099] rcu: Adjusting geometry for rcu_fanout_leaf=16, nr_cpu_ids=1\r", "[    0.178238] NR_IRQS: 524544, nr_irqs: 256, preallocated irqs: 16\r", "[    0.179401] random: crng done (trusting CPU's manufacturer)\r", "[    0.204713] Console: colour VGA+ 80x25\r", "[    0.205356] printk: console [ttyS0] enabled\r", "[    0.205356] printk: console [ttyS0] enabled\r", "[    0.206621] printk: bootconsole [earlyser0] disabled\r", "[    0.206621] printk: bootconsole [earlyser0] disabled\r", "[    0.208141] ACPI: Core revision 20190816\r", "[    0.208969] clocksource: hpet: mask: 0xffffffff max_cycles: 0xffffffff, max_idle_ns: 19112604467 ns\r", "[    0.210544] APIC: Switch to symmetric I/O mode setup\r", "[    0.211346] KVM setup pv IPIs\r", "[    0.213194] ..TIMER: vector=0x30 apic1=0 pin1=2 apic2=-1 pin2=-1\r", "[    0.214184] clocksource: tsc-early: mask: 0xffffffffffffffff max_cycles: 0x2b3e3442c8b, max_idle_ns: 440795248401 ns\r", "[    0.215809] Calibrating delay loop (skipped) preset value.. 5999.96 BogoMIPS (lpj=2999982)\r", "[    0.216808] pid_max: default: 32768 minimum: 301\r", "[    0.217854] Mount-cache hash table entries: 8192 (order: 4, 65536 bytes, linear)\r", "[    0.218812] Mountpoint-cache hash table entries: 8192 (order: 4, 65536 bytes, linear)\r", "[    0.220896] x86/cpu: User Mode Instruction Prevention (UMIP) activated\r", "[    0.221878] Last level iTLB entries: 4KB 0, 2MB 0, 4MB 0\r", "[    0.222808] Last level dTLB entries: 4KB 0, 2MB 0, 4MB 0, 1GB 0\r", "[    0.223702] Spectre V1 : Mitigation: usercopy/swapgs barriers and __user pointer sanitization\r", "[    0.223816] Spectre V2 : Spectre mitigation: kernel not compiled with retpoline; no mitigation available!\r", "[    0.223826] Speculative Store Bypass: Mitigation: Speculative Store Bypass disabled via prctl\r", "[    0.225808] MDS: Mitigation: Clear CPU buffers\r", "[    0.228675] Freeing SMP alternatives memory: 12K\r", "[    0.228939] smpboot: CPU0: Intel(R) Xeon(R) CPU E7-8857 v2 @ 3.00GHz (family: 0x6, model: 0x3e, stepping: 0x7)\r", "[    0.229933] Performance Events: IvyBridge events, Intel PMU driver.\r", "[    0.230812] ... version:                2\r", "[    0.231417] ... bit width:              48\r", "[    0.231809] ... generic registers:      8\r", "[    0.232401] ... value mask:             0000ffffffffffff\r", "[    0.232810] ... max period:             000000007fffffff\r", "[    0.233616] ... fixed-purpose events:   3\r", "[    0.233809] ... event mask:             00000007000000ff\r", "[    0.234660] rcu: Hierarchical SRCU implementation.\r", "[    0.234850] smp: Bringing up secondary CPUs ...\r", "[    0.235535] smp: Brought up 1 node, 1 CPU\r", "[    0.235809] smpboot: Max logical packages: 1\r", "[    0.236454] smpboot: Total of 1 processors activated (5999.96 BogoMIPS)\r", "[    0.237070] devtmpfs: initialized\r", "[    0.237775] clocksource: jiffies: mask: 0xffffffff max_cycles: 0xffffffff, max_idle_ns: 1911260446275000 ns\r", "[    0.237812] futex hash table entries: 256 (order: 2, 16384 bytes, linear)\r", "[    0.238861] \r", "[    0.239108] *************************************************************\r", "[    0.239809] **     NOTICE NOTICE NOTICE NOTICE NOTICE NOTICE NOTICE    **\r", "[    0.240794] **                                                         **\r", "[    0.240809] **  IOMMU DebugFS SUPPORT HAS BEEN ENABLED IN THIS KERNEL  **\r", "[    0.241809] **                                                         **\r", "[    0.242809] ** This means that this kernel is built to expose internal **\r", "[    0.243804] ** IOMMU data structures, which may compromise security on **\r", "[    0.243809] ** your system.                                            **\r", "[    0.244809] **                                                         **\r", "[    0.245809] ** If you see this message and you are not debugging the   **\r", "[    0.246810] ** kernel, report this immediately to your vendor!         **\r", "[    0.247809] **                                                         **\r", "[    0.248809] **     NOTICE NOTICE NOTICE NOTICE NOTICE NOTICE NOTICE    **\r", "[    0.249803] *************************************************************\r", "[    0.249948] NET: Registered protocol family 16\r", "[    0.250735] audit: initializing netlink subsys (disabled)\r", "[    0.250896] cpuidle: using governor ladder\r", "[    0.251558] KVM setup pv remote TLB flush\r", "[    0.251819] ACPI: bus type PCI registered\r", "[    0.252456] acpiphp: ACPI Hot Plug PCI Controller Driver version: 0.5\r", "[    0.252914] PCI: MMCONFIG for domain 0000 [bus 00-ff] at [mem 0xb0000000-0xbfffffff] (base 0xb0000000)\r", "[    0.253815] PCI: MMCONFIG at [mem 0xb0000000-0xbfffffff] reserved in E820\r", "[    0.254816] PCI: Using configuration type 1 for base access\r", "[    0.255691] core: PMU erratum BJ122, BV98, HSD29 workaround disabled, HT off\r", "[    0.259105] audit: type=2000 audit(1606671549.629:1): state=initialized audit_enabled=0 res=1\r", "[    0.261260] HugeTLB registered 1.00 GiB page size, pre-allocated 0 pages\r", "[    0.261823] HugeTLB registered 2.00 MiB page size, pre-allocated 0 pages\r", "[    0.263514] ACPI: Added _OSI(Module Device)\r", "[    0.263822] ACPI: Added _OSI(Processor Device)\r", "[    0.264489] ACPI: Added _OSI(3.0 _SCP Extensions)\r", "[    0.264809] ACPI: Added _OSI(Processor Aggregator Device)\r", "[    0.265629] ACPI: Added _OSI(Linux-Dell-Video)\r", "[    0.265810] ACPI: Added _OSI(Linux-Lenovo-NV-HDMI-Audio)\r", "[    0.266601] ACPI: Added _OSI(Linux-HPI-Hybrid-Graphics)\r", "[    0.267785] ACPI: 1 ACPI AML tables successfully acquired and loaded\r", "[    0.268914] ACPI: Interpreter enabled\r", "[    0.269483] ACPI: (supports S0 S5)\r", "[    0.269810] ACPI: Using IOAPIC for interrupt routing\r", "[    0.270586] PCI: Using host bridge windows from ACPI; if necessary, use \"pci=nocrs\" and report a bug\r", "[    0.270882] ACPI: Enabled 1 GPEs in block 00 to 3F\r", "[    0.273078] ACPI: PCI Root Bridge [PCI0] (domain 0000 [bus 00-ff])\r", "[    0.273819] acpi PNP0A08:00: _OSC: OS supports [ExtendedConfig ASPM ClockPM Segments MSI HPX-Type3]\r", "[    0.274880] acpi PNP0A08:00: _OSC: platform does not support [LTR]\r", "[    0.275864] acpi PNP0A08:00: _OSC: OS now controls [PCIeHotplug PME AER PCIeCapability]\r", "[    0.276950] PCI host bridge to bus 0000:00\r", "[    0.277571] pci_bus 0000:00: root bus resource [io  0x0000-0x0cf7 window]\r", "[    0.277811] pci_bus 0000:00: root bus resource [io  0x0d00-0xffff window]\r", "[    0.278810] pci_bus 0000:00: root bus resource [mem 0x000a0000-0x000bffff window]\r", "[    0.279810] pci_bus 0000:00: root bus resource [mem 0x80000000-0xafffffff window]\r", "[    0.280810] pci_bus 0000:00: root bus resource [mem 0xc0000000-0xfebfffff window]\r", "[    0.281810] pci_bus 0000:00: root bus resource [mem 0x180000000-0x97fffffff window]\r", "[    0.282810] pci_bus 0000:00: root bus resource [bus 00-ff]\r", "[    0.283693] pci 0000:00:00.0: [8086:29c0] type 00 class 0x060000\r", "[    0.284289] pci 0000:00:01.0: [1234:1111] type 00 class 0x030000\r", "[    0.285835] pci 0000:00:01.0: reg 0x10: [mem 0xfd000000-0xfdffffff pref]\r", "[    0.288797] pci 0000:00:01.0: reg 0x18: [mem 0xfc010000-0xfc010fff]\r", "[    0.293249] pci 0000:00:01.0: reg 0x30: [mem 0xfc000000-0xfc00ffff pref]\r", "[    0.294084] pci 0000:00:02.0: [5543:1001] type 00 class 0x020000\r", "[    0.295316] pci 0000:00:02.0: reg 0x10: [mem 0xfb000000-0xfbffffff 64bit]\r", "[    0.298028] pci 0000:00:1f.0: [8086:2918] type 00 class 0x060100\r", "[    0.299326] pci 0000:00:1f.0: quirk: [io  0x0600-0x067f] claimed by ICH6 ACPI/GPIO/TCO\r", "[    0.300026] pci 0000:00:1f.2: [8086:2922] type 00 class 0x010601\r", "[    0.303434] pci 0000:00:1f.2: reg 0x20: [io  0xc040-0xc05f]\r", "[    0.304473] pci 0000:00:1f.2: reg 0x24: [mem 0xfc011000-0xfc011fff]\r", "[    0.305893] pci 0000:00:1f.3: [8086:2930] type 00 class 0x0c0500\r", "[    0.309052] pci 0000:00:1f.3: reg 0x20: [io  0x0700-0x073f]\r", "[    0.310868] ACPI: PCI Interrupt Link [LNKA] (IRQs 5 *10 11)\r", "[    0.311798] ACPI: PCI Interrupt Link [LNKB] (IRQs 5 *10 11)\r", "[    0.311887] ACPI: PCI Interrupt Link [LNKC] (IRQs 5 10 *11)\r", "[    0.312810] ACPI: PCI Interrupt Link [LNKD] (IRQs 5 10 *11)\r", "[    0.313710] ACPI: PCI Interrupt Link [LNKE] (IRQs 5 *10 11)\r", "[    0.313887] ACPI: PCI Interrupt Link [LNKF] (IRQs 5 *10 11)\r", "[    0.314815] ACPI: PCI Interrupt Link [LNKG] (IRQs 5 10 *11)\r", "[    0.315746] ACPI: PCI Interrupt Link [LNKH] (IRQs 5 10 *11)\r", "[    0.315842] ACPI: PCI Interrupt Link [GSIA] (IRQs *16)\r", "[    0.316632] ACPI: PCI Interrupt Link [GSIB] (IRQs *17)\r", "[    0.316819] ACPI: PCI Interrupt Link [GSIC] (IRQs *18)\r", "[    0.317618] ACPI: PCI Interrupt Link [GSID] (IRQs *19)\r", "[    0.317818] ACPI: PCI Interrupt Link [GSIE] (IRQs *20)\r", "[    0.318617] ACPI: PCI Interrupt Link [GSIF] (IRQs *21)\r", "[    0.318818] ACPI: PCI Interrupt Link [GSIG] (IRQs *22)\r", "[    0.319629] ACPI: PCI Interrupt Link [GSIH] (IRQs *23)\r", "[    0.320152] iommu: Default domain type: Translated \r", "[    0.322302] pci 0000:00:01.0: vgaarb: setting as boot VGA device\r", "[    0.322806] pci 0000:00:01.0: vgaarb: VGA device added: decodes=io+mem,owns=io+mem,locks=none\r", "[    0.322815] pci 0000:00:01.0: vgaarb: bridge control possible\r", "[    0.323684] vgaarb: loaded\r", "[    0.323905] SCSI subsystem initialized\r", "[    0.324666] pps_core: LinuxPPS API ver. 1 registered\r", "[    0.324815] pps_core: Software ver. 5.3.6 - Copyright 2005-2007 Rodolfo Giometti <giometti@linux.it>\r", "[    0.325815] PTP clock support registered\r", "[    0.326441] PCI: Using ACPI for IRQ routing\r", "[    0.391327] hpet0: at MMIO 0xfed00000, IRQs 2, 8, 0\r", "[    0.391810] hpet0: 3 comparators, 64-bit 100.000000 MHz counter\r", "[    0.396075] clocksource: Switched to clocksource kvm-clock\r", "[    0.403752] VFS: Disk quotas dquot_6.6.0\r", "[    0.404367] VFS: Dquot-cache hash table entries: 512 (order 0, 4096 bytes)\r", "[    0.405489] pnp: PnP ACPI init\r", "[    0.406322] pnp: PnP ACPI: found 5 devices\r", "[    0.408919] thermal_sys: Registered thermal governor 'step_wise'\r", "[    0.408920] thermal_sys: Registered thermal governor 'user_space'\r", "[    0.414478] clocksource: acpi_pm: mask: 0xffffff max_cycles: 0xffffff, max_idle_ns: 2085701024 ns\r", "[    0.416699] pci_bus 0000:00: resource 4 [io  0x0000-0x0cf7 window]\r", "[    0.417628] pci_bus 0000:00: resource 5 [io  0x0d00-0xffff window]\r", "[    0.418539] pci_bus 0000:00: resource 6 [mem 0x000a0000-0x000bffff window]\r", "[    0.419543] pci_bus 0000:00: resource 7 [mem 0x80000000-0xafffffff window]\r", "[    0.420545] pci_bus 0000:00: resource 8 [mem 0xc0000000-0xfebfffff window]\r", "[    0.421570] pci_bus 0000:00: resource 9 [mem 0x180000000-0x97fffffff window]\r", "[    0.422657] NET: Registered protocol family 2\r", "[    0.423431] tcp_listen_portaddr_hash hash table entries: 2048 (order: 3, 32768 bytes, linear)\r", "[    0.424698] TCP established hash table entries: 32768 (order: 6, 262144 bytes, linear)\r", "[    0.426433] TCP bind hash table entries: 32768 (order: 7, 524288 bytes, linear)\r", "[    0.427564] TCP: Hash tables configured (established 32768 bind 32768)\r", "[    0.428578] UDP hash table entries: 2048 (order: 4, 65536 bytes, linear)\r", "[    0.429602] UDP-Lite hash table entries: 2048 (order: 4, 65536 bytes, linear)\r", "[    0.430723] NET: Registered protocol family 1\r", "[    0.431442] pci 0000:00:01.0: Video device with shadowed ROM at [mem 0x000c0000-0x000dffff]\r", "[    0.432714] PCI: CLS 0 bytes, default 64\r", "[    0.433997] PCI-DMA: Using software bounce buffering for IO (SWIOTLB)\r", "[    0.434969] software IO TLB: mapped [mem 0x7bfde000-0x7ffde000] (64MB)\r", "[    0.435985] clocksource: tsc: mask: 0xffffffffffffffff max_cycles: 0x2b3e3442c8b, max_idle_ns: 440795248401 ns\r", "[    0.438016] workingset: timestamp_bits=52 max_order=20 bucket_order=0\r", "[    0.439202] fuse: init (API version 7.31)\r", "[    0.442974] Block layer SCSI generic (bsg) driver version 0.4 loaded (major 252)\r", "[    0.444090] io scheduler mq-deadline registered\r", "[    0.444779] io scheduler kyber registered\r", "[    0.445954] acpiphp_ibm: ibm_acpiphp_init: acpi_walk_namespace failed\r", "[    0.447080] Serial: 8250/16550 driver, 4 ports, IRQ sharing disabled\r", "[    0.471465] 00:03: ttyS0 at I/O 0x3f8 (irq = 4, base_baud = 115200) is a 16550A\r", "[    0.472992] Linux agpgart interface v0.103\r", "[    0.475397] brd: module loaded\r", "[    0.477289] loop: module loaded\r", "[    0.477820] Loading iSCSI transport class v2.0-870.\r", "[    0.479218] PCI Interrupt Link [GSIA] enabled at IRQ 16\r", "[    0.480730] ahci 0000:00:1f.2: AHCI 0001.0000 32 slots 6 ports 1.5 Gbps 0x3f impl SATA mode\r", "[    0.482007] ahci 0000:00:1f.2: flags: 64bit ncq only \r", "[    0.484496] scsi host0: ahci\r", "[    0.485073] scsi host1: ahci\r", "[    0.485606] scsi host2: ahci\r", "[    0.486217] scsi host3: ahci\r", "[    0.486752] scsi host4: ahci\r", "[    0.487297] scsi host5: ahci\r", "[    0.487782] ata1: SATA max UDMA/133 abar m4096@0xfc011000 port 0xfc011100 irq 24\r", "[    0.488900] ata2: SATA max UDMA/133 abar m4096@0xfc011000 port 0xfc011180 irq 24\r", "[    0.490024] ata3: SATA max UDMA/133 abar m4096@0xfc011000 port 0xfc011200 irq 24\r", "[    0.491134] ata4: SATA max UDMA/133 abar m4096@0xfc011000 port 0xfc011280 irq 24\r", "[    0.492250] ata5: SATA max UDMA/133 abar m4096@0xfc011000 port 0xfc011300 irq 24\r", "[    0.493393] ata6: SATA max UDMA/133 abar m4096@0xfc011000 port 0xfc011380 irq 24\r", "[    0.494545] Ethernet Channel Bonding Driver: v3.7.1 (April 27, 2011)\r", "[    0.496220] tun: Universal TUN/TAP device driver, 1.6\r", "[    0.497149] VFIO - User Level meta-driver version: 0.3\r", "[    0.498094] i8042: PNP: PS/2 Controller [PNP0303:KBD,PNP0f13:MOU] at 0x60,0x64 irq 1,12\r", "[    0.500102] serio: i8042 KBD port at 0x60,0x64 irq 1\r", "[    0.500848] serio: i8042 AUX port at 0x60,0x64 irq 12\r", "[    0.502726] mousedev: PS/2 mouse device common for all mice\r", "[    0.503763] NET: Registered protocol family 17\r", "[    0.504737] input: AT Translated Set 2 keyboard as /devices/platform/i8042/serio0/input/input0\r", "[    0.506772] IPI shorthand broadcast: enabled\r", "[    0.507434] sched_clock: Marking stable (473965371, 33455888)->(547046961, -39625702)\r", "[    0.802133] ata4: SATA link down (SStatus 0 SControl 300)\r", "[    0.803394] ata3: SATA link up 1.5 Gbps (SStatus 113 SControl 300)\r", "[    0.804835] ata3.00: ATAPI: QEMU DVD-ROM, 2.5+, max UDMA/100\r", "[    0.805716] ata3.00: applying bridge limits\r", "[    0.806552] ata3.00: configured for UDMA/100\r", "[    0.807541] ata2: SATA link up 1.5 Gbps (SStatus 113 SControl 300)\r", "[    0.808606] ata2.00: ATA-7: QEMU HARDDISK, 2.5+, max UDMA/100\r", "[    0.809514] ata2.00: 160 sectors, multi 16: LBA48 NCQ (depth 32)\r", "[    0.810459] ata2.00: applying bridge limits\r", "[    0.811222] ata2.00: configured for UDMA/100\r", "[    0.812034] ata5: SATA link down (SStatus 0 SControl 300)\r", "[    0.813001] ata6: SATA link down (SStatus 0 SControl 300)\r", "[    0.814005] ata1: SATA link up 1.5 Gbps (SStatus 113 SControl 300)\r", "[    0.815020] ata1.00: ATA-7: QEMU HARDDISK, 2.5+, max UDMA/100\r", "[    0.815944] ata1.00: 83886080 sectors, multi 16: LBA48 NCQ (depth 32)\r", "[    0.816908] ata1.00: applying bridge limits\r", "[    0.817654] ata1.00: configured for UDMA/100\r", "[    0.818521] scsi 0:0:0:0: Direct-Access     ATA      QEMU HARDDISK    2.5+ PQ: 0 ANSI: 5\r", "[    0.820197] sd 0:0:0:0: [sda] 83886080 512-byte logical blocks: (42.9 GB/40.0 GiB)\r", "[    0.821421] sd 0:0:0:0: [sda] Write Protect is off\r", "[    0.822181] sd 0:0:0:0: Attached scsi generic sg0 type 0\r", "[    0.823053] sd 0:0:0:0: [sda] Write cache: enabled, read cache: enabled, doesn't support DPO or FUA\r", "[    0.824540] scsi 1:0:0:0: Direct-Access     ATA      QEMU HARDDISK    2.5+ PQ: 0 ANSI: 5\r", "[    0.825996] sd 1:0:0:0: [sdb] 160 512-byte logical blocks: (81.9 kB/80.0 KiB)\r", "[    0.827123] sd 1:0:0:0: [sdb] Write Protect is off\r", "[    0.827889] sd 1:0:0:0: Attached scsi generic sg1 type 0\r", "[    0.828739] sd 1:0:0:0: [sdb] Write cache: enabled, read cache: enabled, doesn't support DPO or FUA\r", "[    0.830282] scsi 2:0:0:0: CD-ROM            QEMU     QEMU DVD-ROM     2.5+ PQ: 0 ANSI: 5\r", "[    0.833966]  sda: sda1\r", "[    0.834431] sd 1:0:0:0: [sdb] Attached SCSI disk\r", "[    0.835370] sd 0:0:0:0: [sda] Attached SCSI disk\r", "[    0.846020] sr 2:0:0:0: [sr0] scsi3-mmc drive: 4x/4x cd/rw xa/form2 tray\r", "[    0.847069] cdrom: Uniform CD-ROM driver Revision: 3.20\r", "[    0.848111] sr 2:0:0:0: Attached scsi generic sg2 type 5\r", "[    0.867183] EXT4-fs (sda1): mounted filesystem with ordered data mode. Opts: (null)\r", "[    0.868397] VFS: Mounted root (ext4 filesystem) on device 8:1.\r", "[    0.870293] devtmpfs: mounted\r", "[    0.871889] Freeing unused kernel image memory: 1900K\r", "[    0.872661] Write protecting the kernel read-only data: 12288k\r", "[    0.874962] Freeing unused kernel image memory: 2032K\r", "[    0.875770] Freeing unused kernel image memory: 92K\r", "[    0.876538] rodata_test: all tests were successful\r", "[    0.877278] Run /home/ubuntu/guestinit.sh as init process\r", "+ export HOME=/root\r", "+ export LANG=en_US\r", "+ export PATH=/usr/local/sbin:/usr/local/bin:/usr/sbin:/usr/bin:/sbin:/bin:/usr/games:/usr/local/games\r", "+ insmod /tmp/guest/mqnic.ko\r", "[    0.902945] mqnic: loading out-of-tree module taints kernel.\r", "[    0.904302] mqnic 0000:00:02.0: mqnic probe\r", "[    0.905433] PCI Interrupt Link [GSIG] enabled at IRQ 22\r", "[    0.906582] mqnic 0000:00:02.0: FW ID: 0x00000020\r", "[    0.907388] mqnic 0000:00:02.0: FW version: 0.1\r", "[    0.908185] mqnic 0000:00:02.0: Board ID: 0x43215678\r", "[    0.909001] mqnic 0000:00:02.0: Board version: 0.1\r", "[    0.909821] mqnic 0000:00:02.0: PHC count: 1\r", "[    0.910547] mqnic 0000:00:02.0: PHC offset: 0x00000200\r", "[    0.911432] mqnic 0000:00:02.0: IF count: 1\r", "[    0.912141] mqnic 0000:00:02.0: IF stride: 0x00080000\r", "[    0.912978] mqnic 0000:00:02.0: IF CSR offset: 0x00080000\r", "[    0.914263] mqnic 0000:00:02.0: Failed to read MAC from EEPROM; no EEPROM I2C client registered\r", "[    0.916649] mqnic 0000:00:02.0: registered PHC (index 0)\r", "[    0.917518] mqnic 0000:00:02.0: Creating interface 0\r", "[    0.920765] mqnic 0000:00:02.0: IF ID: 0x00000000\r", "[    0.921549] mqnic 0000:00:02.0: IF features: 0x00000000\r", "[    0.922403] mqnic 0000:00:02.0: Event queue count: 1\r", "[    0.923199] mqnic 0000:00:02.0: Event queue offset: 0x00100000\r", "[    0.924119] mqnic 0000:00:02.0: TX queue count: 1\r", "[    0.924869] mqnic 0000:00:02.0: TX queue offset: 0x00200000\r", "[    0.925744] mqnic 0000:00:02.0: TX completion queue count: 1\r", "[    0.926647] mqnic 0000:00:02.0: TX completion queue offset: 0x00400000\r", "[    0.927655] mqnic 0000:00:02.0: RX queue count: 1\r", "[    0.928431] mqnic 0000:00:02.0: RX queue offset: 0x00600000\r", "[    0.929314] mqnic 0000:00:02.0: RX completion queue count: 1\r", "[    0.930218] mqnic 0000:00:02.0: RX completion queue offset: 0x00700000\r", "[    0.931262] mqnic 0000:00:02.0: Port count: 1\r", "[    0.931970] mqnic 0000:00:02.0: Port offset: 0x00800000\r", "[    0.932777] mqnic 0000:00:02.0: Port stride: 0x00200000\r", "[    0.933589] mqnic 0000:00:02.0: Bad MAC in EEPROM; using random MAC\r", "[    0.934604] mqnic 0000:00:02.0: Max desc block size: 1\r", "[    0.936708] mqnic 0000:00:02.0: Port ID: 0x00000000\r", "[    0.937506] mqnic 0000:00:02.0: Port features: 0x00000000\r", "[    0.938378] mqnic 0000:00:02.0: Port MTU: 2048\r", "[    0.939105] mqnic 0000:00:02.0: Scheduler count: 1\r", "[    0.939849] mqnic 0000:00:02.0: Scheduler offset: 0x00100000\r", "[    0.940726] mqnic 0000:00:02.0: Scheduler stride: 0x00100000\r", "[    0.941636] mqnic 0000:00:02.0: Scheduler type: 0x00000000\r", "+ ip link set dev eth0 up\r", "[    0.948874] mqnic 0000:00:02.0: mqnic_open on port 0\r", "+ ip addr add 10.0.0.1/24 dev eth0\r", "+ netserver\r", "Starting netserver with host 'IN(6)ADDR_ANY' port '12865' and family AF_UNSPEC\r", "+ sleep infinity\r"], "stderr": ["qemu-system-x86_64: terminating on signal 2 from pid 22661 (python3)"]}, "host.client.0": {"class": "QemuHost", "cmd": ["/home/hejingli/endhostsim-code/qemu/build/x86_64-softmmu/qemu-system-x86_64", "-machine", "q35", "-serial", "mon:stdio", "-display", "none", "-nic", "none", "-kernel", "/home/hejingli/endhostsim-code/images/bzImage", "-drive", "file=/home/hejingli/endhostsim-code/experiments/out/netperf-qemu-ns3-cd_bm/1/hdcopy.client.0,if=ide,index=0,media=disk", "-drive", "file=/home/hejingli/endhostsim-code/experiments/out/netperf-qemu-ns3-cd_bm/1/cfg.client.0.tar,if=ide,index=1,media=disk,driver=raw", "-append", "earlyprintk=ttyS0 console=ttyS0 root=/dev/sda1 init=/home/ubuntu/guestinit.sh rw", "-m", "4096", "-smp", "1", "-cpu", "host", "-enable-kvm", "-chardev", "socket,path=/home/hejingli/endhostsim-code/experiments/out/netperf-qemu-ns3-cd_bm/1/nic.pci.client.0.,id=cosimcd", "-device", "cosim-pci,chardev=cosimcd,sync=off"], "stdout": ["early console in extract_kernel\r", "input_data: 0x000000000210e2c8\r", "input_len: 0x00000000003d1ed8\r", "output: 0x0000000001000000\r", "output_len: 0x00000000014baa98\r", "kernel_total_size: 0x0000000001226000\r", "needed_size: 0x0000000001600000\r", "trampoline_32bit: 0x000000000009d000\r", "\r", "Decompressing Linux... Parsing ELF... done.\r", "Booting the kernel.\r", "[    0.000000] Linux version 5.4.46 (hejingli@brain21) (gcc version 8.3.0 (Debian 8.3.0-6)) #1 SMP Mon Sep 21 21:54:40 CEST 2020\r", "[    0.000000] Command line: earlyprintk=ttyS0 console=ttyS0 root=/dev/sda1 init=/home/ubuntu/guestinit.sh rw\r", "[    0.000000] x86/fpu: Supporting XSAVE feature 0x001: 'x87 floating point registers'\r", "[    0.000000] x86/fpu: Supporting XSAVE feature 0x002: 'SSE registers'\r", "[    0.000000] x86/fpu: Supporting XSAVE feature 0x004: 'AVX registers'\r", "[    0.000000] x86/fpu: xstate_offset[2]:  576, xstate_sizes[2]:  256\r", "[    0.000000] x86/fpu: Enabled xstate features 0x7, context size is 832 bytes, using 'standard' format.\r", "[    0.000000] BIOS-provided physical RAM map:\r", "[    0.000000] BIOS-e820: [mem 0x0000000000000000-0x000000000009fbff] usable\r", "[    0.000000] BIOS-e820: [mem 0x000000000009fc00-0x000000000009ffff] reserved\r", "[    0.000000] BIOS-e820: [mem 0x00000000000f0000-0x00000000000fffff] reserved\r", "[    0.000000] BIOS-e820: [mem 0x0000000000100000-0x000000007ffddfff] usable\r", "[    0.000000] BIOS-e820: [mem 0x000000007ffde000-0x000000007fffffff] reserved\r", "[    0.000000] BIOS-e820: [mem 0x00000000b0000000-0x00000000bfffffff] reserved\r", "[    0.000000] BIOS-e820: [mem 0x00000000fed1c000-0x00000000fed1ffff] reserved\r", "[    0.000000] BIOS-e820: [mem 0x00000000feffc000-0x00000000feffffff] reserved\r", "[    0.000000] BIOS-e820: [mem 0x00000000fffc0000-0x00000000ffffffff] reserved\r", "[    0.000000] BIOS-e820: [mem 0x0000000100000000-0x000000017fffffff] usable\r", "[    0.000000] printk: bootconsole [earlyser0] enabled\r", "[    0.000000] NX (Execute Disable) protection: active\r", "[    0.000000] SMBIOS 2.8 present.\r", "[    0.000000] DMI: QEMU Standard PC (Q35 + ICH9, 2009), BIOS rel-1.14.0-0-g155821a1990b-prebuilt.qemu.org 04/01/2014\r", "[    0.000000] Hypervisor detected: KVM\r", "[    0.000000] kvm-clock: Using msrs 4b564d01 and 4b564d00\r", "[    0.000000] kvm-clock: cpu 0, msr 20d0001, primary cpu clock\r", "[    0.000000] kvm-clock: using sched offset of 169046181 cycles\r", "[    0.000865] clocksource: kvm-clock: mask: 0xffffffffffffffff max_cycles: 0x1cd42e4dffb, max_idle_ns: 881590591483 ns\r", "[    0.003289] tsc: Detected 2999.982 MHz processor\r", "[    0.005450] last_pfn = 0x180000 max_arch_pfn = 0x400000000\r", "[    0.006326] x86/PAT: Configuration [0-7]: WB  WC  UC- UC  WB  WP  UC- WT  \r", "[    0.007375] last_pfn = 0x7ffde max_arch_pfn = 0x400000000\r", "[    0.014936] found SMP MP-table at [mem 0x000f5ab0-0x000f5abf]\r", "[    0.015873] Using GB pages for direct mapping\r", "[    0.017381] ACPI: Early table checksum verification disabled\r", "[    0.018254] ACPI: RSDP 0x00000000000F58C0 000014 (v00 BOCHS )\r", "[    0.019135] ACPI: RSDT 0x000000007FFE20CE 000038 (v01 BOCHS  BXPCRSDT 00000001 BXPC 00000001)\r", "[    0.020413] ACPI: FACP 0x000000007FFE1EC6 0000F4 (v03 BOCHS  BXPCFACP 00000001 BXPC 00000001)\r", "[    0.021692] ACPI: DSDT 0x000000007FFE0040 001E86 (v01 BOCHS  BXPCDSDT 00000001 BXPC 00000001)\r", "[    0.022961] ACPI: FACS 0x000000007FFE0000 000040\r", "[    0.023643] ACPI: APIC 0x000000007FFE1FBA 000078 (v01 BOCHS  BXPCAPIC 00000001 BXPC 00000001)\r", "[    0.024922] ACPI: HPET 0x000000007FFE2032 000038 (v01 BOCHS  BXPCHPET 00000001 BXPC 00000001)\r", "[    0.026200] ACPI: MCFG 0x000000007FFE206A 00003C (v01 BOCHS  BXPCMCFG 00000001 BXPC 00000001)\r", "[    0.027444] ACPI: WAET 0x000000007FFE20A6 000028 (v01 BOCHS  BXPCWAET 00000001 BXPC 00000001)\r", "[    0.029048] No NUMA configuration found\r", "[    0.029618] Faking a node at [mem 0x0000000000000000-0x000000017fffffff]\r", "[    0.030620] NODE_DATA(0) allocated [mem 0x17ffdc000-0x17fffdfff]\r", "[    0.032533] Zone ranges:\r", "[    0.032934]   DMA      [mem 0x0000000000001000-0x0000000000ffffff]\r", "[    0.033851]   DMA32    [mem 0x0000000001000000-0x00000000ffffffff]\r", "[    0.034776]   Normal   [mem 0x0000000100000000-0x000000017fffffff]\r", "[    0.035683] Movable zone start for each node\r", "[    0.036329] Early memory node ranges\r", "[    0.036858]   node   0: [mem 0x0000000000001000-0x000000000009efff]\r", "[    0.037791]   node   0: [mem 0x0000000000100000-0x000000007ffddfff]\r", "[    0.038719]   node   0: [mem 0x0000000100000000-0x000000017fffffff]\r", "[    0.040755] Zeroed struct page in unavailable ranges: 132 pages\r", "[    0.040756] Initmem setup node 0 [mem 0x0000000000001000-0x000000017fffffff]\r", "[    0.071046] ACPI: PM-Timer IO Port: 0x608\r", "[    0.071688] ACPI: LAPIC_NMI (acpi_id[0xff] dfl dfl lint[0x1])\r", "[    0.072605] IOAPIC[0]: apic_id 0, version 17, address 0xfec00000, GSI 0-23\r", "[    0.073656] ACPI: INT_SRC_OVR (bus 0 bus_irq 0 global_irq 2 dfl dfl)\r", "[    0.074605] ACPI: INT_SRC_OVR (bus 0 bus_irq 5 global_irq 5 high level)\r", "[    0.075583] ACPI: INT_SRC_OVR (bus 0 bus_irq 9 global_irq 9 high level)\r", "[    0.076573] ACPI: INT_SRC_OVR (bus 0 bus_irq 10 global_irq 10 high level)\r", "[    0.077641] ACPI: INT_SRC_OVR (bus 0 bus_irq 11 global_irq 11 high level)\r", "[    0.078673] Using ACPI (MADT) for SMP configuration information\r", "[    0.079559] ACPI: HPET id: 0x8086a201 base: 0xfed00000\r", "[    0.080335] smpboot: Allowing 1 CPUs, 0 hotplug CPUs\r", "[    0.081111] KVM setup pv sched yield\r", "[    0.081679] [mem 0xc0000000-0xfed1bfff] available for PCI devices\r", "[    0.082599] Booting paravirtualized kernel on KVM\r", "[    0.083302] clocksource: refined-jiffies: mask: 0xffffffff max_cycles: 0xffffffff, max_idle_ns: 1910969940391419 ns\r", "[    0.124589] setup_percpu: NR_CPUS:8192 nr_cpumask_bits:1 nr_cpu_ids:1 nr_node_ids:1\r", "[    0.126523] percpu: Embedded 49 pages/cpu s159768 r8192 d32744 u2097152\r", "[    0.127569] KVM setup async PF for cpu 0\r", "[    0.128159] kvm-stealtime: cpu 0, msr 17c416080\r", "[    0.128881] Built 1 zonelists, mobility grouping on.  Total pages: 1034087\r", "[    0.129946] Policy zone: Normal\r", "[    0.130431] Kernel command line: earlyprintk=ttyS0 console=ttyS0 root=/dev/sda1 init=/home/ubuntu/guestinit.sh rw\r", "[    0.133444] Dentry cache hash table entries: 524288 (order: 10, 4194304 bytes, linear)\r", "[    0.134774] Inode-cache hash table entries: 262144 (order: 9, 2097152 bytes, linear)\r", "[    0.135997] mem auto-init: stack:off, heap alloc:off, heap free:off\r", "[    0.172961] Memory: 4045440K/4193776K available (8194K kernel code, 1285K rwdata, 1956K rodata, 1900K init, 1304K bss, 148336K reserved, 0K cma-reserved)\r", "[    0.176719] rcu: Hierarchical RCU implementation.\r", "[    0.177435] rcu: \tRCU restricting CPUs from NR_CPUS=8192 to nr_cpu_ids=1.\r", "[    0.178500] rcu: RCU calculated value of scheduler-enlistment delay is 100 jiffies.\r", "[    0.179687] rcu: Adjusting geometry for rcu_fanout_leaf=16, nr_cpu_ids=1\r", "[    0.180830] NR_IRQS: 524544, nr_irqs: 256, preallocated irqs: 16\r", "[    0.182028] random: crng done (trusting CPU's manufacturer)\r", "[    0.207729] Console: colour VGA+ 80x25\r", "[    0.208343] printk: console [ttyS0] enabled\r", "[    0.208343] printk: console [ttyS0] enabled\r", "[    0.209638] printk: bootconsole [earlyser0] disabled\r", "[    0.209638] printk: bootconsole [earlyser0] disabled\r", "[    0.211168] ACPI: Core revision 20190816\r", "[    0.211978] clocksource: hpet: mask: 0xffffffff max_cycles: 0xffffffff, max_idle_ns: 19112604467 ns\r", "[    0.213562] APIC: Switch to symmetric I/O mode setup\r", "[    0.214406] KVM setup pv IPIs\r", "[    0.216243] ..TIMER: vector=0x30 apic1=0 pin1=2 apic2=-1 pin2=-1\r", "[    0.217226] clocksource: tsc-early: mask: 0xffffffffffffffff max_cycles: 0x2b3e3442c8b, max_idle_ns: 440795248401 ns\r", "[    0.218883] Calibrating delay loop (skipped) preset value.. 5999.96 BogoMIPS (lpj=2999982)\r", "[    0.219881] pid_max: default: 32768 minimum: 301\r", "[    0.220945] Mount-cache hash table entries: 8192 (order: 4, 65536 bytes, linear)\r", "[    0.221886] Mountpoint-cache hash table entries: 8192 (order: 4, 65536 bytes, linear)\r", "[    0.224098] x86/cpu: User Mode Instruction Prevention (UMIP) activated\r", "[    0.224950] Last level iTLB entries: 4KB 0, 2MB 0, 4MB 0\r", "[    0.225881] Last level dTLB entries: 4KB 0, 2MB 0, 4MB 0, 1GB 0\r", "[    0.226884] Spectre V1 : Mitigation: usercopy/swapgs barriers and __user pointer sanitization\r", "[    0.227881] Spectre V2 : Spectre mitigation: kernel not compiled with retpoline; no mitigation available!\r", "[    0.227883] Speculative Store Bypass: Mitigation: Speculative Store Bypass disabled via prctl\r", "[    0.229882] MDS: Mitigation: Clear CPU buffers\r", "[    0.232970] Freeing SMP alternatives memory: 12K\r", "[    0.233860] smpboot: CPU0: Intel(R) Xeon(R) CPU E7-8857 v2 @ 3.00GHz (family: 0x6, model: 0x3e, stepping: 0x7)\r", "[    0.233988] Performance Events: IvyBridge events, Intel PMU driver.\r", "[    0.234885] ... version:                2\r", "[    0.235499] ... bit width:              48\r", "[    0.235882] ... generic registers:      8\r", "[    0.236503] ... value mask:             0000ffffffffffff\r", "[    0.236882] ... max period:             000000007fffffff\r", "[    0.237671] ... fixed-purpose events:   3\r", "[    0.237882] ... event mask:             00000007000000ff\r", "[    0.238761] rcu: Hierarchical SRCU implementation.\r", "[    0.238930] smp: Bringing up secondary CPUs ...\r", "[    0.239618] smp: Brought up 1 node, 1 CPU\r", "[    0.239883] smpboot: Max logical packages: 1\r", "[    0.240535] smpboot: Total of 1 processors activated (5999.96 BogoMIPS)\r", "[    0.241180] devtmpfs: initialized\r", "[    0.241879] clocksource: jiffies: mask: 0xffffffff max_cycles: 0xffffffff, max_idle_ns: 1911260446275000 ns\r", "[    0.242885] futex hash table entries: 256 (order: 2, 16384 bytes, linear)\r", "[    0.243936] \r", "[    0.244218] *************************************************************\r", "[    0.244883] **     NOTICE NOTICE NOTICE NOTICE NOTICE NOTICE NOTICE    **\r", "[    0.245882] **                                                         **\r", "[    0.246882] **  IOMMU DebugFS SUPPORT HAS BEEN ENABLED IN THIS KERNEL  **\r", "[    0.247882] **                                                         **\r", "[    0.248882] ** This means that this kernel is built to expose internal **\r", "[    0.249882] ** IOMMU data structures, which may compromise security on **\r", "[    0.250882] ** your system.                                            **\r", "[    0.251882] **                                                         **\r", "[    0.252882] ** If you see this message and you are not debugging the   **\r", "[    0.253882] ** kernel, report this immediately to your vendor!         **\r", "[    0.254882] **                                                         **\r", "[    0.255882] **     NOTICE NOTICE NOTICE NOTICE NOTICE NOTICE NOTICE    **\r", "[    0.256882] *************************************************************\r", "[    0.258039] NET: Registered protocol family 16\r", "[    0.258822] audit: initializing netlink subsys (disabled)\r", "[    0.258989] cpuidle: using governor ladder\r", "[    0.259668] KVM setup pv remote TLB flush\r", "[    0.259909] ACPI: bus type PCI registered\r", "[    0.260523] acpiphp: ACPI Hot Plug PCI Controller Driver version: 0.5\r", "[    0.260969] PCI: MMCONFIG for domain 0000 [bus 00-ff] at [mem 0xb0000000-0xbfffffff] (base 0xb0000000)\r", "[    0.261884] PCI: MMCONFIG at [mem 0xb0000000-0xbfffffff] reserved in E820\r", "[    0.262890] PCI: Using configuration type 1 for base access\r", "[    0.263800] core: PMU erratum BJ122, BV98, HSD29 workaround disabled, HT off\r", "[    0.267230] audit: type=2000 audit(1606671549.637:1): state=initialized audit_enabled=0 res=1\r", "[    0.269369] HugeTLB registered 1.00 GiB page size, pre-allocated 0 pages\r", "[    0.269897] HugeTLB registered 2.00 MiB page size, pre-allocated 0 pages\r", "[    0.271595] ACPI: Added _OSI(Module Device)\r", "[    0.271896] ACPI: Added _OSI(Processor Device)\r", "[    0.272571] ACPI: Added _OSI(3.0 _SCP Extensions)\r", "[    0.272883] ACPI: Added _OSI(Processor Aggregator Device)\r", "[    0.273736] ACPI: Added _OSI(Linux-Dell-Video)\r", "[    0.273883] ACPI: Added _OSI(Linux-Lenovo-NV-HDMI-Audio)\r", "[    0.274687] ACPI: Added _OSI(Linux-HPI-Hybrid-Graphics)\r", "[    0.275898] ACPI: 1 ACPI AML tables successfully acquired and loaded\r", "[    0.278037] ACPI: Interpreter enabled\r", "[    0.278622] ACPI: (supports S0 S5)\r", "[    0.278883] ACPI: Using IOAPIC for interrupt routing\r", "[    0.279703] PCI: Using host bridge windows from ACPI; if necessary, use \"pci=nocrs\" and report a bug\r", "[    0.279958] ACPI: Enabled 1 GPEs in block 00 to 3F\r", "[    0.282219] ACPI: PCI Root Bridge [PCI0] (domain 0000 [bus 00-ff])\r", "[    0.282892] acpi PNP0A08:00: _OSC: OS supports [ExtendedConfig ASPM ClockPM Segments MSI HPX-Type3]\r", "[    0.283961] acpi PNP0A08:00: _OSC: platform does not support [LTR]\r", "[    0.284941] acpi PNP0A08:00: _OSC: OS now controls [PCIeHotplug PME AER PCIeCapability]\r", "[    0.286008] PCI host bridge to bus 0000:00\r", "[    0.286655] pci_bus 0000:00: root bus resource [io  0x0000-0x0cf7 window]\r", "[    0.286884] pci_bus 0000:00: root bus resource [io  0x0d00-0xffff window]\r", "[    0.287883] pci_bus 0000:00: root bus resource [mem 0x000a0000-0x000bffff window]\r", "[    0.288883] pci_bus 0000:00: root bus resource [mem 0x80000000-0xafffffff window]\r", "[    0.289883] pci_bus 0000:00: root bus resource [mem 0xc0000000-0xfebfffff window]\r", "[    0.290883] pci_bus 0000:00: root bus resource [mem 0x180000000-0x97fffffff window]\r", "[    0.291884] pci_bus 0000:00: root bus resource [bus 00-ff]\r", "[    0.292776] pci 0000:00:00.0: [8086:29c0] type 00 class 0x060000\r", "[    0.293397] pci 0000:00:01.0: [1234:1111] type 00 class 0x030000\r", "[    0.294909] pci 0000:00:01.0: reg 0x10: [mem 0xfd000000-0xfdffffff pref]\r", "[    0.297908] pci 0000:00:01.0: reg 0x18: [mem 0xfc010000-0xfc010fff]\r", "[    0.302311] pci 0000:00:01.0: reg 0x30: [mem 0xfc000000-0xfc00ffff pref]\r", "[    0.303172] pci 0000:00:02.0: [5543:1001] type 00 class 0x020000\r", "[    0.304428] pci 0000:00:02.0: reg 0x10: [mem 0xfb000000-0xfbffffff 64bit]\r", "[    0.307101] pci 0000:00:1f.0: [8086:2918] type 00 class 0x060100\r", "[    0.308415] pci 0000:00:1f.0: quirk: [io  0x0600-0x067f] claimed by ICH6 ACPI/GPIO/TCO\r", "[    0.309098] pci 0000:00:1f.2: [8086:2922] type 00 class 0x010601\r", "[    0.312401] pci 0000:00:1f.2: reg 0x20: [io  0xc040-0xc05f]\r", "[    0.313549] pci 0000:00:1f.2: reg 0x24: [mem 0xfc011000-0xfc011fff]\r", "[    0.315167] pci 0000:00:1f.3: [8086:2930] type 00 class 0x0c0500\r", "[    0.318310] pci 0000:00:1f.3: reg 0x20: [io  0x0700-0x073f]\r", "[    0.319917] ACPI: PCI Interrupt Link [LNKA] (IRQs 5 *10 11)\r", "[    0.320852] ACPI: PCI Interrupt Link [LNKB] (IRQs 5 *10 11)\r", "[    0.320963] ACPI: PCI Interrupt Link [LNKC] (IRQs 5 10 *11)\r", "[    0.321879] ACPI: PCI Interrupt Link [LNKD] (IRQs 5 10 *11)\r", "[    0.322801] ACPI: PCI Interrupt Link [LNKE] (IRQs 5 *10 11)\r", "[    0.322961] ACPI: PCI Interrupt Link [LNKF] (IRQs 5 *10 11)\r", "[    0.323884] ACPI: PCI Interrupt Link [LNKG] (IRQs 5 10 *11)\r", "[    0.324816] ACPI: PCI Interrupt Link [LNKH] (IRQs 5 10 *11)\r", "[    0.324917] ACPI: PCI Interrupt Link [GSIA] (IRQs *16)\r", "[    0.325718] ACPI: PCI Interrupt Link [GSIB] (IRQs *17)\r", "[    0.325891] ACPI: PCI Interrupt Link [GSIC] (IRQs *18)\r", "[    0.326669] ACPI: PCI Interrupt Link [GSID] (IRQs *19)\r", "[    0.326891] ACPI: PCI Interrupt Link [GSIE] (IRQs *20)\r", "[    0.327672] ACPI: PCI Interrupt Link [GSIF] (IRQs *21)\r", "[    0.327893] ACPI: PCI Interrupt Link [GSIG] (IRQs *22)\r", "[    0.328676] ACPI: PCI Interrupt Link [GSIH] (IRQs *23)\r", "[    0.329086] iommu: Default domain type: Translated \r", "[    0.330850] pci 0000:00:01.0: vgaarb: setting as boot VGA device\r", "[    0.330879] pci 0000:00:01.0: vgaarb: VGA device added: decodes=io+mem,owns=io+mem,locks=none\r", "[    0.330890] pci 0000:00:01.0: vgaarb: bridge control possible\r", "[    0.331767] vgaarb: loaded\r", "[    0.331976] SCSI subsystem initialized\r", "[    0.332744] pps_core: LinuxPPS API ver. 1 registered\r", "[    0.332886] pps_core: Software ver. 5.3.6 - Copyright 2005-2007 Rodolfo Giometti <giometti@linux.it>\r", "[    0.333888] PTP clock support registered\r", "[    0.334526] PCI: Using ACPI for IRQ routing\r", "[    0.401775] hpet0: at MMIO 0xfed00000, IRQs 2, 8, 0\r", "[    0.401883] hpet0: 3 comparators, 64-bit 100.000000 MHz counter\r", "[    0.405145] clocksource: Switched to clocksource kvm-clock\r", "[    0.412796] VFS: Disk quotas dquot_6.6.0\r", "[    0.413447] VFS: Dquot-cache hash table entries: 512 (order 0, 4096 bytes)\r", "[    0.414578] pnp: PnP ACPI init\r", "[    0.415396] pnp: PnP ACPI: found 5 devices\r", "[    0.418043] thermal_sys: Registered thermal governor 'step_wise'\r", "[    0.418044] thermal_sys: Registered thermal governor 'user_space'\r", "[    0.423588] clocksource: acpi_pm: mask: 0xffffff max_cycles: 0xffffff, max_idle_ns: 2085701024 ns\r", "[    0.425863] pci_bus 0000:00: resource 4 [io  0x0000-0x0cf7 window]\r", "[    0.426798] pci_bus 0000:00: resource 5 [io  0x0d00-0xffff window]\r", "[    0.427733] pci_bus 0000:00: resource 6 [mem 0x000a0000-0x000bffff window]\r", "[    0.428782] pci_bus 0000:00: resource 7 [mem 0x80000000-0xafffffff window]\r", "[    0.429823] pci_bus 0000:00: resource 8 [mem 0xc0000000-0xfebfffff window]\r", "[    0.430865] pci_bus 0000:00: resource 9 [mem 0x180000000-0x97fffffff window]\r", "[    0.432004] NET: Registered protocol family 2\r", "[    0.432795] tcp_listen_portaddr_hash hash table entries: 2048 (order: 3, 32768 bytes, linear)\r", "[    0.434131] TCP established hash table entries: 32768 (order: 6, 262144 bytes, linear)\r", "[    0.435943] TCP bind hash table entries: 32768 (order: 7, 524288 bytes, linear)\r", "[    0.437080] TCP: Hash tables configured (established 32768 bind 32768)\r", "[    0.438175] UDP hash table entries: 2048 (order: 4, 65536 bytes, linear)\r", "[    0.439221] UDP-Lite hash table entries: 2048 (order: 4, 65536 bytes, linear)\r", "[    0.440344] NET: Registered protocol family 1\r", "[    0.441101] pci 0000:00:01.0: Video device with shadowed ROM at [mem 0x000c0000-0x000dffff]\r", "[    0.442431] PCI: CLS 0 bytes, default 64\r", "[    0.443787] PCI-DMA: Using software bounce buffering for IO (SWIOTLB)\r", "[    0.444799] software IO TLB: mapped [mem 0x7bfde000-0x7ffde000] (64MB)\r", "[    0.445860] clocksource: tsc: mask: 0xffffffffffffffff max_cycles: 0x2b3e3442c8b, max_idle_ns: 440795248401 ns\r", "[    0.447915] workingset: timestamp_bits=52 max_order=20 bucket_order=0\r", "[    0.449176] fuse: init (API version 7.31)\r", "[    0.453016] Block layer SCSI generic (bsg) driver version 0.4 loaded (major 252)\r", "[    0.454164] io scheduler mq-deadline registered\r", "[    0.454912] io scheduler kyber registered\r", "[    0.456117] acpiphp_ibm: ibm_acpiphp_init: acpi_walk_namespace failed\r", "[    0.457220] Serial: 8250/16550 driver, 4 ports, IRQ sharing disabled\r", "[    0.481956] 00:03: ttyS0 at I/O 0x3f8 (irq = 4, base_baud = 115200) is a 16550A\r", "[    0.483490] Linux agpgart interface v0.103\r", "[    0.486003] brd: module loaded\r", "[    0.488008] loop: module loaded\r", "[    0.488523] Loading iSCSI transport class v2.0-870.\r", "[    0.490070] PCI Interrupt Link [GSIA] enabled at IRQ 16\r", "[    0.491632] ahci 0000:00:1f.2: AHCI 0001.0000 32 slots 6 ports 1.5 Gbps 0x3f impl SATA mode\r", "[    0.492907] ahci 0000:00:1f.2: flags: 64bit ncq only \r", "[    0.495612] scsi host0: ahci\r", "[    0.496200] scsi host1: ahci\r", "[    0.496742] scsi host2: ahci\r", "[    0.497384] scsi host3: ahci\r", "[    0.497947] scsi host4: ahci\r", "[    0.498479] scsi host5: ahci\r", "[    0.499006] ata1: SATA max UDMA/133 abar m4096@0xfc011000 port 0xfc011100 irq 24\r", "[    0.500182] ata2: SATA max UDMA/133 abar m4096@0xfc011000 port 0xfc011180 irq 24\r", "[    0.501327] ata3: SATA max UDMA/133 abar m4096@0xfc011000 port 0xfc011200 irq 24\r", "[    0.502496] ata4: SATA max UDMA/133 abar m4096@0xfc011000 port 0xfc011280 irq 24\r", "[    0.503612] ata5: SATA max UDMA/133 abar m4096@0xfc011000 port 0xfc011300 irq 24\r", "[    0.504722] ata6: SATA max UDMA/133 abar m4096@0xfc011000 port 0xfc011380 irq 24\r", "[    0.505924] Ethernet Channel Bonding Driver: v3.7.1 (April 27, 2011)\r", "[    0.507689] tun: Universal TUN/TAP device driver, 1.6\r", "[    0.508719] VFIO - User Level meta-driver version: 0.3\r", "[    0.510496] i8042: PNP: PS/2 Controller [PNP0303:KBD,PNP0f13:MOU] at 0x60,0x64 irq 1,12\r", "[    0.512541] serio: i8042 KBD port at 0x60,0x64 irq 1\r", "[    0.513356] serio: i8042 AUX port at 0x60,0x64 irq 12\r", "[    0.514419] mousedev: PS/2 mouse device common for all mice\r", "[    0.515480] NET: Registered protocol family 17\r", "[    0.516519] input: AT Translated Set 2 keyboard as /devices/platform/i8042/serio0/input/input0\r", "[    0.518604] IPI shorthand broadcast: enabled\r", "[    0.519311] sched_clock: Marking stable (485381679, 33917395)->(554680949, -35381875)\r", "[    0.814085] ata6: SATA link down (SStatus 0 SControl 300)\r", "[    0.815160] ata1: SATA link up 1.5 Gbps (SStatus 113 SControl 300)\r", "[    0.816284] ata1.00: ATA-7: QEMU HARDDISK, 2.5+, max UDMA/100\r", "[    0.817194] ata1.00: 83886080 sectors, multi 16: LBA48 NCQ (depth 32)\r", "[    0.818208] ata1.00: applying bridge limits\r", "[    0.819004] ata1.00: configured for UDMA/100\r", "[    0.819856] scsi 0:0:0:0: Direct-Access     ATA      QEMU HARDDISK    2.5+ PQ: 0 ANSI: 5\r", "[    0.821213] ata5: SATA link down (SStatus 0 SControl 300)\r", "[    0.822220] ata2: SATA link up 1.5 Gbps (SStatus 113 SControl 300)\r", "[    0.823256] ata2.00: ATA-7: QEMU HARDDISK, 2.5+, max UDMA/100\r", "[    0.824153] ata2.00: 160 sectors, multi 16: LBA48 NCQ (depth 32)\r", "[    0.825090] ata2.00: applying bridge limits\r", "[    0.825891] ata2.00: configured for UDMA/100\r", "[    0.826679] ata4: SATA link down (SStatus 0 SControl 300)\r", "[    0.827690] ata3: SATA link up 1.5 Gbps (SStatus 113 SControl 300)\r", "[    0.828747] ata3.00: ATAPI: QEMU DVD-ROM, 2.5+, max UDMA/100\r", "[    0.829660] ata3.00: applying bridge limits\r", "[    0.830452] ata3.00: configured for UDMA/100\r", "[    0.831608] sd 0:0:0:0: [sda] 83886080 512-byte logical blocks: (42.9 GB/40.0 GiB)\r", "[    0.832788] sd 0:0:0:0: [sda] Write Protect is off\r", "[    0.833588] sd 0:0:0:0: Attached scsi generic sg0 type 0\r", "[    0.834490] sd 0:0:0:0: [sda] Write cache: enabled, read cache: enabled, doesn't support DPO or FUA\r", "[    0.835965] scsi 1:0:0:0: Direct-Access     ATA      QEMU HARDDISK    2.5+ PQ: 0 ANSI: 5\r", "[    0.837405] sd 1:0:0:0: [sdb] 160 512-byte logical blocks: (81.9 kB/80.0 KiB)\r", "[    0.838552] sd 1:0:0:0: [sdb] Write Protect is off\r", "[    0.839312] sd 1:0:0:0: Attached scsi generic sg1 type 0\r", "[    0.840160] sd 1:0:0:0: [sdb] Write cache: enabled, read cache: enabled, doesn't support DPO or FUA\r", "[    0.841734] scsi 2:0:0:0: CD-ROM            QEMU     QEMU DVD-ROM     2.5+ PQ: 0 ANSI: 5\r", "[    0.844481]  sda: sda1\r", "[    0.845083] sd 0:0:0:0: [sda] Attached SCSI disk\r", "[    0.846139] sd 1:0:0:0: [sdb] Attached SCSI disk\r", "[    0.857126] sr 2:0:0:0: [sr0] scsi3-mmc drive: 4x/4x cd/rw xa/form2 tray\r", "[    0.858194] cdrom: Uniform CD-ROM driver Revision: 3.20\r", "[    0.859330] sr 2:0:0:0: Attached scsi generic sg2 type 5\r", "[    0.878696] EXT4-fs (sda1): mounted filesystem with ordered data mode. Opts: (null)\r", "[    0.879896] VFS: Mounted root (ext4 filesystem) on device 8:1.\r", "[    0.881462] devtmpfs: mounted\r", "[    0.883137] Freeing unused kernel image memory: 1900K\r", "[    0.883963] Write protecting the kernel read-only data: 12288k\r", "[    0.886518] Freeing unused kernel image memory: 2032K\r", "[    0.887379] Freeing unused kernel image memory: 92K\r", "[    0.888148] rodata_test: all tests were successful\r", "[    0.888924] Run /home/ubuntu/guestinit.sh as init process\r", "+ export HOME=/root\r", "+ export LANG=en_US\r", "+ export PATH=/usr/local/sbin:/usr/local/bin:/usr/sbin:/usr/bin:/sbin:/bin:/usr/games:/usr/local/games\r", "+ insmod /tmp/guest/mqnic.ko\r", "[    0.916746] mqnic: loading out-of-tree module taints kernel.\r", "[    0.918184] mqnic 0000:00:02.0: mqnic probe\r", "[    0.919212] PCI Interrupt Link [GSIG] enabled at IRQ 22\r", "[    0.920302] mqnic 0000:00:02.0: FW ID: 0x00000020\r", "[    0.921074] mqnic 0000:00:02.0: FW version: 0.1\r", "[    0.921839] mqnic 0000:00:02.0: Board ID: 0x43215678\r", "[    0.922669] mqnic 0000:00:02.0: Board version: 0.1\r", "[    0.923476] mqnic 0000:00:02.0: PHC count: 1\r", "[    0.924195] mqnic 0000:00:02.0: PHC offset: 0x00000200\r", "[    0.925051] mqnic 0000:00:02.0: IF count: 1\r", "[    0.925725] mqnic 0000:00:02.0: IF stride: 0x00080000\r", "[    0.926525] mqnic 0000:00:02.0: IF CSR offset: 0x00080000\r", "[    0.927660] mqnic 0000:00:02.0: Failed to read MAC from EEPROM; no EEPROM I2C client registered\r", "[    0.929514] mqnic 0000:00:02.0: registered PHC (index 0)\r", "[    0.930396] mqnic 0000:00:02.0: Creating interface 0\r", "[    0.933505] mqnic 0000:00:02.0: IF ID: 0x00000000\r", "[    0.934258] mqnic 0000:00:02.0: IF features: 0x00000000\r", "[    0.935074] mqnic 0000:00:02.0: Event queue count: 1\r", "[    0.935847] mqnic 0000:00:02.0: Event queue offset: 0x00100000\r", "[    0.936748] mqnic 0000:00:02.0: TX queue count: 1\r", "[    0.937504] mqnic 0000:00:02.0: TX queue offset: 0x00200000\r", "[    0.938386] mqnic 0000:00:02.0: TX completion queue count: 1\r", "[    0.939259] mqnic 0000:00:02.0: TX completion queue offset: 0x00400000\r", "[    0.940280] mqnic 0000:00:02.0: RX queue count: 1\r", "[    0.941031] mqnic 0000:00:02.0: RX queue offset: 0x00600000\r", "[    0.941941] mqnic 0000:00:02.0: RX completion queue count: 1\r", "[    0.942813] mqnic 0000:00:02.0: RX completion queue offset: 0x00700000\r", "[    0.943810] mqnic 0000:00:02.0: Port count: 1\r", "[    0.944508] mqnic 0000:00:02.0: Port offset: 0x00800000\r", "[    0.945329] mqnic 0000:00:02.0: Port stride: 0x00200000\r", "[    0.946139] mqnic 0000:00:02.0: Bad MAC in EEPROM; using random MAC\r", "[    0.947140] mqnic 0000:00:02.0: Max desc block size: 1\r", "[    0.949029] mqnic 0000:00:02.0: Port ID: 0x00000000\r", "[    0.949807] mqnic 0000:00:02.0: Port features: 0x00000000\r", "[    0.950668] mqnic 0000:00:02.0: Port MTU: 2048\r", "[    0.951399] mqnic 0000:00:02.0: Scheduler count: 1\r", "[    0.952201] mqnic 0000:00:02.0: Scheduler offset: 0x00100000\r", "[    0.953107] mqnic 0000:00:02.0: Scheduler stride: 0x00100000\r", "[    0.954028] mqnic 0000:00:02.0: Scheduler type: 0x00000000\r", "+ ip link set dev eth0 up\r", "[    0.961095] mqnic 0000:00:02.0: mqnic_open on port 0\r", "+ ip addr add 10.0.0.2/24 dev eth0\r", "+ netserver\r", "Starting netserver with host 'IN(6)ADDR_ANY' port '12865' and family AF_UNSPEC\r", "+ netperf -H 10.0.0.1\r", "MIGRATED TCP STREAM TEST from 0.0.0.0 (0.0.0.0) port 0 AF_INET to 10.0.0.1 () port 0 AF_INET : demo\r", "Recv   Send    Send                          \r", "Socket Socket  Message  Elapsed              \r", "Size   Size    Size     Time     Throughput  \r", "bytes  bytes   bytes    secs.    10^6bits/sec  \r", "\r", "131072  16384  16384    10.06     429.42   \r", "+ netperf -H 10.0.0.1 -t TCP_RR -- -o mean_latency,p50_latency,p90_latency,p99_latency\r", "MIGRATED TCP REQUEST/RESPONSE TEST from 0.0.0.0 (0.0.0.0) port 0 AF_INET to 10.0.0.1 () port 0 AF_INET : demo : first burst 0\r", "Mean Latency Microseconds,50th Percentile Latency Microseconds,90th Percentile Latency Microseconds,99th Percentile Latency Microseconds\r", "294.56,274,293,337\r", "+ poweroff -f\r", "Powering off.\r", "[   22.193250] sd 1:0:0:0: [sdb] Synchronizing SCSI cache\r", "[   22.194343] sd 1:0:0:0: [sdb] Stopping disk\r", "[   22.195091] sd 0:0:0:0: [sda] Synchronizing SCSI cache\r", "[   22.573003] sd 0:0:0:0: [sda] Stopping disk\r", "[   22.574259] mqnic 0000:00:02.0: mqnic shutdown\r", "[   22.575442] ACPI: Preparing to enter system sleep state S5\r", "[   22.576392] reboot: Power down\r"], "stderr": []}}, "success": true}