{"exp_name": "netperf-qemu-switch-cd_bm", "start_time": 1606671541.3816402, "end_time": 1606671570.4064624, "sims": {"nic.server.0.": {"class": "CorundumBMNIC", "cmd": ["/home/hejingli/endhostsim-code/corundum_bm/corundum_bm", "/home/hejingli/endhostsim-code/experiments/out/netperf-qemu-switch-cd_bm/1/nic.pci.server.0.", "/home/hejingli/endhostsim-code/experiments/out/netperf-qemu-switch-cd_bm/1/nic.eth.server.0.", "/home/hejingli/endhostsim-code/experiments/out/netperf-qemu-switch-cd_bm/1/nic.shm.server.0.", "0", "500", "500", "500"], "stdout": ["eth connection accepted", "eth intro sent", "pci connection accepted", "pci intro sent", "pci host info received", "eth net info received"], "stderr": ["751d6de2e560", "sync_pci=0 sync_eth=1", "exit main_time: 6795962420000"]}, "nic.client.0.": {"class": "CorundumBMNIC", "cmd": ["/home/hejingli/endhostsim-code/corundum_bm/corundum_bm", "/home/hejingli/endhostsim-code/experiments/out/netperf-qemu-switch-cd_bm/1/nic.pci.client.0.", "/home/hejingli/endhostsim-code/experiments/out/netperf-qemu-switch-cd_bm/1/nic.eth.client.0.", "/home/hejingli/endhostsim-code/experiments/out/netperf-qemu-switch-cd_bm/1/nic.shm.client.0.", "0", "500", "500", "500"], "stdout": ["eth connection accepted", "eth intro sent", "pci connection accepted", "pci intro sent", "pci host info received", "eth net info received"], "stderr": ["363f5974d368", "sync_pci=0 sync_eth=1", "exit main_time: 6795962290000"]}, "net.": {"class": "SwitchNet", "cmd": ["/home/hejingli/endhostsim-code/net_switch/net_switch", "-S", "500", "-E", "500", "-s", "/home/hejingli/endhostsim-code/experiments/out/netperf-qemu-switch-cd_bm/1/nic.eth.server.0.", "-s", "/home/hejingli/endhostsim-code/experiments/out/netperf-qemu-switch-cd_bm/1/nic.eth.client.0."], "stdout": ["start polling"], "stderr": []}, "host.server.0": {"class": "QemuHost", "cmd": ["/home/hejingli/endhostsim-code/qemu/build/x86_64-softmmu/qemu-system-x86_64", "-machine", "q35", "-serial", "mon:stdio", "-display", "none", "-nic", "none", "-kernel", "/home/hejingli/endhostsim-code/images/bzImage", "-drive", "file=/home/hejingli/endhostsim-code/experiments/out/netperf-qemu-switch-cd_bm/1/hdcopy.server.0,if=ide,index=0,media=disk", "-drive", "file=/home/hejingli/endhostsim-code/experiments/out/netperf-qemu-switch-cd_bm/1/cfg.server.0.tar,if=ide,index=1,media=disk,driver=raw", "-append", "earlyprintk=ttyS0 console=ttyS0 root=/dev/sda1 init=/home/ubuntu/guestinit.sh rw", "-m", "4096", "-smp", "1", "-cpu", "host", "-enable-kvm", "-chardev", "socket,path=/home/hejingli/endhostsim-code/experiments/out/netperf-qemu-switch-cd_bm/1/nic.pci.server.0.,id=cosimcd", "-device", "cosim-pci,chardev=cosimcd,sync=off"], "stdout": ["early console in extract_kernel\r", "input_data: 0x000000000210e2c8\r", "input_len: 0x00000000003d1ed8\r", "output: 0x0000000001000000\r", "output_len: 0x00000000014baa98\r", "kernel_total_size: 0x0000000001226000\r", "needed_size: 0x0000000001600000\r", "trampoline_32bit: 0x000000000009d000\r", "\r", "Decompressing Linux... Parsing ELF... done.\r", "Booting the kernel.\r", "[    0.000000] Linux version 5.4.46 (hejingli@brain21) (gcc version 8.3.0 (Debian 8.3.0-6)) #1 SMP Mon Sep 21 21:54:40 CEST 2020\r", "[    0.000000] Command line: earlyprintk=ttyS0 console=ttyS0 root=/dev/sda1 init=/home/ubuntu/guestinit.sh rw\r", "[    0.000000] x86/fpu: Supporting XSAVE feature 0x001: 'x87 floating point registers'\r", "[    0.000000] x86/fpu: Supporting XSAVE feature 0x002: 'SSE registers'\r", "[    0.000000] x86/fpu: Supporting XSAVE feature 0x004: 'AVX registers'\r", "[    0.000000] x86/fpu: xstate_offset[2]:  576, xstate_sizes[2]:  256\r", "[    0.000000] x86/fpu: Enabled xstate features 0x7, context size is 832 bytes, using 'standard' format.\r", "[    0.000000] BIOS-provided physical RAM map:\r", "[    0.000000] BIOS-e820: [mem 0x0000000000000000-0x000000000009fbff] usable\r", "[    0.000000] BIOS-e820: [mem 0x000000000009fc00-0x000000000009ffff] reserved\r", "[    0.000000] BIOS-e820: [mem 0x00000000000f0000-0x00000000000fffff] reserved\r", "[    0.000000] BIOS-e820: [mem 0x0000000000100000-0x000000007ffddfff] usable\r", "[    0.000000] BIOS-e820: [mem 0x000000007ffde000-0x000000007fffffff] reserved\r", "[    0.000000] BIOS-e820: [mem 0x00000000b0000000-0x00000000bfffffff] reserved\r", "[    0.000000] BIOS-e820: [mem 0x00000000fed1c000-0x00000000fed1ffff] reserved\r", "[    0.000000] BIOS-e820: [mem 0x00000000feffc000-0x00000000feffffff] reserved\r", "[    0.000000] BIOS-e820: [mem 0x00000000fffc0000-0x00000000ffffffff] reserved\r", "[    0.000000] BIOS-e820: [mem 0x0000000100000000-0x000000017fffffff] usable\r", "[    0.000000] printk: bootconsole [earlyser0] enabled\r", "[    0.000000] NX (Execute Disable) protection: active\r", "[    0.000000] SMBIOS 2.8 present.\r", "[    0.000000] DMI: QEMU Standard PC (Q35 + ICH9, 2009), BIOS rel-1.14.0-0-g155821a1990b-prebuilt.qemu.org 04/01/2014\r", "[    0.000000] Hypervisor detected: KVM\r", "[    0.000000] kvm-clock: Using msrs 4b564d01 and 4b564d00\r", "[    0.000000] kvm-clock: cpu 0, msr 20d0001, primary cpu clock\r", "[    0.000000] kvm-clock: using sched offset of 175297720 cycles\r", "[    0.000867] clocksource: kvm-clock: mask: 0xffffffffffffffff max_cycles: 0x1cd42e4dffb, max_idle_ns: 881590591483 ns\r", "[    0.003257] tsc: Detected 2999.982 MHz processor\r", "[    0.005426] last_pfn = 0x180000 max_arch_pfn = 0x400000000\r", "[    0.006310] x86/PAT: Configuration [0-7]: WB  WC  UC- UC  WB  WP  UC- WT  \r", "[    0.007333] last_pfn = 0x7ffde max_arch_pfn = 0x400000000\r", "[    0.014884] found SMP MP-table at [mem 0x000f5ab0-0x000f5abf]\r", "[    0.015765] Using GB pages for direct mapping\r", "[    0.017291] ACPI: Early table checksum verification disabled\r", "[    0.018135] ACPI: RSDP 0x00000000000F58C0 000014 (v00 BOCHS )\r", "[    0.018996] ACPI: RSDT 0x000000007FFE20CE 000038 (v01 BOCHS  BXPCRSDT 00000001 BXPC 00000001)\r", "[    0.020270] ACPI: FACP 0x000000007FFE1EC6 0000F4 (v03 BOCHS  BXPCFACP 00000001 BXPC 00000001)\r", "[    0.021523] ACPI: DSDT 0x000000007FFE0040 001E86 (v01 BOCHS  BXPCDSDT 00000001 BXPC 00000001)\r", "[    0.022785] ACPI: FACS 0x000000007FFE0000 000040\r", "[    0.023476] ACPI: APIC 0x000000007FFE1FBA 000078 (v01 BOCHS  BXPCAPIC 00000001 BXPC 00000001)\r", "[    0.024757] ACPI: HPET 0x000000007FFE2032 000038 (v01 BOCHS  BXPCHPET 00000001 BXPC 00000001)\r", "[    0.026013] ACPI: MCFG 0x000000007FFE206A 00003C (v01 BOCHS  BXPCMCFG 00000001 BXPC 00000001)\r", "[    0.027267] ACPI: WAET 0x000000007FFE20A6 000028 (v01 BOCHS  BXPCWAET 00000001 BXPC 00000001)\r", "[    0.028915] No NUMA configuration found\r", "[    0.029485] Faking a node at [mem 0x0000000000000000-0x000000017fffffff]\r", "[    0.030478] NODE_DATA(0) allocated [mem 0x17ffdc000-0x17fffdfff]\r", "[    0.032421] Zone ranges:\r", "[    0.032793]   DMA      [mem 0x0000000000001000-0x0000000000ffffff]\r", "[    0.033693]   DMA32    [mem 0x0000000001000000-0x00000000ffffffff]\r", "[    0.034594]   Normal   [mem 0x0000000100000000-0x000000017fffffff]\r", "[    0.035489] Movable zone start for each node\r", "[    0.036129] Early memory node ranges\r", "[    0.036654]   node   0: [mem 0x0000000000001000-0x000000000009efff]\r", "[    0.037574]   node   0: [mem 0x0000000000100000-0x000000007ffddfff]\r", "[    0.038500]   node   0: [mem 0x0000000100000000-0x000000017fffffff]\r", "[    0.040735] Zeroed struct page in unavailable ranges: 132 pages\r", "[    0.040736] Initmem setup node 0 [mem 0x0000000000001000-0x000000017fffffff]\r", "[    0.071912] ACPI: PM-Timer IO Port: 0x608\r", "[    0.072605] ACPI: LAPIC_NMI (acpi_id[0xff] dfl dfl lint[0x1])\r", "[    0.073543] IOAPIC[0]: apic_id 0, version 17, address 0xfec00000, GSI 0-23\r", "[    0.074597] ACPI: INT_SRC_OVR (bus 0 bus_irq 0 global_irq 2 dfl dfl)\r", "[    0.075560] ACPI: INT_SRC_OVR (bus 0 bus_irq 5 global_irq 5 high level)\r", "[    0.076599] ACPI: INT_SRC_OVR (bus 0 bus_irq 9 global_irq 9 high level)\r", "[    0.077602] ACPI: INT_SRC_OVR (bus 0 bus_irq 10 global_irq 10 high level)\r", "[    0.078642] ACPI: INT_SRC_OVR (bus 0 bus_irq 11 global_irq 11 high level)\r", "[    0.079694] Using ACPI (MADT) for SMP configuration information\r", "[    0.080665] ACPI: HPET id: 0x8086a201 base: 0xfed00000\r", "[    0.081466] smpboot: Allowing 1 CPUs, 0 hotplug CPUs\r", "[    0.082239] KVM setup pv sched yield\r", "[    0.082796] [mem 0xc0000000-0xfed1bfff] available for PCI devices\r", "[    0.083755] Booting paravirtualized kernel on KVM\r", "[    0.084520] clocksource: refined-jiffies: mask: 0xffffffff max_cycles: 0xffffffff, max_idle_ns: 1910969940391419 ns\r", "[    0.125923] setup_percpu: NR_CPUS:8192 nr_cpumask_bits:1 nr_cpu_ids:1 nr_node_ids:1\r", "[    0.127807] percpu: Embedded 49 pages/cpu s159768 r8192 d32744 u2097152\r", "[    0.128917] KVM setup async PF for cpu 0\r", "[    0.129519] kvm-stealtime: cpu 0, msr 17c416080\r", "[    0.130230] Built 1 zonelists, mobility grouping on.  Total pages: 1034087\r", "[    0.131300] Policy zone: Normal\r", "[    0.131789] Kernel command line: earlyprintk=ttyS0 console=ttyS0 root=/dev/sda1 init=/home/ubuntu/guestinit.sh rw\r", "[    0.134752] Dentry cache hash table entries: 524288 (order: 10, 4194304 bytes, linear)\r", "[    0.136115] Inode-cache hash table entries: 262144 (order: 9, 2097152 bytes, linear)\r", "[    0.137380] mem auto-init: stack:off, heap alloc:off, heap free:off\r", "[    0.174452] Memory: 4045440K/4193776K available (8194K kernel code, 1285K rwdata, 1956K rodata, 1900K init, 1304K bss, 148336K reserved, 0K cma-reserved)\r", "[    0.178028] rcu: Hierarchical RCU implementation.\r", "[    0.178786] rcu: \tRCU restricting CPUs from NR_CPUS=8192 to nr_cpu_ids=1.\r", "[    0.179847] rcu: RCU calculated value of scheduler-enlistment delay is 100 jiffies.\r", "[    0.181062] rcu: Adjusting geometry for rcu_fanout_leaf=16, nr_cpu_ids=1\r", "[    0.182208] NR_IRQS: 524544, nr_irqs: 256, preallocated irqs: 16\r", "[    0.183388] random: crng done (trusting CPU's manufacturer)\r", "[    0.208971] Console: colour VGA+ 80x25\r", "[    0.209628] printk: console [ttyS0] enabled\r", "[    0.209628] printk: console [ttyS0] enabled\r", "[    0.210889] printk: bootconsole [earlyser0] disabled\r", "[    0.210889] printk: bootconsole [earlyser0] disabled\r", "[    0.212409] ACPI: Core revision 20190816\r", "[    0.213212] clocksource: hpet: mask: 0xffffffff max_cycles: 0xffffffff, max_idle_ns: 19112604467 ns\r", "[    0.214791] APIC: Switch to symmetric I/O mode setup\r", "[    0.215565] KVM setup pv IPIs\r", "[    0.217426] ..TIMER: vector=0x30 apic1=0 pin1=2 apic2=-1 pin2=-1\r", "[    0.218415] clocksource: tsc-early: mask: 0xffffffffffffffff max_cycles: 0x2b3e3442c8b, max_idle_ns: 440795248401 ns\r", "[    0.220126] Calibrating delay loop (skipped) preset value.. 5999.96 BogoMIPS (lpj=2999982)\r", "[    0.221125] pid_max: default: 32768 minimum: 301\r", "[    0.222172] Mount-cache hash table entries: 8192 (order: 4, 65536 bytes, linear)\r", "[    0.223129] Mountpoint-cache hash table entries: 8192 (order: 4, 65536 bytes, linear)\r", "[    0.225441] x86/cpu: User Mode Instruction Prevention (UMIP) activated\r", "[    0.226205] Last level iTLB entries: 4KB 0, 2MB 0, 4MB 0\r", "[    0.227124] Last level dTLB entries: 4KB 0, 2MB 0, 4MB 0, 1GB 0\r", "[    0.228128] Spectre V1 : Mitigation: usercopy/swapgs barriers and __user pointer sanitization\r", "[    0.229125] Spectre V2 : Spectre mitigation: kernel not compiled with retpoline; no mitigation available!\r", "[    0.229126] Speculative Store Bypass: Mitigation: Speculative Store Bypass disabled via prctl\r", "[    0.231134] MDS: Mitigation: Clear CPU buffers\r", "[    0.234344] Freeing SMP alternatives memory: 12K\r", "[    0.235199] smpboot: CPU0: Intel(R) Xeon(R) CPU E7-8857 v2 @ 3.00GHz (family: 0x6, model: 0x3e, stepping: 0x7)\r", "[    0.236219] Performance Events: IvyBridge events, Intel PMU driver.\r", "[    0.237128] ... version:                2\r", "[    0.237733] ... bit width:              48\r", "[    0.238125] ... generic registers:      8\r", "[    0.238745] ... value mask:             0000ffffffffffff\r", "[    0.239126] ... max period:             000000007fffffff\r", "[    0.239943] ... fixed-purpose events:   3\r", "[    0.240125] ... event mask:             00000007000000ff\r", "[    0.240996] rcu: Hierarchical SRCU implementation.\r", "[    0.241167] smp: Bringing up secondary CPUs ...\r", "[    0.241862] smp: Brought up 1 node, 1 CPU\r", "[    0.242126] smpboot: Max logical packages: 1\r", "[    0.242775] smpboot: Total of 1 processors activated (5999.96 BogoMIPS)\r", "[    0.243401] devtmpfs: initialized\r", "[    0.244122] clocksource: jiffies: mask: 0xffffffff max_cycles: 0xffffffff, max_idle_ns: 1911260446275000 ns\r", "[    0.245128] futex hash table entries: 256 (order: 2, 16384 bytes, linear)\r", "[    0.246178] \r", "[    0.246427] *************************************************************\r", "[    0.247126] **     NOTICE NOTICE NOTICE NOTICE NOTICE NOTICE NOTICE    **\r", "[    0.248125] **                                                         **\r", "[    0.249125] **  IOMMU DebugFS SUPPORT HAS BEEN ENABLED IN THIS KERNEL  **\r", "[    0.250125] **                                                         **\r", "[    0.251125] ** This means that this kernel is built to expose internal **\r", "[    0.252125] ** IOMMU data structures, which may compromise security on **\r", "[    0.253125] ** your system.                                            **\r", "[    0.254125] **                                                         **\r", "[    0.255125] ** If you see this message and you are not debugging the   **\r", "[    0.256125] ** kernel, report this immediately to your vendor!         **\r", "[    0.257125] **                                                         **\r", "[    0.258125] **     NOTICE NOTICE NOTICE NOTICE NOTICE NOTICE NOTICE    **\r", "[    0.259125] *************************************************************\r", "[    0.260273] NET: Registered protocol family 16\r", "[    0.261057] audit: initializing netlink subsys (disabled)\r", "[    0.261216] cpuidle: using governor ladder\r", "[    0.261959] KVM setup pv remote TLB flush\r", "[    0.262138] ACPI: bus type PCI registered\r", "[    0.262768] acpiphp: ACPI Hot Plug PCI Controller Driver version: 0.5\r", "[    0.263212] PCI: MMCONFIG for domain 0000 [bus 00-ff] at [mem 0xb0000000-0xbfffffff] (base 0xb0000000)\r", "[    0.264128] PCI: MMCONFIG at [mem 0xb0000000-0xbfffffff] reserved in E820\r", "[    0.265133] PCI: Using configuration type 1 for base access\r", "[    0.265999] core: PMU erratum BJ122, BV98, HSD29 workaround disabled, HT off\r", "[    0.269421] audit: type=2000 audit(1606671549.160:1): state=initialized audit_enabled=0 res=1\r", "[    0.271684] HugeTLB registered 1.00 GiB page size, pre-allocated 0 pages\r", "[    0.272140] HugeTLB registered 2.00 MiB page size, pre-allocated 0 pages\r", "[    0.273903] ACPI: Added _OSI(Module Device)\r", "[    0.274139] ACPI: Added _OSI(Processor Device)\r", "[    0.274844] ACPI: Added _OSI(3.0 _SCP Extensions)\r", "[    0.275126] ACPI: Added _OSI(Processor Aggregator Device)\r", "[    0.275942] ACPI: Added _OSI(Linux-Dell-Video)\r", "[    0.276126] ACPI: Added _OSI(Linux-Lenovo-NV-HDMI-Audio)\r", "[    0.276952] ACPI: Added _OSI(Linux-HPI-Hybrid-Graphics)\r", "[    0.278102] ACPI: 1 ACPI AML tables successfully acquired and loaded\r", "[    0.279262] ACPI: Interpreter enabled\r", "[    0.279833] ACPI: (supports S0 S5)\r", "[    0.280126] ACPI: Using IOAPIC for interrupt routing\r", "[    0.280907] PCI: Using host bridge windows from ACPI; if necessary, use \"pci=nocrs\" and report a bug\r", "[    0.281198] ACPI: Enabled 1 GPEs in block 00 to 3F\r", "[    0.283448] ACPI: PCI Root Bridge [PCI0] (domain 0000 [bus 00-ff])\r", "[    0.284136] acpi PNP0A08:00: _OSC: OS supports [ExtendedConfig ASPM ClockPM Segments MSI HPX-Type3]\r", "[    0.285202] acpi PNP0A08:00: _OSC: platform does not support [LTR]\r", "[    0.286183] acpi PNP0A08:00: _OSC: OS now controls [PCIeHotplug PME AER PCIeCapability]\r", "[    0.287243] PCI host bridge to bus 0000:00\r", "[    0.287870] pci_bus 0000:00: root bus resource [io  0x0000-0x0cf7 window]\r", "[    0.288127] pci_bus 0000:00: root bus resource [io  0x0d00-0xffff window]\r", "[    0.289126] pci_bus 0000:00: root bus resource [mem 0x000a0000-0x000bffff window]\r", "[    0.290126] pci_bus 0000:00: root bus resource [mem 0x80000000-0xafffffff window]\r", "[    0.291126] pci_bus 0000:00: root bus resource [mem 0xc0000000-0xfebfffff window]\r", "[    0.292126] pci_bus 0000:00: root bus resource [mem 0x180000000-0x97fffffff window]\r", "[    0.293127] pci_bus 0000:00: root bus resource [bus 00-ff]\r", "[    0.294000] pci 0000:00:00.0: [8086:29c0] type 00 class 0x060000\r", "[    0.294645] pci 0000:00:01.0: [1234:1111] type 00 class 0x030000\r", "[    0.296152] pci 0000:00:01.0: reg 0x10: [mem 0xfd000000-0xfdffffff pref]\r", "[    0.299122] pci 0000:00:01.0: reg 0x18: [mem 0xfc010000-0xfc010fff]\r", "[    0.303114] pci 0000:00:01.0: reg 0x30: [mem 0xfc000000-0xfc00ffff pref]\r", "[    0.303420] pci 0000:00:02.0: [5543:1001] type 00 class 0x020000\r", "[    0.304592] pci 0000:00:02.0: reg 0x10: [mem 0xfb000000-0xfbffffff 64bit]\r", "[    0.307351] pci 0000:00:1f.0: [8086:2918] type 00 class 0x060100\r", "[    0.308645] pci 0000:00:1f.0: quirk: [io  0x0600-0x067f] claimed by ICH6 ACPI/GPIO/TCO\r", "[    0.309339] pci 0000:00:1f.2: [8086:2922] type 00 class 0x010601\r", "[    0.312408] pci 0000:00:1f.2: reg 0x20: [io  0xc040-0xc05f]\r", "[    0.313679] pci 0000:00:1f.2: reg 0x24: [mem 0xfc011000-0xfc011fff]\r", "[    0.315272] pci 0000:00:1f.3: [8086:2930] type 00 class 0x0c0500\r", "[    0.318373] pci 0000:00:1f.3: reg 0x20: [io  0x0700-0x073f]\r", "[    0.320095] ACPI: PCI Interrupt Link [LNKA] (IRQs 5 *10 11)\r", "[    0.320209] ACPI: PCI Interrupt Link [LNKB] (IRQs 5 *10 11)\r", "[    0.321141] ACPI: PCI Interrupt Link [LNKC] (IRQs 5 10 *11)\r", "[    0.322113] ACPI: PCI Interrupt Link [LNKD] (IRQs 5 10 *11)\r", "[    0.322204] ACPI: PCI Interrupt Link [LNKE] (IRQs 5 *10 11)\r", "[    0.323161] ACPI: PCI Interrupt Link [LNKF] (IRQs 5 *10 11)\r", "[    0.324089] ACPI: PCI Interrupt Link [LNKG] (IRQs 5 10 *11)\r", "[    0.324208] ACPI: PCI Interrupt Link [LNKH] (IRQs 5 10 *11)\r", "[    0.325145] ACPI: PCI Interrupt Link [GSIA] (IRQs *16)\r", "[    0.325943] ACPI: PCI Interrupt Link [GSIB] (IRQs *17)\r", "[    0.326135] ACPI: PCI Interrupt Link [GSIC] (IRQs *18)\r", "[    0.326934] ACPI: PCI Interrupt Link [GSID] (IRQs *19)\r", "[    0.327135] ACPI: PCI Interrupt Link [GSIE] (IRQs *20)\r", "[    0.327940] ACPI: PCI Interrupt Link [GSIF] (IRQs *21)\r", "[    0.328135] ACPI: PCI Interrupt Link [GSIG] (IRQs *22)\r", "[    0.328926] ACPI: PCI Interrupt Link [GSIH] (IRQs *23)\r", "[    0.329311] iommu: Default domain type: Translated \r", "[    0.331013] pci 0000:00:01.0: vgaarb: setting as boot VGA device\r", "[    0.331122] pci 0000:00:01.0: vgaarb: VGA device added: decodes=io+mem,owns=io+mem,locks=none\r", "[    0.331132] pci 0000:00:01.0: vgaarb: bridge control possible\r", "[    0.332069] vgaarb: loaded\r", "[    0.332200] SCSI subsystem initialized\r", "[    0.332952] pps_core: LinuxPPS API ver. 1 registered\r", "[    0.333129] pps_core: Software ver. 5.3.6 - Copyright 2005-2007 Rodolfo Giometti <giometti@linux.it>\r", "[    0.334134] PTP clock support registered\r", "[    0.334775] PCI: Using ACPI for IRQ routing\r", "[    0.402467] hpet0: at MMIO 0xfed00000, IRQs 2, 8, 0\r", "[    0.403127] hpet0: 3 comparators, 64-bit 100.000000 MHz counter\r", "[    0.407378] clocksource: Switched to clocksource kvm-clock\r", "[    0.414609] VFS: Disk quotas dquot_6.6.0\r", "[    0.415232] VFS: Dquot-cache hash table entries: 512 (order 0, 4096 bytes)\r", "[    0.416360] pnp: PnP ACPI init\r", "[    0.417187] pnp: PnP ACPI: found 5 devices\r", "[    0.419651] thermal_sys: Registered thermal governor 'step_wise'\r", "[    0.419652] thermal_sys: Registered thermal governor 'user_space'\r", "[    0.425188] clocksource: acpi_pm: mask: 0xffffff max_cycles: 0xffffff, max_idle_ns: 2085701024 ns\r", "[    0.427487] pci_bus 0000:00: resource 4 [io  0x0000-0x0cf7 window]\r", "[    0.428428] pci_bus 0000:00: resource 5 [io  0x0d00-0xffff window]\r", "[    0.429388] pci_bus 0000:00: resource 6 [mem 0x000a0000-0x000bffff window]\r", "[    0.430447] pci_bus 0000:00: resource 7 [mem 0x80000000-0xafffffff window]\r", "[    0.431493] pci_bus 0000:00: resource 8 [mem 0xc0000000-0xfebfffff window]\r", "[    0.432571] pci_bus 0000:00: resource 9 [mem 0x180000000-0x97fffffff window]\r", "[    0.433707] NET: Registered protocol family 2\r", "[    0.434522] tcp_listen_portaddr_hash hash table entries: 2048 (order: 3, 32768 bytes, linear)\r", "[    0.435846] TCP established hash table entries: 32768 (order: 6, 262144 bytes, linear)\r", "[    0.437640] TCP bind hash table entries: 32768 (order: 7, 524288 bytes, linear)\r", "[    0.438801] TCP: Hash tables configured (established 32768 bind 32768)\r", "[    0.439851] UDP hash table entries: 2048 (order: 4, 65536 bytes, linear)\r", "[    0.440914] UDP-Lite hash table entries: 2048 (order: 4, 65536 bytes, linear)\r", "[    0.442027] NET: Registered protocol family 1\r", "[    0.442762] pci 0000:00:01.0: Video device with shadowed ROM at [mem 0x000c0000-0x000dffff]\r", "[    0.444114] PCI: CLS 0 bytes, default 64\r", "[    0.445410] PCI-DMA: Using software bounce buffering for IO (SWIOTLB)\r", "[    0.446399] software IO TLB: mapped [mem 0x7bfde000-0x7ffde000] (64MB)\r", "[    0.447436] clocksource: tsc: mask: 0xffffffffffffffff max_cycles: 0x2b3e3442c8b, max_idle_ns: 440795248401 ns\r", "[    0.449450] workingset: timestamp_bits=52 max_order=20 bucket_order=0\r", "[    0.450690] fuse: init (API version 7.31)\r", "[    0.454594] Block layer SCSI generic (bsg) driver version 0.4 loaded (major 252)\r", "[    0.455720] io scheduler mq-deadline registered\r", "[    0.456454] io scheduler kyber registered\r", "[    0.457607] acpiphp_ibm: ibm_acpiphp_init: acpi_walk_namespace failed\r", "[    0.458740] Serial: 8250/16550 driver, 4 ports, IRQ sharing disabled\r", "[    0.485494] 00:03: ttyS0 at I/O 0x3f8 (irq = 4, base_baud = 115200) is a 16550A\r", "[    0.486987] Linux agpgart interface v0.103\r", "[    0.489389] brd: module loaded\r", "[    0.491208] loop: module loaded\r", "[    0.491725] Loading iSCSI transport class v2.0-870.\r", "[    0.493143] PCI Interrupt Link [GSIA] enabled at IRQ 16\r", "[    0.494648] ahci 0000:00:1f.2: AHCI 0001.0000 32 slots 6 ports 1.5 Gbps 0x3f impl SATA mode\r", "[    0.495903] ahci 0000:00:1f.2: flags: 64bit ncq only \r", "[    0.498470] scsi host0: ahci\r", "[    0.499028] scsi host1: ahci\r", "[    0.499592] scsi host2: ahci\r", "[    0.500120] scsi host3: ahci\r", "[    0.500695] scsi host4: ahci\r", "[    0.501235] scsi host5: ahci\r", "[    0.501731] ata1: SATA max UDMA/133 abar m4096@0xfc011000 port 0xfc011100 irq 24\r", "[    0.502852] ata2: SATA max UDMA/133 abar m4096@0xfc011000 port 0xfc011180 irq 24\r", "[    0.503966] ata3: SATA max UDMA/133 abar m4096@0xfc011000 port 0xfc011200 irq 24\r", "[    0.505077] ata4: SATA max UDMA/133 abar m4096@0xfc011000 port 0xfc011280 irq 24\r", "[    0.506194] ata5: SATA max UDMA/133 abar m4096@0xfc011000 port 0xfc011300 irq 24\r", "[    0.507313] ata6: SATA max UDMA/133 abar m4096@0xfc011000 port 0xfc011380 irq 24\r", "[    0.508487] Ethernet Channel Bonding Driver: v3.7.1 (April 27, 2011)\r", "[    0.510195] tun: Universal TUN/TAP device driver, 1.6\r", "[    0.511030] VFIO - User Level meta-driver version: 0.3\r", "[    0.512055] i8042: PNP: PS/2 Controller [PNP0303:KBD,PNP0f13:MOU] at 0x60,0x64 irq 1,12\r", "[    0.514071] serio: i8042 KBD port at 0x60,0x64 irq 1\r", "[    0.514829] serio: i8042 AUX port at 0x60,0x64 irq 12\r", "[    0.516673] mousedev: PS/2 mouse device common for all mice\r", "[    0.517706] NET: Registered protocol family 17\r", "[    0.518737] input: AT Translated Set 2 keyboard as /devices/platform/i8042/serio0/input/input0\r", "[    0.520765] IPI shorthand broadcast: enabled\r", "[    0.521460] sched_clock: Marking stable (487639278, 33796277)->(557153548, -35717993)\r", "[    0.815328] ata1: SATA link up 1.5 Gbps (SStatus 113 SControl 300)\r", "[    0.816465] ata1.00: ATA-7: QEMU HARDDISK, 2.5+, max UDMA/100\r", "[    0.817682] ata1.00: 83886080 sectors, multi 16: LBA48 NCQ (depth 32)\r", "[    0.818643] ata1.00: applying bridge limits\r", "[    0.819424] ata1.00: configured for UDMA/100\r", "[    0.820237] scsi 0:0:0:0: Direct-Access     ATA      QEMU HARDDISK    2.5+ PQ: 0 ANSI: 5\r", "[    0.821581] ata4: SATA link down (SStatus 0 SControl 300)\r", "[    0.822553] ata2: SATA link up 1.5 Gbps (SStatus 113 SControl 300)\r", "[    0.823553] ata2.00: ATA-7: QEMU HARDDISK, 2.5+, max UDMA/100\r", "[    0.824456] ata2.00: 160 sectors, multi 16: LBA48 NCQ (depth 32)\r", "[    0.825357] ata2.00: applying bridge limits\r", "[    0.826112] ata2.00: configured for UDMA/100\r", "[    0.826907] ata3: SATA link up 1.5 Gbps (SStatus 113 SControl 300)\r", "[    0.827928] ata3.00: ATAPI: QEMU DVD-ROM, 2.5+, max UDMA/100\r", "[    0.828821] ata3.00: applying bridge limits\r", "[    0.829591] ata3.00: configured for UDMA/100\r", "[    0.830544] ata6: SATA link down (SStatus 0 SControl 300)\r", "[    0.831515] ata5: SATA link down (SStatus 0 SControl 300)\r", "[    0.832662] sd 0:0:0:0: [sda] 83886080 512-byte logical blocks: (42.9 GB/40.0 GiB)\r", "[    0.833826] sd 0:0:0:0: [sda] Write Protect is off\r", "[    0.834580] sd 0:0:0:0: Attached scsi generic sg0 type 0\r", "[    0.835424] sd 0:0:0:0: [sda] Write cache: enabled, read cache: enabled, doesn't support DPO or FUA\r", "[    0.836871] scsi 1:0:0:0: Direct-Access     ATA      QEMU HARDDISK    2.5+ PQ: 0 ANSI: 5\r", "[    0.838233] sd 1:0:0:0: [sdb] 160 512-byte logical blocks: (81.9 kB/80.0 KiB)\r", "[    0.839313] sd 1:0:0:0: [sdb] Write Protect is off\r", "[    0.840051] sd 1:0:0:0: Attached scsi generic sg1 type 0\r", "[    0.840883] sd 1:0:0:0: [sdb] Write cache: enabled, read cache: enabled, doesn't support DPO or FUA\r", "[    0.842352] scsi 2:0:0:0: CD-ROM            QEMU     QEMU DVD-ROM     2.5+ PQ: 0 ANSI: 5\r", "[    0.845770]  sda: sda1\r", "[    0.846375] sd 1:0:0:0: [sdb] Attached SCSI disk\r", "[    0.847272] sd 0:0:0:0: [sda] Attached SCSI disk\r", "[    0.858363] sr 2:0:0:0: [sr0] scsi3-mmc drive: 4x/4x cd/rw xa/form2 tray\r", "[    0.859371] cdrom: Uniform CD-ROM driver Revision: 3.20\r", "[    0.860417] sr 2:0:0:0: Attached scsi generic sg2 type 5\r", "[    0.889890] EXT4-fs (sda1): mounted filesystem with ordered data mode. Opts: (null)\r", "[    0.891058] VFS: Mounted root (ext4 filesystem) on device 8:1.\r", "[    0.895329] devtmpfs: mounted\r", "[    0.896916] Freeing unused kernel image memory: 1900K\r", "[    0.897692] Write protecting the kernel read-only data: 12288k\r", "[    0.900073] Freeing unused kernel image memory: 2032K\r", "[    0.900905] Freeing unused kernel image memory: 92K\r", "[    0.901665] rodata_test: all tests were successful\r", "[    0.902400] Run /home/ubuntu/guestinit.sh as init process\r", "+ export HOME=/root\r", "+ export LANG=en_US\r", "+ export PATH=/usr/local/sbin:/usr/local/bin:/usr/sbin:/usr/bin:/sbin:/bin:/usr/games:/usr/local/games\r", "+ insmod /tmp/guest/mqnic.ko\r", "[    1.032221] mqnic: loading out-of-tree module taints kernel.\r", "[    1.033616] mqnic 0000:00:02.0: mqnic probe\r", "[    1.034596] PCI Interrupt Link [GSIG] enabled at IRQ 22\r", "[    1.035583] mqnic 0000:00:02.0: FW ID: 0x00000020\r", "[    1.036368] mqnic 0000:00:02.0: FW version: 0.1\r", "[    1.037089] mqnic 0000:00:02.0: Board ID: 0x43215678\r", "[    1.037881] mqnic 0000:00:02.0: Board version: 0.1\r", "[    1.038652] mqnic 0000:00:02.0: PHC count: 1\r", "[    1.039369] mqnic 0000:00:02.0: PHC offset: 0x00000200\r", "[    1.040184] mqnic 0000:00:02.0: IF count: 1\r", "[    1.040862] mqnic 0000:00:02.0: IF stride: 0x00080000\r", "[    1.041675] mqnic 0000:00:02.0: IF CSR offset: 0x00080000\r", "[    1.042812] mqnic 0000:00:02.0: Failed to read MAC from EEPROM; no EEPROM I2C client registered\r", "[    1.044676] mqnic 0000:00:02.0: registered PHC (index 0)\r", "[    1.045539] mqnic 0000:00:02.0: Creating interface 0\r", "[    1.049066] mqnic 0000:00:02.0: IF ID: 0x00000000\r", "[    1.049803] mqnic 0000:00:02.0: IF features: 0x00000000\r", "[    1.050618] mqnic 0000:00:02.0: Event queue count: 1\r", "[    1.051408] mqnic 0000:00:02.0: Event queue offset: 0x00100000\r", "[    1.052352] mqnic 0000:00:02.0: TX queue count: 1\r", "[    1.053088] mqnic 0000:00:02.0: TX queue offset: 0x00200000\r", "[    1.053952] mqnic 0000:00:02.0: TX completion queue count: 1\r", "[    1.054833] mqnic 0000:00:02.0: TX completion queue offset: 0x00400000\r", "[    1.055848] mqnic 0000:00:02.0: RX queue count: 1\r", "[    1.056620] mqnic 0000:00:02.0: RX queue offset: 0x00600000\r", "[    1.057493] mqnic 0000:00:02.0: RX completion queue count: 1\r", "[    1.058371] mqnic 0000:00:02.0: RX completion queue offset: 0x00700000\r", "[    1.059381] mqnic 0000:00:02.0: Port count: 1\r", "[    1.060064] mqnic 0000:00:02.0: Port offset: 0x00800000\r", "[    1.060901] mqnic 0000:00:02.0: Port stride: 0x00200000\r", "[    1.061716] mqnic 0000:00:02.0: Bad MAC in EEPROM; using random MAC\r", "[    1.062729] mqnic 0000:00:02.0: Max desc block size: 1\r", "[    1.064859] mqnic 0000:00:02.0: Port ID: 0x00000000\r", "[    1.065650] mqnic 0000:00:02.0: Port features: 0x00000000\r", "[    1.066494] mqnic 0000:00:02.0: Port MTU: 2048\r", "[    1.067213] mqnic 0000:00:02.0: Scheduler count: 1\r", "[    1.067973] mqnic 0000:00:02.0: Scheduler offset: 0x00100000\r", "[    1.068895] mqnic 0000:00:02.0: Scheduler stride: 0x00100000\r", "[    1.069800] mqnic 0000:00:02.0: Scheduler type: 0x00000000\r", "+ ip link set dev eth0 up\r", "[    1.092852] mqnic 0000:00:02.0: mqnic_open on port 0\r", "+ ip addr add 10.0.0.1/24 dev eth0\r", "+ netserver\r", "Starting netserver with host 'IN(6)ADDR_ANY' port '12865' and family AF_UNSPEC\r", "+ sleep infinity\r"], "stderr": ["qemu-system-x86_64: terminating on signal 2 from pid 22661 (python3)"]}, "host.client.0": {"class": "QemuHost", "cmd": ["/home/hejingli/endhostsim-code/qemu/build/x86_64-softmmu/qemu-system-x86_64", "-machine", "q35", "-serial", "mon:stdio", "-display", "none", "-nic", "none", "-kernel", "/home/hejingli/endhostsim-code/images/bzImage", "-drive", "file=/home/hejingli/endhostsim-code/experiments/out/netperf-qemu-switch-cd_bm/1/hdcopy.client.0,if=ide,index=0,media=disk", "-drive", "file=/home/hejingli/endhostsim-code/experiments/out/netperf-qemu-switch-cd_bm/1/cfg.client.0.tar,if=ide,index=1,media=disk,driver=raw", "-append", "earlyprintk=ttyS0 console=ttyS0 root=/dev/sda1 init=/home/ubuntu/guestinit.sh rw", "-m", "4096", "-smp", "1", "-cpu", "host", "-enable-kvm", "-chardev", "socket,path=/home/hejingli/endhostsim-code/experiments/out/netperf-qemu-switch-cd_bm/1/nic.pci.client.0.,id=cosimcd", "-device", "cosim-pci,chardev=cosimcd,sync=off"], "stdout": ["early console in extract_kernel\r", "input_data: 0x000000000210e2c8\r", "input_len: 0x00000000003d1ed8\r", "output: 0x0000000001000000\r", "output_len: 0x00000000014baa98\r", "kernel_total_size: 0x0000000001226000\r", "needed_size: 0x0000000001600000\r", "trampoline_32bit: 0x000000000009d000\r", "\r", "Decompressing Linux... Parsing ELF... done.\r", "Booting the kernel.\r", "[    0.000000] Linux version 5.4.46 (hejingli@brain21) (gcc version 8.3.0 (Debian 8.3.0-6)) #1 SMP Mon Sep 21 21:54:40 CEST 2020\r", "[    0.000000] Command line: earlyprintk=ttyS0 console=ttyS0 root=/dev/sda1 init=/home/ubuntu/guestinit.sh rw\r", "[    0.000000] x86/fpu: Supporting XSAVE feature 0x001: 'x87 floating point registers'\r", "[    0.000000] x86/fpu: Supporting XSAVE feature 0x002: 'SSE registers'\r", "[    0.000000] x86/fpu: Supporting XSAVE feature 0x004: 'AVX registers'\r", "[    0.000000] x86/fpu: xstate_offset[2]:  576, xstate_sizes[2]:  256\r", "[    0.000000] x86/fpu: Enabled xstate features 0x7, context size is 832 bytes, using 'standard' format.\r", "[    0.000000] BIOS-provided physical RAM map:\r", "[    0.000000] BIOS-e820: [mem 0x0000000000000000-0x000000000009fbff] usable\r", "[    0.000000] BIOS-e820: [mem 0x000000000009fc00-0x000000000009ffff] reserved\r", "[    0.000000] BIOS-e820: [mem 0x00000000000f0000-0x00000000000fffff] reserved\r", "[    0.000000] BIOS-e820: [mem 0x0000000000100000-0x000000007ffddfff] usable\r", "[    0.000000] BIOS-e820: [mem 0x000000007ffde000-0x000000007fffffff] reserved\r", "[    0.000000] BIOS-e820: [mem 0x00000000b0000000-0x00000000bfffffff] reserved\r", "[    0.000000] BIOS-e820: [mem 0x00000000fed1c000-0x00000000fed1ffff] reserved\r", "[    0.000000] BIOS-e820: [mem 0x00000000feffc000-0x00000000feffffff] reserved\r", "[    0.000000] BIOS-e820: [mem 0x00000000fffc0000-0x00000000ffffffff] reserved\r", "[    0.000000] BIOS-e820: [mem 0x0000000100000000-0x000000017fffffff] usable\r", "[    0.000000] printk: bootconsole [earlyser0] enabled\r", "[    0.000000] NX (Execute Disable) protection: active\r", "[    0.000000] SMBIOS 2.8 present.\r", "[    0.000000] DMI: QEMU Standard PC (Q35 + ICH9, 2009), BIOS rel-1.14.0-0-g155821a1990b-prebuilt.qemu.org 04/01/2014\r", "[    0.000000] Hypervisor detected: KVM\r", "[    0.000000] kvm-clock: Using msrs 4b564d01 and 4b564d00\r", "[    0.000000] kvm-clock: cpu 0, msr 20d0001, primary cpu clock\r", "[    0.000000] kvm-clock: using sched offset of 175003992 cycles\r", "[    0.000848] clocksource: kvm-clock: mask: 0xffffffffffffffff max_cycles: 0x1cd42e4dffb, max_idle_ns: 881590591483 ns\r", "[    0.003283] tsc: Detected 2999.982 MHz processor\r", "[    0.005447] last_pfn = 0x180000 max_arch_pfn = 0x400000000\r", "[    0.006340] x86/PAT: Configuration [0-7]: WB  WC  UC- UC  WB  WP  UC- WT  \r", "[    0.007397] last_pfn = 0x7ffde max_arch_pfn = 0x400000000\r", "[    0.014922] found SMP MP-table at [mem 0x000f5ab0-0x000f5abf]\r", "[    0.015894] Using GB pages for direct mapping\r", "[    0.017443] ACPI: Early table checksum verification disabled\r", "[    0.018301] ACPI: RSDP 0x00000000000F58C0 000014 (v00 BOCHS )\r", "[    0.019180] ACPI: RSDT 0x000000007FFE20CE 000038 (v01 BOCHS  BXPCRSDT 00000001 BXPC 00000001)\r", "[    0.020460] ACPI: FACP 0x000000007FFE1EC6 0000F4 (v03 BOCHS  BXPCFACP 00000001 BXPC 00000001)\r", "[    0.021742] ACPI: DSDT 0x000000007FFE0040 001E86 (v01 BOCHS  BXPCDSDT 00000001 BXPC 00000001)\r", "[    0.023056] ACPI: FACS 0x000000007FFE0000 000040\r", "[    0.023746] ACPI: APIC 0x000000007FFE1FBA 000078 (v01 BOCHS  BXPCAPIC 00000001 BXPC 00000001)\r", "[    0.025018] ACPI: HPET 0x000000007FFE2032 000038 (v01 BOCHS  BXPCHPET 00000001 BXPC 00000001)\r", "[    0.026310] ACPI: MCFG 0x000000007FFE206A 00003C (v01 BOCHS  BXPCMCFG 00000001 BXPC 00000001)\r", "[    0.027614] ACPI: WAET 0x000000007FFE20A6 000028 (v01 BOCHS  BXPCWAET 00000001 BXPC 00000001)\r", "[    0.029255] No NUMA configuration found\r", "[    0.029826] Faking a node at [mem 0x0000000000000000-0x000000017fffffff]\r", "[    0.030837] NODE_DATA(0) allocated [mem 0x17ffdc000-0x17fffdfff]\r", "[    0.032845] Zone ranges:\r", "[    0.033226]   DMA      [mem 0x0000000000001000-0x0000000000ffffff]\r", "[    0.034146]   DMA32    [mem 0x0000000001000000-0x00000000ffffffff]\r", "[    0.035096]   Normal   [mem 0x0000000100000000-0x000000017fffffff]\r", "[    0.036014] Movable zone start for each node\r", "[    0.036656] Early memory node ranges\r", "[    0.037188]   node   0: [mem 0x0000000000001000-0x000000000009efff]\r", "[    0.038123]   node   0: [mem 0x0000000000100000-0x000000007ffddfff]\r", "[    0.039069]   node   0: [mem 0x0000000100000000-0x000000017fffffff]\r", "[    0.041319] Zeroed struct page in unavailable ranges: 132 pages\r", "[    0.041321] Initmem setup node 0 [mem 0x0000000000001000-0x000000017fffffff]\r", "[    0.072466] ACPI: PM-Timer IO Port: 0x608\r", "[    0.073162] ACPI: LAPIC_NMI (acpi_id[0xff] dfl dfl lint[0x1])\r", "[    0.074140] IOAPIC[0]: apic_id 0, version 17, address 0xfec00000, GSI 0-23\r", "[    0.075261] ACPI: INT_SRC_OVR (bus 0 bus_irq 0 global_irq 2 dfl dfl)\r", "[    0.076266] ACPI: INT_SRC_OVR (bus 0 bus_irq 5 global_irq 5 high level)\r", "[    0.077286] ACPI: INT_SRC_OVR (bus 0 bus_irq 9 global_irq 9 high level)\r", "[    0.078291] ACPI: INT_SRC_OVR (bus 0 bus_irq 10 global_irq 10 high level)\r", "[    0.079359] ACPI: INT_SRC_OVR (bus 0 bus_irq 11 global_irq 11 high level)\r", "[    0.080401] Using ACPI (MADT) for SMP configuration information\r", "[    0.081304] ACPI: HPET id: 0x8086a201 base: 0xfed00000\r", "[    0.082115] smpboot: Allowing 1 CPUs, 0 hotplug CPUs\r", "[    0.082928] KVM setup pv sched yield\r", "[    0.083573] [mem 0xc0000000-0xfed1bfff] available for PCI devices\r", "[    0.084531] Booting paravirtualized kernel on KVM\r", "[    0.085278] clocksource: refined-jiffies: mask: 0xffffffff max_cycles: 0xffffffff, max_idle_ns: 1910969940391419 ns\r", "[    0.126767] setup_percpu: NR_CPUS:8192 nr_cpumask_bits:1 nr_cpu_ids:1 nr_node_ids:1\r", "[    0.128693] percpu: Embedded 49 pages/cpu s159768 r8192 d32744 u2097152\r", "[    0.129737] KVM setup async PF for cpu 0\r", "[    0.130345] kvm-stealtime: cpu 0, msr 17c416080\r", "[    0.131096] Built 1 zonelists, mobility grouping on.  Total pages: 1034087\r", "[    0.132183] Policy zone: Normal\r", "[    0.132665] Kernel command line: earlyprintk=ttyS0 console=ttyS0 root=/dev/sda1 init=/home/ubuntu/guestinit.sh rw\r", "[    0.135671] Dentry cache hash table entries: 524288 (order: 10, 4194304 bytes, linear)\r", "[    0.137032] Inode-cache hash table entries: 262144 (order: 9, 2097152 bytes, linear)\r", "[    0.138292] mem auto-init: stack:off, heap alloc:off, heap free:off\r", "[    0.177693] Memory: 4045440K/4193776K available (8194K kernel code, 1285K rwdata, 1956K rodata, 1900K init, 1304K bss, 148336K reserved, 0K cma-reserved)\r", "[    0.181323] rcu: Hierarchical RCU implementation.\r", "[    0.182019] rcu: \tRCU restricting CPUs from NR_CPUS=8192 to nr_cpu_ids=1.\r", "[    0.183090] rcu: RCU calculated value of scheduler-enlistment delay is 100 jiffies.\r", "[    0.184244] rcu: Adjusting geometry for rcu_fanout_leaf=16, nr_cpu_ids=1\r", "[    0.185387] NR_IRQS: 524544, nr_irqs: 256, preallocated irqs: 16\r", "[    0.186551] random: crng done (trusting CPU's manufacturer)\r", "[    0.210985] Console: colour VGA+ 80x25\r", "[    0.211571] printk: console [ttyS0] enabled\r", "[    0.211571] printk: console [ttyS0] enabled\r", "[    0.212805] printk: bootconsole [earlyser0] disabled\r", "[    0.212805] printk: bootconsole [earlyser0] disabled\r", "[    0.214283] ACPI: Core revision 20190816\r", "[    0.215119] clocksource: hpet: mask: 0xffffffff max_cycles: 0xffffffff, max_idle_ns: 19112604467 ns\r", "[    0.216673] APIC: Switch to symmetric I/O mode setup\r", "[    0.217512] KVM setup pv IPIs\r", "[    0.219393] ..TIMER: vector=0x30 apic1=0 pin1=2 apic2=-1 pin2=-1\r", "[    0.220352] clocksource: tsc-early: mask: 0xffffffffffffffff max_cycles: 0x2b3e3442c8b, max_idle_ns: 440795248401 ns\r", "[    0.222061] Calibrating delay loop (skipped) preset value.. 5999.96 BogoMIPS (lpj=2999982)\r", "[    0.223059] pid_max: default: 32768 minimum: 301\r", "[    0.224108] Mount-cache hash table entries: 8192 (order: 4, 65536 bytes, linear)\r", "[    0.225063] Mountpoint-cache hash table entries: 8192 (order: 4, 65536 bytes, linear)\r", "[    0.227408] x86/cpu: User Mode Instruction Prevention (UMIP) activated\r", "[    0.228132] Last level iTLB entries: 4KB 0, 2MB 0, 4MB 0\r", "[    0.229059] Last level dTLB entries: 4KB 0, 2MB 0, 4MB 0, 1GB 0\r", "[    0.230066] Spectre V1 : Mitigation: usercopy/swapgs barriers and __user pointer sanitization\r", "[    0.231060] Spectre V2 : Spectre mitigation: kernel not compiled with retpoline; no mitigation available!\r", "[    0.231061] Speculative Store Bypass: Mitigation: Speculative Store Bypass disabled via prctl\r", "[    0.233060] MDS: Mitigation: Clear CPU buffers\r", "[    0.236459] Freeing SMP alternatives memory: 12K\r", "[    0.237213] smpboot: CPU0: Intel(R) Xeon(R) CPU E7-8857 v2 @ 3.00GHz (family: 0x6, model: 0x3e, stepping: 0x7)\r", "[    0.238157] Performance Events: IvyBridge events, Intel PMU driver.\r", "[    0.239063] ... version:                2\r", "[    0.239664] ... bit width:              48\r", "[    0.240060] ... generic registers:      8\r", "[    0.240662] ... value mask:             0000ffffffffffff\r", "[    0.241060] ... max period:             000000007fffffff\r", "[    0.241880] ... fixed-purpose events:   3\r", "[    0.242060] ... event mask:             00000007000000ff\r", "[    0.242921] rcu: Hierarchical SRCU implementation.\r", "[    0.243101] smp: Bringing up secondary CPUs ...\r", "[    0.243818] smp: Brought up 1 node, 1 CPU\r", "[    0.244061] smpboot: Max logical packages: 1\r", "[    0.244710] smpboot: Total of 1 processors activated (5999.96 BogoMIPS)\r", "[    0.245396] devtmpfs: initialized\r", "[    0.246114] clocksource: jiffies: mask: 0xffffffff max_cycles: 0xffffffff, max_idle_ns: 1911260446275000 ns\r", "[    0.247063] futex hash table entries: 256 (order: 2, 16384 bytes, linear)\r", "[    0.248117] \r", "[    0.248354] *************************************************************\r", "[    0.249061] **     NOTICE NOTICE NOTICE NOTICE NOTICE NOTICE NOTICE    **\r", "[    0.250060] **                                                         **\r", "[    0.251060] **  IOMMU DebugFS SUPPORT HAS BEEN ENABLED IN THIS KERNEL  **\r", "[    0.252060] **                                                         **\r", "[    0.253060] ** This means that this kernel is built to expose internal **\r", "[    0.254060] ** IOMMU data structures, which may compromise security on **\r", "[    0.255060] ** your system.                                            **\r", "[    0.256060] **                                                         **\r", "[    0.257060] ** If you see this message and you are not debugging the   **\r", "[    0.258060] ** kernel, report this immediately to your vendor!         **\r", "[    0.259060] **                                                         **\r", "[    0.260060] **     NOTICE NOTICE NOTICE NOTICE NOTICE NOTICE NOTICE    **\r", "[    0.261060] *************************************************************\r", "[    0.262223] NET: Registered protocol family 16\r", "[    0.262992] audit: initializing netlink subsys (disabled)\r", "[    0.263154] cpuidle: using governor ladder\r", "[    0.263826] KVM setup pv remote TLB flush\r", "[    0.264073] ACPI: bus type PCI registered\r", "[    0.264753] acpiphp: ACPI Hot Plug PCI Controller Driver version: 0.5\r", "[    0.265138] PCI: MMCONFIG for domain 0000 [bus 00-ff] at [mem 0xb0000000-0xbfffffff] (base 0xb0000000)\r", "[    0.266062] PCI: MMCONFIG at [mem 0xb0000000-0xbfffffff] reserved in E820\r", "[    0.267068] PCI: Using configuration type 1 for base access\r", "[    0.267962] core: PMU erratum BJ122, BV98, HSD29 workaround disabled, HT off\r", "[    0.271382] audit: type=2000 audit(1606671549.160:1): state=initialized audit_enabled=0 res=1\r", "[    0.273544] HugeTLB registered 1.00 GiB page size, pre-allocated 0 pages\r", "[    0.274074] HugeTLB registered 2.00 MiB page size, pre-allocated 0 pages\r", "[    0.275769] ACPI: Added _OSI(Module Device)\r", "[    0.276074] ACPI: Added _OSI(Processor Device)\r", "[    0.276806] ACPI: Added _OSI(3.0 _SCP Extensions)\r", "[    0.277061] ACPI: Added _OSI(Processor Aggregator Device)\r", "[    0.277890] ACPI: Added _OSI(Linux-Dell-Video)\r", "[    0.278061] ACPI: Added _OSI(Linux-Lenovo-NV-HDMI-Audio)\r", "[    0.278857] ACPI: Added _OSI(Linux-HPI-Hybrid-Graphics)\r", "[    0.280016] ACPI: 1 ACPI AML tables successfully acquired and loaded\r", "[    0.281151] ACPI: Interpreter enabled\r", "[    0.281707] ACPI: (supports S0 S5)\r", "[    0.282061] ACPI: Using IOAPIC for interrupt routing\r", "[    0.282831] PCI: Using host bridge windows from ACPI; if necessary, use \"pci=nocrs\" and report a bug\r", "[    0.283131] ACPI: Enabled 1 GPEs in block 00 to 3F\r", "[    0.285398] ACPI: PCI Root Bridge [PCI0] (domain 0000 [bus 00-ff])\r", "[    0.286070] acpi PNP0A08:00: _OSC: OS supports [ExtendedConfig ASPM ClockPM Segments MSI HPX-Type3]\r", "[    0.287129] acpi PNP0A08:00: _OSC: platform does not support [LTR]\r", "[    0.288115] acpi PNP0A08:00: _OSC: OS now controls [PCIeHotplug PME AER PCIeCapability]\r", "[    0.289176] PCI host bridge to bus 0000:00\r", "[    0.289818] pci_bus 0000:00: root bus resource [io  0x0000-0x0cf7 window]\r", "[    0.290062] pci_bus 0000:00: root bus resource [io  0x0d00-0xffff window]\r", "[    0.291062] pci_bus 0000:00: root bus resource [mem 0x000a0000-0x000bffff window]\r", "[    0.292061] pci_bus 0000:00: root bus resource [mem 0x80000000-0xafffffff window]\r", "[    0.293061] pci_bus 0000:00: root bus resource [mem 0xc0000000-0xfebfffff window]\r", "[    0.294061] pci_bus 0000:00: root bus resource [mem 0x180000000-0x97fffffff window]\r", "[    0.295062] pci_bus 0000:00: root bus resource [bus 00-ff]\r", "[    0.295922] pci 0000:00:00.0: [8086:29c0] type 00 class 0x060000\r", "[    0.296580] pci 0000:00:01.0: [1234:1111] type 00 class 0x030000\r", "[    0.298087] pci 0000:00:01.0: reg 0x10: [mem 0xfd000000-0xfdffffff pref]\r", "[    0.301086] pci 0000:00:01.0: reg 0x18: [mem 0xfc010000-0xfc010fff]\r", "[    0.305859] pci 0000:00:01.0: reg 0x30: [mem 0xfc000000-0xfc00ffff pref]\r", "[    0.306433] pci 0000:00:02.0: [5543:1001] type 00 class 0x020000\r", "[    0.307541] pci 0000:00:02.0: reg 0x10: [mem 0xfb000000-0xfbffffff 64bit]\r", "[    0.310383] pci 0000:00:1f.0: [8086:2918] type 00 class 0x060100\r", "[    0.311585] pci 0000:00:1f.0: quirk: [io  0x0600-0x067f] claimed by ICH6 ACPI/GPIO/TCO\r", "[    0.312276] pci 0000:00:1f.2: [8086:2922] type 00 class 0x010601\r", "[    0.315649] pci 0000:00:1f.2: reg 0x20: [io  0xc040-0xc05f]\r", "[    0.316682] pci 0000:00:1f.2: reg 0x24: [mem 0xfc011000-0xfc011fff]\r", "[    0.318245] pci 0000:00:1f.3: [8086:2930] type 00 class 0x0c0500\r", "[    0.321391] pci 0000:00:1f.3: reg 0x20: [io  0x0700-0x073f]\r", "[    0.323108] ACPI: PCI Interrupt Link [LNKA] (IRQs 5 *10 11)\r", "[    0.324048] ACPI: PCI Interrupt Link [LNKB] (IRQs 5 *10 11)\r", "[    0.324139] ACPI: PCI Interrupt Link [LNKC] (IRQs 5 10 *11)\r", "[    0.325113] ACPI: PCI Interrupt Link [LNKD] (IRQs 5 10 *11)\r", "[    0.326075] ACPI: PCI Interrupt Link [LNKE] (IRQs 5 *10 11)\r", "[    0.327031] ACPI: PCI Interrupt Link [LNKF] (IRQs 5 *10 11)\r", "[    0.327148] ACPI: PCI Interrupt Link [LNKG] (IRQs 5 10 *11)\r", "[    0.328144] ACPI: PCI Interrupt Link [LNKH] (IRQs 5 10 *11)\r", "[    0.329069] ACPI: PCI Interrupt Link [GSIA] (IRQs *16)\r", "[    0.329883] ACPI: PCI Interrupt Link [GSIB] (IRQs *17)\r", "[    0.330070] ACPI: PCI Interrupt Link [GSIC] (IRQs *18)\r", "[    0.330877] ACPI: PCI Interrupt Link [GSID] (IRQs *19)\r", "[    0.331070] ACPI: PCI Interrupt Link [GSIE] (IRQs *20)\r", "[    0.331873] ACPI: PCI Interrupt Link [GSIF] (IRQs *21)\r", "[    0.332080] ACPI: PCI Interrupt Link [GSIG] (IRQs *22)\r", "[    0.332891] ACPI: PCI Interrupt Link [GSIH] (IRQs *23)\r", "[    0.333331] iommu: Default domain type: Translated \r", "[    0.335460] pci 0000:00:01.0: vgaarb: setting as boot VGA device\r", "[    0.336057] pci 0000:00:01.0: vgaarb: VGA device added: decodes=io+mem,owns=io+mem,locks=none\r", "[    0.336067] pci 0000:00:01.0: vgaarb: bridge control possible\r", "[    0.336967] vgaarb: loaded\r", "[    0.337155] SCSI subsystem initialized\r", "[    0.337947] pps_core: LinuxPPS API ver. 1 registered\r", "[    0.338065] pps_core: Software ver. 5.3.6 - Copyright 2005-2007 Rodolfo Giometti <giometti@linux.it>\r", "[    0.339067] PTP clock support registered\r", "[    0.339716] PCI: Using ACPI for IRQ routing\r", "[    0.407401] hpet0: at MMIO 0xfed00000, IRQs 2, 8, 0\r", "[    0.408062] hpet0: 3 comparators, 64-bit 100.000000 MHz counter\r", "[    0.411520] clocksource: Switched to clocksource kvm-clock\r", "[    0.419501] VFS: Disk quotas dquot_6.6.0\r", "[    0.420168] VFS: Dquot-cache hash table entries: 512 (order 0, 4096 bytes)\r", "[    0.421338] pnp: PnP ACPI init\r", "[    0.422298] pnp: PnP ACPI: found 5 devices\r", "[    0.425385] thermal_sys: Registered thermal governor 'step_wise'\r", "[    0.425386] thermal_sys: Registered thermal governor 'user_space'\r", "[    0.430952] clocksource: acpi_pm: mask: 0xffffff max_cycles: 0xffffff, max_idle_ns: 2085701024 ns\r", "[    0.433272] pci_bus 0000:00: resource 4 [io  0x0000-0x0cf7 window]\r", "[    0.434254] pci_bus 0000:00: resource 5 [io  0x0d00-0xffff window]\r", "[    0.435219] pci_bus 0000:00: resource 6 [mem 0x000a0000-0x000bffff window]\r", "[    0.436286] pci_bus 0000:00: resource 7 [mem 0x80000000-0xafffffff window]\r", "[    0.437372] pci_bus 0000:00: resource 8 [mem 0xc0000000-0xfebfffff window]\r", "[    0.438450] pci_bus 0000:00: resource 9 [mem 0x180000000-0x97fffffff window]\r", "[    0.439609] NET: Registered protocol family 2\r", "[    0.440455] tcp_listen_portaddr_hash hash table entries: 2048 (order: 3, 32768 bytes, linear)\r", "[    0.441787] TCP established hash table entries: 32768 (order: 6, 262144 bytes, linear)\r", "[    0.443593] TCP bind hash table entries: 32768 (order: 7, 524288 bytes, linear)\r", "[    0.444788] TCP: Hash tables configured (established 32768 bind 32768)\r", "[    0.445827] UDP hash table entries: 2048 (order: 4, 65536 bytes, linear)\r", "[    0.446919] UDP-Lite hash table entries: 2048 (order: 4, 65536 bytes, linear)\r", "[    0.448087] NET: Registered protocol family 1\r", "[    0.448851] pci 0000:00:01.0: Video device with shadowed ROM at [mem 0x000c0000-0x000dffff]\r", "[    0.450174] PCI: CLS 0 bytes, default 64\r", "[    0.451536] PCI-DMA: Using software bounce buffering for IO (SWIOTLB)\r", "[    0.452580] software IO TLB: mapped [mem 0x7bfde000-0x7ffde000] (64MB)\r", "[    0.453668] clocksource: tsc: mask: 0xffffffffffffffff max_cycles: 0x2b3e3442c8b, max_idle_ns: 440795248401 ns\r", "[    0.455717] workingset: timestamp_bits=52 max_order=20 bucket_order=0\r", "[    0.457022] fuse: init (API version 7.31)\r", "[    0.460837] Block layer SCSI generic (bsg) driver version 0.4 loaded (major 252)\r", "[    0.461993] io scheduler mq-deadline registered\r", "[    0.462734] io scheduler kyber registered\r", "[    0.463918] acpiphp_ibm: ibm_acpiphp_init: acpi_walk_namespace failed\r", "[    0.465089] Serial: 8250/16550 driver, 4 ports, IRQ sharing disabled\r", "[    0.492061] 00:03: ttyS0 at I/O 0x3f8 (irq = 4, base_baud = 115200) is a 16550A\r", "[    0.493620] Linux agpgart interface v0.103\r", "[    0.496179] brd: module loaded\r", "[    0.498359] loop: module loaded\r", "[    0.498897] Loading iSCSI transport class v2.0-870.\r", "[    0.500399] PCI Interrupt Link [GSIA] enabled at IRQ 16\r", "[    0.502044] ahci 0000:00:1f.2: AHCI 0001.0000 32 slots 6 ports 1.5 Gbps 0x3f impl SATA mode\r", "[    0.503322] ahci 0000:00:1f.2: flags: 64bit ncq only \r", "[    0.505998] scsi host0: ahci\r", "[    0.506597] scsi host1: ahci\r", "[    0.507186] scsi host2: ahci\r", "[    0.507730] scsi host3: ahci\r", "[    0.508298] scsi host4: ahci\r", "[    0.508842] scsi host5: ahci\r", "[    0.509362] ata1: SATA max UDMA/133 abar m4096@0xfc011000 port 0xfc011100 irq 24\r", "[    0.510506] ata2: SATA max UDMA/133 abar m4096@0xfc011000 port 0xfc011180 irq 24\r", "[    0.511668] ata3: SATA max UDMA/133 abar m4096@0xfc011000 port 0xfc011200 irq 24\r", "[    0.512841] ata4: SATA max UDMA/133 abar m4096@0xfc011000 port 0xfc011280 irq 24\r", "[    0.513985] ata5: SATA max UDMA/133 abar m4096@0xfc011000 port 0xfc011300 irq 24\r", "[    0.515130] ata6: SATA max UDMA/133 abar m4096@0xfc011000 port 0xfc011380 irq 24\r", "[    0.516345] Ethernet Channel Bonding Driver: v3.7.1 (April 27, 2011)\r", "[    0.518232] tun: Universal TUN/TAP device driver, 1.6\r", "[    0.519307] VFIO - User Level meta-driver version: 0.3\r", "[    0.521129] i8042: PNP: PS/2 Controller [PNP0303:KBD,PNP0f13:MOU] at 0x60,0x64 irq 1,12\r", "[    0.523240] serio: i8042 KBD port at 0x60,0x64 irq 1\r", "[    0.524005] serio: i8042 AUX port at 0x60,0x64 irq 12\r", "[    0.525194] mousedev: PS/2 mouse device common for all mice\r", "[    0.526308] NET: Registered protocol family 17\r", "[    0.527337] input: AT Translated Set 2 keyboard as /devices/platform/i8042/serio0/input/input0\r", "[    0.529373] IPI shorthand broadcast: enabled\r", "[    0.530068] sched_clock: Marking stable (497499630, 32560849)->(564809245, -34748766)\r", "[    0.826362] ata5: SATA link down (SStatus 0 SControl 300)\r", "[    0.827595] ata3: SATA link up 1.5 Gbps (SStatus 113 SControl 300)\r", "[    0.829034] ata3.00: ATAPI: QEMU DVD-ROM, 2.5+, max UDMA/100\r", "[    0.829931] ata3.00: applying bridge limits\r", "[    0.830727] ata3.00: configured for UDMA/100\r", "[    0.831751] ata2: SATA link up 1.5 Gbps (SStatus 113 SControl 300)\r", "[    0.832800] ata2.00: ATA-7: QEMU HARDDISK, 2.5+, max UDMA/100\r", "[    0.833727] ata2.00: 160 sectors, multi 16: LBA48 NCQ (depth 32)\r", "[    0.834676] ata2.00: applying bridge limits\r", "[    0.835450] ata2.00: configured for UDMA/100\r", "[    0.836271] ata1: SATA link up 1.5 Gbps (SStatus 113 SControl 300)\r", "[    0.837306] ata1.00: ATA-7: QEMU HARDDISK, 2.5+, max UDMA/100\r", "[    0.838228] ata1.00: 83886080 sectors, multi 16: LBA48 NCQ (depth 32)\r", "[    0.839230] ata1.00: applying bridge limits\r", "[    0.840005] ata1.00: configured for UDMA/100\r", "[    0.840867] scsi 0:0:0:0: Direct-Access     ATA      QEMU HARDDISK    2.5+ PQ: 0 ANSI: 5\r", "[    0.842245] ata6: SATA link down (SStatus 0 SControl 300)\r", "[    0.843252] ata4: SATA link down (SStatus 0 SControl 300)\r", "[    0.844577] sd 0:0:0:0: [sda] 83886080 512-byte logical blocks: (42.9 GB/40.0 GiB)\r", "[    0.845774] sd 0:0:0:0: [sda] Write Protect is off\r", "[    0.846562] sd 0:0:0:0: Attached scsi generic sg0 type 0\r", "[    0.847465] sd 0:0:0:0: [sda] Write cache: enabled, read cache: enabled, doesn't support DPO or FUA\r", "[    0.849019] scsi 1:0:0:0: Direct-Access     ATA      QEMU HARDDISK    2.5+ PQ: 0 ANSI: 5\r", "[    0.850467] sd 1:0:0:0: [sdb] 160 512-byte logical blocks: (81.9 kB/80.0 KiB)\r", "[    0.851604] sd 1:0:0:0: [sdb] Write Protect is off\r", "[    0.852395] sd 1:0:0:0: Attached scsi generic sg1 type 0\r", "[    0.853269] sd 1:0:0:0: [sdb] Write cache: enabled, read cache: enabled, doesn't support DPO or FUA\r", "[    0.854816] scsi 2:0:0:0: CD-ROM            QEMU     QEMU DVD-ROM     2.5+ PQ: 0 ANSI: 5\r", "[    0.858622]  sda: sda1\r", "[    0.859349] sd 1:0:0:0: [sdb] Attached SCSI disk\r", "[    0.860221] sd 0:0:0:0: [sda] Attached SCSI disk\r", "[    0.871280] sr 2:0:0:0: [sr0] scsi3-mmc drive: 4x/4x cd/rw xa/form2 tray\r", "[    0.872359] cdrom: Uniform CD-ROM driver Revision: 3.20\r", "[    0.873438] sr 2:0:0:0: Attached scsi generic sg2 type 5\r", "[    0.902100] EXT4-fs (sda1): mounted filesystem with ordered data mode. Opts: (null)\r", "[    0.903315] VFS: Mounted root (ext4 filesystem) on device 8:1.\r", "[    0.904985] devtmpfs: mounted\r", "[    0.906516] Freeing unused kernel image memory: 1900K\r", "[    0.907307] Write protecting the kernel read-only data: 12288k\r", "[    0.909433] Freeing unused kernel image memory: 2032K\r", "[    0.910281] Freeing unused kernel image memory: 92K\r", "[    0.911067] rodata_test: all tests were successful\r", "[    0.911817] Run /home/ubuntu/guestinit.sh as init process\r", "+ export HOME=/root\r", "+ export LANG=en_US\r", "+ export PATH=/usr/local/sbin:/usr/local/bin:/usr/sbin:/usr/bin:/sbin:/bin:/usr/games:/usr/local/games\r", "+ insmod /tmp/guest/mqnic.ko\r", "[    1.036131] mqnic: loading out-of-tree module taints kernel.\r", "[    1.037499] mqnic 0000:00:02.0: mqnic probe\r", "[    1.038551] PCI Interrupt Link [GSIG] enabled at IRQ 22\r", "[    1.039601] mqnic 0000:00:02.0: FW ID: 0x00000020\r", "[    1.040405] mqnic 0000:00:02.0: FW version: 0.1\r", "[    1.041186] mqnic 0000:00:02.0: Board ID: 0x43215678\r", "[    1.042039] mqnic 0000:00:02.0: Board version: 0.1\r", "[    1.042845] mqnic 0000:00:02.0: PHC count: 1\r", "[    1.043571] mqnic 0000:00:02.0: PHC offset: 0x00000200\r", "[    1.044420] mqnic 0000:00:02.0: IF count: 1\r", "[    1.045116] mqnic 0000:00:02.0: IF stride: 0x00080000\r", "[    1.045952] mqnic 0000:00:02.0: IF CSR offset: 0x00080000\r", "[    1.047209] mqnic 0000:00:02.0: Failed to read MAC from EEPROM; no EEPROM I2C client registered\r", "[    1.049409] mqnic 0000:00:02.0: registered PHC (index 0)\r", "[    1.050339] mqnic 0000:00:02.0: Creating interface 0\r", "[    1.053739] mqnic 0000:00:02.0: IF ID: 0x00000000\r", "[    1.054513] mqnic 0000:00:02.0: IF features: 0x00000000\r", "[    1.055357] mqnic 0000:00:02.0: Event queue count: 1\r", "[    1.056179] mqnic 0000:00:02.0: Event queue offset: 0x00100000\r", "[    1.057129] mqnic 0000:00:02.0: TX queue count: 1\r", "[    1.057878] mqnic 0000:00:02.0: TX queue offset: 0x00200000\r", "[    1.058785] mqnic 0000:00:02.0: TX completion queue count: 1\r", "[    1.059700] mqnic 0000:00:02.0: TX completion queue offset: 0x00400000\r", "[    1.060804] mqnic 0000:00:02.0: RX queue count: 1\r", "[    1.061559] mqnic 0000:00:02.0: RX queue offset: 0x00600000\r", "[    1.062452] mqnic 0000:00:02.0: RX completion queue count: 1\r", "[    1.063360] mqnic 0000:00:02.0: RX completion queue offset: 0x00700000\r", "[    1.064407] mqnic 0000:00:02.0: Port count: 1\r", "[    1.065137] mqnic 0000:00:02.0: Port offset: 0x00800000\r", "[    1.065973] mqnic 0000:00:02.0: Port stride: 0x00200000\r", "[    1.066808] mqnic 0000:00:02.0: Bad MAC in EEPROM; using random MAC\r", "[    1.067853] mqnic 0000:00:02.0: Max desc block size: 1\r", "[    1.070014] mqnic 0000:00:02.0: Port ID: 0x00000000\r", "[    1.070809] mqnic 0000:00:02.0: Port features: 0x00000000\r", "[    1.071692] mqnic 0000:00:02.0: Port MTU: 2048\r", "[    1.072436] mqnic 0000:00:02.0: Scheduler count: 1\r", "[    1.073229] mqnic 0000:00:02.0: Scheduler offset: 0x00100000\r", "[    1.074159] mqnic 0000:00:02.0: Scheduler stride: 0x00100000\r", "[    1.075128] mqnic 0000:00:02.0: Scheduler type: 0x00000000\r", "+ ip link set dev eth0 up\r", "[    1.096854] mqnic 0000:00:02.0: mqnic_open on port 0\r", "+ ip addr add 10.0.0.2/24 dev eth0\r", "+ netserver\r", "Starting netserver with host 'IN(6)ADDR_ANY' port '12865' and family AF_UNSPEC\r", "+ netperf -H 10.0.0.1\r", "MIGRATED TCP STREAM TEST from 0.0.0.0 (0.0.0.0) port 0 AF_INET to 10.0.0.1 () port 0 AF_INET : demo\r", "[    1.334233] mqnic 0000:00:02.0: mqnic_start_xmit TX ring 0 full on port 0\r", "[    5.675834] mqnic 0000:00:02.0: mqnic_start_xmit TX ring 0 full on port 0\r", "[    5.681245] mqnic 0000:00:02.0: mqnic_start_xmit TX ring 0 full on port 0\r", "[    5.686412] mqnic 0000:00:02.0: mqnic_start_xmit TX ring 0 full on port 0\r", "[    5.689501] mqnic 0000:00:02.0: mqnic_start_xmit TX ring 0 full on port 0\r", "[    5.694366] mqnic 0000:00:02.0: mqnic_start_xmit TX ring 0 full on port 0\r", "[    5.698123] mqnic 0000:00:02.0: mqnic_start_xmit TX ring 0 full on port 0\r", "[    5.701683] mqnic 0000:00:02.0: mqnic_start_xmit TX ring 0 full on port 0\r", "[    5.704835] mqnic 0000:00:02.0: mqnic_start_xmit TX ring 0 full on port 0\r", "[    5.708658] mqnic 0000:00:02.0: mqnic_start_xmit TX ring 0 full on port 0\r", "[    5.714253] mqnic 0000:00:02.0: mqnic_start_xmit TX ring 0 full on port 0\r", "[    5.717452] mqnic 0000:00:02.0: mqnic_start_xmit TX ring 0 full on port 0\r", "[    5.723106] mqnic 0000:00:02.0: mqnic_start_xmit TX ring 0 full on port 0\r", "[    5.726075] mqnic 0000:00:02.0: mqnic_start_xmit TX ring 0 full on port 0\r", "[    5.729806] mqnic 0000:00:02.0: mqnic_start_xmit TX ring 0 full on port 0\r", "[    5.732995] mqnic 0000:00:02.0: mqnic_start_xmit TX ring 0 full on port 0\r", "[    5.736832] mqnic 0000:00:02.0: mqnic_start_xmit TX ring 0 full on port 0\r", "[    5.739749] mqnic 0000:00:02.0: mqnic_start_xmit TX ring 0 full on port 0\r", "[    5.743345] mqnic 0000:00:02.0: mqnic_start_xmit TX ring 0 full on port 0\r", "[    5.748351] mqnic 0000:00:02.0: mqnic_start_xmit TX ring 0 full on port 0\r", "[    5.751437] mqnic 0000:00:02.0: mqnic_start_xmit TX ring 0 full on port 0\r", "[    5.757412] mqnic 0000:00:02.0: mqnic_start_xmit TX ring 0 full on port 0\r", "[    5.760480] mqnic 0000:00:02.0: mqnic_start_xmit TX ring 0 full on port 0\r", "[    5.763583] mqnic 0000:00:02.0: mqnic_start_xmit TX ring 0 full on port 0\r", "[    5.767322] mqnic 0000:00:02.0: mqnic_start_xmit TX ring 0 full on port 0\r", "[    5.770317] mqnic 0000:00:02.0: mqnic_start_xmit TX ring 0 full on port 0\r", "[    5.773903] mqnic 0000:00:02.0: mqnic_start_xmit TX ring 0 full on port 0\r", "[    5.779821] mqnic 0000:00:02.0: mqnic_start_xmit TX ring 0 full on port 0\r", "[    5.783035] mqnic 0000:00:02.0: mqnic_start_xmit TX ring 0 full on port 0\r", "[    5.786784] mqnic 0000:00:02.0: mqnic_start_xmit TX ring 0 full on port 0\r", "[    5.790573] mqnic 0000:00:02.0: mqnic_start_xmit TX ring 0 full on port 0\r", "[    5.793622] mqnic 0000:00:02.0: mqnic_start_xmit TX ring 0 full on port 0\r", "[    5.797211] mqnic 0000:00:02.0: mqnic_start_xmit TX ring 0 full on port 0\r", "[    5.800751] mqnic 0000:00:02.0: mqnic_start_xmit TX ring 0 full on port 0\r", "[    5.804500] mqnic 0000:00:02.0: mqnic_start_xmit TX ring 0 full on port 0\r", "[    5.807604] mqnic 0000:00:02.0: mqnic_start_xmit TX ring 0 full on port 0\r", "[    5.811325] mqnic 0000:00:02.0: mqnic_start_xmit TX ring 0 full on port 0\r", "[    5.814917] mqnic 0000:00:02.0: mqnic_start_xmit TX ring 0 full on port 0\r", "[    5.820105] mqnic 0000:00:02.0: mqnic_start_xmit TX ring 0 full on port 0\r", "[    5.823918] mqnic 0000:00:02.0: mqnic_start_xmit TX ring 0 full on port 0\r", "[    5.827111] mqnic 0000:00:02.0: mqnic_start_xmit TX ring 0 full on port 0\r", "[    5.830023] mqnic 0000:00:02.0: mqnic_start_xmit TX ring 0 full on port 0\r", "[    5.833466] mqnic 0000:00:02.0: mqnic_start_xmit TX ring 0 full on port 0\r", "[    5.838898] mqnic 0000:00:02.0: mqnic_start_xmit TX ring 0 full on port 0\r", "[    5.844798] mqnic 0000:00:02.0: mqnic_start_xmit TX ring 0 full on port 0\r", "[    5.847802] mqnic 0000:00:02.0: mqnic_start_xmit TX ring 0 full on port 0\r", "[    5.853399] mqnic 0000:00:02.0: mqnic_start_xmit TX ring 0 full on port 0\r", "[    5.857841] mqnic 0000:00:02.0: mqnic_start_xmit TX ring 0 full on port 0\r", "[    5.861369] mqnic 0000:00:02.0: mqnic_start_xmit TX ring 0 full on port 0\r", "[    5.865065] mqnic 0000:00:02.0: mqnic_start_xmit TX ring 0 full on port 0\r", "[    5.870264] mqnic 0000:00:02.0: mqnic_start_xmit TX ring 0 full on port 0\r", "[    5.877429] mqnic 0000:00:02.0: mqnic_start_xmit TX ring 0 full on port 0\r", "[    5.881373] mqnic 0000:00:02.0: mqnic_start_xmit TX ring 0 full on port 0\r", "[    5.884601] mqnic 0000:00:02.0: mqnic_start_xmit TX ring 0 full on port 0\r", "[    5.888271] mqnic 0000:00:02.0: mqnic_start_xmit TX ring 0 full on port 0\r", "[    5.895427] mqnic 0000:00:02.0: mqnic_start_xmit TX ring 0 full on port 0\r", "[    5.898455] mqnic 0000:00:02.0: mqnic_start_xmit TX ring 0 full on port 0\r", "[    5.902079] mqnic 0000:00:02.0: mqnic_start_xmit TX ring 0 full on port 0\r", "[    5.905844] mqnic 0000:00:02.0: mqnic_start_xmit TX ring 0 full on port 0\r", "[    5.910877] mqnic 0000:00:02.0: mqnic_start_xmit TX ring 0 full on port 0\r", "[    5.913948] mqnic 0000:00:02.0: mqnic_start_xmit TX ring 0 full on port 0\r", "[    5.919021] mqnic 0000:00:02.0: mqnic_start_xmit TX ring 0 full on port 0\r", "[    5.922361] mqnic 0000:00:02.0: mqnic_start_xmit TX ring 0 full on port 0\r", "[    5.929348] mqnic 0000:00:02.0: mqnic_start_xmit TX ring 0 full on port 0\r", "[    5.937207] mqnic 0000:00:02.0: mqnic_start_xmit TX ring 0 full on port 0\r", "[    5.940257] mqnic 0000:00:02.0: mqnic_start_xmit TX ring 0 full on port 0\r", "[    5.943973] mqnic 0000:00:02.0: mqnic_start_xmit TX ring 0 full on port 0\r", "[    5.947858] mqnic 0000:00:02.0: mqnic_start_xmit TX ring 0 full on port 0\r", "[    5.952993] mqnic 0000:00:02.0: mqnic_start_xmit TX ring 0 full on port 0\r", "[    5.956321] mqnic 0000:00:02.0: mqnic_start_xmit TX ring 0 full on port 0\r", "[    5.965187] mqnic 0000:00:02.0: mqnic_start_xmit TX ring 0 full on port 0\r", "[    5.970003] mqnic 0000:00:02.0: mqnic_start_xmit TX ring 0 full on port 0\r", "[    5.977241] mqnic 0000:00:02.0: mqnic_start_xmit TX ring 0 full on port 0\r", "[    5.981092] mqnic 0000:00:02.0: mqnic_start_xmit TX ring 0 full on port 0\r", "[    5.984845] mqnic 0000:00:02.0: mqnic_start_xmit TX ring 0 full on port 0\r", "[    5.988031] mqnic 0000:00:02.0: mqnic_start_xmit TX ring 0 full on port 0\r", "[    5.990996] mqnic 0000:00:02.0: mqnic_start_xmit TX ring 0 full on port 0\r", "[    5.994718] mqnic 0000:00:02.0: mqnic_start_xmit TX ring 0 full on port 0\r", "[    5.997635] mqnic 0000:00:02.0: mqnic_start_xmit TX ring 0 full on port 0\r", "[    6.000956] mqnic 0000:00:02.0: mqnic_start_xmit TX ring 0 full on port 0\r", "[    6.004881] mqnic 0000:00:02.0: mqnic_start_xmit TX ring 0 full on port 0\r", "[    6.008641] mqnic 0000:00:02.0: mqnic_start_xmit TX ring 0 full on port 0\r", "[    6.011266] mqnic 0000:00:02.0: mqnic_start_xmit TX ring 0 full on port 0\r", "[    6.024033] mqnic 0000:00:02.0: mqnic_start_xmit TX ring 0 full on port 0\r", "[    6.031323] mqnic 0000:00:02.0: mqnic_start_xmit TX ring 0 full on port 0\r", "[    6.036333] mqnic 0000:00:02.0: mqnic_start_xmit TX ring 0 full on port 0\r", "[    6.039979] mqnic 0000:00:02.0: mqnic_start_xmit TX ring 0 full on port 0\r", "[    6.044647] mqnic 0000:00:02.0: mqnic_start_xmit TX ring 0 full on port 0\r", "[    6.050581] mqnic 0000:00:02.0: mqnic_start_xmit TX ring 0 full on port 0\r", "[    6.054235] mqnic 0000:00:02.0: mqnic_start_xmit TX ring 0 full on port 0\r", "[    6.059594] mqnic 0000:00:02.0: mqnic_start_xmit TX ring 0 full on port 0\r", "[    6.063283] mqnic 0000:00:02.0: mqnic_start_xmit TX ring 0 full on port 0\r", "[    6.066453] mqnic 0000:00:02.0: mqnic_start_xmit TX ring 0 full on port 0\r", "[    6.070115] mqnic 0000:00:02.0: mqnic_start_xmit TX ring 0 full on port 0\r", "[    6.073796] mqnic 0000:00:02.0: mqnic_start_xmit TX ring 0 full on port 0\r", "[    6.079039] mqnic 0000:00:02.0: mqnic_start_xmit TX ring 0 full on port 0\r", "[    6.082745] mqnic 0000:00:02.0: mqnic_start_xmit TX ring 0 full on port 0\r", "[    6.086384] mqnic 0000:00:02.0: mqnic_start_xmit TX ring 0 full on port 0\r", "[    6.089410] mqnic 0000:00:02.0: mqnic_start_xmit TX ring 0 full on port 0\r", "[    6.097305] mqnic 0000:00:02.0: mqnic_start_xmit TX ring 0 full on port 0\r", "[    6.102285] mqnic 0000:00:02.0: mqnic_start_xmit TX ring 0 full on port 0\r", "[    6.105469] mqnic 0000:00:02.0: mqnic_start_xmit TX ring 0 full on port 0\r", "[    6.130710] mqnic 0000:00:02.0: mqnic_start_xmit TX ring 0 full on port 0\r", "[    6.135837] mqnic 0000:00:02.0: mqnic_start_xmit TX ring 0 full on port 0\r", "[    6.143577] mqnic 0000:00:02.0: mqnic_start_xmit TX ring 0 full on port 0\r", "[    6.152867] mqnic 0000:00:02.0: mqnic_start_xmit TX ring 0 full on port 0\r", "[    6.156279] mqnic 0000:00:02.0: mqnic_start_xmit TX ring 0 full on port 0\r", "[    6.161149] mqnic 0000:00:02.0: mqnic_start_xmit TX ring 0 full on port 0\r", "[    6.164636] mqnic 0000:00:02.0: mqnic_start_xmit TX ring 0 full on port 0\r", "[    6.170472] mqnic 0000:00:02.0: mqnic_start_xmit TX ring 0 full on port 0\r", "[    6.173504] mqnic 0000:00:02.0: mqnic_start_xmit TX ring 0 full on port 0\r", "[    6.177274] mqnic 0000:00:02.0: mqnic_start_xmit TX ring 0 full on port 0\r", "[    6.182207] mqnic 0000:00:02.0: mqnic_start_xmit TX ring 0 full on port 0\r", "[    6.187603] mqnic 0000:00:02.0: mqnic_start_xmit TX ring 0 full on port 0\r", "[    6.191705] mqnic 0000:00:02.0: mqnic_start_xmit TX ring 0 full on port 0\r", "[    6.194551] mqnic 0000:00:02.0: mqnic_start_xmit TX ring 0 full on port 0\r", "[    6.201480] mqnic 0000:00:02.0: mqnic_start_xmit TX ring 0 full on port 0\r", "[    6.205128] mqnic 0000:00:02.0: mqnic_start_xmit TX ring 0 full on port 0\r", "[    6.208506] mqnic 0000:00:02.0: mqnic_start_xmit TX ring 0 full on port 0\r", "[    6.212258] mqnic 0000:00:02.0: mqnic_start_xmit TX ring 0 full on port 0\r", "[    6.215368] mqnic 0000:00:02.0: mqnic_start_xmit TX ring 0 full on port 0\r", "[    6.221094] mqnic 0000:00:02.0: mqnic_start_xmit TX ring 0 full on port 0\r", "[    6.224264] mqnic 0000:00:02.0: mqnic_start_xmit TX ring 0 full on port 0\r", "[    6.227429] mqnic 0000:00:02.0: mqnic_start_xmit TX ring 0 full on port 0\r", "[    6.230964] mqnic 0000:00:02.0: mqnic_start_xmit TX ring 0 full on port 0\r", "[    6.234619] mqnic 0000:00:02.0: mqnic_start_xmit TX ring 0 full on port 0\r", "[    6.237616] mqnic 0000:00:02.0: mqnic_start_xmit TX ring 0 full on port 0\r", "[    6.240934] mqnic 0000:00:02.0: mqnic_start_xmit TX ring 0 full on port 0\r", "[    6.246294] mqnic 0000:00:02.0: mqnic_start_xmit TX ring 0 full on port 0\r", "[    6.249817] mqnic 0000:00:02.0: mqnic_start_xmit TX ring 0 full on port 0\r", "[    6.253613] mqnic 0000:00:02.0: mqnic_start_xmit TX ring 0 full on port 0\r", "[    6.257295] mqnic 0000:00:02.0: mqnic_start_xmit TX ring 0 full on port 0\r", "[    6.260298] mqnic 0000:00:02.0: mqnic_start_xmit TX ring 0 full on port 0\r", "[    6.264169] mqnic 0000:00:02.0: mqnic_start_xmit TX ring 0 full on port 0\r", "[    6.269393] mqnic 0000:00:02.0: mqnic_start_xmit TX ring 0 full on port 0\r", "[    6.273050] mqnic 0000:00:02.0: mqnic_start_xmit TX ring 0 full on port 0\r", "[    6.275939] mqnic 0000:00:02.0: mqnic_start_xmit TX ring 0 full on port 0\r", "[    6.279880] mqnic 0000:00:02.0: mqnic_start_xmit TX ring 0 full on port 0\r", "[    6.282806] mqnic 0000:00:02.0: mqnic_start_xmit TX ring 0 full on port 0\r", "[    6.286346] mqnic 0000:00:02.0: mqnic_start_xmit TX ring 0 full on port 0\r", "[    6.289674] mqnic 0000:00:02.0: mqnic_start_xmit TX ring 0 full on port 0\r", "[    6.292680] mqnic 0000:00:02.0: mqnic_start_xmit TX ring 0 full on port 0\r", "[    6.296526] mqnic 0000:00:02.0: mqnic_start_xmit TX ring 0 full on port 0\r", "[    6.300211] mqnic 0000:00:02.0: mqnic_start_xmit TX ring 0 full on port 0\r", "[    6.303947] mqnic 0000:00:02.0: mqnic_start_xmit TX ring 0 full on port 0\r", "[    6.307084] mqnic 0000:00:02.0: mqnic_start_xmit TX ring 0 full on port 0\r", "[    6.312680] mqnic 0000:00:02.0: mqnic_start_xmit TX ring 0 full on port 0\r", "[    6.315684] mqnic 0000:00:02.0: mqnic_start_xmit TX ring 0 full on port 0\r", "[    6.321622] mqnic 0000:00:02.0: mqnic_start_xmit TX ring 0 full on port 0\r", "[    6.326645] mqnic 0000:00:02.0: mqnic_start_xmit TX ring 0 full on port 0\r", "[    6.333452] mqnic 0000:00:02.0: mqnic_start_xmit TX ring 0 full on port 0\r", "[    6.336772] mqnic 0000:00:02.0: mqnic_start_xmit TX ring 0 full on port 0\r", "[    6.340702] mqnic 0000:00:02.0: mqnic_start_xmit TX ring 0 full on port 0\r", "[    6.352688] mqnic 0000:00:02.0: mqnic_start_xmit TX ring 0 full on port 0\r", "[    6.364372] mqnic 0000:00:02.0: mqnic_start_xmit TX ring 0 full on port 0\r", "[    6.367614] mqnic 0000:00:02.0: mqnic_start_xmit TX ring 0 full on port 0\r", "[    6.372904] mqnic 0000:00:02.0: mqnic_start_xmit TX ring 0 full on port 0\r", "[    6.375951] mqnic 0000:00:02.0: mqnic_start_xmit TX ring 0 full on port 0\r", "[    6.396665] mqnic 0000:00:02.0: mqnic_start_xmit TX ring 0 full on port 0\r", "[    6.401572] mqnic 0000:00:02.0: mqnic_start_xmit TX ring 0 full on port 0\r", "[    6.406496] mqnic 0000:00:02.0: mqnic_start_xmit TX ring 0 full on port 0\r", "[    6.410246] mqnic 0000:00:02.0: mqnic_start_xmit TX ring 0 full on port 0\r", "[    6.413334] mqnic 0000:00:02.0: mqnic_start_xmit TX ring 0 full on port 0\r", "[    6.416512] mqnic 0000:00:02.0: mqnic_start_xmit TX ring 0 full on port 0\r", "[    6.420176] mqnic 0000:00:02.0: mqnic_start_xmit TX ring 0 full on port 0\r", "[    6.423240] mqnic 0000:00:02.0: mqnic_start_xmit TX ring 0 full on port 0\r", "[    6.427074] mqnic 0000:00:02.0: mqnic_start_xmit TX ring 0 full on port 0\r", "[    6.432561] mqnic 0000:00:02.0: mqnic_start_xmit TX ring 0 full on port 0\r", "[    6.435708] mqnic 0000:00:02.0: mqnic_start_xmit TX ring 0 full on port 0\r", "[    6.441480] mqnic 0000:00:02.0: mqnic_start_xmit TX ring 0 full on port 0\r", "[    6.444605] mqnic 0000:00:02.0: mqnic_start_xmit TX ring 0 full on port 0\r", "[    6.448162] mqnic 0000:00:02.0: mqnic_start_xmit TX ring 0 full on port 0\r", "[    6.451919] mqnic 0000:00:02.0: mqnic_start_xmit TX ring 0 full on port 0\r", "[    6.455425] mqnic 0000:00:02.0: mqnic_start_xmit TX ring 0 full on port 0\r", "[    6.458262] mqnic 0000:00:02.0: mqnic_start_xmit TX ring 0 full on port 0\r", "[    6.464005] mqnic 0000:00:02.0: mqnic_start_xmit TX ring 0 full on port 0\r", "[    6.466987] mqnic 0000:00:02.0: mqnic_start_xmit TX ring 0 full on port 0\r", "[    6.470143] mqnic 0000:00:02.0: mqnic_start_xmit TX ring 0 full on port 0\r", "[    6.479162] mqnic 0000:00:02.0: mqnic_start_xmit TX ring 0 full on port 0\r", "[    6.483030] mqnic 0000:00:02.0: mqnic_start_xmit TX ring 0 full on port 0\r", "[    6.485996] mqnic 0000:00:02.0: mqnic_start_xmit TX ring 0 full on port 0\r", "[    6.489500] mqnic 0000:00:02.0: mqnic_start_xmit TX ring 0 full on port 0\r", "[    6.493049] mqnic 0000:00:02.0: mqnic_start_xmit TX ring 0 full on port 0\r", "[    6.496619] mqnic 0000:00:02.0: mqnic_start_xmit TX ring 0 full on port 0\r", "[    6.499619] mqnic 0000:00:02.0: mqnic_start_xmit TX ring 0 full on port 0\r", "[    6.503279] mqnic 0000:00:02.0: mqnic_start_xmit TX ring 0 full on port 0\r", "[    6.510305] mqnic 0000:00:02.0: mqnic_start_xmit TX ring 0 full on port 0\r", "[    6.513887] mqnic 0000:00:02.0: mqnic_start_xmit TX ring 0 full on port 0\r", "[    6.517455] mqnic 0000:00:02.0: mqnic_start_xmit TX ring 0 full on port 0\r", "[    6.522663] mqnic 0000:00:02.0: mqnic_start_xmit TX ring 0 full on port 0\r", "[    6.526484] mqnic 0000:00:02.0: mqnic_start_xmit TX ring 0 full on port 0\r", "[    6.529508] mqnic 0000:00:02.0: mqnic_start_xmit TX ring 0 full on port 0\r", "[    6.533027] mqnic 0000:00:02.0: mqnic_start_xmit TX ring 0 full on port 0\r", "[    6.536597] mqnic 0000:00:02.0: mqnic_start_xmit TX ring 0 full on port 0\r", "[    6.540327] mqnic 0000:00:02.0: mqnic_start_xmit TX ring 0 full on port 0\r", "[    6.543319] mqnic 0000:00:02.0: mqnic_start_xmit TX ring 0 full on port 0\r", "[    6.549346] mqnic 0000:00:02.0: mqnic_start_xmit TX ring 0 full on port 0\r", "[    6.552580] mqnic 0000:00:02.0: mqnic_start_xmit TX ring 0 full on port 0\r", "[    6.555722] mqnic 0000:00:02.0: mqnic_start_xmit TX ring 0 full on port 0\r", "[    6.559432] mqnic 0000:00:02.0: mqnic_start_xmit TX ring 0 full on port 0\r", "[    6.563266] mqnic 0000:00:02.0: mqnic_start_xmit TX ring 0 full on port 0\r", "[    6.568676] mqnic 0000:00:02.0: mqnic_start_xmit TX ring 0 full on port 0\r", "[    6.572398] mqnic 0000:00:02.0: mqnic_start_xmit TX ring 0 full on port 0\r", "[    6.575339] mqnic 0000:00:02.0: mqnic_start_xmit TX ring 0 full on port 0\r", "[    6.579194] mqnic 0000:00:02.0: mqnic_start_xmit TX ring 0 full on port 0\r", "[    6.584946] mqnic 0000:00:02.0: mqnic_start_xmit TX ring 0 full on port 0\r", "[    6.587640] mqnic 0000:00:02.0: mqnic_start_xmit TX ring 0 full on port 0\r", "[    6.595092] mqnic 0000:00:02.0: mqnic_start_xmit TX ring 0 full on port 0\r", "[    6.598242] mqnic 0000:00:02.0: mqnic_start_xmit TX ring 0 full on port 0\r", "[    6.602068] mqnic 0000:00:02.0: mqnic_start_xmit TX ring 0 full on port 0\r", "[    6.605738] mqnic 0000:00:02.0: mqnic_start_xmit TX ring 0 full on port 0\r", "[    6.608697] mqnic 0000:00:02.0: mqnic_start_xmit TX ring 0 full on port 0\r", "[    6.611649] mqnic 0000:00:02.0: mqnic_start_xmit TX ring 0 full on port 0\r", "[    6.615294] mqnic 0000:00:02.0: mqnic_start_xmit TX ring 0 full on port 0\r", "[    6.619021] mqnic 0000:00:02.0: mqnic_start_xmit TX ring 0 full on port 0\r", "[    6.624346] mqnic 0000:00:02.0: mqnic_start_xmit TX ring 0 full on port 0\r", "[    6.628033] mqnic 0000:00:02.0: mqnic_start_xmit TX ring 0 full on port 0\r", "[    6.630755] mqnic 0000:00:02.0: mqnic_start_xmit TX ring 0 full on port 0\r", "[    6.634204] mqnic 0000:00:02.0: mqnic_start_xmit TX ring 0 full on port 0\r", "[    6.638203] mqnic 0000:00:02.0: mqnic_start_xmit TX ring 0 full on port 0\r", "[    6.642974] mqnic 0000:00:02.0: mqnic_start_xmit TX ring 0 full on port 0\r", "[    6.646263] mqnic 0000:00:02.0: mqnic_start_xmit TX ring 0 full on port 0\r", "[    6.651246] mqnic 0000:00:02.0: mqnic_start_xmit TX ring 0 full on port 0\r", "[    6.656939] mqnic 0000:00:02.0: mqnic_start_xmit TX ring 0 full on port 0\r", "[    6.660794] mqnic 0000:00:02.0: mqnic_start_xmit TX ring 0 full on port 0\r", "[    6.663822] mqnic 0000:00:02.0: mqnic_start_xmit TX ring 0 full on port 0\r", "[    6.667597] mqnic 0000:00:02.0: mqnic_start_xmit TX ring 0 full on port 0\r", "[    6.671197] mqnic 0000:00:02.0: mqnic_start_xmit TX ring 0 full on port 0\r", "[    6.674222] mqnic 0000:00:02.0: mqnic_start_xmit TX ring 0 full on port 0\r", "[    6.677917] mqnic 0000:00:02.0: mqnic_start_xmit TX ring 0 full on port 0\r", "[    6.680816] mqnic 0000:00:02.0: mqnic_start_xmit TX ring 0 full on port 0\r", "[    6.684471] mqnic 0000:00:02.0: mqnic_start_xmit TX ring 0 full on port 0\r", "[    6.687379] mqnic 0000:00:02.0: mqnic_start_xmit TX ring 0 full on port 0\r", "[    6.693014] mqnic 0000:00:02.0: mqnic_start_xmit TX ring 0 full on port 0\r", "[    6.696160] mqnic 0000:00:02.0: mqnic_start_xmit TX ring 0 full on port 0\r", "[    6.699475] mqnic 0000:00:02.0: mqnic_start_xmit TX ring 0 full on port 0\r", "[    6.703036] mqnic 0000:00:02.0: mqnic_start_xmit TX ring 0 full on port 0\r", "[    6.708235] mqnic 0000:00:02.0: mqnic_start_xmit TX ring 0 full on port 0\r", "[    6.711697] mqnic 0000:00:02.0: mqnic_start_xmit TX ring 0 full on port 0\r", "[    6.715087] mqnic 0000:00:02.0: mqnic_start_xmit TX ring 0 full on port 0\r", "[    6.717919] mqnic 0000:00:02.0: mqnic_start_xmit TX ring 0 full on port 0\r", "[    6.723466] mqnic 0000:00:02.0: mqnic_start_xmit TX ring 0 full on port 0\r", "[    6.727235] mqnic 0000:00:02.0: mqnic_start_xmit TX ring 0 full on port 0\r", "[    6.730299] mqnic 0000:00:02.0: mqnic_start_xmit TX ring 0 full on port 0\r", "[    6.735787] mqnic 0000:00:02.0: mqnic_start_xmit TX ring 0 full on port 0\r", "[    6.738634] mqnic 0000:00:02.0: mqnic_start_xmit TX ring 0 full on port 0\r", "[    6.742150] mqnic 0000:00:02.0: mqnic_start_xmit TX ring 0 full on port 0\r", "[    6.745943] mqnic 0000:00:02.0: mqnic_start_xmit TX ring 0 full on port 0\r", "[    6.749286] mqnic 0000:00:02.0: mqnic_start_xmit TX ring 0 full on port 0\r", "[    6.752334] mqnic 0000:00:02.0: mqnic_start_xmit TX ring 0 full on port 0\r", "[    6.756037] mqnic 0000:00:02.0: mqnic_start_xmit TX ring 0 full on port 0\r", "[    6.759406] mqnic 0000:00:02.0: mqnic_start_xmit TX ring 0 full on port 0\r", "[    6.762560] mqnic 0000:00:02.0: mqnic_start_xmit TX ring 0 full on port 0\r", "[    6.766207] mqnic 0000:00:02.0: mqnic_start_xmit TX ring 0 full on port 0\r", "[    6.771850] mqnic 0000:00:02.0: mqnic_start_xmit TX ring 0 full on port 0\r", "[    6.774994] mqnic 0000:00:02.0: mqnic_start_xmit TX ring 0 full on port 0\r", "[    6.778770] mqnic 0000:00:02.0: mqnic_start_xmit TX ring 0 full on port 0\r", "[    6.786361] mqnic 0000:00:02.0: mqnic_start_xmit TX ring 0 full on port 0\r", "[    6.789581] mqnic 0000:00:02.0: mqnic_start_xmit TX ring 0 full on port 0\r", "[    6.793226] mqnic 0000:00:02.0: mqnic_start_xmit TX ring 0 full on port 0\r", "[    6.796230] mqnic 0000:00:02.0: mqnic_start_xmit TX ring 0 full on port 0\r", "[    6.799995] mqnic 0000:00:02.0: mqnic_start_xmit TX ring 0 full on port 0\r", "[    6.803176] mqnic 0000:00:02.0: mqnic_start_xmit TX ring 0 full on port 0\r", "[    6.806006] mqnic 0000:00:02.0: mqnic_start_xmit TX ring 0 full on port 0\r", "[    6.812011] mqnic 0000:00:02.0: mqnic_start_xmit TX ring 0 full on port 0\r", "[    6.815495] mqnic 0000:00:02.0: mqnic_start_xmit TX ring 0 full on port 0\r", "[    6.818422] mqnic 0000:00:02.0: mqnic_start_xmit TX ring 0 full on port 0\r", "[    6.821974] mqnic 0000:00:02.0: mqnic_start_xmit TX ring 0 full on port 0\r", "[    6.825260] mqnic 0000:00:02.0: mqnic_start_xmit TX ring 0 full on port 0\r", "[    6.828112] mqnic 0000:00:02.0: mqnic_start_xmit TX ring 0 full on port 0\r", "[    6.831825] mqnic 0000:00:02.0: mqnic_start_xmit TX ring 0 full on port 0\r", "[    6.835636] mqnic 0000:00:02.0: mqnic_start_xmit TX ring 0 full on port 0\r", "[    6.839277] mqnic 0000:00:02.0: mqnic_start_xmit TX ring 0 full on port 0\r", "[    6.842416] mqnic 0000:00:02.0: mqnic_start_xmit TX ring 0 full on port 0\r", "[    6.846106] mqnic 0000:00:02.0: mqnic_start_xmit TX ring 0 full on port 0\r", "[    6.849997] mqnic 0000:00:02.0: mqnic_start_xmit TX ring 0 full on port 0\r", "[    6.854880] mqnic 0000:00:02.0: mqnic_start_xmit TX ring 0 full on port 0\r", "[    6.858648] mqnic 0000:00:02.0: mqnic_start_xmit TX ring 0 full on port 0\r", "[    6.862289] mqnic 0000:00:02.0: mqnic_start_xmit TX ring 0 full on port 0\r", "[    6.865461] mqnic 0000:00:02.0: mqnic_start_xmit TX ring 0 full on port 0\r", "[    6.869110] mqnic 0000:00:02.0: mqnic_start_xmit TX ring 0 full on port 0\r", "[    6.872687] mqnic 0000:00:02.0: mqnic_start_xmit TX ring 0 full on port 0\r", "[    6.875815] mqnic 0000:00:02.0: mqnic_start_xmit TX ring 0 full on port 0\r", "[    6.879335] mqnic 0000:00:02.0: mqnic_start_xmit TX ring 0 full on port 0\r", "[    6.886413] mqnic 0000:00:02.0: mqnic_start_xmit TX ring 0 full on port 0\r", "[    6.890355] mqnic 0000:00:02.0: mqnic_start_xmit TX ring 0 full on port 0\r", "[    6.894058] mqnic 0000:00:02.0: mqnic_start_xmit TX ring 0 full on port 0\r", "[    6.899277] mqnic 0000:00:02.0: mqnic_start_xmit TX ring 0 full on port 0\r", "[    6.902722] mqnic 0000:00:02.0: mqnic_start_xmit TX ring 0 full on port 0\r", "[    6.911469] mqnic 0000:00:02.0: mqnic_start_xmit TX ring 0 full on port 0\r", "[    6.913990] mqnic 0000:00:02.0: mqnic_start_xmit TX ring 0 full on port 0\r", "[    6.917120] mqnic 0000:00:02.0: mqnic_start_xmit TX ring 0 full on port 0\r", "[    6.920884] mqnic 0000:00:02.0: mqnic_start_xmit TX ring 0 full on port 0\r", "[    6.923900] mqnic 0000:00:02.0: mqnic_start_xmit TX ring 0 full on port 0\r", "[    6.929661] mqnic 0000:00:02.0: mqnic_start_xmit TX ring 0 full on port 0\r", "[    6.933268] mqnic 0000:00:02.0: mqnic_start_xmit TX ring 0 full on port 0\r", "[    6.936479] mqnic 0000:00:02.0: mqnic_start_xmit TX ring 0 full on port 0\r", "[    6.940152] mqnic 0000:00:02.0: mqnic_start_xmit TX ring 0 full on port 0\r", "[    6.945274] mqnic 0000:00:02.0: mqnic_start_xmit TX ring 0 full on port 0\r", "[    6.948260] mqnic 0000:00:02.0: mqnic_start_xmit TX ring 0 full on port 0\r", "[    6.951734] mqnic 0000:00:02.0: mqnic_start_xmit TX ring 0 full on port 0\r", "[    6.955129] mqnic 0000:00:02.0: mqnic_start_xmit TX ring 0 full on port 0\r", "[    6.958040] mqnic 0000:00:02.0: mqnic_start_xmit TX ring 0 full on port 0\r", "[    6.961467] mqnic 0000:00:02.0: mqnic_start_xmit TX ring 0 full on port 0\r", "[    6.965149] mqnic 0000:00:02.0: mqnic_start_xmit TX ring 0 full on port 0\r", "[    6.970029] mqnic 0000:00:02.0: mqnic_start_xmit TX ring 0 full on port 0\r", "[    6.973720] mqnic 0000:00:02.0: mqnic_start_xmit TX ring 0 full on port 0\r", "[    6.977314] mqnic 0000:00:02.0: mqnic_start_xmit TX ring 0 full on port 0\r", "[    6.980332] mqnic 0000:00:02.0: mqnic_start_xmit TX ring 0 full on port 0\r", "[    6.984264] mqnic 0000:00:02.0: mqnic_start_xmit TX ring 0 full on port 0\r", "[    6.987111] mqnic 0000:00:02.0: mqnic_start_xmit TX ring 0 full on port 0\r", "[    6.990151] mqnic 0000:00:02.0: mqnic_start_xmit TX ring 0 full on port 0\r", "[    6.995779] mqnic 0000:00:02.0: mqnic_start_xmit TX ring 0 full on port 0\r", "[    6.999698] mqnic 0000:00:02.0: mqnic_start_xmit TX ring 0 full on port 0\r", "[    7.002643] mqnic 0000:00:02.0: mqnic_start_xmit TX ring 0 full on port 0\r", "[    7.006389] mqnic 0000:00:02.0: mqnic_start_xmit TX ring 0 full on port 0\r", "[    7.010154] mqnic 0000:00:02.0: mqnic_start_xmit TX ring 0 full on port 0\r", "[    7.013312] mqnic 0000:00:02.0: mqnic_start_xmit TX ring 0 full on port 0\r", "[    7.016941] mqnic 0000:00:02.0: mqnic_start_xmit TX ring 0 full on port 0\r", "[    7.020575] mqnic 0000:00:02.0: mqnic_start_xmit TX ring 0 full on port 0\r", "[    7.024005] mqnic 0000:00:02.0: mqnic_start_xmit TX ring 0 full on port 0\r", "[    7.026947] mqnic 0000:00:02.0: mqnic_start_xmit TX ring 0 full on port 0\r", "[    7.032915] mqnic 0000:00:02.0: mqnic_start_xmit TX ring 0 full on port 0\r", "[    7.035920] mqnic 0000:00:02.0: mqnic_start_xmit TX ring 0 full on port 0\r", "[    7.038905] mqnic 0000:00:02.0: mqnic_start_xmit TX ring 0 full on port 0\r", "[    7.042463] mqnic 0000:00:02.0: mqnic_start_xmit TX ring 0 full on port 0\r", "[    7.045712] mqnic 0000:00:02.0: mqnic_start_xmit TX ring 0 full on port 0\r", "[    7.054792] mqnic 0000:00:02.0: mqnic_start_xmit TX ring 0 full on port 0\r", "[    7.058432] mqnic 0000:00:02.0: mqnic_start_xmit TX ring 0 full on port 0\r", "[    7.061653] mqnic 0000:00:02.0: mqnic_start_xmit TX ring 0 full on port 0\r", "[    7.064792] mqnic 0000:00:02.0: mqnic_start_xmit TX ring 0 full on port 0\r", "[    7.070474] mqnic 0000:00:02.0: mqnic_start_xmit TX ring 0 full on port 0\r", "[    7.075485] mqnic 0000:00:02.0: mqnic_start_xmit TX ring 0 full on port 0\r", "[    7.082454] mqnic 0000:00:02.0: mqnic_start_xmit TX ring 0 full on port 0\r", "[    7.086009] mqnic 0000:00:02.0: mqnic_start_xmit TX ring 0 full on port 0\r", "[    7.089722] mqnic 0000:00:02.0: mqnic_start_xmit TX ring 0 full on port 0\r", "[    7.093413] mqnic 0000:00:02.0: mqnic_start_xmit TX ring 0 full on port 0\r", "[    7.096452] mqnic 0000:00:02.0: mqnic_start_xmit TX ring 0 full on port 0\r", "[    7.102318] mqnic 0000:00:02.0: mqnic_start_xmit TX ring 0 full on port 0\r", "[    7.105199] mqnic 0000:00:02.0: mqnic_start_xmit TX ring 0 full on port 0\r", "[    7.108023] mqnic 0000:00:02.0: mqnic_start_xmit TX ring 0 full on port 0\r", "[    7.113760] mqnic 0000:00:02.0: mqnic_start_xmit TX ring 0 full on port 0\r", "[    7.116747] mqnic 0000:00:02.0: mqnic_start_xmit TX ring 0 full on port 0\r", "[    7.120581] mqnic 0000:00:02.0: mqnic_start_xmit TX ring 0 full on port 0\r", "[    7.123631] mqnic 0000:00:02.0: mqnic_start_xmit TX ring 0 full on port 0\r", "[    7.126653] mqnic 0000:00:02.0: mqnic_start_xmit TX ring 0 full on port 0\r", "[    7.131957] mqnic 0000:00:02.0: mqnic_start_xmit TX ring 0 full on port 0\r", "[    7.135632] mqnic 0000:00:02.0: mqnic_start_xmit TX ring 0 full on port 0\r", "[    7.138427] mqnic 0000:00:02.0: mqnic_start_xmit TX ring 0 full on port 0\r", "[    7.142020] mqnic 0000:00:02.0: mqnic_start_xmit TX ring 0 full on port 0\r", "[    7.147331] mqnic 0000:00:02.0: mqnic_start_xmit TX ring 0 full on port 0\r", "[    7.151073] mqnic 0000:00:02.0: mqnic_start_xmit TX ring 0 full on port 0\r", "[    7.156733] mqnic 0000:00:02.0: mqnic_start_xmit TX ring 0 full on port 0\r", "[    7.159743] mqnic 0000:00:02.0: mqnic_start_xmit TX ring 0 full on port 0\r", "[    7.165299] mqnic 0000:00:02.0: mqnic_start_xmit TX ring 0 full on port 0\r", "[    7.171961] mqnic 0000:00:02.0: mqnic_start_xmit TX ring 0 full on port 0\r", "[    7.177347] mqnic 0000:00:02.0: mqnic_start_xmit TX ring 0 full on port 0\r", "[    7.180943] mqnic 0000:00:02.0: mqnic_start_xmit TX ring 0 full on port 0\r", "[    7.184514] mqnic 0000:00:02.0: mqnic_start_xmit TX ring 0 full on port 0\r", "[    7.187416] mqnic 0000:00:02.0: mqnic_start_xmit TX ring 0 full on port 0\r", "[    7.190925] mqnic 0000:00:02.0: mqnic_start_xmit TX ring 0 full on port 0\r", "[    7.196656] mqnic 0000:00:02.0: mqnic_start_xmit TX ring 0 full on port 0\r", "[    7.199861] mqnic 0000:00:02.0: mqnic_start_xmit TX ring 0 full on port 0\r", "[    7.203003] mqnic 0000:00:02.0: mqnic_start_xmit TX ring 0 full on port 0\r", "[    7.206498] mqnic 0000:00:02.0: mqnic_start_xmit TX ring 0 full on port 0\r", "[    7.209308] mqnic 0000:00:02.0: mqnic_start_xmit TX ring 0 full on port 0\r", "[    7.212178] mqnic 0000:00:02.0: mqnic_start_xmit TX ring 0 full on port 0\r", "[    7.215632] mqnic 0000:00:02.0: mqnic_start_xmit TX ring 0 full on port 0\r", "[    7.219235] mqnic 0000:00:02.0: mqnic_start_xmit TX ring 0 full on port 0\r", "[    7.224801] mqnic 0000:00:02.0: mqnic_start_xmit TX ring 0 full on port 0\r", "[    7.228558] mqnic 0000:00:02.0: mqnic_start_xmit TX ring 0 full on port 0\r", "[    7.231547] mqnic 0000:00:02.0: mqnic_start_xmit TX ring 0 full on port 0\r", "[    7.234917] mqnic 0000:00:02.0: mqnic_start_xmit TX ring 0 full on port 0\r", "[    7.238376] mqnic 0000:00:02.0: mqnic_start_xmit TX ring 0 full on port 0\r", "[    7.242927] mqnic 0000:00:02.0: mqnic_start_xmit TX ring 0 full on port 0\r", "[    7.250565] mqnic 0000:00:02.0: mqnic_start_xmit TX ring 0 full on port 0\r", "[    7.253750] mqnic 0000:00:02.0: mqnic_start_xmit TX ring 0 full on port 0\r", "[    7.259433] mqnic 0000:00:02.0: mqnic_start_xmit TX ring 0 full on port 0\r", "[    7.262507] mqnic 0000:00:02.0: mqnic_start_xmit TX ring 0 full on port 0\r", "[    7.266112] mqnic 0000:00:02.0: mqnic_start_xmit TX ring 0 full on port 0\r", "[    7.269951] mqnic 0000:00:02.0: mqnic_start_xmit TX ring 0 full on port 0\r", "[    7.275259] mqnic 0000:00:02.0: mqnic_start_xmit TX ring 0 full on port 0\r", "[    7.281288] mqnic 0000:00:02.0: mqnic_start_xmit TX ring 0 full on port 0\r", "[    7.284368] mqnic 0000:00:02.0: mqnic_start_xmit TX ring 0 full on port 0\r", "[    7.287341] mqnic 0000:00:02.0: mqnic_start_xmit TX ring 0 full on port 0\r", "[    7.296263] mqnic 0000:00:02.0: mqnic_start_xmit TX ring 0 full on port 0\r", "[    7.302203] mqnic 0000:00:02.0: mqnic_start_xmit TX ring 0 full on port 0\r", "[    7.305290] mqnic 0000:00:02.0: mqnic_start_xmit TX ring 0 full on port 0\r", "[    7.311155] mqnic 0000:00:02.0: mqnic_start_xmit TX ring 0 full on port 0\r", "[    7.316487] mqnic 0000:00:02.0: mqnic_start_xmit TX ring 0 full on port 0\r", "[    7.322040] mqnic 0000:00:02.0: mqnic_start_xmit TX ring 0 full on port 0\r", "[    7.325080] mqnic 0000:00:02.0: mqnic_start_xmit TX ring 0 full on port 0\r", "[    7.328330] mqnic 0000:00:02.0: mqnic_start_xmit TX ring 0 full on port 0\r", "[    7.332005] mqnic 0000:00:02.0: mqnic_start_xmit TX ring 0 full on port 0\r", "[    7.336713] mqnic 0000:00:02.0: mqnic_start_xmit TX ring 0 full on port 0\r", "[    7.340347] mqnic 0000:00:02.0: mqnic_start_xmit TX ring 0 full on port 0\r", "[    7.344955] mqnic 0000:00:02.0: mqnic_start_xmit TX ring 0 full on port 0\r", "[    7.348637] mqnic 0000:00:02.0: mqnic_start_xmit TX ring 0 full on port 0\r", "[    7.352262] mqnic 0000:00:02.0: mqnic_start_xmit TX ring 0 full on port 0\r", "[    7.359372] mqnic 0000:00:02.0: mqnic_start_xmit TX ring 0 full on port 0\r", "[    7.363102] mqnic 0000:00:02.0: mqnic_start_xmit TX ring 0 full on port 0\r", "[    7.366314] mqnic 0000:00:02.0: mqnic_start_xmit TX ring 0 full on port 0\r", "[    7.369996] mqnic 0000:00:02.0: mqnic_start_xmit TX ring 0 full on port 0\r", "[    7.373721] mqnic 0000:00:02.0: mqnic_start_xmit TX ring 0 full on port 0\r", "[    7.377556] mqnic 0000:00:02.0: mqnic_start_xmit TX ring 0 full on port 0\r", "[    7.382440] mqnic 0000:00:02.0: mqnic_start_xmit TX ring 0 full on port 0\r", "[    7.387607] mqnic 0000:00:02.0: mqnic_start_xmit TX ring 0 full on port 0\r", "[    7.391163] mqnic 0000:00:02.0: mqnic_start_xmit TX ring 0 full on port 0\r", "[    7.396812] mqnic 0000:00:02.0: mqnic_start_xmit TX ring 0 full on port 0\r", "[    7.399975] mqnic 0000:00:02.0: mqnic_start_xmit TX ring 0 full on port 0\r", "[    7.403512] mqnic 0000:00:02.0: mqnic_start_xmit TX ring 0 full on port 0\r", "[    7.407285] mqnic 0000:00:02.0: mqnic_start_xmit TX ring 0 full on port 0\r", "[    7.410430] mqnic 0000:00:02.0: mqnic_start_xmit TX ring 0 full on port 0\r", "[    7.413983] mqnic 0000:00:02.0: mqnic_start_xmit TX ring 0 full on port 0\r", "[    7.419605] mqnic 0000:00:02.0: mqnic_start_xmit TX ring 0 full on port 0\r", "[    7.422402] mqnic 0000:00:02.0: mqnic_start_xmit TX ring 0 full on port 0\r", "[    7.428129] mqnic 0000:00:02.0: mqnic_start_xmit TX ring 0 full on port 0\r", "[    7.430789] mqnic 0000:00:02.0: mqnic_start_xmit TX ring 0 full on port 0\r", "[    7.434085] mqnic 0000:00:02.0: mqnic_start_xmit TX ring 0 full on port 0\r", "[    7.437522] mqnic 0000:00:02.0: mqnic_start_xmit TX ring 0 full on port 0\r", "[    7.440490] mqnic 0000:00:02.0: mqnic_start_xmit TX ring 0 full on port 0\r", "[    7.446024] mqnic 0000:00:02.0: mqnic_start_xmit TX ring 0 full on port 0\r", "[    7.449398] mqnic 0000:00:02.0: mqnic_start_xmit TX ring 0 full on port 0\r", "[    7.452126] mqnic 0000:00:02.0: mqnic_start_xmit TX ring 0 full on port 0\r", "[    7.455553] mqnic 0000:00:02.0: mqnic_start_xmit TX ring 0 full on port 0\r", "[    7.461284] mqnic 0000:00:02.0: mqnic_start_xmit TX ring 0 full on port 0\r", "[    7.464268] mqnic 0000:00:02.0: mqnic_start_xmit TX ring 0 full on port 0\r", "[    7.468164] mqnic 0000:00:02.0: mqnic_start_xmit TX ring 0 full on port 0\r", "[    7.471522] mqnic 0000:00:02.0: mqnic_start_xmit TX ring 0 full on port 0\r", "[    7.476527] mqnic 0000:00:02.0: mqnic_start_xmit TX ring 0 full on port 0\r", "[    7.480306] mqnic 0000:00:02.0: mqnic_start_xmit TX ring 0 full on port 0\r", "[    7.484200] mqnic 0000:00:02.0: mqnic_start_xmit TX ring 0 full on port 0\r", "[    7.491206] mqnic 0000:00:02.0: mqnic_start_xmit TX ring 0 full on port 0\r", "[    7.496067] mqnic 0000:00:02.0: mqnic_start_xmit TX ring 0 full on port 0\r", "[    7.499691] mqnic 0000:00:02.0: mqnic_start_xmit TX ring 0 full on port 0\r", "[    7.504614] mqnic 0000:00:02.0: mqnic_start_xmit TX ring 0 full on port 0\r", "[    7.508278] mqnic 0000:00:02.0: mqnic_start_xmit TX ring 0 full on port 0\r", "[    7.512045] mqnic 0000:00:02.0: mqnic_start_xmit TX ring 0 full on port 0\r", "[    7.524709] mqnic 0000:00:02.0: mqnic_start_xmit TX ring 0 full on port 0\r", "[    7.527581] mqnic 0000:00:02.0: mqnic_start_xmit TX ring 0 full on port 0\r", "[    7.530853] mqnic 0000:00:02.0: mqnic_start_xmit TX ring 0 full on port 0\r", "[    7.534585] mqnic 0000:00:02.0: mqnic_start_xmit TX ring 0 full on port 0\r", "[    7.537765] mqnic 0000:00:02.0: mqnic_start_xmit TX ring 0 full on port 0\r", "[    7.541173] mqnic 0000:00:02.0: mqnic_start_xmit TX ring 0 full on port 0\r", "[    7.546851] mqnic 0000:00:02.0: mqnic_start_xmit TX ring 0 full on port 0\r", "[    7.550109] mqnic 0000:00:02.0: mqnic_start_xmit TX ring 0 full on port 0\r", "[    7.553710] mqnic 0000:00:02.0: mqnic_start_xmit TX ring 0 full on port 0\r", "[    7.557283] mqnic 0000:00:02.0: mqnic_start_xmit TX ring 0 full on port 0\r", "[    7.560335] mqnic 0000:00:02.0: mqnic_start_xmit TX ring 0 full on port 0\r", "[    7.563834] mqnic 0000:00:02.0: mqnic_start_xmit TX ring 0 full on port 0\r", "[    7.567230] mqnic 0000:00:02.0: mqnic_start_xmit TX ring 0 full on port 0\r", "[    7.572210] mqnic 0000:00:02.0: mqnic_start_xmit TX ring 0 full on port 0\r", "[    7.576050] mqnic 0000:00:02.0: mqnic_start_xmit TX ring 0 full on port 0\r", "[    7.579775] mqnic 0000:00:02.0: mqnic_start_xmit TX ring 0 full on port 0\r", "[    7.582303] mqnic 0000:00:02.0: mqnic_start_xmit TX ring 0 full on port 0\r", "[    7.590514] mqnic 0000:00:02.0: mqnic_start_xmit TX ring 0 full on port 0\r", "[    7.597587] mqnic 0000:00:02.0: mqnic_start_xmit TX ring 0 full on port 0\r", "[    7.600657] mqnic 0000:00:02.0: mqnic_start_xmit TX ring 0 full on port 0\r", "[    7.604393] mqnic 0000:00:02.0: mqnic_start_xmit TX ring 0 full on port 0\r", "[    7.609640] mqnic 0000:00:02.0: mqnic_start_xmit TX ring 0 full on port 0\r", "[    7.614591] mqnic 0000:00:02.0: mqnic_start_xmit TX ring 0 full on port 0\r", "[    7.619363] mqnic 0000:00:02.0: mqnic_start_xmit TX ring 0 full on port 0\r", "[    7.622975] mqnic 0000:00:02.0: mqnic_start_xmit TX ring 0 full on port 0\r", "[    7.626933] mqnic 0000:00:02.0: mqnic_start_xmit TX ring 0 full on port 0\r", "[    7.631865] mqnic 0000:00:02.0: mqnic_start_xmit TX ring 0 full on port 0\r", "[    7.635537] mqnic 0000:00:02.0: mqnic_start_xmit TX ring 0 full on port 0\r", "[    7.640817] mqnic 0000:00:02.0: mqnic_start_xmit TX ring 0 full on port 0\r", "[    7.644311] mqnic 0000:00:02.0: mqnic_start_xmit TX ring 0 full on port 0\r", "[    7.647936] mqnic 0000:00:02.0: mqnic_start_xmit TX ring 0 full on port 0\r", "[    7.651795] mqnic 0000:00:02.0: mqnic_start_xmit TX ring 0 full on port 0\r", "[    7.654696] mqnic 0000:00:02.0: mqnic_start_xmit TX ring 0 full on port 0\r", "[    7.658245] mqnic 0000:00:02.0: mqnic_start_xmit TX ring 0 full on port 0\r", "[    7.662057] mqnic 0000:00:02.0: mqnic_start_xmit TX ring 0 full on port 0\r", "[    7.664970] mqnic 0000:00:02.0: mqnic_start_xmit TX ring 0 full on port 0\r", "[    7.668508] mqnic 0000:00:02.0: mqnic_start_xmit TX ring 0 full on port 0\r", "[    7.672348] mqnic 0000:00:02.0: mqnic_start_xmit TX ring 0 full on port 0\r", "[    7.675983] mqnic 0000:00:02.0: mqnic_start_xmit TX ring 0 full on port 0\r", "[    7.678921] mqnic 0000:00:02.0: mqnic_start_xmit TX ring 0 full on port 0\r", "[    7.682373] mqnic 0000:00:02.0: mqnic_start_xmit TX ring 0 full on port 0\r", "[    7.685743] mqnic 0000:00:02.0: mqnic_start_xmit TX ring 0 full on port 0\r", "[    7.690945] mqnic 0000:00:02.0: mqnic_start_xmit TX ring 0 full on port 0\r", "[    7.694679] mqnic 0000:00:02.0: mqnic_start_xmit TX ring 0 full on port 0\r", "[    7.698534] mqnic 0000:00:02.0: mqnic_start_xmit TX ring 0 full on port 0\r", "[    7.701477] mqnic 0000:00:02.0: mqnic_start_xmit TX ring 0 full on port 0\r", "[    7.705179] mqnic 0000:00:02.0: mqnic_start_xmit TX ring 0 full on port 0\r", "[    7.708669] mqnic 0000:00:02.0: mqnic_start_xmit TX ring 0 full on port 0\r", "[    7.713580] mqnic 0000:00:02.0: mqnic_start_xmit TX ring 0 full on port 0\r", "[    7.717263] mqnic 0000:00:02.0: mqnic_start_xmit TX ring 0 full on port 0\r", "[    7.720930] mqnic 0000:00:02.0: mqnic_start_xmit TX ring 0 full on port 0\r", "[    7.727667] mqnic 0000:00:02.0: mqnic_start_xmit TX ring 0 full on port 0\r", "[    7.730655] mqnic 0000:00:02.0: mqnic_start_xmit TX ring 0 full on port 0\r", "[    7.734300] mqnic 0000:00:02.0: mqnic_start_xmit TX ring 0 full on port 0\r", "[    7.737332] mqnic 0000:00:02.0: mqnic_start_xmit TX ring 0 full on port 0\r", "[    7.741369] mqnic 0000:00:02.0: mqnic_start_xmit TX ring 0 full on port 0\r", "[    7.744207] mqnic 0000:00:02.0: mqnic_start_xmit TX ring 0 full on port 0\r", "[    7.747698] mqnic 0000:00:02.0: mqnic_start_xmit TX ring 0 full on port 0\r", "[    7.751196] mqnic 0000:00:02.0: mqnic_start_xmit TX ring 0 full on port 0\r", "[    7.754230] mqnic 0000:00:02.0: mqnic_start_xmit TX ring 0 full on port 0\r", "[    7.760122] mqnic 0000:00:02.0: mqnic_start_xmit TX ring 0 full on port 0\r", "[    7.763942] mqnic 0000:00:02.0: mqnic_start_xmit TX ring 0 full on port 0\r", "[    7.767103] mqnic 0000:00:02.