{"exp_name": "netperf-qemu-switch-cd_verilator", "start_time": 1606671578.4559512, "end_time": 1606671609.6218598, "sims": {"nic.server.0.": {"class": "CorundumVerilatorNIC", "cmd": ["/home/hejingli/endhostsim-code/corundum/corundum_verilator", "/home/hejingli/endhostsim-code/experiments/out/netperf-qemu-switch-cd_verilator/1/nic.pci.server.0.", "/home/hejingli/endhostsim-code/experiments/out/netperf-qemu-switch-cd_verilator/1/nic.eth.server.0.", "/home/hejingli/endhostsim-code/experiments/out/netperf-qemu-switch-cd_verilator/1/nic.shm.server.0.", "0", "500", "500", "500", "250"], "stdout": ["eth connection accepted", "eth intro sent", "pci connection accepted", "pci intro sent", "pci host info received", "eth net info received", "sync_pci=0  sync_eth=1", "Addressing configuration for axil_interconnect instance TOP.interface.axil_interconnect_inst", " 0 ( 0): 000000 / 19 -- 000000-07ffff", " 1 ( 0): 080000 / 19 -- 080000-0fffff", " 2 ( 0): 100000 / 20 -- 100000-1fffff", " 3 ( 0): 200000 / 21 -- 200000-3fffff", " 4 ( 0): 400000 / 21 -- 400000-5fffff", " 5 ( 0): 600000 / 20 -- 600000-6fffff", " 6 ( 0): 700000 / 20 -- 700000-7fffff", " 7 ( 0): 800000 / 21 -- 800000-9fffff", "Addressing configuration for axil_interconnect instance TOP.interface.port[0].port_inst.axil_interconnect_inst", " 0 ( 0): 000000 / 20 -- 000000-0fffff", " 1 ( 0): 100000 / 20 -- 100000-1fffff", "    m_axis_ctrl_dma_read_desc_dma_addr = 6243156096", "    m_axis_ctrl_dma_read_desc_ram_addr = 384", "    m_axis_ctrl_dma_read_desc_len = 16", "    m_axis_ctrl_dma_read_desc_tag = 3", "    m_axis_ctrl_dma_write_desc_dma_addr = 6348112064", "    m_axis_ctrl_dma_write_desc_ram_addr = 352", "    m_axis_ctrl_dma_write_desc_len = 32", "    m_axis_ctrl_dma_write_desc_tag = 11", "    m_axis_data_dma_read_desc_ram_addr = 66", "    m_axis_data_dma_read_desc_tag = 24", "    m_axis_data_dma_write_desc_dma_addr = 5251534848", "    m_axis_data_dma_write_desc_len = 66", "    m_axis_data_dma_write_desc_tag = 2", "    s_axil_rdata = 2147483657", "    m_axil_csr_awaddr = 7347500", "    m_axil_csr_wdata = 2147483657", "    m_axil_csr_wstrb = 15", "    m_axil_csr_araddr = 7347500", "    ctrl_dma_ram_wr_cmd_ready = 255", "    ctrl_dma_ram_rd_cmd_ready = 255", "    data_dma_ram_wr_cmd_ready = 255", "    data_dma_ram_rd_cmd_ready = 255", "    tx_axis_tkeep = 3", "    tx_axis_tlast = 1", "    rx_axis_tready = 1", "", "", "main_time:13009328000"], "stderr": []}, "nic.client.0.": {"class": "CorundumVerilatorNIC", "cmd": ["/home/hejingli/endhostsim-code/corundum/corundum_verilator", "/home/hejingli/endhostsim-code/experiments/out/netperf-qemu-switch-cd_verilator/1/nic.pci.client.0.", "/home/hejingli/endhostsim-code/experiments/out/netperf-qemu-switch-cd_verilator/1/nic.eth.client.0.", "/home/hejingli/endhostsim-code/experiments/out/netperf-qemu-switch-cd_verilator/1/nic.shm.client.0.", "0", "500", "500", "500", "250"], "stdout": ["eth connection accepted", "eth intro sent", "pci connection accepted", "pci intro sent", "pci host info received", "eth net info received", "sync_pci=0  sync_eth=1", "Addressing configuration for axil_interconnect instance TOP.interface.axil_interconnect_inst", " 0 ( 0): 000000 / 19 -- 000000-07ffff", " 1 ( 0): 080000 / 19 -- 080000-0fffff", " 2 ( 0): 100000 / 20 -- 100000-1fffff", " 3 ( 0): 200000 / 21 -- 200000-3fffff", " 4 ( 0): 400000 / 21 -- 400000-5fffff", " 5 ( 0): 600000 / 20 -- 600000-6fffff", " 6 ( 0): 700000 / 20 -- 700000-7fffff", " 7 ( 0): 800000 / 21 -- 800000-9fffff", "Addressing configuration for axil_interconnect instance TOP.interface.port[0].port_inst.axil_interconnect_inst", " 0 ( 0): 000000 / 20 -- 000000-0fffff", " 1 ( 0): 100000 / 20 -- 100000-1fffff", "    m_axis_ctrl_dma_read_desc_dma_addr = 6281822784", "    m_axis_ctrl_dma_read_desc_ram_addr = 512", "    m_axis_ctrl_dma_read_desc_len = 64", "    m_axis_ctrl_dma_read_desc_tag = 4", "    m_axis_ctrl_dma_write_desc_dma_addr = 6348260736", "    m_axis_ctrl_dma_write_desc_ram_addr = 96", "    m_axis_ctrl_dma_write_desc_len = 32", "    m_axis_ctrl_dma_write_desc_tag = 3", "    m_axis_data_dma_read_desc_ram_addr = 66", "    m_axis_data_dma_read_desc_tag = 30", "    m_axis_data_dma_write_desc_dma_addr = 5717094400", "    m_axis_data_dma_write_desc_len = 66", "    s_axil_rdata = 2147483661", "    m_axil_csr_awaddr = 4200876", "    m_axil_csr_wdata = 2147483661", "    m_axil_csr_wstrb = 15", "    m_axil_csr_araddr = 4200876", "    ctrl_dma_ram_wr_cmd_ready = 255", "    ctrl_dma_ram_rd_cmd_ready = 255", "    data_dma_ram_wr_cmd_ready = 255", "    data_dma_ram_rd_cmd_ready = 255", "    tx_axis_tkeep = 3", "    tx_axis_tlast = 1", "    rx_axis_tready = 1", "", "", "main_time:13009396000"], "stderr": []}, "net.": {"class": "SwitchNet", "cmd": ["/home/hejingli/endhostsim-code/net_switch/net_switch", "-S", "500", "-E", "500", "-s", "/home/hejingli/endhostsim-code/experiments/out/netperf-qemu-switch-cd_verilator/1/nic.eth.server.0.", "-s", "/home/hejingli/endhostsim-code/experiments/out/netperf-qemu-switch-cd_verilator/1/nic.eth.client.0."], "stdout": ["start polling"], "stderr": []}, "host.server.0": {"class": "QemuHost", "cmd": ["/home/hejingli/endhostsim-code/qemu/build/x86_64-softmmu/qemu-system-x86_64", "-machine", "q35", "-serial", "mon:stdio", "-display", "none", "-nic", "none", "-kernel", "/home/hejingli/endhostsim-code/images/bzImage", "-drive", "file=/home/hejingli/endhostsim-code/experiments/out/netperf-qemu-switch-cd_verilator/1/hdcopy.server.0,if=ide,index=0,media=disk", "-drive", "file=/home/hejingli/endhostsim-code/experiments/out/netperf-qemu-switch-cd_verilator/1/cfg.server.0.tar,if=ide,index=1,media=disk,driver=raw", "-append", "earlyprintk=ttyS0 console=ttyS0 root=/dev/sda1 init=/home/ubuntu/guestinit.sh rw", "-m", "4096", "-smp", "1", "-cpu", "host", "-enable-kvm", "-chardev", "socket,path=/home/hejingli/endhostsim-code/experiments/out/netperf-qemu-switch-cd_verilator/1/nic.pci.server.0.,id=cosimcd", "-device", "cosim-pci,chardev=cosimcd,sync=off"], "stdout": ["early console in extract_kernel\r", "input_data: 0x000000000210e2c8\r", "input_len: 0x00000000003d1ed8\r", "output: 0x0000000001000000\r", "output_len: 0x00000000014baa98\r", "kernel_total_size: 0x0000000001226000\r", "needed_size: 0x0000000001600000\r", "trampoline_32bit: 0x000000000009d000\r", "\r", "Decompressing Linux... Parsing ELF... done.\r", "Booting the kernel.\r", "[    0.000000] Linux version 5.4.46 (hejingli@brain21) (gcc version 8.3.0 (Debian 8.3.0-6)) #1 SMP Mon Sep 21 21:54:40 CEST 2020\r", "[    0.000000] Command line: earlyprintk=ttyS0 console=ttyS0 root=/dev/sda1 init=/home/ubuntu/guestinit.sh rw\r", "[    0.000000] x86/fpu: Supporting XSAVE feature 0x001: 'x87 floating point registers'\r", "[    0.000000] x86/fpu: Supporting XSAVE feature 0x002: 'SSE registers'\r", "[    0.000000] x86/fpu: Supporting XSAVE feature 0x004: 'AVX registers'\r", "[    0.000000] x86/fpu: xstate_offset[2]:  576, xstate_sizes[2]:  256\r", "[    0.000000] x86/fpu: Enabled xstate features 0x7, context size is 832 bytes, using 'standard' format.\r", "[    0.000000] BIOS-provided physical RAM map:\r", "[    0.000000] BIOS-e820: [mem 0x0000000000000000-0x000000000009fbff] usable\r", "[    0.000000] BIOS-e820: [mem 0x000000000009fc00-0x000000000009ffff] reserved\r", "[    0.000000] BIOS-e820: [mem 0x00000000000f0000-0x00000000000fffff] reserved\r", "[    0.000000] BIOS-e820: [mem 0x0000000000100000-0x000000007ffddfff] usable\r", "[    0.000000] BIOS-e820: [mem 0x000000007ffde000-0x000000007fffffff] reserved\r", "[    0.000000] BIOS-e820: [mem 0x00000000b0000000-0x00000000bfffffff] reserved\r", "[    0.000000] BIOS-e820: [mem 0x00000000fed1c000-0x00000000fed1ffff] reserved\r", "[    0.000000] BIOS-e820: [mem 0x00000000feffc000-0x00000000feffffff] reserved\r", "[    0.000000] BIOS-e820: [mem 0x00000000fffc0000-0x00000000ffffffff] reserved\r", "[    0.000000] BIOS-e820: [mem 0x0000000100000000-0x000000017fffffff] usable\r", "[    0.000000] printk: bootconsole [earlyser0] enabled\r", "[    0.000000] NX (Execute Disable) protection: active\r", "[    0.000000] SMBIOS 2.8 present.\r", "[    0.000000] DMI: QEMU Standard PC (Q35 + ICH9, 2009), BIOS rel-1.14.0-0-g155821a1990b-prebuilt.qemu.org 04/01/2014\r", "[    0.000000] Hypervisor detected: KVM\r", "[    0.000000] kvm-clock: Using msrs 4b564d01 and 4b564d00\r", "[    0.000009] kvm-clock: cpu 0, msr 20d0001, primary cpu clock\r", "[    0.000009] kvm-clock: using sched offset of 172660327 cycles\r", "[    0.000821] clocksource: kvm-clock: mask: 0xffffffffffffffff max_cycles: 0x1cd42e4dffb, max_idle_ns: 881590591483 ns\r", "[    0.003164] tsc: Detected 2999.982 MHz processor\r", "[    0.005283] last_pfn = 0x180000 max_arch_pfn = 0x400000000\r", "[    0.006118] x86/PAT: Configuration [0-7]: WB  WC  UC- UC  WB  WP  UC- WT  \r", "[    0.007132] last_pfn = 0x7ffde max_arch_pfn = 0x400000000\r", "[    0.014613] found SMP MP-table at [mem 0x000f5ab0-0x000f5abf]\r", "[    0.015506] Using GB pages for direct mapping\r", "[    0.016985] ACPI: Early table checksum verification disabled\r", "[    0.017825] ACPI: RSDP 0x00000000000F58C0 000014 (v00 BOCHS )\r", "[    0.018654] ACPI: RSDT 0x000000007FFE20CE 000038 (v01 BOCHS  BXPCRSDT 00000001 BXPC 00000001)\r", "[    0.019905] ACPI: FACP 0x000000007FFE1EC6 0000F4 (v03 BOCHS  BXPCFACP 00000001 BXPC 00000001)\r", "[    0.021135] ACPI: DSDT 0x000000007FFE0040 001E86 (v01 BOCHS  BXPCDSDT 00000001 BXPC 00000001)\r", "[    0.022373] ACPI: FACS 0x000000007FFE0000 000040\r", "[    0.023056] ACPI: APIC 0x000000007FFE1FBA 000078 (v01 BOCHS  BXPCAPIC 00000001 BXPC 00000001)\r", "[    0.024281] ACPI: HPET 0x000000007FFE2032 000038 (v01 BOCHS  BXPCHPET 00000001 BXPC 00000001)\r", "[    0.025505] ACPI: MCFG 0x000000007FFE206A 00003C (v01 BOCHS  BXPCMCFG 00000001 BXPC 00000001)\r", "[    0.026728] ACPI: WAET 0x000000007FFE20A6 000028 (v01 BOCHS  BXPCWAET 00000001 BXPC 00000001)\r", "[    0.028357] No NUMA configuration found\r", "[    0.028907] Faking a node at [mem 0x0000000000000000-0x000000017fffffff]\r", "[    0.029883] NODE_DATA(0) allocated [mem 0x17ffdc000-0x17fffdfff]\r", "[    0.031799] Zone ranges:\r", "[    0.032164]   DMA      [mem 0x0000000000001000-0x0000000000ffffff]\r", "[    0.033054]   DMA32    [mem 0x0000000001000000-0x00000000ffffffff]\r", "[    0.033937]   Normal   [mem 0x0000000100000000-0x000000017fffffff]\r", "[    0.034819] Movable zone start for each node\r", "[    0.035444] Early memory node ranges\r", "[    0.035955]   node   0: [mem 0x0000000000001000-0x000000000009efff]\r", "[    0.036853]   node   0: [mem 0x0000000000100000-0x000000007ffddfff]\r", "[    0.037750]   node   0: [mem 0x0000000100000000-0x000000017fffffff]\r", "[    0.039867] Zeroed struct page in unavailable ranges: 132 pages\r", "[    0.039868] Initmem setup node 0 [mem 0x0000000000001000-0x000000017fffffff]\r", "[    0.070569] ACPI: PM-Timer IO Port: 0x608\r", "[    0.071326] ACPI: LAPIC_NMI (acpi_id[0xff] dfl dfl lint[0x1])\r", "[    0.072284] IOAPIC[0]: apic_id 0, version 17, address 0xfec00000, GSI 0-23\r", "[    0.073346] ACPI: INT_SRC_OVR (bus 0 bus_irq 0 global_irq 2 dfl dfl)\r", "[    0.074309] ACPI: INT_SRC_OVR (bus 0 bus_irq 5 global_irq 5 high level)\r", "[    0.075296] ACPI: INT_SRC_OVR (bus 0 bus_irq 9 global_irq 9 high level)\r", "[    0.076242] ACPI: INT_SRC_OVR (bus 0 bus_irq 10 global_irq 10 high level)\r", "[    0.077250] ACPI: INT_SRC_OVR (bus 0 bus_irq 11 global_irq 11 high level)\r", "[    0.078233] Using ACPI (MADT) for SMP configuration information\r", "[    0.079090] ACPI: HPET id: 0x8086a201 base: 0xfed00000\r", "[    0.079833] smpboot: Allowing 1 CPUs, 0 hotplug CPUs\r", "[    0.080572] KVM setup pv sched yield\r", "[    0.081118] [mem 0xc0000000-0xfed1bfff] available for PCI devices\r", "[    0.081994] Booting paravirtualized kernel on KVM\r", "[    0.082688] clocksource: refined-jiffies: mask: 0xffffffff max_cycles: 0xffffffff, max_idle_ns: 1910969940391419 ns\r", "[    0.123859] setup_percpu: NR_CPUS:8192 nr_cpumask_bits:1 nr_cpu_ids:1 nr_node_ids:1\r", "[    0.125757] percpu: Embedded 49 pages/cpu s159768 r8192 d32744 u2097152\r", "[    0.126771] KVM setup async PF for cpu 0\r", "[    0.127369] kvm-stealtime: cpu 0, msr 17c416080\r", "[    0.128064] Built 1 zonelists, mobility grouping on.  Total pages: 1034087\r", "[    0.129073] Policy zone: Normal\r", "[    0.129530] Kernel command line: earlyprintk=ttyS0 console=ttyS0 root=/dev/sda1 init=/home/ubuntu/guestinit.sh rw\r", "[    0.132500] Dentry cache hash table entries: 524288 (order: 10, 4194304 bytes, linear)\r", "[    0.133797] Inode-cache hash table entries: 262144 (order: 9, 2097152 bytes, linear)\r", "[    0.134974] mem auto-init: stack:off, heap alloc:off, heap free:off\r", "[    0.171245] Memory: 4045440K/4193776K available (8194K kernel code, 1285K rwdata, 1956K rodata, 1900K init, 1304K bss, 148336K reserved, 0K cma-reserved)\r", "[    0.175221] rcu: Hierarchical RCU implementation.\r", "[    0.175924] rcu: \tRCU restricting CPUs from NR_CPUS=8192 to nr_cpu_ids=1.\r", "[    0.176930] rcu: RCU calculated value of scheduler-enlistment delay is 100 jiffies.\r", "[    0.178025] rcu: Adjusting geometry for rcu_fanout_leaf=16, nr_cpu_ids=1\r", "[    0.179105] NR_IRQS: 524544, nr_irqs: 256, preallocated irqs: 16\r", "[    0.180324] random: crng done (trusting CPU's manufacturer)\r", "[    0.205270] Console: colour VGA+ 80x25\r", "[    0.205874] printk: console [ttyS0] enabled\r", "[    0.205874] printk: console [ttyS0] enabled\r", "[    0.207149] printk: bootconsole [earlyser0] disabled\r", "[    0.207149] printk: bootconsole [earlyser0] disabled\r", "[    0.208653] ACPI: Core revision 20190816\r", "[    0.209495] clocksource: hpet: mask: 0xffffffff max_cycles: 0xffffffff, max_idle_ns: 19112604467 ns\r", "[    0.211044] APIC: Switch to symmetric I/O mode setup\r", "[    0.211810] KVM setup pv IPIs\r", "[    0.213658] ..TIMER: vector=0x30 apic1=0 pin1=2 apic2=-1 pin2=-1\r", "[    0.214604] clocksource: tsc-early: mask: 0xffffffffffffffff max_cycles: 0x2b3e3442c8b, max_idle_ns: 440795248401 ns\r", "[    0.216339] Calibrating delay loop (skipped) preset value.. 5999.96 BogoMIPS (lpj=2999982)\r", "[    0.217342] pid_max: default: 32768 minimum: 301\r", "[    0.218396] Mount-cache hash table entries: 8192 (order: 4, 65536 bytes, linear)\r", "[    0.219348] Mountpoint-cache hash table entries: 8192 (order: 4, 65536 bytes, linear)\r", "[    0.221633] x86/cpu: User Mode Instruction Prevention (UMIP) activated\r", "[    0.222445] Last level iTLB entries: 4KB 0, 2MB 0, 4MB 0\r", "[    0.223337] Last level dTLB entries: 4KB 0, 2MB 0, 4MB 0, 1GB 0\r", "[    0.224342] Spectre V1 : Mitigation: usercopy/swapgs barriers and __user pointer sanitization\r", "[    0.225338] Spectre V2 : Spectre mitigation: kernel not compiled with retpoline; no mitigation available!\r", "[    0.225339] Speculative Store Bypass: Mitigation: Speculative Store Bypass disabled via prctl\r", "[    0.227338] MDS: Mitigation: Clear CPU buffers\r", "[    0.231429] Freeing SMP alternatives memory: 12K\r", "[    0.232419] smpboot: CPU0: Intel(R) Xeon(R) CPU E7-8857 v2 @ 3.00GHz (family: 0x6, model: 0x3e, stepping: 0x7)\r", "[    0.233514] Performance Events: IvyBridge events, Intel PMU driver.\r", "[    0.234349] ... version:                2\r", "[    0.234949] ... bit width:              48\r", "[    0.235339] ... generic registers:      8\r", "[    0.235926] ... value mask:             0000ffffffffffff\r", "[    0.236339] ... max period:             000000007fffffff\r", "[    0.237173] ... fixed-purpose events:   3\r", "[    0.237339] ... event mask:             00000007000000ff\r", "[    0.238282] rcu: Hierarchical SRCU implementation.\r", "[    0.238401] smp: Bringing up secondary CPUs ...\r", "[    0.239099] smp: Brought up 1 node, 1 CPU\r", "[    0.239343] smpboot: Max logical packages: 1\r", "[    0.239974] smpboot: Total of 1 processors activated (5999.96 BogoMIPS)\r", "[    0.240775] devtmpfs: initialized\r", "[    0.241502] clocksource: jiffies: mask: 0xffffffff max_cycles: 0xffffffff, max_idle_ns: 1911260446275000 ns\r", "[    0.242343] futex hash table entries: 256 (order: 2, 16384 bytes, linear)\r", "[    0.243422] \r", "[    0.243657] *************************************************************\r", "[    0.244339] **     NOTICE NOTICE NOTICE NOTICE NOTICE NOTICE NOTICE    **\r", "[    0.245321] **                                                         **\r", "[    0.245340] **  IOMMU DebugFS SUPPORT HAS BEEN ENABLED IN THIS KERNEL  **\r", "[    0.246319] **                                                         **\r", "[    0.246338] ** This means that this kernel is built to expose internal **\r", "[    0.247314] ** IOMMU data structures, which may compromise security on **\r", "[    0.247339] ** your system.                                            **\r", "[    0.248316] **                                                         **\r", "[    0.248338] ** If you see this message and you are not debugging the   **\r", "[    0.249314] ** kernel, report this immediately to your vendor!         **\r", "[    0.249338] **                                                         **\r", "[    0.250319] **     NOTICE NOTICE NOTICE NOTICE NOTICE NOTICE NOTICE    **\r", "[    0.250338] *************************************************************\r", "[    0.251533] NET: Registered protocol family 16\r", "[    0.252305] audit: initializing netlink subsys (disabled)\r", "[    0.252495] cpuidle: using governor ladder\r", "[    0.253143] KVM setup pv remote TLB flush\r", "[    0.253363] ACPI: bus type PCI registered\r", "[    0.253960] acpiphp: ACPI Hot Plug PCI Controller Driver version: 0.5\r", "[    0.254485] PCI: MMCONFIG for domain 0000 [bus 00-ff] at [mem 0xb0000000-0xbfffffff] (base 0xb0000000)\r", "[    0.255343] PCI: MMCONFIG at [mem 0xb0000000-0xbfffffff] reserved in E820\r", "[    0.256351] PCI: Using configuration type 1 for base access\r", "[    0.257212] core: PMU erratum BJ122, BV98, HSD29 workaround disabled, HT off\r", "[    0.260745] audit: type=2000 audit(1606671586.405:1): state=initialized audit_enabled=0 res=1\r", "[    0.263779] HugeTLB registered 1.00 GiB page size, pre-allocated 0 pages\r", "[    0.264363] HugeTLB registered 2.00 MiB page size, pre-allocated 0 pages\r", "[    0.266177] ACPI: Added _OSI(Module Device)\r", "[    0.266347] ACPI: Added _OSI(Processor Device)\r", "[    0.267021] ACPI: Added _OSI(3.0 _SCP Extensions)\r", "[    0.267340] ACPI: Added _OSI(Processor Aggregator Device)\r", "[    0.268141] ACPI: Added _OSI(Linux-Dell-Video)\r", "[    0.268339] ACPI: Added _OSI(Linux-Lenovo-NV-HDMI-Audio)\r", "[    0.269332] ACPI: Added _OSI(Linux-HPI-Hybrid-Graphics)\r", "[    0.270554] ACPI: 1 ACPI AML tables successfully acquired and loaded\r", "[    0.272487] ACPI: Interpreter enabled\r", "[    0.273135] ACPI: (supports S0 S5)\r", "[    0.273341] ACPI: Using IOAPIC for interrupt routing\r", "[    0.274295] PCI: Using host bridge windows from ACPI; if necessary, use \"pci=nocrs\" and report a bug\r", "[    0.274424] ACPI: Enabled 1 GPEs in block 00 to 3F\r", "[    0.277397] ACPI: PCI Root Bridge [PCI0] (domain 0000 [bus 00-ff])\r", "[    0.278351] acpi PNP0A08:00: _OSC: OS supports [ExtendedConfig ASPM ClockPM Segments MSI HPX-Type3]\r", "[    0.279430] acpi PNP0A08:00: _OSC: platform does not support [LTR]\r", "[    0.280398] acpi PNP0A08:00: _OSC: OS now controls [PCIeHotplug PME AER PCIeCapability]\r", "[    0.281497] PCI host bridge to bus 0000:00\r", "[    0.282220] pci_bus 0000:00: root bus resource [io  0x0000-0x0cf7 window]\r", "[    0.282341] pci_bus 0000:00: root bus resource [io  0x0d00-0xffff window]\r", "[    0.283341] pci_bus 0000:00: root bus resource [mem 0x000a0000-0x000bffff window]\r", "[    0.284342] pci_bus 0000:00: root bus resource [mem 0x80000000-0xafffffff window]\r", "[    0.285340] pci_bus 0000:00: root bus resource [mem 0xc0000000-0xfebfffff window]\r", "[    0.286340] pci_bus 0000:00: root bus resource [mem 0x180000000-0x97fffffff window]\r", "[    0.287341] pci_bus 0000:00: root bus resource [bus 00-ff]\r", "[    0.288340] pci 0000:00:00.0: [8086:29c0] type 00 class 0x060000\r", "[    0.290008] pci 0000:00:01.0: [1234:1111] type 00 class 0x030000\r", "[    0.292186] pci 0000:00:01.0: reg 0x10: [mem 0xfd000000-0xfdffffff pref]\r", "[    0.294367] pci 0000:00:01.0: reg 0x18: [mem 0xfc010000-0xfc010fff]\r", "[    0.299203] pci 0000:00:01.0: reg 0x30: [mem 0xfc000000-0xfc00ffff pref]\r", "[    0.299696] pci 0000:00:02.0: [5543:1001] type 00 class 0x020000\r", "[    0.301198] pci 0000:00:02.0: reg 0x10: [mem 0xfb000000-0xfbffffff 64bit]\r", "[    0.304328] pci 0000:00:1f.0: [8086:2918] type 00 class 0x060100\r", "[    0.304896] pci 0000:00:1f.0: quirk: [io  0x0600-0x067f] claimed by ICH6 ACPI/GPIO/TCO\r", "[    0.305576] pci 0000:00:1f.2: [8086:2922] type 00 class 0x010601\r", "[    0.310259] pci 0000:00:1f.2: reg 0x20: [io  0xc040-0xc05f]\r", "[    0.311001] pci 0000:00:1f.2: reg 0x24: [mem 0xfc011000-0xfc011fff]\r", "[    0.312335] pci 0000:00:1f.3: [8086:2930] type 00 class 0x0c0500\r", "[    0.315140] pci 0000:00:1f.3: reg 0x20: [io  0x0700-0x073f]\r", "[    0.316524] ACPI: PCI Interrupt Link [LNKA] (IRQs 5 *10 11)\r", "[    0.317451] ACPI: PCI Interrupt Link [LNKB] (IRQs 5 *10 11)\r", "[    0.318434] ACPI: PCI Interrupt Link [LNKC] (IRQs 5 10 *11)\r", "[    0.319421] ACPI: PCI Interrupt Link [LNKD] (IRQs 5 10 *11)\r", "[    0.320414] ACPI: PCI Interrupt Link [LNKE] (IRQs 5 *10 11)\r", "[    0.321432] ACPI: PCI Interrupt Link [LNKF] (IRQs 5 *10 11)\r", "[    0.322427] ACPI: PCI Interrupt Link [LNKG] (IRQs 5 10 *11)\r", "[    0.323415] ACPI: PCI Interrupt Link [LNKH] (IRQs 5 10 *11)\r", "[    0.324398] ACPI: PCI Interrupt Link [GSIA] (IRQs *16)\r", "[    0.325219] ACPI: PCI Interrupt Link [GSIB] (IRQs *17)\r", "[    0.325354] ACPI: PCI Interrupt Link [GSIC] (IRQs *18)\r", "[    0.326304] ACPI: PCI Interrupt Link [GSID] (IRQs *19)\r", "[    0.326353] ACPI: PCI Interrupt Link [GSIE] (IRQs *20)\r", "[    0.327295] ACPI: PCI Interrupt Link [GSIF] (IRQs *21)\r", "[    0.327350] ACPI: PCI Interrupt Link [GSIG] (IRQs *22)\r", "[    0.328254] ACPI: PCI Interrupt Link [GSIH] (IRQs *23)\r", "[    0.328602] iommu: Default domain type: Translated \r", "[    0.331298] pci 0000:00:01.0: vgaarb: setting as boot VGA device\r", "[    0.331335] pci 0000:00:01.0: vgaarb: VGA device added: decodes=io+mem,owns=io+mem,locks=none\r", "[    0.331350] pci 0000:00:01.0: vgaarb: bridge control possible\r", "[    0.332314] vgaarb: loaded\r", "[    0.332439] SCSI subsystem initialized\r", "[    0.333366] pps_core: LinuxPPS API ver. 1 registered\r", "[    0.334185] pps_core: Software ver. 5.3.6 - Copyright 2005-2007 Rodolfo Giometti <giometti@linux.it>\r", "[    0.334345] PTP clock support registered\r", "[    0.335076] PCI: Using ACPI for IRQ routing\r", "[    0.405098] hpet0: at MMIO 0xfed00000, IRQs 2, 8, 0\r", "[    0.405340] hpet0: 3 comparators, 64-bit 100.000000 MHz counter\r", "[    0.409644] clocksource: Switched to clocksource kvm-clock\r", "[    0.418872] VFS: Disk quotas dquot_6.6.0\r", "[    0.419600] VFS: Dquot-cache hash table entries: 512 (order 0, 4096 bytes)\r", "[    0.420824] pnp: PnP ACPI init\r", "[    0.421750] pnp: PnP ACPI: found 5 devices\r", "[    0.425199] thermal_sys: Registered thermal governor 'step_wise'\r", "[    0.425200] thermal_sys: Registered thermal governor 'user_space'\r", "[    0.430892] clocksource: acpi_pm: mask: 0xffffff max_cycles: 0xffffff, max_idle_ns: 2085701024 ns\r", "[    0.433191] pci_bus 0000:00: resource 4 [io  0x0000-0x0cf7 window]\r", "[    0.434141] pci_bus 0000:00: resource 5 [io  0x0d00-0xffff window]\r", "[    0.435125] pci_bus 0000:00: resource 6 [mem 0x000a0000-0x000bffff window]\r", "[    0.436221] pci_bus 0000:00: resource 7 [mem 0x80000000-0xafffffff window]\r", "[    0.437280] pci_bus 0000:00: resource 8 [mem 0xc0000000-0xfebfffff window]\r", "[    0.438343] pci_bus 0000:00: resource 9 [mem 0x180000000-0x97fffffff window]\r", "[    0.439499] NET: Registered protocol family 2\r", "[    0.440436] tcp_listen_portaddr_hash hash table entries: 2048 (order: 3, 32768 bytes, linear)\r", "[    0.441801] TCP established hash table entries: 32768 (order: 6, 262144 bytes, linear)\r", "[    0.443664] TCP bind hash table entries: 32768 (order: 7, 524288 bytes, linear)\r", "[    0.444910] TCP: Hash tables configured (established 32768 bind 32768)\r", "[    0.446039] UDP hash table entries: 2048 (order: 4, 65536 bytes, linear)\r", "[    0.447110] UDP-Lite hash table entries: 2048 (order: 4, 65536 bytes, linear)\r", "[    0.448343] NET: Registered protocol family 1\r", "[    0.449126] pci 0000:00:01.0: Video device with shadowed ROM at [mem 0x000c0000-0x000dffff]\r", "[    0.450486] PCI: CLS 0 bytes, default 64\r", "[    0.451898] PCI-DMA: Using software bounce buffering for IO (SWIOTLB)\r", "[    0.452960] software IO TLB: mapped [mem 0x7bfde000-0x7ffde000] (64MB)\r", "[    0.454042] clocksource: tsc: mask: 0xffffffffffffffff max_cycles: 0x2b3e3442c8b, max_idle_ns: 440795248401 ns\r", "[    0.456208] workingset: timestamp_bits=52 max_order=20 bucket_order=0\r", "[    0.457555] fuse: init (API version 7.31)\r", "[    0.461808] Block layer SCSI generic (bsg) driver version 0.4 loaded (major 252)\r", "[    0.462997] io scheduler mq-deadline registered\r", "[    0.463743] io scheduler kyber registered\r", "[    0.464969] acpiphp_ibm: ibm_acpiphp_init: acpi_walk_namespace failed\r", "[    0.466166] Serial: 8250/16550 driver, 4 ports, IRQ sharing disabled\r", "[    0.493662] 00:03: ttyS0 at I/O 0x3f8 (irq = 4, base_baud = 115200) is a 16550A\r", "[    0.495254] Linux agpgart interface v0.103\r", "[    0.497883] brd: module loaded\r", "[    0.500086] loop: module loaded\r", "[    0.500637] Loading iSCSI transport class v2.0-870.\r", "[    0.502112] PCI Interrupt Link [GSIA] enabled at IRQ 16\r", "[    0.503801] ahci 0000:00:1f.2: AHCI 0001.0000 32 slots 6 ports 1.5 Gbps 0x3f impl SATA mode\r", "[    0.505164] ahci 0000:00:1f.2: flags: 64bit ncq only \r", "[    0.507928] scsi host0: ahci\r", "[    0.508516] scsi host1: ahci\r", "[    0.509050] scsi host2: ahci\r", "[    0.509643] scsi host3: ahci\r", "[    0.510230] scsi host4: ahci\r", "[    0.510843] scsi host5: ahci\r", "[    0.511387] ata1: SATA max UDMA/133 abar m4096@0xfc011000 port 0xfc011100 irq 24\r", "[    0.512579] ata2: SATA max UDMA/133 abar m4096@0xfc011000 port 0xfc011180 irq 24\r", "[    0.513685] ata3: SATA max UDMA/133 abar m4096@0xfc011000 port 0xfc011200 irq 24\r", "[    0.514778] ata4: SATA max UDMA/133 abar m4096@0xfc011000 port 0xfc011280 irq 24\r", "[    0.516002] ata5: SATA max UDMA/133 abar m4096@0xfc011000 port 0xfc011300 irq 24\r", "[    0.517179] ata6: SATA max UDMA/133 abar m4096@0xfc011000 port 0xfc011380 irq 24\r", "[    0.518412] Ethernet Channel Bonding Driver: v3.7.1 (April 27, 2011)\r", "[    0.520132] tun: Universal TUN/TAP device driver, 1.6\r", "[    0.521163] VFIO - User Level meta-driver version: 0.3\r", "[    0.523193] i8042: PNP: PS/2 Controller [PNP0303:KBD,PNP0f13:MOU] at 0x60,0x64 irq 1,12\r", "[    0.525331] serio: i8042 KBD port at 0x60,0x64 irq 1\r", "[    0.526135] serio: i8042 AUX port at 0x60,0x64 irq 12\r", "[    0.527168] mousedev: PS/2 mouse device common for all mice\r", "[    0.528279] NET: Registered protocol family 17\r", "[    0.529357] input: AT Translated Set 2 keyboard as /devices/platform/i8042/serio0/input/input0\r", "[    0.531524] IPI shorthand broadcast: enabled\r", "[    0.532239] sched_clock: Marking stable (498289645, 33061824)->(578877955, -47526486)\r", "[    0.826750] ata3: SATA link up 1.5 Gbps (SStatus 113 SControl 300)\r", "[    0.828369] ata3.00: ATAPI: QEMU DVD-ROM, 2.5+, max UDMA/100\r", "[    0.829245] ata3.00: applying bridge limits\r", "[    0.830123] ata3.00: configured for UDMA/100\r", "[    0.831169] ata1: SATA link up 1.5 Gbps (SStatus 113 SControl 300)\r", "[    0.832260] ata1.00: ATA-7: QEMU HARDDISK, 2.5+, max UDMA/100\r", "[    0.833123] ata1.00: 83886080 sectors, multi 16: LBA48 NCQ (depth 32)\r", "[    0.834078] ata1.00: applying bridge limits\r", "[    0.834822] ata1.00: configured for UDMA/100\r", "[    0.835688] scsi 0:0:0:0: Direct-Access     ATA      QEMU HARDDISK    2.5+ PQ: 0 ANSI: 5\r", "[    0.837064] ata4: SATA link down (SStatus 0 SControl 300)\r", "[    0.838028] ata5: SATA link down (SStatus 0 SControl 300)\r", "[    0.838989] ata6: SATA link down (SStatus 0 SControl 300)\r", "[    0.839977] ata2: SATA link up 1.5 Gbps (SStatus 113 SControl 300)\r", "[    0.840977] ata2.00: ATA-7: QEMU HARDDISK, 2.5+, max UDMA/100\r", "[    0.841829] ata2.00: 160 sectors, multi 16: LBA48 NCQ (depth 32)\r", "[    0.842717] ata2.00: applying bridge limits\r", "[    0.843474] ata2.00: configured for UDMA/100\r", "[    0.844615] sd 0:0:0:0: [sda] 83886080 512-byte logical blocks: (42.9 GB/40.0 GiB)\r", "[    0.845751] sd 0:0:0:0: [sda] Write Protect is off\r", "[    0.846494] sd 0:0:0:0: Attached scsi generic sg0 type 0\r", "[    0.847363] sd 0:0:0:0: [sda] Write cache: enabled, read cache: enabled, doesn't support DPO or FUA\r", "[    0.848825] scsi 1:0:0:0: Direct-Access     ATA      QEMU HARDDISK    2.5+ PQ: 0 ANSI: 5\r", "[    0.850221] sd 1:0:0:0: [sdb] 160 512-byte logical blocks: (81.9 kB/80.0 KiB)\r", "[    0.851312] sd 1:0:0:0: [sdb] Write Protect is off\r", "[    0.852064] sd 1:0:0:0: Attached scsi generic sg1 type 0\r", "[    0.852893] sd 1:0:0:0: [sdb] Write cache: enabled, read cache: enabled, doesn't support DPO or FUA\r", "[    0.854384] scsi 2:0:0:0: CD-ROM            QEMU     QEMU DVD-ROM     2.5+ PQ: 0 ANSI: 5\r", "[    0.857210]  sda: sda1\r", "[    0.857981] sd 1:0:0:0: [sdb] Attached SCSI disk\r", "[    0.858766] sd 0:0:0:0: [sda] Attached SCSI disk\r", "[    0.870563] sr 2:0:0:0: [sr0] scsi3-mmc drive: 4x/4x cd/rw xa/form2 tray\r", "[    0.871590] cdrom: Uniform CD-ROM driver Revision: 3.20\r", "[    0.872684] sr 2:0:0:0: Attached scsi generic sg2 type 5\r", "[    0.889595] EXT4-fs (sda1): mounted filesystem with ordered data mode. Opts: (null)\r", "[    0.890784] VFS: Mounted root (ext4 filesystem) on device 8:1.\r", "[    0.893832] devtmpfs: mounted\r", "[    0.896241] Freeing unused kernel image memory: 1900K\r", "[    0.896990] Write protecting the kernel read-only data: 12288k\r", "[    0.900036] Freeing unused kernel image memory: 2032K\r", "[    0.900827] Freeing unused kernel image memory: 92K\r", "[    0.901565] rodata_test: all tests were successful\r", "[    0.902269] Run /home/ubuntu/guestinit.sh as init process\r", "+ export HOME=/root\r", "+ export LANG=en_US\r", "+ export PATH=/usr/local/sbin:/usr/local/bin:/usr/sbin:/usr/bin:/sbin:/bin:/usr/games:/usr/local/games\r", "+ insmod /tmp/guest/mqnic.ko\r", "[    1.005944] mqnic: loading out-of-tree module taints kernel.\r", "[    1.007325] mqnic 0000:00:02.0: mqnic probe\r", "[    1.008428] PCI Interrupt Link [GSIG] enabled at IRQ 22\r", "[    1.009488] mqnic 0000:00:02.0: FW ID: 0x00000020\r", "[    1.010291] mqnic 0000:00:02.0: FW version: 0.1\r", "[    1.011076] mqnic 0000:00:02.0: Board ID: 0x43215678\r", "[    1.011916] mqnic 0000:00:02.0: Board version: 0.1\r", "[    1.012750] mqnic 0000:00:02.0: PHC count: 1\r", "[    1.013474] mqnic 0000:00:02.0: PHC offset: 0x00000200\r", "[    1.014296] mqnic 0000:00:02.0: IF count: 1\r", "[    1.014985] mqnic 0000:00:02.0: IF stride: 0x00080000\r", "[    1.015810] mqnic 0000:00:02.0: IF CSR offset: 0x00080000\r", "[    1.017069] mqnic 0000:00:02.0: Failed to read MAC from EEPROM; no EEPROM I2C client registered\r", "[    1.019326] mqnic 0000:00:02.0: registered PHC (index 0)\r", "[    1.020231] mqnic 0000:00:02.0: Creating interface 0\r", "[    1.023655] mqnic 0000:00:02.0: IF ID: 0x00000000\r", "[    1.024462] mqnic 0000:00:02.0: IF features: 0x00000701\r", "[    1.025357] mqnic 0000:00:02.0: Event queue count: 32\r", "[    1.026231] mqnic 0000:00:02.0: Event queue offset: 0x00100000\r", "[    1.027203] mqnic 0000:00:02.0: TX queue count: 256\r", "[    1.028041] mqnic 0000:00:02.0: TX queue offset: 0x00200000\r", "[    1.028973] mqnic 0000:00:02.0: TX completion queue count: 256\r", "[    1.029931] mqnic 0000:00:02.0: TX completion queue offset: 0x00400000\r", "[    1.031020] mqnic 0000:00:02.0: RX queue count: 256\r", "[    1.031881] mqnic 0000:00:02.0: RX queue offset: 0x00600000\r", "[    1.032847] mqnic 0000:00:02.0: RX completion queue count: 256\r", "[    1.033811] mqnic 0000:00:02.0: RX completion queue offset: 0x00700000\r", "[    1.034879] mqnic 0000:00:02.0: Port count: 1\r", "[    1.035656] mqnic 0000:00:02.0: Port offset: 0x00800000\r", "[    1.036536] mqnic 0000:00:02.0: Port stride: 0x00200000\r", "[    1.037328] mqnic 0000:00:02.0: Bad MAC in EEPROM; using random MAC\r", "[    1.038651] mqnic 0000:00:02.0: Max desc block size: 8\r", "[    1.696193] mqnic 0000:00:02.0: Port ID: 0x00000000\r", "[    1.697106] mqnic 0000:00:02.0: Port features: 0x00000701\r", "[    1.698029] mqnic 0000:00:02.0: Port MTU: 2048\r", "[    1.698816] mqnic 0000:00:02.0: Scheduler count: 1\r", "[    1.699670] mqnic 0000:00:02.0: Scheduler offset: 0x00100000\r", "[    1.700630] mqnic 0000:00:02.0: Scheduler stride: 0x00100000\r", "[    1.701606] mqnic 0000:00:02.0: Scheduler type: 0x00000000\r", "+ ip link set dev eth0 up\r", "[    1.735925] mqnic 0000:00:02.0: mqnic_open on port 0\r", "+ ip addr add 10.0.0.1/24 dev eth0\r", "+ netserver\r", "Starting netserver with host 'IN(6)ADDR_ANY' port '12865' and family AF_UNSPEC\r", "+ sleep infinity\r"], "stderr": ["qemu-system-x86_64: terminating on signal 2 from pid 22661 (python3)"]}, "host.client.0": {"class": "QemuHost", "cmd": ["/home/hejingli/endhostsim-code/qemu/build/x86_64-softmmu/qemu-system-x86_64", "-machine", "q35", "-serial", "mon:stdio", "-display", "none", "-nic", "none", "-kernel", "/home/hejingli/endhostsim-code/images/bzImage", "-drive", "file=/home/hejingli/endhostsim-code/experiments/out/netperf-qemu-switch-cd_verilator/1/hdcopy.client.0,if=ide,index=0,media=disk", "-drive", "file=/home/hejingli/endhostsim-code/experiments/out/netperf-qemu-switch-cd_verilator/1/cfg.client.0.tar,if=ide,index=1,media=disk,driver=raw", "-append", "earlyprintk=ttyS0 console=ttyS0 root=/dev/sda1 init=/home/ubuntu/guestinit.sh rw", "-m", "4096", "-smp", "1", "-cpu", "host", "-enable-kvm", "-chardev", "socket,path=/home/hejingli/endhostsim-code/experiments/out/netperf-qemu-switch-cd_verilator/1/nic.pci.client.0.,id=cosimcd", "-device", "cosim-pci,chardev=cosimcd,sync=off"], "stdout": ["early console in extract_kernel\r", "input_data: 0x000000000210e2c8\r", "input_len: 0x00000000003d1ed8\r", "output: 0x0000000001000000\r", "output_len: 0x00000000014baa98\r", "kernel_total_size: 0x0000000001226000\r", "needed_size: 0x0000000001600000\r", "trampoline_32bit: 0x000000000009d000\r", "\r", "Decompressing Linux... Parsing ELF... done.\r", "Booting the kernel.\r", "[    0.000000] Linux version 5.4.46 (hejingli@brain21) (gcc version 8.3.0 (Debian 8.3.0-6)) #1 SMP Mon Sep 21 21:54:40 CEST 2020\r", "[    0.000000] Command line: earlyprintk=ttyS0 console=ttyS0 root=/dev/sda1 init=/home/ubuntu/guestinit.sh rw\r", "[    0.000000] x86/fpu: Supporting XSAVE feature 0x001: 'x87 floating point registers'\r", "[    0.000000] x86/fpu: Supporting XSAVE feature 0x002: 'SSE registers'\r", "[    0.000000] x86/fpu: Supporting XSAVE feature 0x004: 'AVX registers'\r", "[    0.000000] x86/fpu: xstate_offset[2]:  576, xstate_sizes[2]:  256\r", "[    0.000000] x86/fpu: Enabled xstate features 0x7, context size is 832 bytes, using 'standard' format.\r", "[    0.000000] BIOS-provided physical RAM map:\r", "[    0.000000] BIOS-e820: [mem 0x0000000000000000-0x000000000009fbff] usable\r", "[    0.000000] BIOS-e820: [mem 0x000000000009fc00-0x000000000009ffff] reserved\r", "[    0.000000] BIOS-e820: [mem 0x00000000000f0000-0x00000000000fffff] reserved\r", "[    0.000000] BIOS-e820: [mem 0x0000000000100000-0x000000007ffddfff] usable\r", "[    0.000000] BIOS-e820: [mem 0x000000007ffde000-0x000000007fffffff] reserved\r", "[    0.000000] BIOS-e820: [mem 0x00000000b0000000-0x00000000bfffffff] reserved\r", "[    0.000000] BIOS-e820: [mem 0x00000000fed1c000-0x00000000fed1ffff] reserved\r", "[    0.000000] BIOS-e820: [mem 0x00000000feffc000-0x00000000feffffff] reserved\r", "[    0.000000] BIOS-e820: [mem 0x00000000fffc0000-0x00000000ffffffff] reserved\r", "[    0.000000] BIOS-e820: [mem 0x0000000100000000-0x000000017fffffff] usable\r", "[    0.000000] printk: bootconsole [earlyser0] enabled\r", "[    0.000000] NX (Execute Disable) protection: active\r", "[    0.000000] SMBIOS 2.8 present.\r", "[    0.000000] DMI: QEMU Standard PC (Q35 + ICH9, 2009), BIOS rel-1.14.0-0-g155821a1990b-prebuilt.qemu.org 04/01/2014\r", "[    0.000000] Hypervisor detected: KVM\r", "[    0.000000] kvm-clock: Using msrs 4b564d01 and 4b564d00\r", "[    0.000000] kvm-clock: cpu 0, msr 20d0001, primary cpu clock\r", "[    0.000000] kvm-clock: using sched offset of 176387701 cycles\r", "[    0.000848] clocksource: kvm-clock: mask: 0xffffffffffffffff max_cycles: 0x1cd42e4dffb, max_idle_ns: 881590591483 ns\r", "[    0.003291] tsc: Detected 2999.982 MHz processor\r", "[    0.005463] last_pfn = 0x180000 max_arch_pfn = 0x400000000\r", "[    0.006340] x86/PAT: Configuration [0-7]: WB  WC  UC- UC  WB  WP  UC- WT  \r", "[    0.007386] last_pfn = 0x7ffde max_arch_pfn = 0x400000000\r", "[    0.014920] found SMP MP-table at [mem 0x000f5ab0-0x000f5abf]\r", "[    0.015823] Using GB pages for direct mapping\r", "[    0.017364] ACPI: Early table checksum verification disabled\r", "[    0.018234] ACPI: RSDP 0x00000000000F58C0 000014 (v00 BOCHS )\r", "[    0.019099] ACPI: RSDT 0x000000007FFE20CE 000038 (v01 BOCHS  BXPCRSDT 00000001 BXPC 00000001)\r", "[    0.020390] ACPI: FACP 0x000000007FFE1EC6 0000F4 (v03 BOCHS  BXPCFACP 00000001 BXPC 00000001)\r", "[    0.021664] ACPI: DSDT 0x000000007FFE0040 001E86 (v01 BOCHS  BXPCDSDT 00000001 BXPC 00000001)\r", "[    0.022943] ACPI: FACS 0x000000007FFE0000 000040\r", "[    0.023634] ACPI: APIC 0x000000007FFE1FBA 000078 (v01 BOCHS  BXPCAPIC 00000001 BXPC 00000001)\r", "[    0.024920] ACPI: HPET 0x000000007FFE2032 000038 (v01 BOCHS  BXPCHPET 00000001 BXPC 00000001)\r", "[    0.026195] ACPI: MCFG 0x000000007FFE206A 00003C (v01 BOCHS  BXPCMCFG 00000001 BXPC 00000001)\r", "[    0.027469] ACPI: WAET 0x000000007FFE20A6 000028 (v01 BOCHS  BXPCWAET 00000001 BXPC 00000001)\r", "[    0.029136] No NUMA configuration found\r", "[    0.029711] Faking a node at [mem 0x0000000000000000-0x000000017fffffff]\r", "[    0.030723] NODE_DATA(0) allocated [mem 0x17ffdc000-0x17fffdfff]\r", "[    0.032724] Zone ranges:\r", "[    0.033106]   DMA      [mem 0x0000000000001000-0x0000000000ffffff]\r", "[    0.034032]   DMA32    [mem 0x0000000001000000-0x00000000ffffffff]\r", "[    0.034953]   Normal   [mem 0x0000000100000000-0x000000017fffffff]\r", "[    0.035884] Movable zone start for each node\r", "[    0.036522] Early memory node ranges\r", "[    0.037055]   node   0: [mem 0x0000000000001000-0x000000000009efff]\r", "[    0.037984]   node   0: [mem 0x0000000000100000-0x000000007ffddfff]\r", "[    0.038913]   node   0: [mem 0x0000000100000000-0x000000017fffffff]\r", "[    0.041087] Zeroed struct page in unavailable ranges: 132 pages\r", "[    0.041089] Initmem setup node 0 [mem 0x0000000000001000-0x000000017fffffff]\r", "[    0.072333] ACPI: PM-Timer IO Port: 0x608\r", "[    0.072992] ACPI: LAPIC_NMI (acpi_id[0xff] dfl dfl lint[0x1])\r", "[    0.073925] IOAPIC[0]: apic_id 0, version 17, address 0xfec00000, GSI 0-23\r", "[    0.074970] ACPI: INT_SRC_OVR (bus 0 bus_irq 0 global_irq 2 dfl dfl)\r", "[    0.075925] ACPI: INT_SRC_OVR (bus 0 bus_irq 5 global_irq 5 high level)\r", "[    0.076905] ACPI: INT_SRC_OVR (bus 0 bus_irq 9 global_irq 9 high level)\r", "[    0.077898] ACPI: INT_SRC_OVR (bus 0 bus_irq 10 global_irq 10 high level)\r", "[    0.078913] ACPI: INT_SRC_OVR (bus 0 bus_irq 11 global_irq 11 high level)\r", "[    0.079960] Using ACPI (MADT) for SMP configuration information\r", "[    0.080842] ACPI: HPET id: 0x8086a201 base: 0xfed00000\r", "[    0.081623] smpboot: Allowing 1 CPUs, 0 hotplug CPUs\r", "[    0.082382] KVM setup pv sched yield\r", "[    0.082932] [mem 0xc0000000-0xfed1bfff] available for PCI devices\r", "[    0.083890] Booting paravirtualized kernel on KVM\r", "[    0.084608] clocksource: refined-jiffies: mask: 0xffffffff max_cycles: 0xffffffff, max_idle_ns: 1910969940391419 ns\r", "[    0.125925] setup_percpu: NR_CPUS:8192 nr_cpumask_bits:1 nr_cpu_ids:1 nr_node_ids:1\r", "[    0.127964] percpu: Embedded 49 pages/cpu s159768 r8192 d32744 u2097152\r", "[    0.129013] KVM setup async PF for cpu 0\r", "[    0.129617] kvm-stealtime: cpu 0, msr 17c416080\r", "[    0.130320] Built 1 zonelists, mobility grouping on.  Total pages: 1034087\r", "[    0.131367] Policy zone: Normal\r", "[    0.131859] Kernel command line: earlyprintk=ttyS0 console=ttyS0 root=/dev/sda1 init=/home/ubuntu/guestinit.sh rw\r", "[    0.134827] Dentry cache hash table entries: 524288 (order: 10, 4194304 bytes, linear)\r", "[    0.136258] Inode-cache hash table entries: 262144 (order: 9, 2097152 bytes, linear)\r", "[    0.137492] mem auto-init: stack:off, heap alloc:off, heap free:off\r", "[    0.174024] Memory: 4045440K/4193776K available (8194K kernel code, 1285K rwdata, 1956K rodata, 1900K init, 1304K bss, 148336K reserved, 0K cma-reserved)\r", "[    0.177700] rcu: Hierarchical RCU implementation.\r", "[    0.178403] rcu: \tRCU restricting CPUs from NR_CPUS=8192 to nr_cpu_ids=1.\r", "[    0.179408] rcu: RCU calculated value of scheduler-enlistment delay is 100 jiffies.\r", "[    0.180625] rcu: Adjusting geometry for rcu_fanout_leaf=16, nr_cpu_ids=1\r", "[    0.181744] NR_IRQS: 524544, nr_irqs: 256, preallocated irqs: 16\r", "[    0.182882] random: crng done (trusting CPU's manufacturer)\r", "[    0.208414] Console: colour VGA+ 80x25\r", "[    0.209020] printk: console [ttyS0] enabled\r", "[    0.209020] printk: console [ttyS0] enabled\r", "[    0.210269] printk: bootconsole [earlyser0] disabled\r", "[    0.210269] printk: bootconsole [earlyser0] disabled\r", "[    0.211829] ACPI: Core revision 20190816\r", "[    0.212721] clocksource: hpet: mask: 0xffffffff max_cycles: 0xffffffff, max_idle_ns: 19112604467 ns\r", "[    0.214367] APIC: Switch to symmetric I/O mode setup\r", "[    0.215158] KVM setup pv IPIs\r", "[    0.217166] ..TIMER: vector=0x30 apic1=0 pin1=2 apic2=-1 pin2=-1\r", "[    0.218176] clocksource: tsc-early: mask: 0xffffffffffffffff max_cycles: 0x2b3e3442c8b, max_idle_ns: 440795248401 ns\r", "[    0.220053] Calibrating delay loop (skipped) preset value.. 5999.96 BogoMIPS (lpj=2999982)\r", "[    0.221045] pid_max: default: 32768 minimum: 301\r", "[    0.222101] Mount-cache hash table entries: 8192 (order: 4, 65536 bytes, linear)\r", "[    0.223070] Mountpoint-cache hash table entries: 8192 (order: 4, 65536 bytes, linear)\r", "[    0.225218] x86/cpu: User Mode Instruction Prevention (UMIP) activated\r", "[    0.226176] Last level iTLB entries: 4KB 0, 2MB 0, 4MB 0\r", "[    0.227044] Last level dTLB entries: 4KB 0, 2MB 0, 4MB 0, 1GB 0\r", "[    0.228048] Spectre V1 : Mitigation: usercopy/swapgs barriers and __user pointer sanitization\r", "[    0.229045] Spectre V2 : Spectre mitigation: kernel not compiled with retpoline; no mitigation available!\r", "[    0.229046] Speculative Store Bypass: Mitigation: Speculative Store Bypass disabled via prctl\r", "[    0.231046] MDS: Mitigation: Clear CPU buffers\r", "[    0.234683] Freeing SMP alternatives memory: 12K\r", "[    0.235275] smpboot: CPU0: Intel(R) Xeon(R) CPU E7-8857 v2 @ 3.00GHz (family: 0x6, model: 0x3e, stepping: 0x7)\r", "[    0.236218] Performance Events: IvyBridge events, Intel PMU driver.\r", "[    0.237048] ... version:                2\r", "[    0.237662] ... bit width:              48\r", "[    0.238046] ... generic registers:      8\r", "[    0.238646] ... value mask:             0000ffffffffffff\r", "[    0.239045] ... max period:             000000007fffffff\r", "[    0.239828] ... fixed-purpose events:   3\r", "[    0.240046] ... event mask:             00000007000000ff\r", "[    0.240920] rcu: Hierarchical SRCU implementation.\r", "[    0.241128] smp: Bringing up secondary CPUs ...\r", "[    0.241815] smp: Brought up 1 node, 1 CPU\r", "[    0.242046] smpboot: Max logical packages: 1\r", "[    0.242681] smpboot: Total of 1 processors activated (5999.96 BogoMIPS)\r", "[    0.243482] devtmpfs: initialized\r", "[    0.244264] clocksource: jiffies: mask: 0xffffffff max_cycles: 0xffffffff, max_idle_ns: 1911260446275000 ns\r", "[    0.245050] futex hash table entries: 256 (order: 2, 16384 bytes, linear)\r", "[    0.246110] \r", "[    0.246348] *************************************************************\r", "[    0.247046] **     NOTICE NOTICE NOTICE NOTICE NOTICE NOTICE NOTICE    **\r", "[    0.248045] **                                                         **\r", "[    0.249045] **  IOMMU DebugFS SUPPORT HAS BEEN ENABLED IN THIS KERNEL  **\r", "[    0.250046] **                                                         **\r", "[    0.251045] ** This means that this kernel is built to expose internal **\r", "[    0.252045] ** IOMMU data structures, which may compromise security on **\r", "[    0.253039] ** your system.                                            **\r", "[    0.253045] **                                                         **\r", "[    0.254041] ** If you see this message and you are not debugging the   **\r", "[    0.254045] ** kernel, report this immediately to your vendor!         **\r", "[    0.255045] **                                                         **\r", "[    0.256046] **     NOTICE NOTICE NOTICE NOTICE NOTICE NOTICE NOTICE    **\r", "[    0.257038] *************************************************************\r", "[    0.257260] NET: Registered protocol family 16\r", "[    0.258028] audit: initializing netlink subsys (disabled)\r", "[    0.258268] cpuidle: using governor ladder\r", "[    0.258963] KVM setup pv remote TLB flush\r", "[    0.259058] ACPI: bus type PCI registered\r", "[    0.259686] acpiphp: ACPI Hot Plug PCI Controller Driver version: 0.5\r", "[    0.260134] PCI: MMCONFIG for domain 0000 [bus 00-ff] at [mem 0xb0000000-0xbfffffff] (base 0xb0000000)\r", "[    0.261053] PCI: MMCONFIG at [mem 0xb0000000-0xbfffffff] reserved in E820\r", "[    0.262071] PCI: Using configuration type 1 for base access\r", "[    0.263149] core: PMU erratum BJ122, BV98, HSD29 workaround disabled, HT off\r", "[    0.267470] audit: type=2000 audit(1606671586.412:1): state=initialized audit_enabled=0 res=1\r", "[    0.269766] HugeTLB registered 1.00 GiB page size, pre-allocated 0 pages\r", "[    0.270049] HugeTLB registered 2.00 MiB page size, pre-allocated 0 pages\r", "[    0.271773] ACPI: Added _OSI(Module Device)\r", "[    0.272096] ACPI: Added _OSI(Processor Device)\r", "[    0.272832] ACPI: Added _OSI(3.0 _SCP Extensions)\r", "[    0.273046] ACPI: Added _OSI(Processor Aggregator Device)\r", "[    0.273897] ACPI: Added _OSI(Linux-Dell-Video)\r", "[    0.274046] ACPI: Added _OSI(Linux-Lenovo-NV-HDMI-Audio)\r", "[    0.274866] ACPI: Added _OSI(Linux-HPI-Hybrid-Graphics)\r", "[    0.276103] ACPI: 1 ACPI AML tables successfully acquired and loaded\r", "[    0.278183] ACPI: Interpreter enabled\r", "[    0.278841] ACPI: (supports S0 S5)\r", "[    0.279047] ACPI: Using IOAPIC for interrupt routing\r", "[    0.279832] PCI: Using host bridge windows from ACPI; if necessary, use \"pci=nocrs\" and report a bug\r", "[    0.280143] ACPI: Enabled 1 GPEs in block 00 to 3F\r", "[    0.282707] ACPI: PCI Root Bridge [PCI0] (domain 0000 [bus 00-ff])\r", "[    0.283056] acpi PNP0A08:00: _OSC: OS supports [ExtendedConfig ASPM ClockPM Segments MSI HPX-Type3]\r", "[    0.284133] acpi PNP0A08:00: _OSC: platform does not support [LTR]\r", "[    0.285103] acpi PNP0A08:00: _OSC: OS now controls [PCIeHotplug PME AER PCIeCapability]\r", "[    0.286223] PCI host bridge to bus 0000:00\r", "[    0.286901] pci_bus 0000:00: root bus resource [io  0x0000-0x0cf7 window]\r", "[    0.287048] pci_bus 0000:00: root bus resource [io  0x0d00-0xffff window]\r", "[    0.288047] pci_bus 0000:00: root bus resource [mem 0x000a0000-0x000bffff window]\r", "[    0.289047] pci_bus 0000:00: root bus resource [mem 0x80000000-0xafffffff window]\r", "[    0.290048] pci_bus 0000:00: root bus resource [mem 0xc0000000-0xfebfffff window]\r", "[    0.291048] pci_bus 0000:00: root bus resource [mem 0x180000000-0x97fffffff window]\r", "[    0.292049] pci_bus 0000:00: root bus resource [bus 00-ff]\r", "[    0.292989] pci 0000:00:00.0: [8086:29c0] type 00 class 0x060000\r", "[    0.293659] pci 0000:00:01.0: [1234:1111] type 00 class 0x030000\r", "[    0.295638] pci 0000:00:01.0: reg 0x10: [mem 0xfd000000-0xfdffffff pref]\r", "[    0.298072] pci 0000:00:01.0: reg 0x18: [mem 0xfc010000-0xfc010fff]\r", "[    0.302495] pci 0000:00:01.0: reg 0x30: [mem 0xfc000000-0xfc00ffff pref]\r", "[    0.303549] pci 0000:00:02.0: [5543:1001] type 00 class 0x020000\r", "[    0.304686] pci 0000:00:02.0: reg 0x10: [mem 0xfb000000-0xfbffffff 64bit]\r", "[    0.307615] pci 0000:00:1f.0: [8086:2918] type 00 class 0x060100\r", "[    0.308606] pci 0000:00:1f.0: quirk: [io  0x0600-0x067f] claimed by ICH6 ACPI/GPIO/TCO\r", "[    0.309285] pci 0000:00:1f.2: [8086:2922] type 00 class 0x010601\r", "[    0.312890] pci 0000:00:1f.2: reg 0x20: [io  0xc040-0xc05f]\r", "[    0.313787] pci 0000:00:1f.2: reg 0x24: [mem 0xfc011000-0xfc011fff]\r", "[    0.315308] pci 0000:00:1f.3: [8086:2930] type 00 class 0x0c0500\r", "[    0.317836] pci 0000:00:1f.3: reg 0x20: [io  0x0700-0x073f]\r", "[    0.319303] ACPI: PCI Interrupt Link [LNKA] (IRQs 5 *10 11)\r", "[    0.320130] ACPI: PCI Interrupt Link [LNKB] (IRQs 5 *10 11)\r", "[    0.321100] ACPI: PCI Interrupt Link [LNKC] (IRQs 5 10 *11)\r", "[    0.322061] ACPI: PCI Interrupt Link [LNKD] (IRQs 5 10 *11)\r", "[    0.323059] ACPI: PCI Interrupt Link [LNKE] (IRQs 5 *10 11)\r", "[    0.324061] ACPI: PCI Interrupt Link [LNKF] (IRQs 5 *10 11)\r", "[    0.325127] ACPI: PCI Interrupt Link [LNKG] (IRQs 5 10 *11)\r", "[    0.326084] ACPI: PCI Interrupt Link [LNKH] (IRQs 5 10 *11)\r", "[    0.327083] ACPI: PCI Interrupt Link [GSIA] (IRQs *16)\r", "[    0.327982] ACPI: PCI Interrupt Link [GSIB] (IRQs *17)\r", "[    0.328056] ACPI: PCI Interrupt Link [GSIC] (IRQs *18)\r", "[    0.328951] ACPI: PCI Interrupt Link [GSID] (IRQs *19)\r", "[    0.329056] ACPI: PCI Interrupt Link [GSIE] (IRQs *20)\r", "[    0.329896] ACPI: PCI Interrupt Link [GSIF] (IRQs *21)\r", "[    0.330056] ACPI: PCI Interrupt Link [GSIG] (IRQs *22)\r", "[    0.330895] ACPI: PCI Interrupt Link [GSIH] (IRQs *23)\r", "[    0.331311] iommu: Default domain type: Translated \r", "[    0.333909] pci 0000:00:01.0: vgaarb: setting as boot VGA device\r", "[    0.334042] pci 0000:00:01.0: vgaarb: VGA device added: decodes=io+mem,owns=io+mem,locks=none\r", "[    0.334056] pci 0000:00:01.0: vgaarb: bridge control possible\r", "[    0.334944] vgaarb: loaded\r", "[    0.335155] SCSI subsystem initialized\r", "[    0.336076] pps_core: LinuxPPS API ver. 1 registered\r", "[    0.336865] pps_core: Software ver. 5.3.6 - Copyright 2005-2007 Rodolfo Giometti <giometti@linux.it>\r", "[    0.337052] PTP clock support registered\r", "[    0.337703] PCI: Using ACPI for IRQ routing\r", "[    0.405671] hpet0: at MMIO 0xfed00000, IRQs 2, 8, 0\r", "[    0.406047] hpet0: 3 comparators, 64-bit 100.000000 MHz counter\r", "[    0.412638] clocksource: Switched to clocksource kvm-clock\r", "[    0.420535] VFS: Disk quotas dquot_6.6.0\r", "[    0.421267] VFS: Dquot-cache hash table entries: 512 (order 0, 4096 bytes)\r", "[    0.422576] pnp: PnP ACPI init\r", "[    0.423655] pnp: PnP ACPI: found 5 devices\r", "[    0.427450] thermal_sys: Registered thermal governor 'step_wise'\r", "[    0.427450] thermal_sys: Registered thermal governor 'user_space'\r", "[    0.433078] clocksource: acpi_pm: mask: 0xffffff max_cycles: 0xffffff, max_idle_ns: 2085701024 ns\r", "[    0.435360] pci_bus 0000:00: resource 4 [io  0x0000-0x0cf7 window]\r", "[    0.436290] pci_bus 0000:00: resource 5 [io  0x0d00-0xffff window]\r", "[    0.437239] pci_bus 0000:00: resource 6 [mem 0x000a0000-0x000bffff window]\r", "[    0.438285] pci_bus 0000:00: resource 7 [mem 0x80000000-0xafffffff window]\r", "[    0.439328] pci_bus 0000:00: resource 8 [mem 0xc0000000-0xfebfffff window]\r", "[    0.440355] pci_bus 0000:00: resource 9 [mem 0x180000000-0x97fffffff window]\r", "[    0.441496] NET: Registered protocol family 2\r", "[    0.442388] tcp_listen_portaddr_hash hash table entries: 2048 (order: 3, 32768 bytes, linear)\r", "[    0.443709] TCP established hash table entries: 32768 (order: 6, 262144 bytes, linear)\r", "[    0.445576] TCP bind hash table entries: 32768 (order: 7, 524288 bytes, linear)\r", "[    0.446741] TCP: Hash tables configured (established 32768 bind 32768)\r", "[    0.447772] UDP hash table entries: 2048 (order: 4, 65536 bytes, linear)\r", "[    0.448810] UDP-Lite hash table entries: 2048 (order: 4, 65536 bytes, linear)\r", "[    0.449952] NET: Registered protocol family 1\r", "[    0.450690] pci 0000:00:01.0: Video device with shadowed ROM at [mem 0x000c0000-0x000dffff]\r", "[    0.451988] PCI: CLS 0 bytes, default 64\r", "[    0.453249] PCI-DMA: Using software bounce buffering for IO (SWIOTLB)\r", "[    0.454242] software IO TLB: mapped [mem 0x7bfde000-0x7ffde000] (64MB)\r", "[    0.455273] clocksource: tsc: mask: 0xffffffffffffffff max_cycles: 0x2b3e3442c8b, max_idle_ns: 440795248401 ns\r", "[    0.457310] workingset: timestamp_bits=52 max_order=20 bucket_order=0\r", "[    0.458552] fuse: init (API version 7.31)\r", "[    0.462438] Block layer SCSI generic (bsg) driver version 0.4 loaded (major 252)\r", "[    0.463542] io scheduler mq-deadline registered\r", "[    0.464231] io scheduler kyber registered\r", "[    0.465411] acpiphp_ibm: ibm_acpiphp_init: acpi_walk_namespace failed\r", "[    0.466535] Serial: 8250/16550 driver, 4 ports, IRQ sharing disabled\r", "[    0.491051] 00:03: ttyS0 at I/O 0x3f8 (irq = 4, base_baud = 115200) is a 16550A\r", "[    0.492683] Linux agpgart interface v0.103\r", "[    0.495454] brd: module loaded\r", "[    0.497788] loop: module loaded\r", "[    0.498344] Loading iSCSI transport class v2.0-870.\r", "[    0.499907] PCI Interrupt Link [GSIA] enabled at IRQ 16\r", "[    0.501539] ahci 0000:00:1f.2: AHCI 0001.0000 32 slots 6 ports 1.5 Gbps 0x3f impl SATA mode\r", "[    0.502788] ahci 0000:00:1f.2: flags: 64bit ncq only \r", "[    0.505774] scsi host0: ahci\r", "[    0.506452] scsi host1: ahci\r", "[    0.507002] scsi host2: ahci\r", "[    0.507606] scsi host3: ahci\r", "[    0.508166] scsi host4: ahci\r", "[    0.508710] scsi host5: ahci\r", "[    0.509238] ata1: SATA max UDMA/133 abar m4096@0xfc011000 port 0xfc011100 irq 24\r", "[    0.510356] ata2: SATA max UDMA/133 abar m4096@0xfc011000 port 0xfc011180 irq 24\r", "[    0.511478] ata3: SATA max UDMA/133 abar m4096@0xfc011000 port 0xfc011200 irq 24\r", "[    0.512621] ata4: SATA max UDMA/133 abar m4096@0xfc011000 port 0xfc011280 irq 24\r", "[    0.513758] ata5: SATA max UDMA/133 abar m4096@0xfc011000 port 0xfc011300 irq 24\r", "[    0.514875] ata6: SATA max UDMA/133 abar m4096@0xfc011000 port 0xfc011380 irq 24\r", "[    0.516093] Ethernet Channel Bonding Driver: v3.7.1 (April 27, 2011)\r", "[    0.518149] tun: Universal TUN/TAP device driver, 1.6\r", "[    0.519271] VFIO - User Level meta-driver version: 0.3\r", "[    0.521282] i8042: PNP: PS/2 Controller [PNP0303:KBD,PNP0f13:MOU] at 0x60,0x64 irq 1,12\r", "[    0.523361] serio: i8042 KBD port at 0x60,0x64 irq 1\r", "[    0.524119] serio: i8042 AUX port at 0x60,0x64 irq 12\r", "[    0.525224] mousedev: PS/2 mouse device common for all mice\r", "[    0.526320] NET: Registered protocol family 17\r", "[    0.527366] input: AT Translated Set 2 keyboard as /devices/platform/i8042/serio0/input/input0\r", "[    0.529354] IPI shorthand broadcast: enabled\r", "[    0.530017] sched_clock: Marking stable (494833151, 34212713)->(570913391, -41867527)\r", "[    0.823269] ata5: SATA link down (SStatus 0 SControl 300)\r", "[    0.824382] ata2: SATA link up 1.5 Gbps (SStatus 113 SControl 300)\r", "[    0.825575] ata2.00: ATA-7: QEMU HARDDISK, 2.5+, max UDMA/100\r", "[    0.826450] ata2.00: 160 sectors, multi 16: LBA48 NCQ (depth 32)\r", "[    0.827347] ata2.00: applying bridge limits\r", "[    0.828117] ata2.00: configured for UDMA/100\r", "[    0.828917] ata3: SATA link up 1.5 Gbps (SStatus 113 SControl 300)\r", "[    0.829968] ata3.00: ATAPI: QEMU DVD-ROM, 2.5+, max UDMA/100\r", "[    0.830832] ata3.00: applying bridge limits\r", "[    0.831592] ata3.00: configured for UDMA/100\r", "[    0.832553] ata4: SATA link down (SStatus 0 SControl 300)\r", "[    0.833542] ata1: SATA link up 1.5 Gbps (SStatus 113 SControl 300)\r", "[    0.834865] ata1.00: ATA-7: QEMU HARDDISK, 2.5+, max UDMA/100\r", "[    0.835727] ata1.00: 83886080 sectors, multi 16: LBA48 NCQ (depth 32)\r", "[    0.836683] ata1.00: applying bridge limits\r", "[    0.837444] ata1.00: configured for UDMA/100\r", "[    0.838340] scsi 0:0:0:0: Direct-Access     ATA      QEMU HARDDISK    2.5+ PQ: 0 ANSI: 5\r", "[    0.839680] ata6: SATA link down (SStatus 0 SControl 300)\r", "[    0.840941] sd 0:0:0:0: [sda] 83886080 512-byte logical blocks: (42.9 GB/40.0 GiB)\r", "[    0.842088] sd 0:0:0:0: [sda] Write Protect is off\r", "[    0.842816] sd 0:0:0:0: Attached scsi generic sg0 type 0\r", "[    0.843659] sd 0:0:0:0: [sda] Write cache: enabled, read cache: enabled, doesn't support DPO or FUA\r", "[    0.845091] scsi 1:0:0:0: Direct-Access     ATA      QEMU HARDDISK    2.5+ PQ: 0 ANSI: 5\r", "[    0.846495] sd 1:0:0:0: [sdb] 160 512-byte logical blocks: (81.9 kB/80.0 KiB)\r", "[    0.847572] sd 1:0:0:0: [sdb] Write Protect is off\r", "[    0.848297] sd 1:0:0:0: Attached scsi generic sg1 type 0\r", "[    0.849113] sd 1:0:0:0: [sdb] Write cache: enabled, read cache: enabled, doesn't support DPO or FUA\r", "[    0.850593] scsi 2:0:0:0: CD-ROM            QEMU     QEMU DVD-ROM     2.5+ PQ: 0 ANSI: 5\r", "[    0.853348]  sda: sda1\r", "[    0.853954] sd 0:0:0:0: [sda] Attached SCSI disk\r", "[    0.854869] sd 1:0:0:0: [sdb] Attached SCSI disk\r", "[    0.866261] sr 2:0:0:0: [sr0] scsi3-mmc drive: 4x/4x cd/rw xa/form2 tray\r", "[    0.867264] cdrom: Uniform CD-ROM driver Revision: 3.20\r", "[    0.868335] sr 2:0:0:0: Attached scsi generic sg2 type 5\r", "[    0.891512] EXT4-fs (sda1): mounted filesystem with ordered data mode. Opts: (null)\r", "[    0.892676] VFS: Mounted root (ext4 filesystem) on device 8:1.\r", "[    0.896300] devtmpfs: mounted\r", "[    0.898153] Freeing unused kernel image memory: 1900K\r", "[    0.898927] Write protecting the kernel read-only data: 12288k\r", "[    0.901257] Freeing unused kernel image memory: 2032K\r", "[    0.902085] Freeing unused kernel image memory: 92K\r", "[    0.902817] rodata_test: all tests were successful\r", "[    0.903527] Run /home/ubuntu/guestinit.sh as init process\r", "+ export HOME=/root\r", "+ export LANG=en_US\r", "+ export PATH=/usr/local/sbin:/usr/local/bin:/usr/sbin:/usr/bin:/sbin:/bin:/usr/games:/usr/local/games\r", "+ insmod /tmp/guest/mqnic.ko\r", "[    1.008315] mqnic: loading out-of-tree module taints kernel.\r", "[    1.009713] mqnic 0000:00:02.0: mqnic probe\r", "[    1.010759] PCI Interrupt Link [GSIG] enabled at IRQ 22\r", "[    1.011757] mqnic 0000:00:02.0: FW ID: 0x00000020\r", "[    1.012508] mqnic 0000:00:02.0: FW version: 0.1\r", "[    1.013235] mqnic 0000:00:02.0: Board ID: 0x43215678\r", "[    1.014036] mqnic 0000:00:02.0: Board version: 0.1\r", "[    1.014796] mqnic 0000:00:02.0: PHC count: 1\r", "[    1.015502] mqnic 0000:00:02.0: PHC offset: 0x00000200\r", "[    1.016316] mqnic 0000:00:02.0: IF count: 1\r", "[    1.016974] mqnic 0000:00:02.0: IF stride: 0x00080000\r", "[    1.017771] mqnic 0000:00:02.0: IF CSR offset: 0x00080000\r", "[    1.018907] mqnic 0000:00:02.0: Failed to read MAC from EEPROM; no EEPROM I2C client registered\r", "[    1.020688] mqnic 0000:00:02.0: registered PHC (index 0)\r", "[    1.021556] mqnic 0000:00:02.0: Creating interface 0\r", "[    1.024969] mqnic 0000:00:02.0: IF ID: 0x00000000\r", "[    1.025760] mqnic 0000:00:02.0: IF features: 0x00000701\r", "[    1.026633] mqnic 0000:00:02.0: Event queue count: 32\r", "[    1.027490] mqnic 0000:00:02.0: Event queue offset: 0x00100000\r", "[    1.028463] mqnic 0000:00:02.0: TX queue count: 256\r", "[    1.029291] mqnic 0000:00:02.0: TX queue offset: 0x00200000\r", "[    1.030230] mqnic 0000:00:02.0: TX completion queue count: 256\r", "[    1.031194] mqnic 0000:00:02.0: TX completion queue offset: 0x00400000\r", "[    1.032270] mqnic 0000:00:02.0: RX queue count: 256\r", "[    1.033085] mqnic 0000:00:02.0: RX queue offset: 0x00600000\r", "[    1.034054] mqnic 0000:00:02.0: RX completion queue count: 256\r", "[    1.035016] mqnic 0000:00:02.0: RX completion queue offset: 0x00700000\r", "[    1.036071] mqnic 0000:00:02.0: Port count: 1\r", "[    1.036836] mqnic 0000:00:02.0: Port offset: 0x00800000\r", "[    1.037705] mqnic 0000:00:02.0: Port stride: 0x00200000\r", "[    1.038507] mqnic 0000:00:02.0: Bad MAC in EEPROM; using random MAC\r", "[    1.039687] mqnic 0000:00:02.0: Max desc block size: 8\r", "[    1.696799] mqnic 0000:00:02.0: Port ID: 0x00000000\r", "[    1.697714] mqnic 0000:00:02.0: Port features: 0x00000701\r", "[    1.698667] mqnic 0000:00:02.0: Port MTU: 2048\r", "[    1.699466] mqnic 0000:00:02.0: Scheduler count: 1\r", "[    1.700295] mqnic 0000:00:02.0: Scheduler offset: 0x00100000\r", "[    1.701248] mqnic 0000:00:02.0: Scheduler stride: 0x00100000\r", "[    1.702225] mqnic 0000:00:02.0: Scheduler type: 0x00000000\r", "+ ip link set dev eth0 up\r", "[    1.738321] mqnic 0000:00:02.0: mqnic_open on port 0\r", "+ ip addr add 10.0.0.2/24 dev eth0\r", "+ netserver\r", "Starting netserver with host 'IN(6)ADDR_ANY' port '12865' and family AF_UNSPEC\r", "+ netperf -H 10.0.0.1\r", "MIGRATED TCP STREAM TEST from 0.0.0.0 (0.0.0.0) port 0 AF_INET to 10.0.0.1 () port 0 AF_INET : demo\r", "Recv   Send    Send                          \r", "Socket Socket  Message  Elapsed              \r", "Size   Size    Size     Time     Throughput  \r", "bytes  bytes   bytes    secs.    10^6bits/sec  \r", "\r", "131072  16384  16384    10.39       2.48   \r", "+ netperf -H 10.0.0.1 -t TCP_RR -- -o mean_latency,p50_latency,p90_latency,p99_latency\r", "MIGRATED TCP REQUEST/RESPONSE TEST from 0.0.0.0 (0.0.0.0) port 0 AF_INET to 10.0.0.1 () port 0 AF_INET : demo : first burst 0\r", "Mean Latency Microseconds,50th Percentile Latency Microseconds,90th Percentile Latency Microseconds,99th Percentile Latency Microseconds\r", "22955.33,22537,22967,24750\r", "+ poweroff -f\r", "Powering off.\r", "[   23.348518] sd 1:0:0:0: [sdb] Synchronizing SCSI cache\r", "[   23.349420] sd 1:0:0:0: [sdb] Stopping disk\r", "[   23.350111] sd 0:0:0:0: [sda] Synchronizing SCSI cache\r", "[   23.357230] sd 0:0:0:0: [sda] Stopping disk\r", "[   23.358371] mqnic 0000:00:02.0: mqnic shutdown\r", "[   23.359491] ACPI: Preparing to enter system sleep state S5\r", "[   23.360409] reboot: Power down\r"], "stderr": []}}, "success": true}