{"exp_name": "netperf-qemu-ns3-cd_verilator", "start_time": 1606671578.7426615, "end_time": 1606671610.861987, "sims": {"nic.server.0.": {"class": "CorundumVerilatorNIC", "cmd": ["/home/hejingli/endhostsim-code/corundum/corundum_verilator", "/home/hejingli/endhostsim-code/experiments/out/netperf-qemu-ns3-cd_verilator/1/nic.pci.server.0.", "/home/hejingli/endhostsim-code/experiments/out/netperf-qemu-ns3-cd_verilator/1/nic.eth.server.0.", "/home/hejingli/endhostsim-code/experiments/out/netperf-qemu-ns3-cd_verilator/1/nic.shm.server.0.", "0", "500", "500", "500", "250"], "stdout": ["pci connection accepted", "pci intro sent", "eth connection accepted", "eth intro sent", "pci host info received", "eth net info received", "sync_pci=0  sync_eth=1", "Addressing configuration for axil_interconnect instance TOP.interface.axil_interconnect_inst", " 0 ( 0): 000000 / 19 -- 000000-07ffff", " 1 ( 0): 080000 / 19 -- 080000-0fffff", " 2 ( 0): 100000 / 20 -- 100000-1fffff", " 3 ( 0): 200000 / 21 -- 200000-3fffff", " 4 ( 0): 400000 / 21 -- 400000-5fffff", " 5 ( 0): 600000 / 20 -- 600000-6fffff", " 6 ( 0): 700000 / 20 -- 700000-7fffff", " 7 ( 0): 800000 / 21 -- 800000-9fffff", "Addressing configuration for axil_interconnect instance TOP.interface.port[0].port_inst.axil_interconnect_inst", " 0 ( 0): 000000 / 20 -- 000000-0fffff", " 1 ( 0): 100000 / 20 -- 100000-1fffff", "    m_axis_ctrl_dma_read_desc_dma_addr = 6241517696", "    m_axis_ctrl_dma_read_desc_ram_addr = 2432", "    m_axis_ctrl_dma_read_desc_len = 16", "    m_axis_ctrl_dma_read_desc_tag = 19", "    m_axis_ctrl_dma_write_desc_dma_addr = 6348079296", "    m_axis_ctrl_dma_write_desc_ram_addr = 416", "    m_axis_ctrl_dma_write_desc_len = 32", "    m_axis_ctrl_dma_write_desc_tag = 13", "    m_axis_data_dma_read_desc_ram_addr = 66", "    m_axis_data_dma_read_desc_tag = 8", "    m_axis_data_dma_write_desc_dma_addr = 5390024704", "    m_axis_data_dma_write_desc_len = 66", "    m_axis_data_dma_write_desc_tag = 26", "    s_axil_rdata = 2147483656", "    m_axil_csr_awaddr = 7346444", "    m_axil_csr_wdata = 2147483656", "    m_axil_csr_wstrb = 15", "    m_axil_csr_araddr = 7346444", "    ctrl_dma_ram_wr_cmd_ready = 255", "    ctrl_dma_ram_rd_cmd_ready = 255", "    data_dma_ram_wr_cmd_ready = 255", "    data_dma_ram_rd_cmd_ready = 255", "    tx_axis_tkeep = 3", "    tx_axis_tlast = 1", "    rx_axis_tready = 1", "", "", "main_time:13298708000"], "stderr": []}, "nic.client.0.": {"class": "CorundumVerilatorNIC", "cmd": ["/home/hejingli/endhostsim-code/corundum/corundum_verilator", "/home/hejingli/endhostsim-code/experiments/out/netperf-qemu-ns3-cd_verilator/1/nic.pci.client.0.", "/home/hejingli/endhostsim-code/experiments/out/netperf-qemu-ns3-cd_verilator/1/nic.eth.client.0.", "/home/hejingli/endhostsim-code/experiments/out/netperf-qemu-ns3-cd_verilator/1/nic.shm.client.0.", "0", "500", "500", "500", "250"], "stdout": ["pci connection accepted", "pci intro sent", "eth connection accepted", "eth intro sent", "pci host info received", "eth net info received", "sync_pci=0  sync_eth=1", "Addressing configuration for axil_interconnect instance TOP.interface.axil_interconnect_inst", " 0 ( 0): 000000 / 19 -- 000000-07ffff", " 1 ( 0): 080000 / 19 -- 080000-0fffff", " 2 ( 0): 100000 / 20 -- 100000-1fffff", " 3 ( 0): 200000 / 21 -- 200000-3fffff", " 4 ( 0): 400000 / 21 -- 400000-5fffff", " 5 ( 0): 600000 / 20 -- 600000-6fffff", " 6 ( 0): 700000 / 20 -- 700000-7fffff", " 7 ( 0): 800000 / 21 -- 800000-9fffff", "Addressing configuration for axil_interconnect instance TOP.interface.port[0].port_inst.axil_interconnect_inst", " 0 ( 0): 000000 / 20 -- 000000-0fffff", " 1 ( 0): 100000 / 20 -- 100000-1fffff", "    m_axis_ctrl_dma_read_desc_dma_addr = 6289556032", "    m_axis_ctrl_dma_read_desc_ram_addr = 2560", "    m_axis_ctrl_dma_read_desc_len = 64", "    m_axis_ctrl_dma_read_desc_tag = 20", "    m_axis_ctrl_dma_write_desc_dma_addr = 6348407008", "    m_axis_ctrl_dma_write_desc_ram_addr = 352", "    m_axis_ctrl_dma_write_desc_len = 32", "    m_axis_ctrl_dma_write_desc_tag = 11", "    m_axis_data_dma_read_desc_ram_addr = 66", "    m_axis_data_dma_write_desc_dma_addr = 5822038016", "    m_axis_data_dma_write_desc_len = 66", "    m_axis_data_dma_write_desc_tag = 24", "    s_axil_rdata = 2147483667", "    m_axil_csr_awaddr = 4200044", "    m_axil_csr_wdata = 2147483667", "    m_axil_csr_wstrb = 15", "    m_axil_csr_araddr = 4200044", "    ctrl_dma_ram_wr_cmd_ready = 255", "    ctrl_dma_ram_rd_cmd_ready = 255", "    data_dma_ram_wr_cmd_ready = 255", "    data_dma_ram_rd_cmd_ready = 255", "    tx_axis_tkeep = 3", "    tx_axis_tlast = 1", "    rx_axis_tready = 1", "", "", "main_time:13298420000"], "stderr": []}, "net.": {"class": "NS3BridgeNet", "cmd": ["/home/hejingli/endhostsim-code/ns-3/cosim-run.sh", "cosim", "cosim-bridge-example", "--CosimPort=/home/hejingli/endhostsim-code/experiments/out/netperf-qemu-ns3-cd_verilator/1/nic.eth.server.0.", "--CosimPort=/home/hejingli/endhostsim-code/experiments/out/netperf-qemu-ns3-cd_verilator/1/nic.eth.client.0."], "stdout": [], "stderr": []}, "host.server.0": {"class": "QemuHost", "cmd": ["/home/hejingli/endhostsim-code/qemu/build/x86_64-softmmu/qemu-system-x86_64", "-machine", "q35", "-serial", "mon:stdio", "-display", "none", "-nic", "none", "-kernel", "/home/hejingli/endhostsim-code/images/bzImage", "-drive", "file=/home/hejingli/endhostsim-code/experiments/out/netperf-qemu-ns3-cd_verilator/1/hdcopy.server.0,if=ide,index=0,media=disk", "-drive", "file=/home/hejingli/endhostsim-code/experiments/out/netperf-qemu-ns3-cd_verilator/1/cfg.server.0.tar,if=ide,index=1,media=disk,driver=raw", "-append", "earlyprintk=ttyS0 console=ttyS0 root=/dev/sda1 init=/home/ubuntu/guestinit.sh rw", "-m", "4096", "-smp", "1", "-cpu", "host", "-enable-kvm", "-chardev", "socket,path=/home/hejingli/endhostsim-code/experiments/out/netperf-qemu-ns3-cd_verilator/1/nic.pci.server.0.,id=cosimcd", "-device", "cosim-pci,chardev=cosimcd,sync=off"], "stdout": ["early console in extract_kernel\r", "input_data: 0x000000000210e2c8\r", "input_len: 0x00000000003d1ed8\r", "output: 0x0000000001000000\r", "output_len: 0x00000000014baa98\r", "kernel_total_size: 0x0000000001226000\r", "needed_size: 0x0000000001600000\r", "trampoline_32bit: 0x000000000009d000\r", "\r", "Decompressing Linux... Parsing ELF... done.\r", "Booting the kernel.\r", "[    0.000000] Linux version 5.4.46 (hejingli@brain21) (gcc version 8.3.0 (Debian 8.3.0-6)) #1 SMP Mon Sep 21 21:54:40 CEST 2020\r", "[    0.000000] Command line: earlyprintk=ttyS0 console=ttyS0 root=/dev/sda1 init=/home/ubuntu/guestinit.sh rw\r", "[    0.000000] x86/fpu: Supporting XSAVE feature 0x001: 'x87 floating point registers'\r", "[    0.000000] x86/fpu: Supporting XSAVE feature 0x002: 'SSE registers'\r", "[    0.000000] x86/fpu: Supporting XSAVE feature 0x004: 'AVX registers'\r", "[    0.000000] x86/fpu: xstate_offset[2]:  576, xstate_sizes[2]:  256\r", "[    0.000000] x86/fpu: Enabled xstate features 0x7, context size is 832 bytes, using 'standard' format.\r", "[    0.000000] BIOS-provided physical RAM map:\r", "[    0.000000] BIOS-e820: [mem 0x0000000000000000-0x000000000009fbff] usable\r", "[    0.000000] BIOS-e820: [mem 0x000000000009fc00-0x000000000009ffff] reserved\r", "[    0.000000] BIOS-e820: [mem 0x00000000000f0000-0x00000000000fffff] reserved\r", "[    0.000000] BIOS-e820: [mem 0x0000000000100000-0x000000007ffddfff] usable\r", "[    0.000000] BIOS-e820: [mem 0x000000007ffde000-0x000000007fffffff] reserved\r", "[    0.000000] BIOS-e820: [mem 0x00000000b0000000-0x00000000bfffffff] reserved\r", "[    0.000000] BIOS-e820: [mem 0x00000000fed1c000-0x00000000fed1ffff] reserved\r", "[    0.000000] BIOS-e820: [mem 0x00000000feffc000-0x00000000feffffff] reserved\r", "[    0.000000] BIOS-e820: [mem 0x00000000fffc0000-0x00000000ffffffff] reserved\r", "[    0.000000] BIOS-e820: [mem 0x0000000100000000-0x000000017fffffff] usable\r", "[    0.000000] printk: bootconsole [earlyser0] enabled\r", "[    0.000000] NX (Execute Disable) protection: active\r", "[    0.000000] SMBIOS 2.8 present.\r", "[    0.000000] DMI: QEMU Standard PC (Q35 + ICH9, 2009), BIOS rel-1.14.0-0-g155821a1990b-prebuilt.qemu.org 04/01/2014\r", "[    0.000000] Hypervisor detected: KVM\r", "[    0.000000] kvm-clock: Using msrs 4b564d01 and 4b564d00\r", "[    0.000000] kvm-clock: cpu 0, msr 20d0001, primary cpu clock\r", "[    0.000000] kvm-clock: using sched offset of 176933033 cycles\r", "[    0.000854] clocksource: kvm-clock: mask: 0xffffffffffffffff max_cycles: 0x1cd42e4dffb, max_idle_ns: 881590591483 ns\r", "[    0.003306] tsc: Detected 2999.982 MHz processor\r", "[    0.005441] last_pfn = 0x180000 max_arch_pfn = 0x400000000\r", "[    0.006313] x86/PAT: Configuration [0-7]: WB  WC  UC- UC  WB  WP  UC- WT  \r", "[    0.007362] last_pfn = 0x7ffde max_arch_pfn = 0x400000000\r", "[    0.014898] found SMP MP-table at [mem 0x000f5ab0-0x000f5abf]\r", "[    0.015800] Using GB pages for direct mapping\r", "[    0.017273] ACPI: Early table checksum verification disabled\r", "[    0.018136] ACPI: RSDP 0x00000000000F58C0 000014 (v00 BOCHS )\r", "[    0.019008] ACPI: RSDT 0x000000007FFE20CE 000038 (v01 BOCHS  BXPCRSDT 00000001 BXPC 00000001)\r", "[    0.020276] ACPI: FACP 0x000000007FFE1EC6 0000F4 (v03 BOCHS  BXPCFACP 00000001 BXPC 00000001)\r", "[    0.021530] ACPI: DSDT 0x000000007FFE0040 001E86 (v01 BOCHS  BXPCDSDT 00000001 BXPC 00000001)\r", "[    0.022787] ACPI: FACS 0x000000007FFE0000 000040\r", "[    0.023478] ACPI: APIC 0x000000007FFE1FBA 000078 (v01 BOCHS  BXPCAPIC 00000001 BXPC 00000001)\r", "[    0.024732] ACPI: HPET 0x000000007FFE2032 000038 (v01 BOCHS  BXPCHPET 00000001 BXPC 00000001)\r", "[    0.025992] ACPI: MCFG 0x000000007FFE206A 00003C (v01 BOCHS  BXPCMCFG 00000001 BXPC 00000001)\r", "[    0.027265] ACPI: WAET 0x000000007FFE20A6 000028 (v01 BOCHS  BXPCWAET 00000001 BXPC 00000001)\r", "[    0.028853] No NUMA configuration found\r", "[    0.029416] Faking a node at [mem 0x0000000000000000-0x000000017fffffff]\r", "[    0.030407] NODE_DATA(0) allocated [mem 0x17ffdc000-0x17fffdfff]\r", "[    0.032284] Zone ranges:\r", "[    0.032657]   DMA      [mem 0x0000000000001000-0x0000000000ffffff]\r", "[    0.033555]   DMA32    [mem 0x0000000001000000-0x00000000ffffffff]\r", "[    0.034453]   Normal   [mem 0x0000000100000000-0x000000017fffffff]\r", "[    0.035365] Movable zone start for each node\r", "[    0.035989] Early memory node ranges\r", "[    0.036510]   node   0: [mem 0x0000000000001000-0x000000000009efff]\r", "[    0.037426]   node   0: [mem 0x0000000000100000-0x000000007ffddfff]\r", "[    0.038338]   node   0: [mem 0x0000000100000000-0x000000017fffffff]\r", "[    0.040462] Zeroed struct page in unavailable ranges: 132 pages\r", "[    0.040463] Initmem setup node 0 [mem 0x0000000000001000-0x000000017fffffff]\r", "[    0.070987] ACPI: PM-Timer IO Port: 0x608\r", "[    0.071617] ACPI: LAPIC_NMI (acpi_id[0xff] dfl dfl lint[0x1])\r", "[    0.072523] IOAPIC[0]: apic_id 0, version 17, address 0xfec00000, GSI 0-23\r", "[    0.073540] ACPI: INT_SRC_OVR (bus 0 bus_irq 0 global_irq 2 dfl dfl)\r", "[    0.074470] ACPI: INT_SRC_OVR (bus 0 bus_irq 5 global_irq 5 high level)\r", "[    0.075472] ACPI: INT_SRC_OVR (bus 0 bus_irq 9 global_irq 9 high level)\r", "[    0.076463] ACPI: INT_SRC_OVR (bus 0 bus_irq 10 global_irq 10 high level)\r", "[    0.077456] ACPI: INT_SRC_OVR (bus 0 bus_irq 11 global_irq 11 high level)\r", "[    0.078473] Using ACPI (MADT) for SMP configuration information\r", "[    0.079355] ACPI: HPET id: 0x8086a201 base: 0xfed00000\r", "[    0.080133] smpboot: Allowing 1 CPUs, 0 hotplug CPUs\r", "[    0.080901] KVM setup pv sched yield\r", "[    0.081453] [mem 0xc0000000-0xfed1bfff] available for PCI devices\r", "[    0.082374] Booting paravirtualized kernel on KVM\r", "[    0.083067] clocksource: refined-jiffies: mask: 0xffffffff max_cycles: 0xffffffff, max_idle_ns: 1910969940391419 ns\r", "[    0.124209] setup_percpu: NR_CPUS:8192 nr_cpumask_bits:1 nr_cpu_ids:1 nr_node_ids:1\r", "[    0.126111] percpu: Embedded 49 pages/cpu s159768 r8192 d32744 u2097152\r", "[    0.127118] KVM setup async PF for cpu 0\r", "[    0.127708] kvm-stealtime: cpu 0, msr 17c416080\r", "[    0.128402] Built 1 zonelists, mobility grouping on.  Total pages: 1034087\r", "[    0.129423] Policy zone: Normal\r", "[    0.129891] Kernel command line: earlyprintk=ttyS0 console=ttyS0 root=/dev/sda1 init=/home/ubuntu/guestinit.sh rw\r", "[    0.132859] Dentry cache hash table entries: 524288 (order: 10, 4194304 bytes, linear)\r", "[    0.134185] Inode-cache hash table entries: 262144 (order: 9, 2097152 bytes, linear)\r", "[    0.135393] mem auto-init: stack:off, heap alloc:off, heap free:off\r", "[    0.171953] Memory: 4045440K/4193776K available (8194K kernel code, 1285K rwdata, 1956K rodata, 1900K init, 1304K bss, 148336K reserved, 0K cma-reserved)\r", "[    0.175498] rcu: Hierarchical RCU implementation.\r", "[    0.176196] rcu: \tRCU restricting CPUs from NR_CPUS=8192 to nr_cpu_ids=1.\r", "[    0.177193] rcu: RCU calculated value of scheduler-enlistment delay is 100 jiffies.\r", "[    0.178309] rcu: Adjusting geometry for rcu_fanout_leaf=16, nr_cpu_ids=1\r", "[    0.179404] NR_IRQS: 524544, nr_irqs: 256, preallocated irqs: 16\r", "[    0.180528] random: crng done (trusting CPU's manufacturer)\r", "[    0.205292] Console: colour VGA+ 80x25\r", "[    0.205885] printk: console [ttyS0] enabled\r", "[    0.205885] printk: console [ttyS0] enabled\r", "[    0.207119] printk: bootconsole [earlyser0] disabled\r", "[    0.207119] printk: bootconsole [earlyser0] disabled\r", "[    0.208606] ACPI: Core revision 20190816\r", "[    0.209441] clocksource: hpet: mask: 0xffffffff max_cycles: 0xffffffff, max_idle_ns: 19112604467 ns\r", "[    0.210944] APIC: Switch to symmetric I/O mode setup\r", "[    0.211704] KVM setup pv IPIs\r", "[    0.213580] ..TIMER: vector=0x30 apic1=0 pin1=2 apic2=-1 pin2=-1\r", "[    0.214543] clocksource: tsc-early: mask: 0xffffffffffffffff max_cycles: 0x2b3e3442c8b, max_idle_ns: 440795248401 ns\r", "[    0.216134] Calibrating delay loop (skipped) preset value.. 5999.96 BogoMIPS (lpj=2999982)\r", "[    0.217133] pid_max: default: 32768 minimum: 301\r", "[    0.218194] Mount-cache hash table entries: 8192 (order: 4, 65536 bytes, linear)\r", "[    0.219137] Mountpoint-cache hash table entries: 8192 (order: 4, 65536 bytes, linear)\r", "[    0.220488] x86/cpu: User Mode Instruction Prevention (UMIP) activated\r", "[    0.221200] Last level iTLB entries: 4KB 0, 2MB 0, 4MB 0\r", "[    0.222132] Last level dTLB entries: 4KB 0, 2MB 0, 4MB 0, 1GB 0\r", "[    0.223135] Spectre V1 : Mitigation: usercopy/swapgs barriers and __user pointer sanitization\r", "[    0.224133] Spectre V2 : Spectre mitigation: kernel not compiled with retpoline; no mitigation available!\r", "[    0.224135] Speculative Store Bypass: Mitigation: Speculative Store Bypass disabled via prctl\r", "[    0.226140] MDS: Mitigation: Clear CPU buffers\r", "[    0.229601] Freeing SMP alternatives memory: 12K\r", "[    0.230298] smpboot: CPU0: Intel(R) Xeon(R) CPU E7-8857 v2 @ 3.00GHz (family: 0x6, model: 0x3e, stepping: 0x7)\r", "[    0.231240] Performance Events: IvyBridge events, Intel PMU driver.\r", "[    0.232145] ... version:                2\r", "[    0.232734] ... bit width:              48\r", "[    0.233133] ... generic registers:      8\r", "[    0.233739] ... value mask:             0000ffffffffffff\r", "[    0.234134] ... max period:             000000007fffffff\r", "[    0.234911] ... fixed-purpose events:   3\r", "[    0.235133] ... event mask:             00000007000000ff\r", "[    0.236013] rcu: Hierarchical SRCU implementation.\r", "[    0.236189] smp: Bringing up secondary CPUs ...\r", "[    0.236858] smp: Brought up 1 node, 1 CPU\r", "[    0.237134] smpboot: Max logical packages: 1\r", "[    0.237763] smpboot: Total of 1 processors activated (5999.96 BogoMIPS)\r", "[    0.238448] devtmpfs: initialized\r", "[    0.239177] clocksource: jiffies: mask: 0xffffffff max_cycles: 0xffffffff, max_idle_ns: 1911260446275000 ns\r", "[    0.240136] futex hash table entries: 256 (order: 2, 16384 bytes, linear)\r", "[    0.241178] \r", "[    0.241413] *************************************************************\r", "[    0.242134] **     NOTICE NOTICE NOTICE NOTICE NOTICE NOTICE NOTICE    **\r", "[    0.243133] **                                                         **\r", "[    0.244116] **  IOMMU DebugFS SUPPORT HAS BEEN ENABLED IN THIS KERNEL  **\r", "[    0.244133] **                                                         **\r", "[    0.245116] ** This means that this kernel is built to expose internal **\r", "[    0.245133] ** IOMMU data structures, which may compromise security on **\r", "[    0.246112] ** your system.                                            **\r", "[    0.246133] **                                                         **\r", "[    0.247122] ** If you see this message and you are not debugging the   **\r", "[    0.247133] ** kernel, report this immediately to your vendor!         **\r", "[    0.248121] **                                                         **\r", "[    0.248133] **     NOTICE NOTICE NOTICE NOTICE NOTICE NOTICE NOTICE    **\r", "[    0.249112] *************************************************************\r", "[    0.249281] NET: Registered protocol family 16\r", "[    0.250023] audit: initializing netlink subsys (disabled)\r", "[    0.250229] cpuidle: using governor ladder\r", "[    0.250879] KVM setup pv remote TLB flush\r", "[    0.251144] ACPI: bus type PCI registered\r", "[    0.251746] acpiphp: ACPI Hot Plug PCI Controller Driver version: 0.5\r", "[    0.252223] PCI: MMCONFIG for domain 0000 [bus 00-ff] at [mem 0xb0000000-0xbfffffff] (base 0xb0000000)\r", "[    0.253136] PCI: MMCONFIG at [mem 0xb0000000-0xbfffffff] reserved in E820\r", "[    0.254138] PCI: Using configuration type 1 for base access\r", "[    0.255005] core: PMU erratum BJ122, BV98, HSD29 workaround disabled, HT off\r", "[    0.258521] audit: type=2000 audit(1606671586.899:1): state=initialized audit_enabled=0 res=1\r", "[    0.260642] HugeTLB registered 1.00 GiB page size, pre-allocated 0 pages\r", "[    0.261148] HugeTLB registered 2.00 MiB page size, pre-allocated 0 pages\r", "[    0.262851] ACPI: Added _OSI(Module Device)\r", "[    0.263147] ACPI: Added _OSI(Processor Device)\r", "[    0.263816] ACPI: Added _OSI(3.0 _SCP Extensions)\r", "[    0.264134] ACPI: Added _OSI(Processor Aggregator Device)\r", "[    0.264925] ACPI: Added _OSI(Linux-Dell-Video)\r", "[    0.265140] ACPI: Added _OSI(Linux-Lenovo-NV-HDMI-Audio)\r", "[    0.265915] ACPI: Added _OSI(Linux-HPI-Hybrid-Graphics)\r", "[    0.267148] ACPI: 1 ACPI AML tables successfully acquired and loaded\r", "[    0.269206] ACPI: Interpreter enabled\r", "[    0.269765] ACPI: (supports S0 S5)\r", "[    0.270134] ACPI: Using IOAPIC for interrupt routing\r", "[    0.270881] PCI: Using host bridge windows from ACPI; if necessary, use \"pci=nocrs\" and report a bug\r", "[    0.271217] ACPI: Enabled 1 GPEs in block 00 to 3F\r", "[    0.273475] ACPI: PCI Root Bridge [PCI0] (domain 0000 [bus 00-ff])\r", "[    0.274144] acpi PNP0A08:00: _OSC: OS supports [ExtendedConfig ASPM ClockPM Segments MSI HPX-Type3]\r", "[    0.275205] acpi PNP0A08:00: _OSC: platform does not support [LTR]\r", "[    0.276171] acpi PNP0A08:00: _OSC: OS now controls [PCIeHotplug PME AER PCIeCapability]\r", "[    0.277272] PCI host bridge to bus 0000:00\r", "[    0.277878] pci_bus 0000:00: root bus resource [io  0x0000-0x0cf7 window]\r", "[    0.278135] pci_bus 0000:00: root bus resource [io  0x0d00-0xffff window]\r", "[    0.279121] pci_bus 0000:00: root bus resource [mem 0x000a0000-0x000bffff window]\r", "[    0.279135] pci_bus 0000:00: root bus resource [mem 0x80000000-0xafffffff window]\r", "[    0.280134] pci_bus 0000:00: root bus resource [mem 0xc0000000-0xfebfffff window]\r", "[    0.281134] pci_bus 0000:00: root bus resource [mem 0x180000000-0x97fffffff window]\r", "[    0.282135] pci_bus 0000:00: root bus resource [bus 00-ff]\r", "[    0.282983] pci 0000:00:00.0: [8086:29c0] type 00 class 0x060000\r", "[    0.283679] pci 0000:00:01.0: [1234:1111] type 00 class 0x030000\r", "[    0.285160] pci 0000:00:01.0: reg 0x10: [mem 0xfd000000-0xfdffffff pref]\r", "[    0.288159] pci 0000:00:01.0: reg 0x18: [mem 0xfc010000-0xfc010fff]\r", "[    0.292749] pci 0000:00:01.0: reg 0x30: [mem 0xfc000000-0xfc00ffff pref]\r", "[    0.293426] pci 0000:00:02.0: [5543:1001] type 00 class 0x020000\r", "[    0.294688] pci 0000:00:02.0: reg 0x10: [mem 0xfb000000-0xfbffffff 64bit]\r", "[    0.297329] pci 0000:00:1f.0: [8086:2918] type 00 class 0x060100\r", "[    0.298647] pci 0000:00:1f.0: quirk: [io  0x0600-0x067f] claimed by ICH6 ACPI/GPIO/TCO\r", "[    0.299348] pci 0000:00:1f.2: [8086:2922] type 00 class 0x010601\r", "[    0.302958] pci 0000:00:1f.2: reg 0x20: [io  0xc040-0xc05f]\r", "[    0.303759] pci 0000:00:1f.2: reg 0x24: [mem 0xfc011000-0xfc011fff]\r", "[    0.305257] pci 0000:00:1f.3: [8086:2930] type 00 class 0x0c0500\r", "[    0.308594] pci 0000:00:1f.3: reg 0x20: [io  0x0700-0x073f]\r", "[    0.310162] ACPI: PCI Interrupt Link [LNKA] (IRQs 5 *10 11)\r", "[    0.311079] ACPI: PCI Interrupt Link [LNKB] (IRQs 5 *10 11)\r", "[    0.311212] ACPI: PCI Interrupt Link [LNKC] (IRQs 5 10 *11)\r", "[    0.312103] ACPI: PCI Interrupt Link [LNKD] (IRQs 5 10 *11)\r", "[    0.312212] ACPI: PCI Interrupt Link [LNKE] (IRQs 5 *10 11)\r", "[    0.313121] ACPI: PCI Interrupt Link [LNKF] (IRQs 5 *10 11)\r", "[    0.313211] ACPI: PCI Interrupt Link [LNKG] (IRQs 5 10 *11)\r", "[    0.314105] ACPI: PCI Interrupt Link [LNKH] (IRQs 5 10 *11)\r", "[    0.314167] ACPI: PCI Interrupt Link [GSIA] (IRQs *16)\r", "[    0.314929] ACPI: PCI Interrupt Link [GSIB] (IRQs *17)\r", "[    0.315143] ACPI: PCI Interrupt Link [GSIC] (IRQs *18)\r", "[    0.315907] ACPI: PCI Interrupt Link [GSID] (IRQs *19)\r", "[    0.316142] ACPI: PCI Interrupt Link [GSIE] (IRQs *20)\r", "[    0.316904] ACPI: PCI Interrupt Link [GSIF] (IRQs *21)\r", "[    0.317142] ACPI: PCI Interrupt Link [GSIG] (IRQs *22)\r", "[    0.317915] ACPI: PCI Interrupt Link [GSIH] (IRQs *23)\r", "[    0.318374] iommu: Default domain type: Translated \r", "[    0.320434] pci 0000:00:01.0: vgaarb: setting as boot VGA device\r", "[    0.321130] pci 0000:00:01.0: vgaarb: VGA device added: decodes=io+mem,owns=io+mem,locks=none\r", "[    0.321139] pci 0000:00:01.0: vgaarb: bridge control possible\r", "[    0.321975] vgaarb: loaded\r", "[    0.322242] SCSI subsystem initialized\r", "[    0.322982] pps_core: LinuxPPS API ver. 1 registered\r", "[    0.323140] pps_core: Software ver. 5.3.6 - Copyright 2005-2007 Rodolfo Giometti <giometti@linux.it>\r", "[    0.324139] PTP clock support registered\r", "[    0.324742] PCI: Using ACPI for IRQ routing\r", "[    0.390335] hpet0: at MMIO 0xfed00000, IRQs 2, 8, 0\r", "[    0.391056] hpet0: 3 comparators, 64-bit 100.000000 MHz counter\r", "[    0.396411] clocksource: Switched to clocksource kvm-clock\r", "[    0.404522] VFS: Disk quotas dquot_6.6.0\r", "[    0.405155] VFS: Dquot-cache hash table entries: 512 (order 0, 4096 bytes)\r", "[    0.406330] pnp: PnP ACPI init\r", "[    0.407288] pnp: PnP ACPI: found 5 devices\r", "[    0.410521] thermal_sys: Registered thermal governor 'step_wise'\r", "[    0.410521] thermal_sys: Registered thermal governor 'user_space'\r", "[    0.416034] clocksource: acpi_pm: mask: 0xffffff max_cycles: 0xffffff, max_idle_ns: 2085701024 ns\r", "[    0.418351] pci_bus 0000:00: resource 4 [io  0x0000-0x0cf7 window]\r", "[    0.419314] pci_bus 0000:00: resource 5 [io  0x0d00-0xffff window]\r", "[    0.420281] pci_bus 0000:00: resource 6 [mem 0x000a0000-0x000bffff window]\r", "[    0.421386] pci_bus 0000:00: resource 7 [mem 0x80000000-0xafffffff window]\r", "[    0.422490] pci_bus 0000:00: resource 8 [mem 0xc0000000-0xfebfffff window]\r", "[    0.423486] pci_bus 0000:00: resource 9 [mem 0x180000000-0x97fffffff window]\r", "[    0.424626] NET: Registered protocol family 2\r", "[    0.425584] tcp_listen_portaddr_hash hash table entries: 2048 (order: 3, 32768 bytes, linear)\r", "[    0.426855] TCP established hash table entries: 32768 (order: 6, 262144 bytes, linear)\r", "[    0.428771] TCP bind hash table entries: 32768 (order: 7, 524288 bytes, linear)\r", "[    0.429969] TCP: Hash tables configured (established 32768 bind 32768)\r", "[    0.431035] UDP hash table entries: 2048 (order: 4, 65536 bytes, linear)\r", "[    0.432070] UDP-Lite hash table entries: 2048 (order: 4, 65536 bytes, linear)\r", "[    0.433266] NET: Registered protocol family 1\r", "[    0.434018] pci 0000:00:01.0: Video device with shadowed ROM at [mem 0x000c0000-0x000dffff]\r", "[    0.435349] PCI: CLS 0 bytes, default 64\r", "[    0.436855] PCI-DMA: Using software bounce buffering for IO (SWIOTLB)\r", "[    0.437968] software IO TLB: mapped [mem 0x7bfde000-0x7ffde000] (64MB)\r", "[    0.439033] clocksource: tsc: mask: 0xffffffffffffffff max_cycles: 0x2b3e3442c8b, max_idle_ns: 440795248401 ns\r", "[    0.441312] workingset: timestamp_bits=52 max_order=20 bucket_order=0\r", "[    0.442533] fuse: init (API version 7.31)\r", "[    0.446463] Block layer SCSI generic (bsg) driver version 0.4 loaded (major 252)\r", "[    0.447574] io scheduler mq-deadline registered\r", "[    0.448245] io scheduler kyber registered\r", "[    0.449467] acpiphp_ibm: ibm_acpiphp_init: acpi_walk_namespace failed\r", "[    0.450582] Serial: 8250/16550 driver, 4 ports, IRQ sharing disabled\r", "[    0.475259] 00:03: ttyS0 at I/O 0x3f8 (irq = 4, base_baud = 115200) is a 16550A\r", "[    0.476878] Linux agpgart interface v0.103\r", "[    0.479723] brd: module loaded\r", "[    0.482058] loop: module loaded\r", "[    0.482600] Loading iSCSI transport class v2.0-870.\r", "[    0.484072] PCI Interrupt Link [GSIA] enabled at IRQ 16\r", "[    0.485666] ahci 0000:00:1f.2: AHCI 0001.0000 32 slots 6 ports 1.5 Gbps 0x3f impl SATA mode\r", "[    0.486900] ahci 0000:00:1f.2: flags: 64bit ncq only \r", "[    0.489601] scsi host0: ahci\r", "[    0.490189] scsi host1: ahci\r", "[    0.490727] scsi host2: ahci\r", "[    0.491321] scsi host3: ahci\r", "[    0.491840] scsi host4: ahci\r", "[    0.492382] scsi host5: ahci\r", "[    0.492910] ata1: SATA max UDMA/133 abar m4096@0xfc011000 port 0xfc011100 irq 24\r", "[    0.494021] ata2: SATA max UDMA/133 abar m4096@0xfc011000 port 0xfc011180 irq 24\r", "[    0.495114] ata3: SATA max UDMA/133 abar m4096@0xfc011000 port 0xfc011200 irq 24\r", "[    0.496212] ata4: SATA max UDMA/133 abar m4096@0xfc011000 port 0xfc011280 irq 24\r", "[    0.497320] ata5: SATA max UDMA/133 abar m4096@0xfc011000 port 0xfc011300 irq 24\r", "[    0.498422] ata6: SATA max UDMA/133 abar m4096@0xfc011000 port 0xfc011380 irq 24\r", "[    0.499560] Ethernet Channel Bonding Driver: v3.7.1 (April 27, 2011)\r", "[    0.501455] tun: Universal TUN/TAP device driver, 1.6\r", "[    0.502385] VFIO - User Level meta-driver version: 0.3\r", "[    0.503398] i8042: PNP: PS/2 Controller [PNP0303:KBD,PNP0f13:MOU] at 0x60,0x64 irq 1,12\r", "[    0.505430] serio: i8042 KBD port at 0x60,0x64 irq 1\r", "[    0.506170] serio: i8042 AUX port at 0x60,0x64 irq 12\r", "[    0.508337] mousedev: PS/2 mouse device common for all mice\r", "[    0.509387] NET: Registered protocol family 17\r", "[    0.510354] input: AT Translated Set 2 keyboard as /devices/platform/i8042/serio0/input/input0\r", "[    0.512397] IPI shorthand broadcast: enabled\r", "[    0.513047] sched_clock: Marking stable (479479766, 32653786)->(550127862, -37994310)\r", "[    0.813601] ata3: SATA link up 1.5 Gbps (SStatus 113 SControl 300)\r", "[    0.815470] ata3.00: ATAPI: QEMU DVD-ROM, 2.5+, max UDMA/100\r", "[    0.816344] ata3.00: applying bridge limits\r", "[    0.817114] ata3.00: configured for UDMA/100\r", "[    0.818138] ata5: SATA link down (SStatus 0 SControl 300)\r", "[    0.819109] ata6: SATA link down (SStatus 0 SControl 300)\r", "[    0.820084] ata4: SATA link down (SStatus 0 SControl 300)\r", "[    0.821074] ata1: SATA link up 1.5 Gbps (SStatus 113 SControl 300)\r", "[    0.822104] ata1.00: ATA-7: QEMU HARDDISK, 2.5+, max UDMA/100\r", "[    0.823016] ata1.00: 83886080 sectors, multi 16: LBA48 NCQ (depth 32)\r", "[    0.823993] ata1.00: applying bridge limits\r", "[    0.824759] ata1.00: configured for UDMA/100\r", "[    0.825659] scsi 0:0:0:0: Direct-Access     ATA      QEMU HARDDISK    2.5+ PQ: 0 ANSI: 5\r", "[    0.827041] ata2: SATA link up 1.5 Gbps (SStatus 113 SControl 300)\r", "[    0.828038] ata2.00: ATA-7: QEMU HARDDISK, 2.5+, max UDMA/100\r", "[    0.828931] ata2.00: 160 sectors, multi 16: LBA48 NCQ (depth 32)\r", "[    0.829872] ata2.00: applying bridge limits\r", "[    0.830640] ata2.00: configured for UDMA/100\r", "[    0.831747] sd 0:0:0:0: [sda] 83886080 512-byte logical blocks: (42.9 GB/40.0 GiB)\r", "[    0.832903] sd 0:0:0:0: [sda] Write Protect is off\r", "[    0.833725] sd 0:0:0:0: Attached scsi generic sg0 type 0\r", "[    0.834613] sd 0:0:0:0: [sda] Write cache: enabled, read cache: enabled, doesn't support DPO or FUA\r", "[    0.836147] scsi 1:0:0:0: Direct-Access     ATA      QEMU HARDDISK    2.5+ PQ: 0 ANSI: 5\r", "[    0.837658] sd 1:0:0:0: [sdb] 160 512-byte logical blocks: (81.9 kB/80.0 KiB)\r", "[    0.838752] sd 1:0:0:0: [sdb] Write Protect is off\r", "[    0.839503] sd 1:0:0:0: Attached scsi generic sg1 type 0\r", "[    0.840348] sd 1:0:0:0: [sdb] Write cache: enabled, read cache: enabled, doesn't support DPO or FUA\r", "[    0.841936] scsi 2:0:0:0: CD-ROM            QEMU     QEMU DVD-ROM     2.5+ PQ: 0 ANSI: 5\r", "[    0.846065]  sda: sda1\r", "[    0.846796] sd 1:0:0:0: [sdb] Attached SCSI disk\r", "[    0.847696] sd 0:0:0:0: [sda] Attached SCSI disk\r", "[    0.858355] sr 2:0:0:0: [sr0] scsi3-mmc drive: 4x/4x cd/rw xa/form2 tray\r", "[    0.859378] cdrom: Uniform CD-ROM driver Revision: 3.20\r", "[    0.860475] sr 2:0:0:0: Attached scsi generic sg2 type 5\r", "[    0.877641] EXT4-fs (sda1): mounted filesystem with ordered data mode. Opts: (null)\r", "[    0.878838] VFS: Mounted root (ext4 filesystem) on device 8:1.\r", "[    0.880426] devtmpfs: mounted\r", "[    0.881883] Freeing unused kernel image memory: 1900K\r", "[    0.882692] Write protecting the kernel read-only data: 12288k\r", "[    0.884697] Freeing unused kernel image memory: 2032K\r", "[    0.885538] Freeing unused kernel image memory: 92K\r", "[    0.886357] rodata_test: all tests were successful\r", "[    0.887138] Run /home/ubuntu/guestinit.sh as init process\r", "+ export HOME=/root\r", "+ export LANG=en_US\r", "+ export PATH=/usr/local/sbin:/usr/local/bin:/usr/sbin:/usr/bin:/sbin:/bin:/usr/games:/usr/local/games\r", "+ insmod /tmp/guest/mqnic.ko\r", "[    0.912212] mqnic: loading out-of-tree module taints kernel.\r", "[    0.913571] mqnic 0000:00:02.0: mqnic probe\r", "[    0.914584] PCI Interrupt Link [GSIG] enabled at IRQ 22\r", "[    0.915615] mqnic 0000:00:02.0: FW ID: 0x00000020\r", "[    0.916412] mqnic 0000:00:02.0: FW version: 0.1\r", "[    0.917208] mqnic 0000:00:02.0: Board ID: 0x43215678\r", "[    0.918045] mqnic 0000:00:02.0: Board version: 0.1\r", "[    0.918853] mqnic 0000:00:02.0: PHC count: 1\r", "[    0.919550] mqnic 0000:00:02.0: PHC offset: 0x00000200\r", "[    0.920372] mqnic 0000:00:02.0: IF count: 1\r", "[    0.921044] mqnic 0000:00:02.0: IF stride: 0x00080000\r", "[    0.921872] mqnic 0000:00:02.0: IF CSR offset: 0x00080000\r", "[    0.923102] mqnic 0000:00:02.0: Failed to read MAC from EEPROM; no EEPROM I2C client registered\r", "[    0.925357] mqnic 0000:00:02.0: registered PHC (index 0)\r", "[    0.926262] mqnic 0000:00:02.0: Creating interface 0\r", "[    0.929714] mqnic 0000:00:02.0: IF ID: 0x00000000\r", "[    0.930536] mqnic 0000:00:02.0: IF features: 0x00000701\r", "[    0.931423] mqnic 0000:00:02.0: Event queue count: 32\r", "[    0.932305] mqnic 0000:00:02.0: Event queue offset: 0x00100000\r", "[    0.933302] mqnic 0000:00:02.0: TX queue count: 256\r", "[    0.934158] mqnic 0000:00:02.0: TX queue offset: 0x00200000\r", "[    0.935091] mqnic 0000:00:02.0: TX completion queue count: 256\r", "[    0.936074] mqnic 0000:00:02.0: TX completion queue offset: 0x00400000\r", "[    0.937176] mqnic 0000:00:02.0: RX queue count: 256\r", "[    0.938022] mqnic 0000:00:02.0: RX queue offset: 0x00600000\r", "[    0.938958] mqnic 0000:00:02.0: RX completion queue count: 256\r", "[    0.939930] mqnic 0000:00:02.0: RX completion queue offset: 0x00700000\r", "[    0.941012] mqnic 0000:00:02.0: Port count: 1\r", "[    0.941797] mqnic 0000:00:02.0: Port offset: 0x00800000\r", "[    0.942680] mqnic 0000:00:02.0: Port stride: 0x00200000\r", "[    0.943482] mqnic 0000:00:02.0: Bad MAC in EEPROM; using random MAC\r", "[    0.944663] mqnic 0000:00:02.0: Max desc block size: 8\r", "[    1.607186] mqnic 0000:00:02.0: Port ID: 0x00000000\r", "[    1.608083] mqnic 0000:00:02.0: Port features: 0x00000701\r", "[    1.609030] mqnic 0000:00:02.0: Port MTU: 2048\r", "[    1.609858] mqnic 0000:00:02.0: Scheduler count: 1\r", "[    1.610729] mqnic 0000:00:02.0: Scheduler offset: 0x00100000\r", "[    1.611729] mqnic 0000:00:02.0: Scheduler stride: 0x00100000\r", "[    1.612702] mqnic 0000:00:02.0: Scheduler type: 0x00000000\r", "+ ip link set dev eth0 up\r", "[    1.635412] mqnic 0000:00:02.0: mqnic_open on port 0\r", "+ ip addr add 10.0.0.1/24 dev eth0\r", "+ netserver\r", "Starting netserver with host 'IN(6)ADDR_ANY' port '12865' and family AF_UNSPEC\r", "+ sleep infinity\r"], "stderr": ["qemu-system-x86_64: terminating on signal 2 from pid 22661 (python3)"]}, "host.client.0": {"class": "QemuHost", "cmd": ["/home/hejingli/endhostsim-code/qemu/build/x86_64-softmmu/qemu-system-x86_64", "-machine", "q35", "-serial", "mon:stdio", "-display", "none", "-nic", "none", "-kernel", "/home/hejingli/endhostsim-code/images/bzImage", "-drive", "file=/home/hejingli/endhostsim-code/experiments/out/netperf-qemu-ns3-cd_verilator/1/hdcopy.client.0,if=ide,index=0,media=disk", "-drive", "file=/home/hejingli/endhostsim-code/experiments/out/netperf-qemu-ns3-cd_verilator/1/cfg.client.0.tar,if=ide,index=1,media=disk,driver=raw", "-append", "earlyprintk=ttyS0 console=ttyS0 root=/dev/sda1 init=/home/ubuntu/guestinit.sh rw", "-m", "4096", "-smp", "1", "-cpu", "host", "-enable-kvm", "-chardev", "socket,path=/home/hejingli/endhostsim-code/experiments/out/netperf-qemu-ns3-cd_verilator/1/nic.pci.client.0.,id=cosimcd", "-device", "cosim-pci,chardev=cosimcd,sync=off"], "stdout": ["early console in extract_kernel\r", "input_data: 0x000000000210e2c8\r", "input_len: 0x00000000003d1ed8\r", "output: 0x0000000001000000\r", "output_len: 0x00000000014baa98\r", "kernel_total_size: 0x0000000001226000\r", "needed_size: 0x0000000001600000\r", "trampoline_32bit: 0x000000000009d000\r", "\r", "Decompressing Linux... Parsing ELF... done.\r", "Booting the kernel.\r", "[    0.000000] Linux version 5.4.46 (hejingli@brain21) (gcc version 8.3.0 (Debian 8.3.0-6)) #1 SMP Mon Sep 21 21:54:40 CEST 2020\r", "[    0.000000] Command line: earlyprintk=ttyS0 console=ttyS0 root=/dev/sda1 init=/home/ubuntu/guestinit.sh rw\r", "[    0.000000] x86/fpu: Supporting XSAVE feature 0x001: 'x87 floating point registers'\r", "[    0.000000] x86/fpu: Supporting XSAVE feature 0x002: 'SSE registers'\r", "[    0.000000] x86/fpu: Supporting XSAVE feature 0x004: 'AVX registers'\r", "[    0.000000] x86/fpu: xstate_offset[2]:  576, xstate_sizes[2]:  256\r", "[    0.000000] x86/fpu: Enabled xstate features 0x7, context size is 832 bytes, using 'standard' format.\r", "[    0.000000] BIOS-provided physical RAM map:\r", "[    0.000000] BIOS-e820: [mem 0x0000000000000000-0x000000000009fbff] usable\r", "[    0.000000] BIOS-e820: [mem 0x000000000009fc00-0x000000000009ffff] reserved\r", "[    0.000000] BIOS-e820: [mem 0x00000000000f0000-0x00000000000fffff] reserved\r", "[    0.000000] BIOS-e820: [mem 0x0000000000100000-0x000000007ffddfff] usable\r", "[    0.000000] BIOS-e820: [mem 0x000000007ffde000-0x000000007fffffff] reserved\r", "[    0.000000] BIOS-e820: [mem 0x00000000b0000000-0x00000000bfffffff] reserved\r", "[    0.000000] BIOS-e820: [mem 0x00000000fed1c000-0x00000000fed1ffff] reserved\r", "[    0.000000] BIOS-e820: [mem 0x00000000feffc000-0x00000000feffffff] reserved\r", "[    0.000000] BIOS-e820: [mem 0x00000000fffc0000-0x00000000ffffffff] reserved\r", "[    0.000000] BIOS-e820: [mem 0x0000000100000000-0x000000017fffffff] usable\r", "[    0.000000] printk: bootconsole [earlyser0] enabled\r", "[    0.000000] NX (Execute Disable) protection: active\r", "[    0.000000] SMBIOS 2.8 present.\r", "[    0.000000] DMI: QEMU Standard PC (Q35 + ICH9, 2009), BIOS rel-1.14.0-0-g155821a1990b-prebuilt.qemu.org 04/01/2014\r", "[    0.000000] Hypervisor detected: KVM\r", "[    0.000000] kvm-clock: Using msrs 4b564d01 and 4b564d00\r", "[    0.000000] kvm-clock: cpu 0, msr 20d0001, primary cpu clock\r", "[    0.000000] kvm-clock: using sched offset of 177777468 cycles\r", "[    0.000872] clocksource: kvm-clock: mask: 0xffffffffffffffff max_cycles: 0x1cd42e4dffb, max_idle_ns: 881590591483 ns\r", "[    0.003297] tsc: Detected 2999.982 MHz processor\r", "[    0.005455] last_pfn = 0x180000 max_arch_pfn = 0x400000000\r", "[    0.006338] x86/PAT: Configuration [0-7]: WB  WC  UC- UC  WB  WP  UC- WT  \r", "[    0.007372] last_pfn = 0x7ffde max_arch_pfn = 0x400000000\r", "[    0.014904] found SMP MP-table at [mem 0x000f5ab0-0x000f5abf]\r", "[    0.015778] Using GB pages for direct mapping\r", "[    0.017247] ACPI: Early table checksum verification disabled\r", "[    0.018090] ACPI: RSDP 0x00000000000F58C0 000014 (v00 BOCHS )\r", "[    0.018952] ACPI: RSDT 0x000000007FFE20CE 000038 (v01 BOCHS  BXPCRSDT 00000001 BXPC 00000001)\r", "[    0.020256] ACPI: FACP 0x000000007FFE1EC6 0000F4 (v03 BOCHS  BXPCFACP 00000001 BXPC 00000001)\r", "[    0.021542] ACPI: DSDT 0x000000007FFE0040 001E86 (v01 BOCHS  BXPCDSDT 00000001 BXPC 00000001)\r", "[    0.022821] ACPI: FACS 0x000000007FFE0000 000040\r", "[    0.023525] ACPI: APIC 0x000000007FFE1FBA 000078 (v01 BOCHS  BXPCAPIC 00000001 BXPC 00000001)\r", "[    0.024773] ACPI: HPET 0x000000007FFE2032 000038 (v01 BOCHS  BXPCHPET 00000001 BXPC 00000001)\r", "[    0.026023] ACPI: MCFG 0x000000007FFE206A 00003C (v01 BOCHS  BXPCMCFG 00000001 BXPC 00000001)\r", "[    0.027261] ACPI: WAET 0x000000007FFE20A6 000028 (v01 BOCHS  BXPCWAET 00000001 BXPC 00000001)\r", "[    0.028878] No NUMA configuration found\r", "[    0.029436] Faking a node at [mem 0x0000000000000000-0x000000017fffffff]\r", "[    0.030430] NODE_DATA(0) allocated [mem 0x17ffdc000-0x17fffdfff]\r", "[    0.032326] Zone ranges:\r", "[    0.032701]   DMA      [mem 0x0000000000001000-0x0000000000ffffff]\r", "[    0.033601]   DMA32    [mem 0x0000000001000000-0x00000000ffffffff]\r", "[    0.034497]   Normal   [mem 0x0000000100000000-0x000000017fffffff]\r", "[    0.035393] Movable zone start for each node\r", "[    0.036026] Early memory node ranges\r", "[    0.036547]   node   0: [mem 0x0000000000001000-0x000000000009efff]\r", "[    0.037456]   node   0: [mem 0x0000000000100000-0x000000007ffddfff]\r", "[    0.038367]   node   0: [mem 0x0000000100000000-0x000000017fffffff]\r", "[    0.040428] Zeroed struct page in unavailable ranges: 132 pages\r", "[    0.040429] Initmem setup node 0 [mem 0x0000000000001000-0x000000017fffffff]\r", "[    0.070731] ACPI: PM-Timer IO Port: 0x608\r", "[    0.071378] ACPI: LAPIC_NMI (acpi_id[0xff] dfl dfl lint[0x1])\r", "[    0.072355] IOAPIC[0]: apic_id 0, version 17, address 0xfec00000, GSI 0-23\r", "[    0.073436] ACPI: INT_SRC_OVR (bus 0 bus_irq 0 global_irq 2 dfl dfl)\r", "[    0.074395] ACPI: INT_SRC_OVR (bus 0 bus_irq 5 global_irq 5 high level)\r", "[    0.075404] ACPI: INT_SRC_OVR (bus 0 bus_irq 9 global_irq 9 high level)\r", "[    0.076378] ACPI: INT_SRC_OVR (bus 0 bus_irq 10 global_irq 10 high level)\r", "[    0.077403] ACPI: INT_SRC_OVR (bus 0 bus_irq 11 global_irq 11 high level)\r", "[    0.078393] Using ACPI (MADT) for SMP configuration information\r", "[    0.079263] ACPI: HPET id: 0x8086a201 base: 0xfed00000\r", "[    0.080054] smpboot: Allowing 1 CPUs, 0 hotplug CPUs\r", "[    0.080817] KVM setup pv sched yield\r", "[    0.081352] [mem 0xc0000000-0xfed1bfff] available for PCI devices\r", "[    0.082252] Booting paravirtualized kernel on KVM\r", "[    0.082955] clocksource: refined-jiffies: mask: 0xffffffff max_cycles: 0xffffffff, max_idle_ns: 1910969940391419 ns\r", "[    0.124204] setup_percpu: NR_CPUS:8192 nr_cpumask_bits:1 nr_cpu_ids:1 nr_node_ids:1\r", "[    0.126128] percpu: Embedded 49 pages/cpu s159768 r8192 d32744 u2097152\r", "[    0.127160] KVM setup async PF for cpu 0\r", "[    0.127737] kvm-stealtime: cpu 0, msr 17c416080\r", "[    0.128423] Built 1 zonelists, mobility grouping on.  Total pages: 1034087\r", "[    0.129438] Policy zone: Normal\r", "[    0.129902] Kernel command line: earlyprintk=ttyS0 console=ttyS0 root=/dev/sda1 init=/home/ubuntu/guestinit.sh rw\r", "[    0.132830] Dentry cache hash table entries: 524288 (order: 10, 4194304 bytes, linear)\r", "[    0.134132] Inode-cache hash table entries: 262144 (order: 9, 2097152 bytes, linear)\r", "[    0.135317] mem auto-init: stack:off, heap alloc:off, heap free:off\r", "[    0.171376] Memory: 4045440K/4193776K available (8194K kernel code, 1285K rwdata, 1956K rodata, 1900K init, 1304K bss, 148336K reserved, 0K cma-reserved)\r", "[    0.175032] rcu: Hierarchical RCU implementation.\r", "[    0.175743] rcu: \tRCU restricting CPUs from NR_CPUS=8192 to nr_cpu_ids=1.\r", "[    0.176742] rcu: RCU calculated value of scheduler-enlistment delay is 100 jiffies.\r", "[    0.177834] rcu: Adjusting geometry for rcu_fanout_leaf=16, nr_cpu_ids=1\r", "[    0.178915] NR_IRQS: 524544, nr_irqs: 256, preallocated irqs: 16\r", "[    0.180056] random: crng done (trusting CPU's manufacturer)\r", "[    0.205193] Console: colour VGA+ 80x25\r", "[    0.205783] printk: console [ttyS0] enabled\r", "[    0.205783] printk: console [ttyS0] enabled\r", "[    0.206997] printk: bootconsole [earlyser0] disabled\r", "[    0.206997] printk: bootconsole [earlyser0] disabled\r", "[    0.208478] ACPI: Core revision 20190816\r", "[    0.209288] clocksource: hpet: mask: 0xffffffff max_cycles: 0xffffffff, max_idle_ns: 19112604467 ns\r", "[    0.210854] APIC: Switch to symmetric I/O mode setup\r", "[    0.211620] KVM setup pv IPIs\r", "[    0.213522] ..TIMER: vector=0x30 apic1=0 pin1=2 apic2=-1 pin2=-1\r", "[    0.214451] clocksource: tsc-early: mask: 0xffffffffffffffff max_cycles: 0x2b3e3442c8b, max_idle_ns: 440795248401 ns\r", "[    0.216026] Calibrating delay loop (skipped) preset value.. 5999.96 BogoMIPS (lpj=2999982)\r", "[    0.217024] pid_max: default: 32768 minimum: 301\r", "[    0.218077] Mount-cache hash table entries: 8192 (order: 4, 65536 bytes, linear)\r", "[    0.219041] Mountpoint-cache hash table entries: 8192 (order: 4, 65536 bytes, linear)\r", "[    0.220387] x86/cpu: User Mode Instruction Prevention (UMIP) activated\r", "[    0.221094] Last level iTLB entries: 4KB 0, 2MB 0, 4MB 0\r", "[    0.222024] Last level dTLB entries: 4KB 0, 2MB 0, 4MB 0, 1GB 0\r", "[    0.223027] Spectre V1 : Mitigation: usercopy/swapgs barriers and __user pointer sanitization\r", "[    0.224024] Spectre V2 : Spectre mitigation: kernel not compiled with retpoline; no mitigation available!\r", "[    0.224026] Speculative Store Bypass: Mitigation: Speculative Store Bypass disabled via prctl\r", "[    0.226025] MDS: Mitigation: Clear CPU buffers\r", "[    0.229512] Freeing SMP alternatives memory: 12K\r", "[    0.230206] smpboot: CPU0: Intel(R) Xeon(R) CPU E7-8857 v2 @ 3.00GHz (family: 0x6, model: 0x3e, stepping: 0x7)\r", "[    0.231147] Performance Events: IvyBridge events, Intel PMU driver.\r", "[    0.232028] ... version:                2\r", "[    0.232611] ... bit width:              48\r", "[    0.233025] ... generic registers:      8\r", "[    0.233607] ... value mask:             0000ffffffffffff\r", "[    0.234025] ... max period:             000000007fffffff\r", "[    0.234792] ... fixed-purpose events:   3\r", "[    0.235025] ... event mask:             00000007000000ff\r", "[    0.235852] rcu: Hierarchical SRCU implementation.\r", "[    0.236091] smp: Bringing up secondary CPUs ...\r", "[    0.236771] smp: Brought up 1 node, 1 CPU\r", "[    0.237034] smpboot: Max logical packages: 1\r", "[    0.237659] smpboot: Total of 1 processors activated (5999.96 BogoMIPS)\r", "[    0.238346] devtmpfs: initialized\r", "[    0.239056] clocksource: jiffies: mask: 0xffffffff max_cycles: 0xffffffff, max_idle_ns: 1911260446275000 ns\r", "[    0.240028] futex hash table entries: 256 (order: 2, 16384 bytes, linear)\r", "[    0.241078] \r", "[    0.241312] *************************************************************\r", "[    0.242026] **     NOTICE NOTICE NOTICE NOTICE NOTICE NOTICE NOTICE    **\r", "[    0.243010] **                                                         **\r", "[    0.243025] **  IOMMU DebugFS SUPPORT HAS BEEN ENABLED IN THIS KERNEL  **\r", "[    0.244009] **                                                         **\r", "[    0.244025] ** This means that this kernel is built to expose internal **\r", "[    0.245009] ** IOMMU data structures, which may compromise security on **\r", "[    0.245025] ** your system.                                            **\r", "[    0.246010] **                                                         **\r", "[    0.246025] ** If you see this message and you are not debugging the   **\r", "[    0.247006] ** kernel, report this immediately to your vendor!         **\r", "[    0.247025] **                                                         **\r", "[    0.248007] **     NOTICE NOTICE NOTICE NOTICE NOTICE NOTICE NOTICE    **\r", "[    0.248025] *************************************************************\r", "[    0.249207] NET: Registered protocol family 16\r", "[    0.249943] audit: initializing netlink subsys (disabled)\r", "[    0.250146] cpuidle: using governor ladder\r", "[    0.250804] KVM setup pv remote TLB flush\r", "[    0.251036] ACPI: bus type PCI registered\r", "[    0.251629] acpiphp: ACPI Hot Plug PCI Controller Driver version: 0.5\r", "[    0.252102] PCI: MMCONFIG for domain 0000 [bus 00-ff] at [mem 0xb0000000-0xbfffffff] (base 0xb0000000)\r", "[    0.253027] PCI: MMCONFIG at [mem 0xb0000000-0xbfffffff] reserved in E820\r", "[    0.254019] PCI: Using configuration type 1 for base access\r", "[    0.254057] core: PMU erratum BJ122, BV98, HSD29 workaround disabled, HT off\r", "[    0.258411] audit: type=2000 audit(1606671586.893:1): state=initialized audit_enabled=0 res=1\r", "[    0.260555] HugeTLB registered 1.00 GiB page size, pre-allocated 0 pages\r", "[    0.261040] HugeTLB registered 2.00 MiB page size, pre-allocated 0 pages\r", "[    0.262769] ACPI: Added _OSI(Module Device)\r", "[    0.263038] ACPI: Added _OSI(Processor Device)\r", "[    0.263694] ACPI: Added _OSI(3.0 _SCP Extensions)\r", "[    0.264026] ACPI: Added _OSI(Processor Aggregator Device)\r", "[    0.264813] ACPI: Added _OSI(Linux-Dell-Video)\r", "[    0.265026] ACPI: Added _OSI(Linux-Lenovo-NV-HDMI-Audio)\r", "[    0.265800] ACPI: Added _OSI(Linux-HPI-Hybrid-Graphics)\r", "[    0.267066] ACPI: 1 ACPI AML tables successfully acquired and loaded\r", "[    0.269177] ACPI: Interpreter enabled\r", "[    0.269739] ACPI: (supports S0 S5)\r", "[    0.270026] ACPI: Using IOAPIC for interrupt routing\r", "[    0.270788] PCI: Using host bridge windows from ACPI; if necessary, use \"pci=nocrs\" and report a bug\r", "[    0.271096] ACPI: Enabled 1 GPEs in block 00 to 3F\r", "[    0.273308] ACPI: PCI Root Bridge [PCI0] (domain 0000 [bus 00-ff])\r", "[    0.274035] acpi PNP0A08:00: _OSC: OS supports [ExtendedConfig ASPM ClockPM Segments MSI HPX-Type3]\r", "[    0.275097] acpi PNP0A08:00: _OSC: platform does not support [LTR]\r", "[    0.276061] acpi PNP0A08:00: _OSC: OS now controls [PCIeHotplug PME AER PCIeCapability]\r", "[    0.277149] PCI host bridge to bus 0000:00\r", "[    0.277757] pci_bus 0000:00: root bus resource [io  0x0000-0x0cf7 window]\r", "[    0.278027] pci_bus 0000:00: root bus resource [io  0x0d00-0xffff window]\r", "[    0.279010] pci_bus 0000:00: root bus resource [mem 0x000a0000-0x000bffff window]\r", "[    0.279026] pci_bus 0000:00: root bus resource [mem 0x80000000-0xafffffff window]\r", "[    0.280026] pci_bus 0000:00: root bus resource [mem 0xc0000000-0xfebfffff window]\r", "[    0.281026] pci_bus 0000:00: root bus resource [mem 0x180000000-0x97fffffff window]\r", "[    0.282026] pci_bus 0000:00: root bus resource [bus 00-ff]\r", "[    0.282902] pci 0000:00:00.0: [8086:29c0] type 00 class 0x060000\r", "[    0.283525] pci 0000:00:01.0: [1234:1111] type 00 class 0x030000\r", "[    0.285063] pci 0000:00:01.0: reg 0x10: [mem 0xfd000000-0xfdffffff pref]\r", "[    0.288051] pci 0000:00:01.0: reg 0x18: [mem 0xfc010000-0xfc010fff]\r", "[    0.292612] pci 0000:00:01.0: reg 0x30: [mem 0xfc000000-0xfc00ffff pref]\r", "[    0.293318] pci 0000:00:02.0: [5543:1001] type 00 class 0x020000\r", "[    0.294534] pci 0000:00:02.0: reg 0x10: [mem 0xfb000000-0xfbffffff 64bit]\r", "[    0.297195] pci 0000:00:1f.0: [8086:2918] type 00 class 0x060100\r", "[    0.298581] pci 0000:00:1f.0: quirk: [io  0x0600-0x067f] claimed by ICH6 ACPI/GPIO/TCO\r", "[    0.299276] pci 0000:00:1f.2: [8086:2922] type 00 class 0x010601\r", "[    0.302897] pci 0000:00:1f.2: reg 0x20: [io  0xc040-0xc05f]\r", "[    0.303621] pci 0000:00:1f.2: reg 0x24: [mem 0xfc011000-0xfc011fff]\r", "[    0.305165] pci 0000:00:1f.3: [8086:2930] type 00 class 0x0c0500\r", "[    0.308508] pci 0000:00:1f.3: reg 0x20: [io  0x0700-0x073f]\r", "[    0.310041] ACPI: PCI Interrupt Link [LNKA] (IRQs 5 *10 11)\r", "[    0.310944] ACPI: PCI Interrupt Link [LNKB] (IRQs 5 *10 11)\r", "[    0.311106] ACPI: PCI Interrupt Link [LNKC] (IRQs 5 10 *11)\r", "[    0.312004] ACPI: PCI Interrupt Link [LNKD] (IRQs 5 10 *11)\r", "[    0.312102] ACPI: PCI Interrupt Link [LNKE] (IRQs 5 *10 11)\r", "[    0.312991] ACPI: PCI Interrupt Link [LNKF] (IRQs 5 *10 11)\r", "[    0.313103] ACPI: PCI Interrupt Link [LNKG] (IRQs 5 10 *11)\r", "[    0.313989] ACPI: PCI Interrupt Link [LNKH] (IRQs 5 10 *11)\r", "[    0.314058] ACPI: PCI Interrupt Link [GSIA] (IRQs *16)\r", "[    0.314814] ACPI: PCI Interrupt Link [GSIB] (IRQs *17)\r", "[    0.315034] ACPI: PCI Interrupt Link [GSIC] (IRQs *18)\r", "[    0.315807] ACPI: PCI Interrupt Link [GSID] (IRQs *19)\r", "[    0.316034] ACPI: PCI Interrupt Link [GSIE] (IRQs *20)\r", "[    0.316790] ACPI: PCI Interrupt Link [GSIF] (IRQs *21)\r", "[    0.317034] ACPI: PCI Interrupt Link [GSIG] (IRQs *22)\r", "[    0.317790] ACPI: PCI Interrupt Link [GSIH] (IRQs *23)\r", "[    0.318230] iommu: Default domain type: Translated \r", "[    0.320295] pci 0000:00:01.0: vgaarb: setting as boot VGA device\r", "[    0.321022] pci 0000:00:01.0: vgaarb: VGA device added: decodes=io+mem,owns=io+mem,locks=none\r", "[    0.321032] pci 0000:00:01.0: vgaarb: bridge control possible\r", "[    0.321858] vgaarb: loaded\r", "[    0.322132] SCSI subsystem initialized\r", "[    0.322865] pps_core: LinuxPPS API ver. 1 registered\r", "[    0.323029] pps_core: Software ver. 5.3.6 - Copyright 2005-2007 Rodolfo Giometti <giometti@linux.it>\r", "[    0.324031] PTP clock support registered\r", "[    0.324632] PCI: Using ACPI for IRQ routing\r", "[    0.391387] hpet0: at MMIO 0xfed00000, IRQs 2, 8, 0\r", "[    0.392026] hpet0: 3 comparators, 64-bit 100.000000 MHz counter\r", "[    0.398340] clocksource: Switched to clocksource kvm-clock\r", "[    0.406452] VFS: Disk quotas dquot_6.6.0\r", "[    0.407087] VFS: Dquot-cache hash table entries: 512 (order 0, 4096 bytes)\r", "[    0.408178] pnp: PnP ACPI init\r", "[    0.409019] pnp: PnP ACPI: found 5 devices\r", "[    0.412388] thermal_sys: Registered thermal governor 'step_wise'\r", "[    0.412389] thermal_sys: Registered thermal governor 'user_space'\r", "[    0.417957] clocksource: acpi_pm: mask: 0xffffff max_cycles: 0xffffff, max_idle_ns: 2085701024 ns\r", "[    0.420145] pci_bus 0000:00: resource 4 [io  0x0000-0x0cf7 window]\r", "[    0.421044] pci_bus 0000:00: resource 5 [io  0x0d00-0xffff window]\r", "[    0.422029] pci_bus 0000:00: resource 6 [mem 0x000a0000-0x000bffff window]\r", "[    0.423072] pci_bus 0000:00: resource 7 [mem 0x80000000-0xafffffff window]\r", "[    0.424135] pci_bus 0000:00: resource 8 [mem 0xc0000000-0xfebfffff window]\r", "[    0.425190] pci_bus 0000:00: resource 9 [mem 0x180000000-0x97fffffff window]\r", "[    0.426407] NET: Registered protocol family 2\r", "[    0.427307] tcp_listen_portaddr_hash hash table entries: 2048 (order: 3, 32768 bytes, linear)\r", "[    0.428552] TCP established hash table entries: 32768 (order: 6, 262144 bytes, linear)\r", "[    0.430533] TCP bind hash table entries: 32768 (order: 7, 524288 bytes, linear)\r", "[    0.431626] TCP: Hash tables configured (established 32768 bind 32768)\r", "[    0.432620] UDP hash table entries: 2048 (order: 4, 65536 bytes, linear)\r", "[    0.433690] UDP-Lite hash table entries: 2048 (order: 4, 65536 bytes, linear)\r", "[    0.434862] NET: Registered protocol family 1\r", "[    0.435625] pci 0000:00:01.0: Video device with shadowed ROM at [mem 0x000c0000-0x000dffff]\r", "[    0.436962] PCI: CLS 0 bytes, default 64\r", "[    0.438593] PCI-DMA: Using software bounce buffering for IO (SWIOTLB)\r", "[    0.439625] software IO TLB: mapped [mem 0x7bfde000-0x7ffde000] (64MB)\r", "[    0.440696] clocksource: tsc: mask: 0xffffffffffffffff max_cycles: 0x2b3e3442c8b, max_idle_ns: 440795248401 ns\r", "[    0.443017] workingset: timestamp_bits=52 max_order=20 bucket_order=0\r", "[    0.444303] fuse: init (API version 7.31)\r", "[    0.448383] Block layer SCSI generic (bsg) driver version 0.4 loaded (major 252)\r", "[    0.449483] io scheduler mq-deadline registered\r", "[    0.450247] io scheduler kyber registered\r", "[    0.451493] acpiphp_ibm: ibm_acpiphp_init: acpi_walk_namespace failed\r", "[    0.452571] Serial: 8250/16550 driver, 4 ports, IRQ sharing disabled\r", "[    0.477036] 00:03: ttyS0 at I/O 0x3f8 (irq = 4, base_baud = 115200) is a 16550A\r", "[    0.478605] Linux agpgart interface v0.103\r", "[    0.481430] brd: module loaded\r", "[    0.483744] loop: module loaded\r", "[    0.484317] Loading iSCSI transport class v2.0-870.\r", "[    0.485943] PCI Interrupt Link [GSIA] enabled at IRQ 16\r", "[    0.487543] ahci 0000:00:1f.2: AHCI 0001.0000 32 slots 6 ports 1.5 Gbps 0x3f impl SATA mode\r", "[    0.488766] ahci 0000:00:1f.2: flags: 64bit ncq only \r", "[    0.491639] scsi host0: ahci\r", "[    0.492257] scsi host1: ahci\r", "[    0.492772] scsi host2: ahci\r", "[    0.493350] scsi host3: ahci\r", "[    0.493898] scsi host4: ahci\r", "[    0.494435] scsi host5: ahci\r", "[    0.494934] ata1: SATA max UDMA/133 abar m4096@0xfc011000 port 0xfc011100 irq 24\r", "[    0.496036] ata2: SATA max UDMA/133 abar m4096@0xfc011000 port 0xfc011180 irq 24\r", "[    0.497131] ata3: SATA max UDMA/133 abar m4096@0xfc011000 port 0xfc011200 irq 24\r", "[    0.498237] ata4: SATA max UDMA/133 abar m4096@0xfc011000 port 0xfc011280 irq 24\r", "[    0.499324] ata5: SATA max UDMA/133 abar m4096@0xfc011000 port 0xfc011300 irq 24\r", "[    0.500411] ata6: SATA max UDMA/133 abar m4096@0xfc011000 port 0xfc011380 irq 24\r", "[    0.501556] Ethernet Channel Bonding Driver: v3.7.1 (April 27, 2011)\r", "[    0.503401] tun: Universal TUN/TAP device driver, 1.6\r", "[    0.504335] VFIO - User Level meta-driver version: 0.3\r", "[    0.505293] i8042: PNP: PS/2 Controller [PNP0303:KBD,PNP0f13:MOU] at 0x60,0x64 irq 1,12\r", "[    0.507304] serio: i8042 KBD port at 0x60,0x64 irq 1\r", "[    0.508079] serio: i8042 AUX port at 0x60,0x64 irq 12\r", "[    0.510061] mousedev: PS/2 mouse device common for all mice\r", "[    0.511113] NET: Registered protocol family 17\r", "[    0.512160] input: AT Translated Set 2 keyboard as /devices/platform/i8042/serio0/input/input0\r", "[    0.514205] IPI shorthand broadcast: enabled\r", "[    0.514848] sched_clock: Marking stable (481008811, 33016682)->(552106837, -38081344)\r", "[    0.811235] ata5: SATA link down (SStatus 0 SControl 300)\r", "[    0.812323] ata3: SATA link up 1.5 Gbps (SStatus 113 SControl 300)\r", "[    0.813515] ata3.00: ATAPI: QEMU DVD-ROM, 2.5+, max UDMA/100\r", "[    0.814396] ata3.00: applying bridge limits\r", "[    0.815154] ata3.00: configured for UDMA/100\r", "[    0.816091] ata1: SATA link up 1.5 Gbps (SStatus 113 SControl 300)\r", "[    0.817094] ata1.00: ATA-7: QEMU HARDDISK, 2.5+, max UDMA/100\r", "[    0.817954] ata1.00: 83886080 sectors, multi 16: LBA48 NCQ (depth 32)\r", "[    0.818904] ata1.00: applying bridge limits\r", "[    0.819652] ata1.00: configured for UDMA/100\r", "[    0.820505] scsi 0:0:0:0: Direct-Access     ATA      QEMU HARDDISK    2.5+ PQ: 0 ANSI: 5\r", "[    0.821877] ata4: SATA link down (SStatus 0 SControl 300)\r", "[    0.822852] ata2: SATA link up 1.5 Gbps (SStatus 113 SControl 300)\r", "[    0.823858] ata2.00: ATA-7: QEMU HARDDISK, 2.5+, max UDMA/100\r", "[    0.824710] ata2.00: 160 sectors, multi 16: LBA48 NCQ (depth 32)\r", "[    0.825598] ata2.00: applying bridge limits\r", "[    0.826355] ata2.00: configured for UDMA/100\r", "[    0.827134] ata6: SATA link down (SStatus 0 SControl 300)\r", "[    0.828440] sd 0:0:0:0: [sda] 83886080 512-byte logical blocks: (42.9 GB/40.0 GiB)\r", "[    0.829599] sd 0:0:0:0: [sda] Write Protect is off\r", "[    0.830360] sd 0:0:0:0: Attached scsi generic sg0 type 0\r", "[    0.831210] sd 0:0:0:0: [sda] Write cache: enabled, read cache: enabled, doesn't support DPO or FUA\r", "[    0.832663] scsi 1:0:0:0: Direct-Access     ATA      QEMU HARDDISK    2.5+ PQ: 0 ANSI: 5\r", "[    0.834079] sd 1:0:0:0: [sdb] 160 512-byte logical blocks: (81.9 kB/80.0 KiB)\r", "[    0.835159] sd 1:0:0:0: [sdb] Write Protect is off\r", "[    0.835891] sd 1:0:0:0: Attached scsi generic sg1 type 0\r", "[    0.836710] sd 1:0:0:0: [sdb] Write cache: enabled, read cache: enabled, doesn't support DPO or FUA\r", "[    0.838216] scsi 2:0:0:0: CD-ROM            QEMU     QEMU DVD-ROM     2.5+ PQ: 0 ANSI: 5\r", "[    0.841017]  sda: sda1\r", "[    0.841617] sd 0:0:0:0: [sda] Attached SCSI disk\r", "[    0.842534] sd 1:0:0:0: [sdb] Attached SCSI disk\r", "[    0.854243] sr 2:0:0:0: [sr0] scsi3-mmc drive: 4x/4x cd/rw xa/form2 tray\r", "[    0.855253] cdrom: Uniform CD-ROM driver Revision: 3.20\r", "[    0.856313] sr 2:0:0:0: Attached scsi generic sg2 type 5\r", "[    0.872656] EXT4-fs (sda1): mounted filesystem with ordered data mode. Opts: (null)\r", "[    0.873830] VFS: Mounted root (ext4 filesystem) on device 8:1.\r", "[    0.875352] devtmpfs: mounted\r", "[    0.876940] Freeing unused kernel image memory: 1900K\r", "[    0.877702] Write protecting the kernel read-only data: 12288k\r", "[    0.879980] Freeing unused kernel image memory: 2032K\r", "[    0.880776] Freeing unused kernel image memory: 92K\r", "[    0.881512] rodata_test: all tests were successful\r", "[    0.882292] Run /home/ubuntu/guestinit.sh as init process\r", "+ export HOME=/root\r", "+ export LANG=en_US\r", "+ export PATH=/usr/local/sbin:/usr/local/bin:/usr/sbin:/usr/bin:/sbin:/bin:/usr/games:/usr/local/games\r", "+ insmod /tmp/guest/mqnic.ko\r", "[    0.905999] mqnic: loading out-of-tree module taints kernel.\r", "[    0.907364] mqnic 0000:00:02.0: mqnic probe\r", "[    0.908362] PCI Interrupt Link [GSIG] enabled at IRQ 22\r", "[    0.909338] mqnic 0000:00:02.0: FW ID: 0x00000020\r", "[    0.910090] mqnic 0000:00:02.0: FW version: 0.1\r", "[    0.910801] mqnic 0000:00:02.0: Board ID: 0x43215678\r", "[    0.911578] mqnic 0000:00:02.0: Board version: 0.1\r", "[    0.912326] mqnic 0000:00:02.0: PHC count: 1\r", "[    0.912992] mqnic 0000:00:02.0: PHC offset: 0x00000200\r", "[    0.913831] mqnic 0000:00:02.0: IF count: 1\r", "[    0.914486] mqnic 0000:00:02.0: IF stride: 0x00080000\r", "[    0.915267] mqnic 0000:00:02.0: IF CSR offset: 0x00080000\r", "[    0.916357] mqnic 0000:00:02.0: Failed to read MAC from EEPROM; no EEPROM I2C client registered\r", "[    0.918183] mqnic 0000:00:02.0: registered PHC (index 0)\r", "[    0.919049] mqnic 0000:00:02.0: Creating interface 0\r", "[    0.922485] mqnic 0000:00:02.0: IF ID: 0x00000000\r", "[    0.923291] mqnic 0000:00:02.0: IF features: 0x00000701\r", "[    0.924167] mqnic 0000:00:02.0: Event queue count: 32\r", "[    0.925002] mqnic 0000:00:02.0: Event queue offset: 0x00100000\r", "[    0.925998] mqnic 0000:00:02.0: TX queue count: 256\r", "[    0.926817] mqnic 0000:00:02.0: TX queue offset: 0x00200000\r", "[    0.927741] mqnic 0000:00:02.0: TX completion queue count: 256\r", "[    0.928716] mqnic 0000:00:02.0: TX completion queue offset: 0x00400000\r", "[    0.929793] mqnic 0000:00:02.0: RX queue count: 256\r", "[    0.930627] mqnic 0000:00:02.0: RX queue offset: 0x00600000\r", "[    0.931556] mqnic 0000:00:02.0: RX completion queue count: 256\r", "[    0.932512] mqnic 0000:00:02.0: RX completion queue offset: 0x00700000\r", "[    0.933563] mqnic 0000:00:02.0: Port count: 1\r", "[    0.934314] mqnic 0000:00:02.0: Port offset: 0x00800000\r", "[    0.935193] mqnic 0000:00:02.0: Port stride: 0x00200000\r", "[    0.935974] mqnic 0000:00:02.0: Bad MAC in EEPROM; using random MAC\r", "[    0.937157] mqnic 0000:00:02.0: Max desc block size: 8\r", "[    1.599978] mqnic 0000:00:02.0: Port ID: 0x00000000\r", "[    1.600861] mqnic 0000:00:02.0: Port features: 0x00000701\r", "[    1.601798] mqnic 0000:00:02.0: Port MTU: 2048\r", "[    1.602580] mqnic 0000:00:02.0: Scheduler count: 1\r", "[    1.603419] mqnic 0000:00:02.0: Scheduler offset: 0x00100000\r", "[    1.604373] mqnic 0000:00:02.0: Scheduler stride: 0x00100000\r", "[    1.605322] mqnic 0000:00:02.0: Scheduler type: 0x00000000\r", "+ ip link set dev eth0 up\r", "[    1.626954] mqnic 0000:00:02.0: mqnic_open on port 0\r", "+ ip addr add 10.0.0.2/24 dev eth0\r", "+ netserver\r", "Starting netserver with host 'IN(6)ADDR_ANY' port '12865' and family AF_UNSPEC\r", "+ netperf -H 10.0.0.1\r", "MIGRATED TCP STREAM TEST from 0.0.0.0 (0.0.0.0) port 0 AF_INET to 10.0.0.1 () port 0 AF_INET : demo\r", "Recv   Send    Send                          \r", "Socket Socket  Message  Elapsed              \r", "Size   Size    Size     Time     Throughput  \r", "bytes  bytes   bytes    secs.    10^6bits/sec  \r", "\r", "131072  16384  16384    10.33       2.49   \r", "+ netperf -H 10.0.0.1 -t TCP_RR -- -o mean_latency,p50_latency,p90_latency,p99_latency\r", "MIGRATED TCP REQUEST/RESPONSE TEST from 0.0.0.0 (0.0.0.0) port 0 AF_INET to 10.0.0.1 () port 0 AF_INET : demo : first burst 0\r", "Mean Latency Microseconds,50th Percentile Latency Microseconds,90th Percentile Latency Microseconds,99th Percentile Latency Microseconds\r", "23276.84,23502,23913,24400\r", "+ poweroff -f\r", "Powering off.\r", "[   23.857232] sd 1:0:0:0: [sdb] Synchronizing SCSI cache\r", "[   23.858173] sd 1:0:0:0: [sdb] Stopping disk\r", "[   23.858895] sd 0:0:0:0: [sda] Synchronizing SCSI cache\r", "[   24.100458] sd 0:0:0:0: [sda] Stopping disk\r", "[   24.101648] mqnic 0000:00:02.0: mqnic shutdown\r", "[   24.102762] ACPI: Preparing to enter system sleep state S5\r", "[   24.103680] reboot: Power down\r"], "stderr": []}}, "success": true}