{"exp_name": "netperf-qt-switch-cd_bm", "metadata": {}, "start_time": 1620119494.0531392, "end_time": 1620126790.3328676, "sims": {"nic.server.0.": {"class": "CorundumBMNIC", "cmd": ["/oldhome/hejingli/simbricks/sims/nic//corundum_bm/corundum_bm", "/oldhome/hejingli/simbricks/experiments/out/netperf-qt-switch-cd_bm/1/nic.pci.server.0.", "/oldhome/hejingli/simbricks/experiments/out/netperf-qt-switch-cd_bm/1/nic.eth.server.0.", "/oldhome/hejingli/simbricks/experiments/out/netperf-qt-switch-cd_bm/1/nic.shm.server.0.", "0", "0", "500", "500", "500"], "stdout": ["eth connection accepted", "eth intro sent", "pci connection accepted", "pci intro sent", "pci host info received", "eth net info received"], "stderr": ["226adbf27f54", "sync_pci=1 sync_eth=1", "exit main_time: 21146884314000"]}, "nic.client.0.": {"class": "CorundumBMNIC", "cmd": ["/oldhome/hejingli/simbricks/sims/nic//corundum_bm/corundum_bm", "/oldhome/hejingli/simbricks/experiments/out/netperf-qt-switch-cd_bm/1/nic.pci.client.0.", "/oldhome/hejingli/simbricks/experiments/out/netperf-qt-switch-cd_bm/1/nic.eth.client.0.", "/oldhome/hejingli/simbricks/experiments/out/netperf-qt-switch-cd_bm/1/nic.shm.client.0.", "0", "0", "500", "500", "500"], "stdout": ["eth connection accepted", "eth intro sent", "pci connection accepted", "pci intro sent", "pci host info received", "eth net info received"], "stderr": ["11e0d514848c", "sync_pci=1 sync_eth=1", "exit main_time: 21146883491000"]}, "net.": {"class": "SwitchNet", "cmd": ["/oldhome/hejingli/simbricks/sims/net/switch/net_switch", "-m", "0", "-S", "500", "-E", "500", "-s", "/oldhome/hejingli/simbricks/experiments/out/netperf-qt-switch-cd_bm/1/nic.eth.server.0.", "-s", "/oldhome/hejingli/simbricks/experiments/out/netperf-qt-switch-cd_bm/1/nic.eth.client.0."], "stdout": ["start polling"], "stderr": []}, "host.server.0": {"class": "QemuHost", "cmd": ["/oldhome/hejingli/simbricks/sims/external/qemu/build/x86_64-softmmu/qemu-system-x86_64", "-machine", "q35", "-serial", "mon:stdio", "-display", "none", "-nic", "none", "-kernel", "/oldhome/hejingli/simbricks/images/bzImage", "-drive", "file=/oldhome/hejingli/simbricks/experiments/out/netperf-qt-switch-cd_bm/1/hdcopy.server.0,if=ide,index=0,media=disk", "-drive", "file=/oldhome/hejingli/simbricks/experiments/out/netperf-qt-switch-cd_bm/1/cfg.server.0.tar,if=ide,index=1,media=disk,driver=raw", "-append", "earlyprintk=ttyS0 console=ttyS0 root=/dev/sda1 init=/home/ubuntu/guestinit.sh rw", "-m", "8192", "-smp", "1", "-cpu", "Skylake-Server", "-icount", "shift=-3,sleep=off", "-chardev", "socket,path=/oldhome/hejingli/simbricks/experiments/out/netperf-qt-switch-cd_bm/1/nic.pci.server.0.,id=simbrickscd", "-device", "simbricks-pci,chardev=simbrickscd,sync=on,sync-mode=0,pci-latency=500,sync-period=500"], "stdout": ["early console in extract_kernel\r", "input_data: 0x000000000210e2c8\r", "input_len: 0x00000000003d1ee4\r", "output: 0x0000000001000000\r", "output_len: 0x00000000014baa98\r", "kernel_total_size: 0x0000000001226000\r", "needed_size: 0x0000000001600000\r", "trampoline_32bit: 0x000000000009d000\r", "\r", "Decompressing Linux... Parsing ELF... done.\r", "Booting the kernel.\r", "[    0.000000] Linux version 5.4.46 (hejingli@swsnetlab04) (gcc version 8.3.0 (Debian 8.3.0-6)) #1 SMP Fri Mar 26 14:54:18 CET 2021\r", "[    0.000000] Command line: earlyprintk=ttyS0 console=ttyS0 root=/dev/sda1 init=/home/ubuntu/guestinit.sh rw\r", "[    0.000000] x86/fpu: Supporting XSAVE feature 0x001: 'x87 floating point registers'\r", "[    0.000000] x86/fpu: Supporting XSAVE feature 0x002: 'SSE registers'\r", "[    0.000000] x86/fpu: Supporting XSAVE feature 0x200: 'Protection Keys User registers'\r", "[    0.000000] x86/fpu: xstate_offset[9]: 2688, xstate_sizes[9]:    8\r", "[    0.000000] x86/fpu: Enabled xstate features 0x203, context size is 2696 bytes, using 'standard' format.\r", "[    0.000000] BIOS-provided physical RAM map:\r", "[    0.000000] BIOS-e820: [mem 0x0000000000000000-0x000000000009fbff] usable\r", "[    0.000000] BIOS-e820: [mem 0x000000000009fc00-0x000000000009ffff] reserved\r", "[    0.000000] BIOS-e820: [mem 0x00000000000f0000-0x00000000000fffff] reserved\r", "[    0.000000] BIOS-e820: [mem 0x0000000000100000-0x000000007ffddfff] usable\r", "[    0.000000] BIOS-e820: [mem 0x000000007ffde000-0x000000007fffffff] reserved\r", "[    0.000000] BIOS-e820: [mem 0x00000000b0000000-0x00000000bfffffff] reserved\r", "[    0.000000] BIOS-e820: [mem 0x00000000fed1c000-0x00000000fed1ffff] reserved\r", "[    0.000000] BIOS-e820: [mem 0x00000000fffc0000-0x00000000ffffffff] reserved\r", "[    0.000000] BIOS-e820: [mem 0x0000000100000000-0x000000027fffffff] usable\r", "[    0.000000] printk: bootconsole [earlyser0] enabled\r", "[    0.000000] NX (Execute Disable) protection: active\r", "[    0.000000] SMBIOS 2.8 present.\r", "[    0.000000] DMI: QEMU Standard PC (Q35 + ICH9, 2009), BIOS rel-1.14.0-0-g155821a1990b-prebuilt.qemu.org 04/01/2014\r", "[    0.000000] tsc: Fast TSC calibration failed\r", "[    0.000000] tsc: calibrated TSC: tsc_freq=0\r", "[    0.000000] last_pfn = 0x280000 max_arch_pfn = 0x400000000\r", "[    0.000000] x86/PAT: Configuration [0-7]: WB  WC  UC- UC  WB  WP  UC- WT  \r", "[    0.000000] last_pfn = 0x7ffde max_arch_pfn = 0x400000000\r", "[    0.000000] found SMP MP-table at [mem 0x000f5ab0-0x000f5abf]\r", "[    0.000000] Using GB pages for direct mapping\r", "[    0.000000] ACPI: Early table checksum verification disabled\r", "[    0.000000] ACPI: RSDP 0x00000000000F58C0 000014 (v00 BOCHS )\r", "[    0.000000] ACPI: RSDT 0x000000007FFE20CE 000038 (v01 BOCHS  BXPCRSDT 00000001 BXPC 00000001)\r", "[    0.000000] ACPI: FACP 0x000000007FFE1EC6 0000F4 (v03 BOCHS  BXPCFACP 00000001 BXPC 00000001)\r", "[    0.000000] ACPI: DSDT 0x000000007FFE0040 001E86 (v01 BOCHS  BXPCDSDT 00000001 BXPC 00000001)\r", "[    0.000000] ACPI: FACS 0x000000007FFE0000 000040\r", "[    0.000000] ACPI: APIC 0x000000007FFE1FBA 000078 (v01 BOCHS  BXPCAPIC 00000001 BXPC 00000001)\r", "[    0.000000] ACPI: HPET 0x000000007FFE2032 000038 (v01 BOCHS  BXPCHPET 00000001 BXPC 00000001)\r", "[    0.000000] ACPI: MCFG 0x000000007FFE206A 00003C (v01 BOCHS  BXPCMCFG 00000001 BXPC 00000001)\r", "[    0.000000] ACPI: WAET 0x000000007FFE20A6 000028 (v01 BOCHS  BXPCWAET 00000001 BXPC 00000001)\r", "[    0.000000] No NUMA configuration found\r", "[    0.000000] Faking a node at [mem 0x0000000000000000-0x000000027fffffff]\r", "[    0.000000] NODE_DATA(0) allocated [mem 0x27ffdc000-0x27fffdfff]\r", "[    0.000000] Zone ranges:\r", "[    0.000000]   DMA      [mem 0x0000000000001000-0x0000000000ffffff]\r", "[    0.000000]   DMA32    [mem 0x0000000001000000-0x00000000ffffffff]\r", "[    0.000000]   Normal   [mem 0x0000000100000000-0x000000027fffffff]\r", "[    0.000000] Movable zone start for each node\r", "[    0.000000] Early memory node ranges\r", "[    0.000000]   node   0: [mem 0x0000000000001000-0x000000000009efff]\r", "[    0.000000]   node   0: [mem 0x0000000000100000-0x000000007ffddfff]\r", "[    0.000000]   node   0: [mem 0x0000000100000000-0x000000027fffffff]\r", "[    0.000000] Zeroed struct page in unavailable ranges: 132 pages\r", "[    0.000000] Initmem setup node 0 [mem 0x0000000000001000-0x000000027fffffff]\r", "[    0.000000] ACPI: PM-Timer IO Port: 0x608\r", "[    0.000000] ACPI: LAPIC_NMI (acpi_id[0xff] dfl dfl lint[0x1])\r", "[    0.000000] IOAPIC[0]: apic_id 0, version 32, address 0xfec00000, GSI 0-23\r", "[    0.000000] ACPI: INT_SRC_OVR (bus 0 bus_irq 0 global_irq 2 dfl dfl)\r", "[    0.000000] ACPI: INT_SRC_OVR (bus 0 bus_irq 5 global_irq 5 high level)\r", "[    0.000000] ACPI: INT_SRC_OVR (bus 0 bus_irq 9 global_irq 9 high level)\r", "[    0.000000] ACPI: INT_SRC_OVR (bus 0 bus_irq 10 global_irq 10 high level)\r", "[    0.000000] ACPI: INT_SRC_OVR (bus 0 bus_irq 11 global_irq 11 high level)\r", "[    0.000000] Using ACPI (MADT) for SMP configuration information\r", "[    0.000000] ACPI: HPET id: 0x8086a201 base: 0xfed00000\r", "[    0.000000] smpboot: Allowing 1 CPUs, 0 hotplug CPUs\r", "[    0.000000] [mem 0xc0000000-0xfed1bfff] available for PCI devices\r", "[    0.000000] Booting paravirtualized kernel on bare hardware\r", "[    0.000000] clocksource: refined-jiffies: mask: 0xffffffff max_cycles: 0xffffffff, max_idle_ns: 1910969940391419 ns\r", "[    0.000000] setup_percpu: NR_CPUS:8192 nr_cpumask_bits:1 nr_cpu_ids:1 nr_node_ids:1\r", "[    0.000000] percpu: Embedded 49 pages/cpu s159768 r8192 d32744 u2097152\r", "[    0.000000] Built 1 zonelists, mobility grouping on.  Total pages: 2068327\r", "[    0.000000] Policy zone: Normal\r", "[    0.000000] Kernel command line: earlyprintk=ttyS0 console=ttyS0 root=/dev/sda1 init=/home/ubuntu/guestinit.sh rw\r", "[    0.000000] Dentry cache hash table entries: 1048576 (order: 11, 8388608 bytes, linear)\r", "[    0.000000] Inode-cache hash table entries: 524288 (order: 10, 4194304 bytes, linear)\r", "[    0.000000] mem auto-init: stack:off, heap alloc:off, heap free:off\r", "[    0.000000] Memory: 8176252K/8388080K available (8194K kernel code, 1285K rwdata, 1956K rodata, 1900K init, 1304K bss, 211828K reserved, 0K cma-reserved)\r", "[    0.000000] rcu: Hierarchical RCU implementation.\r", "[    0.000000] rcu: \tRCU restricting CPUs from NR_CPUS=8192 to nr_cpu_ids=1.\r", "[    0.000000] rcu: RCU calculated value of scheduler-enlistment delay is 100 jiffies.\r", "[    0.000000] rcu: Adjusting geometry for rcu_fanout_leaf=16, nr_cpu_ids=1\r", "[    0.000000] NR_IRQS: 524544, nr_irqs: 256, preallocated irqs: 16\r", "[    0.000000] random: crng done (trusting CPU's manufacturer)\r", "[    0.000000] Console: colour VGA+ 80x25\r", "[    0.000000] printk: console [ttyS0] enabled\r", "[    0.000000] printk: console [ttyS0] enabled\r", "[    0.000000] printk: bootconsole [earlyser0] disabled\r", "[    0.000000] printk: bootconsole [earlyser0] disabled\r", "[    0.000000] ACPI: Core revision 20190816\r", "[    0.000000] clocksource: hpet: mask: 0xffffffff max_cycles: 0xffffffff, max_idle_ns: 19112604467 ns\r", "[    0.000000] APIC: Switch to symmetric I/O mode setup\r", "[    0.000000] ..TIMER: vector=0x30 apic1=0 pin1=2 apic2=-1 pin2=-1\r", "[    0.009000] tsc: PIT calibration matches HPET. 1 loops\r", "[    0.009000] tsc: Detected 1000.000 MHz processor\r", "[    0.000000] clocksource: tsc-early: mask: 0xffffffffffffffff max_cycles: 0x1cd42e4dffb, max_idle_ns: 881590591483 ns\r", "[    0.000001] Calibrating delay loop (skipped), value calculated using timer frequency.. 2000.00 BogoMIPS (lpj=1000000)\r", "[    0.000003] pid_max: default: 32768 minimum: 301\r", "[    0.000027] Mount-cache hash table entries: 16384 (order: 5, 131072 bytes, linear)\r", "[    0.000032] Mountpoint-cache hash table entries: 16384 (order: 5, 131072 bytes, linear)\r", "[    0.000076] Last level iTLB entries: 4KB 0, 2MB 0, 4MB 0\r", "[    0.000077] Last level dTLB entries: 4KB 0, 2MB 0, 4MB 0, 1GB 0\r", "[    0.000078] Spectre V1 : Mitigation: usercopy/swapgs barriers and __user pointer sanitization\r", "[    0.000080] Spectre V2 : Spectre mitigation: kernel not compiled with retpoline; no mitigation available!\r", "[    0.000080] Speculative Store Bypass: Vulnerable\r", "[    0.000082] MDS: Vulnerable: Clear CPU buffers attempted, no microcode\r", "[    0.000278] Freeing SMP alternatives memory: 12K\r", "[    0.204296]  calibrated lapic_timer_period=1000000\r", "[    0.204297] smpboot: CPU0: Intel Xeon Processor (Skylake) (family: 0x6, model: 0x55, stepping: 0x4)\r", "[    0.204347] Performance Events: unsupported p6 CPU model 85 no PMU driver, software events only.\r", "[    0.204359] rcu: Hierarchical SRCU implementation.\r", "[    0.204380] smp: Bringing up secondary CPUs ...\r", "[    0.204381] smp: Brought up 1 node, 1 CPU\r", "[    0.204382] smpboot: Max logical packages: 1\r", "[    0.204382] smpboot: Total of 1 processors activated (2000.00 BogoMIPS)\r", "[    0.204486] devtmpfs: initialized\r", "[    0.204549] clocksource: jiffies: mask: 0xffffffff max_cycles: 0xffffffff, max_idle_ns: 1911260446275000 ns\r", "[    0.204551] futex hash table entries: 256 (order: 2, 16384 bytes, linear)\r", "[    0.204568] \r", "[    0.204568] *************************************************************\r", "[    0.204569] **     NOTICE NOTICE NOTICE NOTICE NOTICE NOTICE NOTICE    **\r", "[    0.204570] **                                                         **\r", "[    0.204571] **  IOMMU DebugFS SUPPORT HAS BEEN ENABLED IN THIS KERNEL  **\r", "[    0.204572] **                                                         **\r", "[    0.204573] ** This means that this kernel is built to expose internal **\r", "[    0.204574] ** IOMMU data structures, which may compromise security on **\r", "[    0.204575] ** your system.                                            **\r", "[    0.204576] **                                                         **\r", "[    0.204577] ** If you see this message and you are not debugging the   **\r", "[    0.204578] ** kernel, report this immediately to your vendor!         **\r", "[    0.204579] **                                                         **\r", "[    0.204580] **     NOTICE NOTICE NOTICE NOTICE NOTICE NOTICE NOTICE    **\r", "[    0.204581] *************************************************************\r", "[    0.204613] NET: Registered protocol family 16\r", "[    0.204653] audit: initializing netlink subsys (disabled)\r", "[    0.204708] cpuidle: using governor ladder\r", "[    0.204716] ACPI: bus type PCI registered\r", "[    0.204717] acpiphp: ACPI Hot Plug PCI Controller Driver version: 0.5\r", "[    0.204719] PCI: MMCONFIG for domain 0000 [bus 00-ff] at [mem 0xb0000000-0xbfffffff] (base 0xb0000000)\r", "[    0.204720] PCI: MMCONFIG at [mem 0xb0000000-0xbfffffff] reserved in E820\r", "[    0.204726] PCI: Using configuration type 1 for base access\r", "[    0.206003] audit: type=2000 audit(1620119751.213:1): state=initialized audit_enabled=0 res=1\r", "[    0.206514] HugeTLB registered 1.00 GiB page size, pre-allocated 0 pages\r", "[    0.206515] HugeTLB registered 2.00 MiB page size, pre-allocated 0 pages\r", "[    0.206776] ACPI: Added _OSI(Module Device)\r", "[    0.206777] ACPI: Added _OSI(Processor Device)\r", "[    0.206778] ACPI: Added _OSI(3.0 _SCP Extensions)\r", "[    0.206779] ACPI: Added _OSI(Processor Aggregator Device)\r", "[    0.206780] ACPI: Added _OSI(Linux-Dell-Video)\r", "[    0.206781] ACPI: Added _OSI(Linux-Lenovo-NV-HDMI-Audio)\r", "[    0.206782] ACPI: Added _OSI(Linux-HPI-Hybrid-Graphics)\r", "[    0.207520] ACPI: 1 ACPI AML tables successfully acquired and loaded\r", "[    0.207730] ACPI: Interpreter enabled\r", "[    0.207732] ACPI: (supports S0 S5)\r", "[    0.207733] ACPI: Using IOAPIC for interrupt routing\r", "[    0.207740] PCI: Using host bridge windows from ACPI; if necessary, use \"pci=nocrs\" and report a bug\r", "[    0.207781] ACPI: Enabled 1 GPEs in block 00 to 3F\r", "[    0.208525] ACPI: PCI Root Bridge [PCI0] (domain 0000 [bus 00-ff])\r", "[    0.208527] acpi PNP0A08:00: _OSC: OS supports [ExtendedConfig ASPM ClockPM Segments MSI HPX-Type3]\r", "[    0.208568] acpi PNP0A08:00: _OSC: platform does not support [LTR]\r", "[    0.208607] acpi PNP0A08:00: _OSC: OS now controls [PCIeHotplug PME AER PCIeCapability]\r", "[    0.208630] PCI host bridge to bus 0000:00\r", "[    0.208631] pci_bus 0000:00: root bus resource [io  0x0000-0x0cf7 window]\r", "[    0.208632] pci_bus 0000:00: root bus resource [io  0x0d00-0xffff window]\r", "[    0.208634] pci_bus 0000:00: root bus resource [mem 0x000a0000-0x000bffff window]\r", "[    0.208635] pci_bus 0000:00: root bus resource [mem 0x80000000-0xafffffff window]\r", "[    0.208637] pci_bus 0000:00: root bus resource [mem 0xc0000000-0xfebfffff window]\r", "[    0.208638] pci_bus 0000:00: root bus resource [mem 0x280000000-0xa7fffffff window]\r", "[    0.208640] pci_bus 0000:00: root bus resource [bus 00-ff]\r", "[    0.208643] pci 0000:00:00.0: [8086:29c0] type 00 class 0x060000\r", "[    0.208660] pci 0000:00:01.0: [1234:1111] type 00 class 0x030000\r", "[    0.208662] pci 0000:00:01.0: reg 0x10: [mem 0xfd000000-0xfdffffff pref]\r", "[    0.208664] pci 0000:00:01.0: reg 0x18: [mem 0xfc010000-0xfc010fff]\r", "[    0.208665] pci 0000:00:01.0: reg 0x30: [mem 0xfc000000-0xfc00ffff pref]\r", "[    0.208682] pci 0000:00:02.0: [5543:1001] type 00 class 0x020000\r", "[    0.208684] pci 0000:00:02.0: reg 0x10: [mem 0xfb000000-0xfbffffff 64bit]\r", "[    0.208702] pci 0000:00:1f.0: [8086:2918] type 00 class 0x060100\r", "[    0.208705] pci 0000:00:1f.0: quirk: [io  0x0600-0x067f] claimed by ICH6 ACPI/GPIO/TCO\r", "[    0.208721] pci 0000:00:1f.2: [8086:2922] type 00 class 0x010601\r", "[    0.208724] pci 0000:00:1f.2: reg 0x20: [io  0xc040-0xc05f]\r", "[    0.208725] pci 0000:00:1f.2: reg 0x24: [mem 0xfc011000-0xfc011fff]\r", "[    0.208741] pci 0000:00:1f.3: [8086:2930] type 00 class 0x0c0500\r", "[    0.208743] pci 0000:00:1f.3: reg 0x20: [io  0x0700-0x073f]\r", "[    0.208829] ACPI: PCI Interrupt Link [LNKA] (IRQs 5 *10 11)\r", "[    0.208853] ACPI: PCI Interrupt Link [LNKB] (IRQs 5 *10 11)\r", "[    0.208877] ACPI: PCI Interrupt Link [LNKC] (IRQs 5 10 *11)\r", "[    0.208900] ACPI: PCI Interrupt Link [LNKD] (IRQs 5 10 *11)\r", "[    0.208924] ACPI: PCI Interrupt Link [LNKE] (IRQs 5 *10 11)\r", "[    0.208948] ACPI: PCI Interrupt Link [LNKF] (IRQs 5 *10 11)\r", "[    0.208972] ACPI: PCI Interrupt Link [LNKG] (IRQs 5 10 *11)\r", "[    0.208995] ACPI: PCI Interrupt Link [LNKH] (IRQs 5 10 *11)\r", "[    0.209003] ACPI: PCI Interrupt Link [GSIA] (IRQs *16)\r", "[    0.209009] ACPI: PCI Interrupt Link [GSIB] (IRQs *17)\r", "[    0.209014] ACPI: PCI Interrupt Link [GSIC] (IRQs *18)\r", "[    0.209020] ACPI: PCI Interrupt Link [GSID] (IRQs *19)\r", "[    0.209025] ACPI: PCI Interrupt Link [GSIE] (IRQs *20)\r", "[    0.209030] ACPI: PCI Interrupt Link [GSIF] (IRQs *21)\r", "[    0.209036] ACPI: PCI Interrupt Link [GSIG] (IRQs *22)\r", "[    0.209041] ACPI: PCI Interrupt Link [GSIH] (IRQs *23)\r", "[    0.209073] iommu: Default domain type: Translated \r", "[    0.209376] pci 0000:00:01.0: vgaarb: setting as boot VGA device\r", "[    0.209377] pci 0000:00:01.0: vgaarb: VGA device added: decodes=io+mem,owns=io+mem,locks=none\r", "[    0.209378] pci 0000:00:01.0: vgaarb: bridge control possible\r", "[    0.209379] vgaarb: loaded\r", "[    0.209406] SCSI subsystem initialized\r", "[    0.209462] pps_core: LinuxPPS API ver. 1 registered\r", "[    0.209463] pps_core: Software ver. 5.3.6 - Copyright 2005-2007 Rodolfo Giometti <giometti@linux.it>\r", "[    0.209465] PTP clock support registered\r", "[    0.209468] PCI: Using ACPI for IRQ routing\r", "[    0.209614] hpet0: at MMIO 0xfed00000, IRQs 2, 8, 0\r", "[    0.209616] hpet0: 3 comparators, 64-bit 100.000000 MHz counter\r", "[    0.211198] clocksource: Switched to clocksource tsc-early\r", "[    0.214466] VFS: Disk quotas dquot_6.6.0\r", "[    0.214473] VFS: Dquot-cache hash table entries: 512 (order 0, 4096 bytes)\r", "[    0.214493] pnp: PnP ACPI init\r", "[    0.214612] pnp: PnP ACPI: found 5 devices\r", "[    0.215608] thermal_sys: Registered thermal governor 'step_wise'\r", "[    0.215609] thermal_sys: Registered thermal governor 'user_space'\r", "[    0.220113] clocksource: acpi_pm: mask: 0xffffff max_cycles: 0xffffff, max_idle_ns: 2085701024 ns\r", "[    0.220116] pci_bus 0000:00: resource 4 [io  0x0000-0x0cf7 window]\r", "[    0.220117] pci_bus 0000:00: resource 5 [io  0x0d00-0xffff window]\r", "[    0.220118] pci_bus 0000:00: resource 6 [mem 0x000a0000-0x000bffff window]\r", "[    0.220120] pci_bus 0000:00: resource 7 [mem 0x80000000-0xafffffff window]\r", "[    0.220121] pci_bus 0000:00: resource 8 [mem 0xc0000000-0xfebfffff window]\r", "[    0.220122] pci_bus 0000:00: resource 9 [mem 0x280000000-0xa7fffffff window]\r", "[    0.220137] NET: Registered protocol family 2\r", "[    0.220177] tcp_listen_portaddr_hash hash table entries: 4096 (order: 4, 65536 bytes, linear)\r", "[    0.220185] TCP established hash table entries: 65536 (order: 7, 524288 bytes, linear)\r", "[    0.220253] TCP bind hash table entries: 65536 (order: 8, 1048576 bytes, linear)\r", "[    0.220336] TCP: Hash tables configured (established 65536 bind 65536)\r", "[    0.220356] UDP hash table entries: 4096 (order: 5, 131072 bytes, linear)\r", "[    0.220369] UDP-Lite hash table entries: 4096 (order: 5, 131072 bytes, linear)\r", "[    0.220396] NET: Registered protocol family 1\r", "[    0.220399] pci 0000:00:01.0: Video device with shadowed ROM at [mem 0x000c0000-0x000dffff]\r", "[    0.220403] PCI: CLS 0 bytes, default 64\r", "[    0.220604] PCI-DMA: Using software bounce buffering for IO (SWIOTLB)\r", "[    0.220605] software IO TLB: mapped [mem 0x7bfde000-0x7ffde000] (64MB)\r", "[    0.220786] workingset: timestamp_bits=52 max_order=21 bucket_order=0\r", "[    0.220849] fuse: init (API version 7.31)\r", "[    0.222012] Block layer SCSI generic (bsg) driver version 0.4 loaded (major 252)\r", "[    0.222013] io scheduler mq-deadline registered\r", "[    0.222013] io scheduler kyber registered\r", "[    0.222284] acpiphp_ibm: ibm_acpiphp_init: acpi_walk_namespace failed\r", "[    0.222329] Serial: 8250/16550 driver, 4 ports, IRQ sharing disabled\r", "[    0.242341] 00:03: ttyS0 at I/O 0x3f8 (irq = 4, base_baud = 115200) is a 16550A\r", "[    0.242525] Linux agpgart interface v0.103\r", "[    0.243489] brd: module loaded\r", "[    0.244241] loop: module loaded\r", "[    0.244259] Loading iSCSI transport class v2.0-870.\r", "[    0.244593] PCI Interrupt Link [GSIA] enabled at IRQ 16\r", "[    0.244618] ahci 0000:00:1f.2: AHCI 0001.0000 32 slots 6 ports 1.5 Gbps 0x3f impl SATA mode\r", "[    0.244620] ahci 0000:00:1f.2: flags: 64bit ncq only \r", "[    0.245045] scsi host0: ahci\r", "[    0.245086] scsi host1: ahci\r", "[    0.245128] scsi host2: ahci\r", "[    0.245170] scsi host3: ahci\r", "[    0.245213] scsi host4: ahci\r", "[    0.245255] scsi host5: ahci\r", "[    0.245272] ata1: SATA max UDMA/133 abar m4096@0xfc011000 port 0xfc011100 irq 24\r", "[    0.245273] ata2: SATA max UDMA/133 abar m4096@0xfc011000 port 0xfc011180 irq 24\r", "[    0.245274] ata3: SATA max UDMA/133 abar m4096@0xfc011000 port 0xfc011200 irq 24\r", "[    0.245276] ata4: SATA max UDMA/133 abar m4096@0xfc011000 port 0xfc011280 irq 24\r", "[    0.245277] ata5: SATA max UDMA/133 abar m4096@0xfc011000 port 0xfc011300 irq 24\r", "[    0.245278] ata6: SATA max UDMA/133 abar m4096@0xfc011000 port 0xfc011380 irq 24\r", "[    0.245307] Ethernet Channel Bonding Driver: v3.7.1 (April 27, 2011)\r", "[    0.245501] tun: Universal TUN/TAP device driver, 1.6\r", "[    0.245535] VFIO - User Level meta-driver version: 0.3\r", "[    0.245571] i8042: PNP: PS/2 Controller [PNP0303:KBD,PNP0f13:MOU] at 0x60,0x64 irq 1,12\r", "[    0.245730] serio: i8042 KBD port at 0x60,0x64 irq 1\r", "[    0.245732] serio: i8042 AUX port at 0x60,0x64 irq 12\r", "[    0.245750] mousedev: PS/2 mouse device common for all mice\r", "[    0.245845] NET: Registered protocol family 17\r", "[    0.245872] input: AT Translated Set 2 keyboard as /devices/platform/i8042/serio0/input/input0\r", "[    0.245933] IPI shorthand broadcast: enabled\r", "[    0.245936] sched_clock: Marking stable (254383680, -8998313)->(144294870, 101090497)\r", "[    0.551391] ata1: SATA link up 1.5 Gbps (SStatus 113 SControl 300)\r", "[    0.551394] ata1.00: ATA-7: QEMU HARDDISK, 2.5+, max UDMA/100\r", "[    0.551395] ata1.00: 83886080 sectors, multi 16: LBA48 NCQ (depth 32)\r", "[    0.551396] ata1.00: applying bridge limits\r", "[    0.551399] ata1.00: configured for UDMA/100\r", "[    0.551408] ata2: SATA link up 1.5 Gbps (SStatus 113 SControl 300)\r", "[    0.551411] ata2.00: ATA-7: QEMU HARDDISK, 2.5+, max UDMA/100\r", "[    0.551412] ata2.00: 160 sectors, multi 16: LBA48 NCQ (depth 32)\r", "[    0.551413] ata2.00: applying bridge limits\r", "[    0.551417] ata2.00: configured for UDMA/100\r", "[    0.551418] ata4: SATA link down (SStatus 0 SControl 300)\r", "[    0.551420] ata6: SATA link down (SStatus 0 SControl 300)\r", "[    0.551422] ata5: SATA link down (SStatus 0 SControl 300)\r", "[    0.551424] ata3: SATA link up 1.5 Gbps (SStatus 113 SControl 300)\r", "[    0.551426] ata3.00: ATAPI: QEMU DVD-ROM, 2.5+, max UDMA/100\r", "[    0.551428] ata3.00: applying bridge limits\r", "[    0.551431] ata3.00: configured for UDMA/100\r", "[    0.551438] scsi 0:0:0:0: Direct-Access     ATA      QEMU HARDDISK    2.5+ PQ: 0 ANSI: 5\r", "[    0.551463] scsi 0:0:0:0: Attached scsi generic sg0 type 0\r", "[    0.551496] scsi 1:0:0:0: Direct-Access     ATA      QEMU HARDDISK    2.5+ PQ: 0 ANSI: 5\r", "[    0.551520] scsi 1:0:0:0: Attached scsi generic sg1 type 0\r", "[    0.551576] scsi 2:0:0:0: CD-ROM            QEMU     QEMU DVD-ROM     2.5+ PQ: 0 ANSI: 5\r", "[    0.551607] sd 0:0:0:0: [sda] 83886080 512-byte logical blocks: (42.9 GB/40.0 GiB)\r", "[    0.551610] sd 0:0:0:0: [sda] Write Protect is off\r", "[    0.551615] sd 0:0:0:0: [sda] Write cache: enabled, read cache: enabled, doesn't support DPO or FUA\r", "[    0.551651] sd 1:0:0:0: [sdb] 160 512-byte logical blocks: (81.9 kB/80.0 KiB)\r", "[    0.551653] sd 1:0:0:0: [sdb] Write Protect is off\r", "[    0.551658] sd 1:0:0:0: [sdb] Write cache: enabled, read cache: enabled, doesn't support DPO or FUA\r", "[    0.551807]  sda: sda1\r", "[    0.551902] sd 1:0:0:0: [sdb] Attached SCSI disk\r", "[    0.551923] sd 0:0:0:0: [sda] Attached SCSI disk\r", "[    0.565393] sr 2:0:0:0: [sr0] scsi3-mmc drive: 4x/4x cd/rw xa/form2 tray\r", "[    0.565394] cdrom: Uniform CD-ROM driver Revision: 3.20\r", "[    0.565451] sr 2:0:0:0: Attached scsi generic sg2 type 5\r", "[    0.566057] EXT4-fs (sda1): mounted filesystem with ordered data mode. Opts: (null)\r", "[    0.566060] VFS: Mounted root (ext4 filesystem) on device 8:1.\r", "[    0.566101] devtmpfs: mounted\r", "[    0.566498] Freeing unused kernel image memory: 1900K\r", "[    0.568393] Write protecting the kernel read-only data: 12288k\r", "[    0.568853] Freeing unused kernel image memory: 2032K\r", "[    0.568877] Freeing unused kernel image memory: 92K\r", "[    0.568878] rodata_test: all tests were successful\r", "[    0.568879] Run /home/ubuntu/guestinit.sh as init process\r", "+ export HOME=/root\r", "+ export LANG=en_US\r", "+ export PATH=/usr/local/sbin:/usr/local/bin:/usr/sbin:/usr/bin:/sbin:/bin:/usr/games:/usr/local/games\r", "+ insmod /tmp/guest/mqnic.ko\r", "[    0.570519] mqnic: loading out-of-tree module taints kernel.\r", "[    0.570645] mqnic 0000:00:02.0: mqnic probe\r", "[    0.570749] PCI Interrupt Link [GSIG] enabled at IRQ 22\r", "[    0.570755] mqnic 0000:00:02.0: FW ID: 0x00000020\r", "[    0.570757] mqnic 0000:00:02.0: FW version: 0.1\r", "[    0.570759] mqnic 0000:00:02.0: Board ID: 0x43215678\r", "[    0.570761] mqnic 0000:00:02.0: Board version: 0.1\r", "[    0.570763] mqnic 0000:00:02.0: PHC count: 1\r", "[    0.570765] mqnic 0000:00:02.0: PHC offset: 0x00000200\r", "[    0.570767] mqnic 0000:00:02.0: IF count: 1\r", "[    0.570769] mqnic 0000:00:02.0: IF stride: 0x00080000\r", "[    0.570771] mqnic 0000:00:02.0: IF CSR offset: 0x00080000\r", "[    0.570777] mqnic 0000:00:02.0: Failed to read MAC from EEPROM; no EEPROM I2C client registered\r", "[    0.570791] mqnic 0000:00:02.0: registered PHC (index 0)\r", "[    0.570793] mqnic 0000:00:02.0: Creating interface 0\r", "[    0.571740] mqnic 0000:00:02.0: IF ID: 0x00000000\r", "[    0.571742] mqnic 0000:00:02.0: IF features: 0x00000000\r", "[    0.571745] mqnic 0000:00:02.0: Event queue count: 1\r", "[    0.571747] mqnic 0000:00:02.0: Event queue offset: 0x00100000\r", "[    0.571749] mqnic 0000:00:02.0: TX queue count: 1\r", "[    0.571751] mqnic 0000:00:02.0: TX queue offset: 0x00200000\r", "[    0.571753] mqnic 0000:00:02.0: TX completion queue count: 1\r", "[    0.571755] mqnic 0000:00:02.0: TX completion queue offset: 0x00400000\r", "[    0.571757] mqnic 0000:00:02.0: RX queue count: 1\r", "[    0.571759] mqnic 0000:00:02.0: RX queue offset: 0x00600000\r", "[    0.571761] mqnic 0000:00:02.0: RX completion queue count: 1\r", "[    0.571763] mqnic 0000:00:02.0: RX completion queue offset: 0x00700000\r", "[    0.571766] mqnic 0000:00:02.0: Port count: 1\r", "[    0.571768] mqnic 0000:00:02.0: Port offset: 0x00800000\r", "[    0.571770] mqnic 0000:00:02.0: Port stride: 0x00200000\r", "[    0.571771] mqnic 0000:00:02.0: Bad MAC in EEPROM; using random MAC\r", "[    0.571773] mqnic 0000:00:02.0: Max desc block size: 1\r", "[    0.571830] mqnic 0000:00:02.0: Port ID: 0x00000000\r", "[    0.571832] mqnic 0000:00:02.0: Port features: 0x00000000\r", "[    0.571834] mqnic 0000:00:02.0: Port MTU: 2048\r", "[    0.571836] mqnic 0000:00:02.0: Scheduler count: 1\r", "[    0.571838] mqnic 0000:00:02.0: Scheduler offset: 0x00100000\r", "[    0.571840] mqnic 0000:00:02.0: Scheduler stride: 0x00100000\r", "[    0.571842] mqnic 0000:00:02.0: Scheduler type: 0x00000000\r", "+ ip link set dev eth0 up\r", "[    0.572364] mqnic 0000:00:02.0: mqnic_open on port 0\r", "+ ip addr add 10.0.0.1/24 dev eth0\r", "+ netserver\r", "Starting netserver with host 'IN(6)ADDR_ANY' port '12865' and family AF_UNSPEC\r", "+ sleep infinity\r", "[    1.257438] tsc: Refined TSC clocksource calibration: 1000.000 MHz\r", "[    1.257439] clocksource: tsc: mask: 0xffffffffffffffff max_cycles: 0x1cd42e4dffb, max_idle_ns: 881590591483 ns\r", "[    1.257441] clocksource: Switched to clocksource tsc\r"], "stderr": ["qemu-system-x86_64: -icount shift=-3,sleep=off: warning: time_shift=-3", "qemu-system-x86_64: warning: TCG doesn't support requested feature: CPUID.01H:ECX.fma [bit 12]", "qemu-system-x86_64: warning: TCG doesn't support requested feature: CPUID.01H:ECX.pcid [bit 17]", "qemu-system-x86_64: warning: TCG doesn't support requested feature: CPUID.01H:ECX.x2apic [bit 21]", "qemu-system-x86_64: warning: TCG doesn't support requested feature: CPUID.01H:ECX.tsc-deadline [bit 24]", "qemu-system-x86_64: warning: TCG doesn't support requested feature: CPUID.01H:ECX.avx [bit 28]", "qemu-system-x86_64: warning: TCG doesn't support requested feature: CPUID.01H:ECX.f16c [bit 29]", "qemu-system-x86_64: warning: TCG doesn't support requested feature: CPUID.07H:EBX.hle [bit 4]", "qemu-system-x86_64: warning: TCG doesn't support requested feature: CPUID.07H:EBX.avx2 [bit 5]", "qemu-system-x86_64: warning: TCG doesn't support requested feature: CPUID.07H:EBX.invpcid [bit 10]", "qemu-system-x86_64: warning: TCG doesn't support requested feature: CPUID.07H:EBX.rtm [bit 11]", "qemu-system-x86_64: warning: TCG doesn't support requested feature: CPUID.07H:EBX.avx512f [bit 16]", "qemu-system-x86_64: warning: TCG doesn't support requested feature: CPUID.07H:EBX.avx512dq [bit 17]", "qemu-system-x86_64: warning: TCG doesn't support requested feature: CPUID.07H:EBX.rdseed [bit 18]", "qemu-system-x86_64: warning: TCG doesn't support requested feature: CPUID.07H:EBX.avx512cd [bit 28]", "qemu-system-x86_64: warning: TCG doesn't support requested feature: CPUID.07H:EBX.avx512bw [bit 30]", "qemu-system-x86_64: warning: TCG doesn't support requested feature: CPUID.07H:EBX.avx512vl [bit 31]", "qemu-system-x86_64: warning: TCG doesn't support requested feature: CPUID.80000001H:ECX.3dnowprefetch [bit 8]", "qemu-system-x86_64: warning: TCG doesn't support requested feature: CPUID.0DH:EAX.xsavec [bit 1]"]}, "host.client.0": {"class": "QemuHost", "cmd": ["/oldhome/hejingli/simbricks/sims/external/qemu/build/x86_64-softmmu/qemu-system-x86_64", "-machine", "q35", "-serial", "mon:stdio", "-display", "none", "-nic", "none", "-kernel", "/oldhome/hejingli/simbricks/images/bzImage", "-drive", "file=/oldhome/hejingli/simbricks/experiments/out/netperf-qt-switch-cd_bm/1/hdcopy.client.0,if=ide,index=0,media=disk", "-drive", "file=/oldhome/hejingli/simbricks/experiments/out/netperf-qt-switch-cd_bm/1/cfg.client.0.tar,if=ide,index=1,media=disk,driver=raw", "-append", "earlyprintk=ttyS0 console=ttyS0 root=/dev/sda1 init=/home/ubuntu/guestinit.sh rw", "-m", "8192", "-smp", "1", "-cpu", "Skylake-Server", "-icount", "shift=-3,sleep=off", "-chardev", "socket,path=/oldhome/hejingli/simbricks/experiments/out/netperf-qt-switch-cd_bm/1/nic.pci.client.0.,id=simbrickscd", "-device", "simbricks-pci,chardev=simbrickscd,sync=on,sync-mode=0,pci-latency=500,sync-period=500"], "stdout": ["early console in extract_kernel\r", "input_data: 0x000000000210e2c8\r", "input_len: 0x00000000003d1ee4\r", "output: 0x0000000001000000\r", "output_len: 0x00000000014baa98\r", "kernel_total_size: 0x0000000001226000\r", "needed_size: 0x0000000001600000\r", "trampoline_32bit: 0x000000000009d000\r", "\r", "Decompressing Linux... Parsing ELF... done.\r", "Booting the kernel.\r", "[    0.000000] Linux version 5.4.46 (hejingli@swsnetlab04) (gcc version 8.3.0 (Debian 8.3.0-6)) #1 SMP Fri Mar 26 14:54:18 CET 2021\r", "[    0.000000] Command line: earlyprintk=ttyS0 console=ttyS0 root=/dev/sda1 init=/home/ubuntu/guestinit.sh rw\r", "[    0.000000] x86/fpu: Supporting XSAVE feature 0x001: 'x87 floating point registers'\r", "[    0.000000] x86/fpu: Supporting XSAVE feature 0x002: 'SSE registers'\r", "[    0.000000] x86/fpu: Supporting XSAVE feature 0x200: 'Protection Keys User registers'\r", "[    0.000000] x86/fpu: xstate_offset[9]: 2688, xstate_sizes[9]:    8\r", "[    0.000000] x86/fpu: Enabled xstate features 0x203, context size is 2696 bytes, using 'standard' format.\r", "[    0.000000] BIOS-provided physical RAM map:\r", "[    0.000000] BIOS-e820: [mem 0x0000000000000000-0x000000000009fbff] usable\r", "[    0.000000] BIOS-e820: [mem 0x000000000009fc00-0x000000000009ffff] reserved\r", "[    0.000000] BIOS-e820: [mem 0x00000000000f0000-0x00000000000fffff] reserved\r", "[    0.000000] BIOS-e820: [mem 0x0000000000100000-0x000000007ffddfff] usable\r", "[    0.000000] BIOS-e820: [mem 0x000000007ffde000-0x000000007fffffff] reserved\r", "[    0.000000] BIOS-e820: [mem 0x00000000b0000000-0x00000000bfffffff] reserved\r", "[    0.000000] BIOS-e820: [mem 0x00000000fed1c000-0x00000000fed1ffff] reserved\r", "[    0.000000] BIOS-e820: [mem 0x00000000fffc0000-0x00000000ffffffff] reserved\r", "[    0.000000] BIOS-e820: [mem 0x0000000100000000-0x000000027fffffff] usable\r", "[    0.000000] printk: bootconsole [earlyser0] enabled\r", "[    0.000000] NX (Execute Disable) protection: active\r", "[    0.000000] SMBIOS 2.8 present.\r", "[    0.000000] DMI: QEMU Standard PC (Q35 + ICH9, 2009), BIOS rel-1.14.0-0-g155821a1990b-prebuilt.qemu.org 04/01/2014\r", "[    0.000000] tsc: Fast TSC calibration failed\r", "[    0.000000] tsc: calibrated TSC: tsc_freq=0\r", "[    0.000000] last_pfn = 0x280000 max_arch_pfn = 0x400000000\r", "[    0.000000] x86/PAT: Configuration [0-7]: WB  WC  UC- UC  WB  WP  UC- WT  \r", "[    0.000000] last_pfn = 0x7ffde max_arch_pfn = 0x400000000\r", "[    0.000000] found SMP MP-table at [mem 0x000f5ab0-0x000f5abf]\r", "[    0.000000] Using GB pages for direct mapping\r", "[    0.000000] ACPI: Early table checksum verification disabled\r", "[    0.000000] ACPI: RSDP 0x00000000000F58C0 000014 (v00 BOCHS )\r", "[    0.000000] ACPI: RSDT 0x000000007FFE20CE 000038 (v01 BOCHS  BXPCRSDT 00000001 BXPC 00000001)\r", "[    0.000000] ACPI: FACP 0x000000007FFE1EC6 0000F4 (v03 BOCHS  BXPCFACP 00000001 BXPC 00000001)\r", "[    0.000000] ACPI: DSDT 0x000000007FFE0040 001E86 (v01 BOCHS  BXPCDSDT 00000001 BXPC 00000001)\r", "[    0.000000] ACPI: FACS 0x000000007FFE0000 000040\r", "[    0.000000] ACPI: APIC 0x000000007FFE1FBA 000078 (v01 BOCHS  BXPCAPIC 00000001 BXPC 00000001)\r", "[    0.000000] ACPI: HPET 0x000000007FFE2032 000038 (v01 BOCHS  BXPCHPET 00000001 BXPC 00000001)\r", "[    0.000000] ACPI: MCFG 0x000000007FFE206A 00003C (v01 BOCHS  BXPCMCFG 00000001 BXPC 00000001)\r", "[    0.000000] ACPI: WAET 0x000000007FFE20A6 000028 (v01 BOCHS  BXPCWAET 00000001 BXPC 00000001)\r", "[    0.000000] No NUMA configuration found\r", "[    0.000000] Faking a node at [mem 0x0000000000000000-0x000000027fffffff]\r", "[    0.000000] NODE_DATA(0) allocated [mem 0x27ffdc000-0x27fffdfff]\r", "[    0.000000] Zone ranges:\r", "[    0.000000]   DMA      [mem 0x0000000000001000-0x0000000000ffffff]\r", "[    0.000000]   DMA32    [mem 0x0000000001000000-0x00000000ffffffff]\r", "[    0.000000]   Normal   [mem 0x0000000100000000-0x000000027fffffff]\r", "[    0.000000] Movable zone start for each node\r", "[    0.000000] Early memory node ranges\r", "[    0.000000]   node   0: [mem 0x0000000000001000-0x000000000009efff]\r", "[    0.000000]   node   0: [mem 0x0000000000100000-0x000000007ffddfff]\r", "[    0.000000]   node   0: [mem 0x0000000100000000-0x000000027fffffff]\r", "[    0.000000] Zeroed struct page in unavailable ranges: 132 pages\r", "[    0.000000] Initmem setup node 0 [mem 0x0000000000001000-0x000000027fffffff]\r", "[    0.000000] ACPI: PM-Timer IO Port: 0x608\r", "[    0.000000] ACPI: LAPIC_NMI (acpi_id[0xff] dfl dfl lint[0x1])\r", "[    0.000000] IOAPIC[0]: apic_id 0, version 32, address 0xfec00000, GSI 0-23\r", "[    0.000000] ACPI: INT_SRC_OVR (bus 0 bus_irq 0 global_irq 2 dfl dfl)\r", "[    0.000000] ACPI: INT_SRC_OVR (bus 0 bus_irq 5 global_irq 5 high level)\r", "[    0.000000] ACPI: INT_SRC_OVR (bus 0 bus_irq 9 global_irq 9 high level)\r", "[    0.000000] ACPI: INT_SRC_OVR (bus 0 bus_irq 10 global_irq 10 high level)\r", "[    0.000000] ACPI: INT_SRC_OVR (bus 0 bus_irq 11 global_irq 11 high level)\r", "[    0.000000] Using ACPI (MADT) for SMP configuration information\r", "[    0.000000] ACPI: HPET id: 0x8086a201 base: 0xfed00000\r", "[    0.000000] smpboot: Allowing 1 CPUs, 0 hotplug CPUs\r", "[    0.000000] [mem 0xc0000000-0xfed1bfff] available for PCI devices\r", "[    0.000000] Booting paravirtualized kernel on bare hardware\r", "[    0.000000] clocksource: refined-jiffies: mask: 0xffffffff max_cycles: 0xffffffff, max_idle_ns: 1910969940391419 ns\r", "[    0.000000] setup_percpu: NR_CPUS:8192 nr_cpumask_bits:1 nr_cpu_ids:1 nr_node_ids:1\r", "[    0.000000] percpu: Embedded 49 pages/cpu s159768 r8192 d32744 u2097152\r", "[    0.000000] Built 1 zonelists, mobility grouping on.  Total pages: 2068327\r", "[    0.000000] Policy zone: Normal\r", "[    0.000000] Kernel command line: earlyprintk=ttyS0 console=ttyS0 root=/dev/sda1 init=/home/ubuntu/guestinit.sh rw\r", "[    0.000000] Dentry cache hash table entries: 1048576 (order: 11, 8388608 bytes, linear)\r", "[    0.000000] Inode-cache hash table entries: 524288 (order: 10, 4194304 bytes, linear)\r", "[    0.000000] mem auto-init: stack:off, heap alloc:off, heap free:off\r", "[    0.000000] Memory: 8176252K/8388080K available (8194K kernel code, 1285K rwdata, 1956K rodata, 1900K init, 1304K bss, 211828K reserved, 0K cma-reserved)\r", "[    0.000000] rcu: Hierarchical RCU implementation.\r", "[    0.000000] rcu: \tRCU restricting CPUs from NR_CPUS=8192 to nr_cpu_ids=1.\r", "[    0.000000] rcu: RCU calculated value of scheduler-enlistment delay is 100 jiffies.\r", "[    0.000000] rcu: Adjusting geometry for rcu_fanout_leaf=16, nr_cpu_ids=1\r", "[    0.000000] NR_IRQS: 524544, nr_irqs: 256, preallocated irqs: 16\r", "[    0.000000] random: crng done (trusting CPU's manufacturer)\r", "[    0.000000] Console: colour VGA+ 80x25\r", "[    0.000000] printk: console [ttyS0] enabled\r", "[    0.000000] printk: console [ttyS0] enabled\r", "[    0.000000] printk: bootconsole [earlyser0] disabled\r", "[    0.000000] printk: bootconsole [earlyser0] disabled\r", "[    0.000000] ACPI: Core revision 20190816\r", "[    0.000000] clocksource: hpet: mask: 0xffffffff max_cycles: 0xffffffff, max_idle_ns: 19112604467 ns\r", "[    0.000000] APIC: Switch to symmetric I/O mode setup\r", "[    0.000000] ..TIMER: vector=0x30 apic1=0 pin1=2 apic2=-1 pin2=-1\r", "[    0.009000] tsc: PIT calibration matches HPET. 1 loops\r", "[    0.009000] tsc: Detected 1000.000 MHz processor\r", "[    0.000000] clocksource: tsc-early: mask: 0xffffffffffffffff max_cycles: 0x1cd42e4dffb, max_idle_ns: 881590591483 ns\r", "[    0.000001] Calibrating delay loop (skipped), value calculated using timer frequency.. 2000.00 BogoMIPS (lpj=1000000)\r", "[    0.000003] pid_max: default: 32768 minimum: 301\r", "[    0.000027] Mount-cache hash table entries: 16384 (order: 5, 131072 bytes, linear)\r", "[    0.000032] Mountpoint-cache hash table entries: 16384 (order: 5, 131072 bytes, linear)\r", "[    0.000076] Last level iTLB entries: 4KB 0, 2MB 0, 4MB 0\r", "[    0.000077] Last level dTLB entries: 4KB 0, 2MB 0, 4MB 0, 1GB 0\r", "[    0.000078] Spectre V1 : Mitigation: usercopy/swapgs barriers and __user pointer sanitization\r", "[    0.000080] Spectre V2 : Spectre mitigation: kernel not compiled with retpoline; no mitigation available!\r", "[    0.000080] Speculative Store Bypass: Vulnerable\r", "[    0.000082] MDS: Vulnerable: Clear CPU buffers attempted, no microcode\r", "[    0.000278] Freeing SMP alternatives memory: 12K\r", "[    0.204296]  calibrated lapic_timer_period=1000000\r", "[    0.204297] smpboot: CPU0: Intel Xeon Processor (Skylake) (family: 0x6, model: 0x55, stepping: 0x4)\r", "[    0.204347] Performance Events: unsupported p6 CPU model 85 no PMU driver, software events only.\r", "[    0.204359] rcu: Hierarchical SRCU implementation.\r", "[    0.204380] smp: Bringing up secondary CPUs ...\r", "[    0.204381] smp: Brought up 1 node, 1 CPU\r", "[    0.204382] smpboot: Max logical packages: 1\r", "[    0.204382] smpboot: Total of 1 processors activated (2000.00 BogoMIPS)\r", "[    0.204486] devtmpfs: initialized\r", "[    0.204549] clocksource: jiffies: mask: 0xffffffff max_cycles: 0xffffffff, max_idle_ns: 1911260446275000 ns\r", "[    0.204551] futex hash table entries: 256 (order: 2, 16384 bytes, linear)\r", "[    0.204568] \r", "[    0.204568] *************************************************************\r", "[    0.204569] **     NOTICE NOTICE NOTICE NOTICE NOTICE NOTICE NOTICE    **\r", "[    0.204570] **                                                         **\r", "[    0.204571] **  IOMMU DebugFS SUPPORT HAS BEEN ENABLED IN THIS KERNEL  **\r", "[    0.204572] **                                                         **\r", "[    0.204573] ** This means that this kernel is built to expose internal **\r", "[    0.204574] ** IOMMU data structures, which may compromise security on **\r", "[    0.204575] ** your system.                                            **\r", "[    0.204576] **                                                         **\r", "[    0.204577] ** If you see this message and you are not debugging the   **\r", "[    0.204578] ** kernel, report this immediately to your vendor!         **\r", "[    0.204579] **                                                         **\r", "[    0.204580] **     NOTICE NOTICE NOTICE NOTICE NOTICE NOTICE NOTICE    **\r", "[    0.204581] *************************************************************\r", "[    0.204613] NET: Registered protocol family 16\r", "[    0.204653] audit: initializing netlink subsys (disabled)\r", "[    0.204708] cpuidle: using governor ladder\r", "[    0.204716] ACPI: bus type PCI registered\r", "[    0.204717] acpiphp: ACPI Hot Plug PCI Controller Driver version: 0.5\r", "[    0.204719] PCI: MMCONFIG for domain 0000 [bus 00-ff] at [mem 0xb0000000-0xbfffffff] (base 0xb0000000)\r", "[    0.204720] PCI: MMCONFIG at [mem 0xb0000000-0xbfffffff] reserved in E820\r", "[    0.204726] PCI: Using configuration type 1 for base access\r", "[    0.206003] audit: type=2000 audit(1620119751.213:1): state=initialized audit_enabled=0 res=1\r", "[    0.206514] HugeTLB registered 1.00 GiB page size, pre-allocated 0 pages\r", "[    0.206515] HugeTLB registered 2.00 MiB page size, pre-allocated 0 pages\r", "[    0.206776] ACPI: Added _OSI(Module Device)\r", "[    0.206777] ACPI: Added _OSI(Processor Device)\r", "[    0.206778] ACPI: Added _OSI(3.0 _SCP Extensions)\r", "[    0.206779] ACPI: Added _OSI(Processor Aggregator Device)\r", "[    0.206780] ACPI: Added _OSI(Linux-Dell-Video)\r", "[    0.206781] ACPI: Added _OSI(Linux-Lenovo-NV-HDMI-Audio)\r", "[    0.206782] ACPI: Added _OSI(Linux-HPI-Hybrid-Graphics)\r", "[    0.207520] ACPI: 1 ACPI AML tables successfully acquired and loaded\r", "[    0.207730] ACPI: Interpreter enabled\r", "[    0.207732] ACPI: (supports S0 S5)\r", "[    0.207733] ACPI: Using IOAPIC for interrupt routing\r", "[    0.207740] PCI: Using host bridge windows from ACPI; if necessary, use \"pci=nocrs\" and report a bug\r", "[    0.207781] ACPI: Enabled 1 GPEs in block 00 to 3F\r", "[    0.208525] ACPI: PCI Root Bridge [PCI0] (domain 0000 [bus 00-ff])\r", "[    0.208527] acpi PNP0A08:00: _OSC: OS supports [ExtendedConfig ASPM ClockPM Segments MSI HPX-Type3]\r", "[    0.208568] acpi PNP0A08:00: _OSC: platform does not support [LTR]\r", "[    0.208607] acpi PNP0A08:00: _OSC: OS now controls [PCIeHotplug PME AER PCIeCapability]\r", "[    0.208630] PCI host bridge to bus 0000:00\r", "[    0.208631] pci_bus 0000:00: root bus resource [io  0x0000-0x0cf7 window]\r", "[    0.208632] pci_bus 0000:00: root bus resource [io  0x0d00-0xffff window]\r", "[    0.208634] pci_bus 0000:00: root bus resource [mem 0x000a0000-0x000bffff window]\r", "[    0.208635] pci_bus 0000:00: root bus resource [mem 0x80000000-0xafffffff window]\r", "[    0.208637] pci_bus 0000:00: root bus resource [mem 0xc0000000-0xfebfffff window]\r", "[    0.208638] pci_bus 0000:00: root bus resource [mem 0x280000000-0xa7fffffff window]\r", "[    0.208640] pci_bus 0000:00: root bus resource [bus 00-ff]\r", "[    0.208643] pci 0000:00:00.0: [8086:29c0] type 00 class 0x060000\r", "[    0.208660] pci 0000:00:01.0: [1234:1111] type 00 class 0x030000\r", "[    0.208662] pci 0000:00:01.0: reg 0x10: [mem 0xfd000000-0xfdffffff pref]\r", "[    0.208664] pci 0000:00:01.0: reg 0x18: [mem 0xfc010000-0xfc010fff]\r", "[    0.208665] pci 0000:00:01.0: reg 0x30: [mem 0xfc000000-0xfc00ffff pref]\r", "[    0.208682] pci 0000:00:02.0: [5543:1001] type 00 class 0x020000\r", "[    0.208684] pci 0000:00:02.0: reg 0x10: [mem 0xfb000000-0xfbffffff 64bit]\r", "[    0.208702] pci 0000:00:1f.0: [8086:2918] type 00 class 0x060100\r", "[    0.208705] pci 0000:00:1f.0: quirk: [io  0x0600-0x067f] claimed by ICH6 ACPI/GPIO/TCO\r", "[    0.208721] pci 0000:00:1f.2: [8086:2922] type 00 class 0x010601\r", "[    0.208724] pci 0000:00:1f.2: reg 0x20: [io  0xc040-0xc05f]\r", "[    0.208725] pci 0000:00:1f.2: reg 0x24: [mem 0xfc011000-0xfc011fff]\r", "[    0.208741] pci 0000:00:1f.3: [8086:2930] type 00 class 0x0c0500\r", "[    0.208743] pci 0000:00:1f.3: reg 0x20: [io  0x0700-0x073f]\r", "[    0.208829] ACPI: PCI Interrupt Link [LNKA] (IRQs 5 *10 11)\r", "[    0.208853] ACPI: PCI Interrupt Link [LNKB] (IRQs 5 *10 11)\r", "[    0.208877] ACPI: PCI Interrupt Link [LNKC] (IRQs 5 10 *11)\r", "[    0.208900] ACPI: PCI Interrupt Link [LNKD] (IRQs 5 10 *11)\r", "[    0.208924] ACPI: PCI Interrupt Link [LNKE] (IRQs 5 *10 11)\r", "[    0.208948] ACPI: PCI Interrupt Link [LNKF] (IRQs 5 *10 11)\r", "[    0.208972] ACPI: PCI Interrupt Link [LNKG] (IRQs 5 10 *11)\r", "[    0.208995] ACPI: PCI Interrupt Link [LNKH] (IRQs 5 10 *11)\r", "[    0.209003] ACPI: PCI Interrupt Link [GSIA] (IRQs *16)\r", "[    0.209009] ACPI: PCI Interrupt Link [GSIB] (IRQs *17)\r", "[    0.209014] ACPI: PCI Interrupt Link [GSIC] (IRQs *18)\r", "[    0.209020] ACPI: PCI Interrupt Link [GSID] (IRQs *19)\r", "[    0.209025] ACPI: PCI Interrupt Link [GSIE] (IRQs *20)\r", "[    0.209030] ACPI: PCI Interrupt Link [GSIF] (IRQs *21)\r", "[    0.209036] ACPI: PCI Interrupt Link [GSIG] (IRQs *22)\r", "[    0.209041] ACPI: PCI Interrupt Link [GSIH] (IRQs *23)\r", "[    0.209073] iommu: Default domain type: Translated \r", "[    0.209376] pci 0000:00:01.0: vgaarb: setting as boot VGA device\r", "[    0.209377] pci 0000:00:01.0: vgaarb: VGA device added: decodes=io+mem,owns=io+mem,locks=none\r", "[    0.209378] pci 0000:00:01.0: vgaarb: bridge control possible\r", "[    0.209379] vgaarb: loaded\r", "[    0.209406] SCSI subsystem initialized\r", "[    0.209462] pps_core: LinuxPPS API ver. 1 registered\r", "[    0.209463] pps_core: Software ver. 5.3.6 - Copyright 2005-2007 Rodolfo Giometti <giometti@linux.it>\r", "[    0.209465] PTP clock support registered\r", "[    0.209468] PCI: Using ACPI for IRQ routing\r", "[    0.209614] hpet0: at MMIO 0xfed00000, IRQs 2, 8, 0\r", "[    0.209616] hpet0: 3 comparators, 64-bit 100.000000 MHz counter\r", "[    0.211198] clocksource: Switched to clocksource tsc-early\r", "[    0.214466] VFS: Disk quotas dquot_6.6.0\r", "[    0.214473] VFS: Dquot-cache hash table entries: 512 (order 0, 4096 bytes)\r", "[    0.214493] pnp: PnP ACPI init\r", "[    0.214612] pnp: PnP ACPI: found 5 devices\r", "[    0.215608] thermal_sys: Registered thermal governor 'step_wise'\r", "[    0.215609] thermal_sys: Registered thermal governor 'user_space'\r", "[    0.220113] clocksource: acpi_pm: mask: 0xffffff max_cycles: 0xffffff, max_idle_ns: 2085701024 ns\r", "[    0.220116] pci_bus 0000:00: resource 4 [io  0x0000-0x0cf7 window]\r", "[    0.220117] pci_bus 0000:00: resource 5 [io  0x0d00-0xffff window]\r", "[    0.220118] pci_bus 0000:00: resource 6 [mem 0x000a0000-0x000bffff window]\r", "[    0.220120] pci_bus 0000:00: resource 7 [mem 0x80000000-0xafffffff window]\r", "[    0.220121] pci_bus 0000:00: resource 8 [mem 0xc0000000-0xfebfffff window]\r", "[    0.220122] pci_bus 0000:00: resource 9 [mem 0x280000000-0xa7fffffff window]\r", "[    0.220137] NET: Registered protocol family 2\r", "[    0.220177] tcp_listen_portaddr_hash hash table entries: 4096 (order: 4, 65536 bytes, linear)\r", "[    0.220185] TCP established hash table entries: 65536 (order: 7, 524288 bytes, linear)\r", "[    0.220253] TCP bind hash table entries: 65536 (order: 8, 1048576 bytes, linear)\r", "[    0.220336] TCP: Hash tables configured (established 65536 bind 65536)\r", "[    0.220356] UDP hash table entries: 4096 (order: 5, 131072 bytes, linear)\r", "[    0.220369] UDP-Lite hash table entries: 4096 (order: 5, 131072 bytes, linear)\r", "[    0.220396] NET: Registered protocol family 1\r", "[    0.220399] pci 0000:00:01.0: Video device with shadowed ROM at [mem 0x000c0000-0x000dffff]\r", "[    0.220403] PCI: CLS 0 bytes, default 64\r", "[    0.220604] PCI-DMA: Using software bounce buffering for IO (SWIOTLB)\r", "[    0.220605] software IO TLB: mapped [mem 0x7bfde000-0x7ffde000] (64MB)\r", "[    0.220786] workingset: timestamp_bits=52 max_order=21 bucket_order=0\r", "[    0.220849] fuse: init (API version 7.31)\r", "[    0.222012] Block layer SCSI generic (bsg) driver version 0.4 loaded (major 252)\r", "[    0.222013] io scheduler mq-deadline registered\r", "[    0.222013] io scheduler kyber registered\r", "[    0.222284] acpiphp_ibm: ibm_acpiphp_init: acpi_walk_namespace failed\r", "[    0.222329] Serial: 8250/16550 driver, 4 ports, IRQ sharing disabled\r", "[    0.242341] 00:03: ttyS0 at I/O 0x3f8 (irq = 4, base_baud = 115200) is a 16550A\r", "[    0.242525] Linux agpgart interface v0.103\r", "[    0.243489] brd: module loaded\r", "[    0.244241] loop: module loaded\r", "[    0.244259] Loading iSCSI transport class v2.0-870.\r", "[    0.244593] PCI Interrupt Link [GSIA] enabled at IRQ 16\r", "[    0.244618] ahci 0000:00:1f.2: AHCI 0001.0000 32 slots 6 ports 1.5 Gbps 0x3f impl SATA mode\r", "[    0.244620] ahci 0000:00:1f.2: flags: 64bit ncq only \r", "[    0.245045] scsi host0: ahci\r", "[    0.245086] scsi host1: ahci\r", "[    0.245128] scsi host2: ahci\r", "[    0.245170] scsi host3: ahci\r", "[    0.245213] scsi host4: ahci\r", "[    0.245255] scsi host5: ahci\r", "[    0.245272] ata1: SATA max UDMA/133 abar m4096@0xfc011000 port 0xfc011100 irq 24\r", "[    0.245273] ata2: SATA max UDMA/133 abar m4096@0xfc011000 port 0xfc011180 irq 24\r", "[    0.245274] ata3: SATA max UDMA/133 abar m4096@0xfc011000 port 0xfc011200 irq 24\r", "[    0.245276] ata4: SATA max UDMA/133 abar m4096@0xfc011000 port 0xfc011280 irq 24\r", "[    0.245277] ata5: SATA max UDMA/133 abar m4096@0xfc011000 port 0xfc011300 irq 24\r", "[    0.245278] ata6: SATA max UDMA/133 abar m4096@0xfc011000 port 0xfc011380 irq 24\r", "[    0.245307] Ethernet Channel Bonding Driver: v3.7.1 (April 27, 2011)\r", "[    0.245501] tun: Universal TUN/TAP device driver, 1.6\r", "[    0.245535] VFIO - User Level meta-driver version: 0.3\r", "[    0.245571] i8042: PNP: PS/2 Controller [PNP0303:KBD,PNP0f13:MOU] at 0x60,0x64 irq 1,12\r", "[    0.245730] serio: i8042 KBD port at 0x60,0x64 irq 1\r", "[    0.245732] serio: i8042 AUX port at 0x60,0x64 irq 12\r", "[    0.245750] mousedev: PS/2 mouse device common for all mice\r", "[    0.245845] NET: Registered protocol family 17\r", "[    0.245872] input: AT Translated Set 2 keyboard as /devices/platform/i8042/serio0/input/input0\r", "[    0.245933] IPI shorthand broadcast: enabled\r", "[    0.245936] sched_clock: Marking stable (254383680, -8998313)->(144294870, 101090497)\r", "[    0.551391] ata1: SATA link up 1.5 Gbps (SStatus 113 SControl 300)\r", "[    0.551394] ata1.00: ATA-7: QEMU HARDDISK, 2.5+, max UDMA/100\r", "[    0.551395] ata1.00: 83886080 sectors, multi 16: LBA48 NCQ (depth 32)\r", "[    0.551396] ata1.00: applying bridge limits\r", "[    0.551399] ata1.00: configured for UDMA/100\r", "[    0.551408] ata2: SATA link up 1.5 Gbps (SStatus 113 SControl 300)\r", "[    0.551411] ata2.00: ATA-7: QEMU HARDDISK, 2.5+, max UDMA/100\r", "[    0.551412] ata2.00: 160 sectors, multi 16: LBA48 NCQ (depth 32)\r", "[    0.551413] ata2.00: applying bridge limits\r", "[    0.551417] ata2.00: configured for UDMA/100\r", "[    0.551418] ata4: SATA link down (SStatus 0 SControl 300)\r", "[    0.551420] ata6: SATA link down (SStatus 0 SControl 300)\r", "[    0.551422] ata5: SATA link down (SStatus 0 SControl 300)\r", "[    0.551424] ata3: SATA link up 1.5 Gbps (SStatus 113 SControl 300)\r", "[    0.551426] ata3.00: ATAPI: QEMU DVD-ROM, 2.5+, max UDMA/100\r", "[    0.551428] ata3.00: applying bridge limits\r", "[    0.551431] ata3.00: configured for UDMA/100\r", "[    0.551438] scsi 0:0:0:0: Direct-Access     ATA      QEMU HARDDISK    2.5+ PQ: 0 ANSI: 5\r", "[    0.551463] scsi 0:0:0:0: Attached scsi generic sg0 type 0\r", "[    0.551496] scsi 1:0:0:0: Direct-Access     ATA      QEMU HARDDISK    2.5+ PQ: 0 ANSI: 5\r", "[    0.551520] scsi 1:0:0:0: Attached scsi generic sg1 type 0\r", "[    0.551576] scsi 2:0:0:0: CD-ROM            QEMU     QEMU DVD-ROM     2.5+ PQ: 0 ANSI: 5\r", "[    0.551607] sd 0:0:0:0: [sda] 83886080 512-byte logical blocks: (42.9 GB/40.0 GiB)\r", "[    0.551610] sd 0:0:0:0: [sda] Write Protect is off\r", "[    0.551615] sd 0:0:0:0: [sda] Write cache: enabled, read cache: enabled, doesn't support DPO or FUA\r", "[    0.551651] sd 1:0:0:0: [sdb] 160 512-byte logical blocks: (81.9 kB/80.0 KiB)\r", "[    0.551653] sd 1:0:0:0: [sdb] Write Protect is off\r", "[    0.551658] sd 1:0:0:0: [sdb] Write cache: enabled, read cache: enabled, doesn't support DPO or FUA\r", "[    0.551807]  sda: sda1\r", "[    0.551902] sd 1:0:0:0: [sdb] Attached SCSI disk\r", "[    0.551923] sd 0:0:0:0: [sda] Attached SCSI disk\r", "[    0.565393] sr 2:0:0:0: [sr0] scsi3-mmc drive: 4x/4x cd/rw xa/form2 tray\r", "[    0.565394] cdrom: Uniform CD-ROM driver Revision: 3.20\r", "[    0.565451] sr 2:0:0:0: Attached scsi generic sg2 type 5\r", "[    0.566056] EXT4-fs (sda1): mounted filesystem with ordered data mode. Opts: (null)\r", "[    0.566059] VFS: Mounted root (ext4 filesystem) on device 8:1.\r", "[    0.566099] devtmpfs: mounted\r", "[    0.566496] Freeing unused kernel image memory: 1900K\r", "[    0.568393] Write protecting the kernel read-only data: 12288k\r", "[    0.568853] Freeing unused kernel image memory: 2032K\r", "[    0.568877] Freeing unused kernel image memory: 92K\r", "[    0.568878] rodata_test: all tests were successful\r", "[    0.568879] Run /home/ubuntu/guestinit.sh as init process\r", "+ export HOME=/root\r", "+ export LANG=en_US\r", "+ export PATH=/usr/local/sbin:/usr/local/bin:/usr/sbin:/usr/bin:/sbin:/bin:/usr/games:/usr/local/games\r", "+ insmod /tmp/guest/mqnic.ko\r", "[    0.570514] mqnic: loading out-of-tree module taints kernel.\r", "[    0.570640] mqnic 0000:00:02.0: mqnic probe\r", "[    0.570744] PCI Interrupt Link [GSIG] enabled at IRQ 22\r", "[    0.570751] mqnic 0000:00:02.0: FW ID: 0x00000020\r", "[    0.570753] mqnic 0000:00:02.0: FW version: 0.1\r", "[    0.570755] mqnic 0000:00:02.0: Board ID: 0x43215678\r", "[    0.570757] mqnic 0000:00:02.0: Board version: 0.1\r", "[    0.570759] mqnic 0000:00:02.0: PHC count: 1\r", "[    0.570761] mqnic 0000:00:02.0: PHC offset: 0x00000200\r", "[    0.570763] mqnic 0000:00:02.0: IF count: 1\r", "[    0.570765] mqnic 0000:00:02.0: IF stride: 0x00080000\r", "[    0.570767] mqnic 0000:00:02.0: IF CSR offset: 0x00080000\r", "[    0.570773] mqnic 0000:00:02.0: Failed to read MAC from EEPROM; no EEPROM I2C client registered\r", "[    0.570787] mqnic 0000:00:02.0: registered PHC (index 0)\r", "[    0.570788] mqnic 0000:00:02.0: Creating interface 0\r", "[    0.571736] mqnic 0000:00:02.0: IF ID: 0x00000000\r", "[    0.571738] mqnic 0000:00:02.0: IF features: 0x00000000\r", "[    0.571740] mqnic 0000:00:02.0: Event queue count: 1\r", "[    0.571742] mqnic 0000:00:02.0: Event queue offset: 0x00100000\r", "[    0.571744] mqnic 0000:00:02.0: TX queue count: 1\r", "[    0.571746] mqnic 0000:00:02.0: TX queue offset: 0x00200000\r", "[    0.571748] mqnic 0000:00:02.0: TX completion queue count: 1\r", "[    0.571751] mqnic 0000:00:02.0: TX completion queue offset: 0x00400000\r", "[    0.571753] mqnic 0000:00:02.0: RX queue count: 1\r", "[    0.571755] mqnic 0000:00:02.0: RX queue offset: 0x00600000\r", "[    0.571757] mqnic 0000:00:02.0: RX completion queue count: 1\r", "[    0.571759] mqnic 0000:00:02.0: RX completion queue offset: 0x00700000\r", "[    0.571761] mqnic 0000:00:02.0: Port count: 1\r", "[    0.571763] mqnic 0000:00:02.0: Port offset: 0x00800000\r", "[    0.571765] mqnic 0000:00:02.0: Port stride: 0x00200000\r", "[    0.571766] mqnic 0000:00:02.0: Bad MAC in EEPROM; using random MAC\r", "[    0.571769] mqnic 0000:00:02.0: Max desc block size: 1\r", "[    0.571825] mqnic 0000:00:02.0: Port ID: 0x00000000\r", "[    0.571827] mqnic 0000:00:02.0: Port features: 0x00000000\r", "[    0.571829] mqnic 0000:00:02.0: Port MTU: 2048\r", "[    0.571831] mqnic 0000:00:02.0: Scheduler count: 1\r", "[    0.571833] mqnic 0000:00:02.0: Scheduler offset: 0x00100000\r", "[    0.571836] mqnic 0000:00:02.0: Scheduler stride: 0x00100000\r", "[    0.571838] mqnic 0000:00:02.0: Scheduler type: 0x00000000\r", "+ ip link set dev eth0 up\r", "[    0.572359] mqnic 0000:00:02.0: mqnic_open on port 0\r", "+ ip addr add 10.0.0.2/24 dev eth0\r", "+ netserver\r", "Starting netserver with host 'IN(6)ADDR_ANY' port '12865' and family AF_UNSPEC\r", "+ sleep 0.5\r", "+ netperf -H 10.0.0.1\r", "MIGRATED TCP STREAM TEST from 0.0.0.0 (0.0.0.0) port 0 AF_INET to 10.0.0.1 () port 0 AF_INET : demo\r", "[    1.257439] tsc: Refined TSC clocksource calibration: 999.999 MHz\r", "[    1.257440] clocksource: tsc: mask: 0xffffffffffffffff max_cycles: 0x1cd42c7a813, max_idle_ns: 881590565951 ns\r", "[    1.257442] clocksource: Switched to clocksource tsc\r", "Recv   Send    Send                          \r", "Socket Socket  Message  Elapsed              \r", "Size   Size    Size     Time     Throughput  \r", "bytes  bytes   bytes    secs.    10^6bits/sec  \r", "\r", "131072  16384  16384    10.00    6393.10   \r", "+ netperf -H 10.0.0.1 -t TCP_RR -- -o mean_latency,p50_latency,p90_latency,p99_latency\r", "MIGRATED TCP REQUEST/RESPONSE TEST from 0.0.0.0 (0.0.0.0) port 0 AF_INET to 10.0.0.1 () port 0 AF_INET : demo : first burst 0\r", "Mean Latency Microseconds,50th Percentile Latency Microseconds,90th Percentile Latency Microseconds,99th Percentile Latency Microseconds\r", "25.49,25,26,26\r", "+ poweroff -f\r", "Powering off.\r", "[   21.123107] sd 1:0:0:0: [sdb] Synchronizing SCSI cache\r", "[   21.123109] sd 1:0:0:0: [sdb] Stopping disk\r", "[   21.123110] sd 0:0:0:0: [sda] Synchronizing SCSI cache\r", "[   21.123136] sd 0:0:0:0: [sda] Stopping disk\r", "[   21.123143] mqnic 0000:00:02.0: mqnic shutdown\r", "[   21.123144] ACPI: Preparing to enter system sleep state S5\r", "[   21.123147] reboot: Power down\r"], "stderr": ["qemu-system-x86_64: -icount shift=-3,sleep=off: warning: time_shift=-3", "qemu-system-x86_64: warning: TCG doesn't support requested feature: CPUID.01H:ECX.fma [bit 12]", "qemu-system-x86_64: warning: TCG doesn't support requested feature: CPUID.01H:ECX.pcid [bit 17]", "qemu-system-x86_64: warning: TCG doesn't support requested feature: CPUID.01H:ECX.x2apic [bit 21]", "qemu-system-x86_64: warning: TCG doesn't support requested feature: CPUID.01H:ECX.tsc-deadline [bit 24]", "qemu-system-x86_64: warning: TCG doesn't support requested feature: CPUID.01H:ECX.avx [bit 28]", "qemu-system-x86_64: warning: TCG doesn't support requested feature: CPUID.01H:ECX.f16c [bit 29]", "qemu-system-x86_64: warning: TCG doesn't support requested feature: CPUID.07H:EBX.hle [bit 4]", "qemu-system-x86_64: warning: TCG doesn't support requested feature: CPUID.07H:EBX.avx2 [bit 5]", "qemu-system-x86_64: warning: TCG doesn't support requested feature: CPUID.07H:EBX.invpcid [bit 10]", "qemu-system-x86_64: warning: TCG doesn't support requested feature: CPUID.07H:EBX.rtm [bit 11]", "qemu-system-x86_64: warning: TCG doesn't support requested feature: CPUID.07H:EBX.avx512f [bit 16]", "qemu-system-x86_64: warning: TCG doesn't support requested feature: CPUID.07H:EBX.avx512dq [bit 17]", "qemu-system-x86_64: warning: TCG doesn't support requested feature: CPUID.07H:EBX.rdseed [bit 18]", "qemu-system-x86_64: warning: TCG doesn't support requested feature: CPUID.07H:EBX.avx512cd [bit 28]", "qemu-system-x86_64: warning: TCG doesn't support requested feature: CPUID.07H:EBX.avx512bw [bit 30]", "qemu-system-x86_64: warning: TCG doesn't support requested feature: CPUID.07H:EBX.avx512vl [bit 31]", "qemu-system-x86_64: warning: TCG doesn't support requested feature: CPUID.80000001H:ECX.3dnowprefetch [bit 8]", "qemu-system-x86_64: warning: TCG doesn't support requested feature: CPUID.0DH:EAX.xsavec [bit 1]"]}}, "success": true}