{"exp_name": "nopaxos-gt-cb-ehseq-2", "start_time": 1607249099.0862136, "end_time": 1607252950.1032946, "sims": {"nic.sequencer.0.": {"class": "CorundumBMNIC", "cmd": ["/home/hejingli/endhostsim-code/corundum_bm/corundum_bm", "/home/hejingli/endhostsim-code/experiments/out/nopaxos-gt-cb-ehseq-2/1/nic.pci.sequencer.0.", "/home/hejingli/endhostsim-code/experiments/out/nopaxos-gt-cb-ehseq-2/1/nic.eth.sequencer.0.", "/home/hejingli/endhostsim-code/experiments/out/nopaxos-gt-cb-ehseq-2/1/nic.shm.sequencer.0.", "0", "0", "500", "500", "500"], "stdout": ["eth connection accepted", "eth intro sent", "pci connection accepted", "pci intro sent", "pci host info received", "eth net info received"], "stderr": ["384b921e0518", "sync_pci=1 sync_eth=1", "exit main_time: 3440911000000"]}, "nic.replica.0.": {"class": "CorundumBMNIC", "cmd": ["/home/hejingli/endhostsim-code/corundum_bm/corundum_bm", "/home/hejingli/endhostsim-code/experiments/out/nopaxos-gt-cb-ehseq-2/1/nic.pci.replica.0.", "/home/hejingli/endhostsim-code/experiments/out/nopaxos-gt-cb-ehseq-2/1/nic.eth.replica.0.", "/home/hejingli/endhostsim-code/experiments/out/nopaxos-gt-cb-ehseq-2/1/nic.shm.replica.0.", "0", "0", "500", "500", "500"], "stdout": ["eth connection accepted", "eth intro sent", "pci connection accepted", "pci intro sent", "pci host info received", "eth net info received"], "stderr": ["48d51f04ffe4", "sync_pci=1 sync_eth=1", "exit main_time: 3440910971000"]}, "nic.replica.1.": {"class": "CorundumBMNIC", "cmd": ["/home/hejingli/endhostsim-code/corundum_bm/corundum_bm", "/home/hejingli/endhostsim-code/experiments/out/nopaxos-gt-cb-ehseq-2/1/nic.pci.replica.1.", "/home/hejingli/endhostsim-code/experiments/out/nopaxos-gt-cb-ehseq-2/1/nic.eth.replica.1.", "/home/hejingli/endhostsim-code/experiments/out/nopaxos-gt-cb-ehseq-2/1/nic.shm.replica.1.", "0", "0", "500", "500", "500"], "stdout": ["eth connection accepted", "eth intro sent", "pci connection accepted", "pci intro sent", "pci host info received", "eth net info received"], "stderr": ["595eec02fab0", "sync_pci=1 sync_eth=1", "exit main_time: 3440910990000"]}, "nic.replica.2.": {"class": "CorundumBMNIC", "cmd": ["/home/hejingli/endhostsim-code/corundum_bm/corundum_bm", "/home/hejingli/endhostsim-code/experiments/out/nopaxos-gt-cb-ehseq-2/1/nic.pci.replica.2.", "/home/hejingli/endhostsim-code/experiments/out/nopaxos-gt-cb-ehseq-2/1/nic.eth.replica.2.", "/home/hejingli/endhostsim-code/experiments/out/nopaxos-gt-cb-ehseq-2/1/nic.shm.replica.2.", "0", "0", "500", "500", "500"], "stdout": ["eth connection accepted", "eth intro sent", "pci connection accepted", "pci intro sent", "pci host info received", "eth net info received"], "stderr": ["5d0365f67268", "sync_pci=1 sync_eth=1", "exit main_time: 3440910990000"]}, "nic.client.0.": {"class": "CorundumBMNIC", "cmd": ["/home/hejingli/endhostsim-code/corundum_bm/corundum_bm", "/home/hejingli/endhostsim-code/experiments/out/nopaxos-gt-cb-ehseq-2/1/nic.pci.client.0.", "/home/hejingli/endhostsim-code/experiments/out/nopaxos-gt-cb-ehseq-2/1/nic.eth.client.0.", "/home/hejingli/endhostsim-code/experiments/out/nopaxos-gt-cb-ehseq-2/1/nic.shm.client.0.", "0", "0", "500", "500", "500"], "stdout": ["eth connection accepted", "eth intro sent", "pci connection accepted", "pci intro sent", "pci host info received", "eth net info received"], "stderr": ["6d8c869c6d34", "sync_pci=1 sync_eth=1", "exit main_time: 3440910990000"]}, "nic.client.1.": {"class": "CorundumBMNIC", "cmd": ["/home/hejingli/endhostsim-code/corundum_bm/corundum_bm", "/home/hejingli/endhostsim-code/experiments/out/nopaxos-gt-cb-ehseq-2/1/nic.pci.client.1.", "/home/hejingli/endhostsim-code/experiments/out/nopaxos-gt-cb-ehseq-2/1/nic.eth.client.1.", "/home/hejingli/endhostsim-code/experiments/out/nopaxos-gt-cb-ehseq-2/1/nic.shm.client.1.", "0", "0", "500", "500", "500"], "stdout": ["eth connection accepted", "eth intro sent", "pci connection accepted", "pci intro sent", "pci host info received", "eth net info received"], "stderr": ["7e166abb6800", "sync_pci=1 sync_eth=1", "exit main_time: 3440910508147"]}, "net.": {"class": "NS3SequencerNet", "cmd": ["/home/hejingli/endhostsim-code/ns-3/cosim-run.sh", "sequencer", "sequencer-single-switch-example", "--EndhostSequencerPort=/home/hejingli/endhostsim-code/experiments/out/nopaxos-gt-cb-ehseq-2/1/nic.eth.sequencer.0.", "--ServerPort=/home/hejingli/endhostsim-code/experiments/out/nopaxos-gt-cb-ehseq-2/1/nic.eth.replica.0.", "--ServerPort=/home/hejingli/endhostsim-code/experiments/out/nopaxos-gt-cb-ehseq-2/1/nic.eth.replica.1.", "--ServerPort=/home/hejingli/endhostsim-code/experiments/out/nopaxos-gt-cb-ehseq-2/1/nic.eth.replica.2.", "--ClientPort=/home/hejingli/endhostsim-code/experiments/out/nopaxos-gt-cb-ehseq-2/1/nic.eth.client.0.", "--ClientPort=/home/hejingli/endhostsim-code/experiments/out/nopaxos-gt-cb-ehseq-2/1/nic.eth.client.1.", "--LinkRate=100Gb/s", "--LinkLatency=500ns"], "stdout": [], "stderr": ["Create client and server nodes, and optionally endhost sequencer nodes", "Create switch node", "Create simple channels", "Create Switch", "Create Cosims and Bridges"]}, "host.sequencer.0": {"class": "Gem5Host", "cmd": ["/home/hejingli/endhostsim-code/gem5/build/X86/gem5.opt", "--outdir=/home/hejingli/endhostsim-code/experiments/out/nopaxos-gt-cb-ehseq-2/1/gem5-out.sequencer.0", "/home/hejingli/endhostsim-code/gem5/configs/cosim/cosim.py", "--caches", "--l2cache", "--l3cache", "--l1d_size=32kB", "--l1i_size=32kB", "--l2_size=2MB", "--l3_size=32MB", "--cacheline_size=64", "--cpu-clock=3GHz", "--sys-clock=1GHz", "--checkpoint-dir=/home/hejingli/endhostsim-code/experiments/out/nopaxos-gt-cb-ehseq-2/0/gem5-cp.sequencer.0", "--kernel=/home/hejingli/endhostsim-code/images/vmlinux", "--disk-image=/home/hejingli/endhostsim-code/images/output-nopaxos/nopaxos.raw", "--disk-image=/home/hejingli/endhostsim-code/experiments/out/nopaxos-gt-cb-ehseq-2/1/cfg.sequencer.0.tar", "--cpu-type=TimingSimpleCPU", "--mem-size=8192MB", "--num-cpus=1", "--ddio-enabled", "--ddio-way-part=8", "--mem-type=DDR4_2400_16x4", "--cosim-pci=/home/hejingli/endhostsim-code/experiments/out/nopaxos-gt-cb-ehseq-2/1/nic.pci.sequencer.0.", "--cosim-shm=/home/hejingli/endhostsim-code/experiments/out/nopaxos-gt-cb-ehseq-2/1/nic.shm.sequencer.0.", "--cosim-sync", "--cosim-sync_mode=0", "--cosim-pci-lat=500", "--cosim-sync-int=500"], "stdout": ["gem5 Simulator System.  http://gem5.org", "gem5 is copyrighted software; use the --copyright option for details.", "", "gem5 version 20.0.0.1", "gem5 compiled Dec  3 2020 17:56:02", "gem5 started Dec  6 2020 11:05:18", "gem5 executing on brain21, pid 17068", "command line: /home/hejingli/endhostsim-code/gem5/build/X86/gem5.opt --outdir=/home/hejingli/endhostsim-code/experiments/out/nopaxos-gt-cb-ehseq-2/1/gem5-out.sequencer.0 /home/hejingli/endhostsim-code/gem5/configs/cosim/cosim.py --caches --l2cache --l3cache --l1d_size=32kB --l1i_size=32kB --l2_size=2MB --l3_size=32MB --cacheline_size=64 --cpu-clock=3GHz --sys-clock=1GHz --checkpoint-dir=/home/hejingli/endhostsim-code/experiments/out/nopaxos-gt-cb-ehseq-2/0/gem5-cp.sequencer.0 --kernel=/home/hejingli/endhostsim-code/images/vmlinux --disk-image=/home/hejingli/endhostsim-code/images/output-nopaxos/nopaxos.raw --disk-image=/home/hejingli/endhostsim-code/experiments/out/nopaxos-gt-cb-ehseq-2/1/cfg.sequencer.0.tar --cpu-type=TimingSimpleCPU --mem-size=8192MB --num-cpus=1 --ddio-enabled --ddio-way-part=8 --mem-type=DDR4_2400_16x4 --cosim-pci=/home/hejingli/endhostsim-code/experiments/out/nopaxos-gt-cb-ehseq-2/1/nic.pci.sequencer.0. --cosim-shm=/home/hejingli/endhostsim-code/experiments/out/nopaxos-gt-cb-ehseq-2/1/nic.shm.sequencer.0. --cosim-sync --cosim-sync_mode=0 --cosim-pci-lat=500 --cosim-sync-int=500", "", "Global frequency set at 1000000000000 ticks per second", "      0: system.pc.south_bridge.cmos.rtc: Real-time clock set to Sun Jan  1 00:00:00 2012", "**** REAL SIMULATION ****", "[    0.000000] Linux version 5.4.46 (hejingli@brain21) (gcc version 8.3.0 (Debian 8.3.0-6)) #1 SMP Wed Dec 2 12:19:40 CET 2020\r", "[    0.000000] Command line: earlyprintk=ttyS0 console=ttyS0 root=/dev/sda1 no_timer_check memory_corruption_check=0 random.trust_cpu=on init=/home/ubuntu/guestinit.sh\r", "[    0.000000] CPU: vendor_id 'M5 Simulator' unknown, using generic init.\r", "[    0.000000] CPU: Your system may be unstable.\r", "[    0.000000] x86/fpu: x87 FPU will use FXSAVE\r", "[    0.000000] BIOS-provided physical RAM map:\r", "[    0.000000] BIOS-e820: [mem 0x0000000000000000-0x000000000009fbff] usable\r", "[    0.000000] BIOS-e820: [mem 0x000000000009fc00-0x00000000000fffff] reserved\r", "[    0.000000] BIOS-e820: [mem 0x0000000000100000-0x00000000bfffffff] usable\r", "[    0.000000] BIOS-e820: [mem 0x00000000ffff0000-0x00000000ffffffff] reserved\r", "[    0.000000] BIOS-e820: [mem 0x0000000100000000-0x000000023fffffff] usable\r", "[    0.000000] printk: bootconsole [earlyser0] enabled\r", "[    0.000000] NX (Execute Disable) protection: active\r", "[    0.000000] SMBIOS 2.5 present.\r", "[    0.000000] DMI:  , BIOS  06/08/2008\r", "[    0.000000] tsc: Fast TSC calibration using PIT\r", "[    0.000000] tsc: calibrated TSC: tsc_freq=3003320\r", "[    0.000000] tsc: Detected 3003.320 MHz processor\r", "[    0.000036] last_pfn = 0x240000 max_arch_pfn = 0x400000000\r", "[    0.000095] Disabled\r", "[    0.000112] x86/PAT: MTRRs disabled, skipping PAT initialization too.\r", "[    0.000163] CPU MTRRs all blank - virtualized system.\r", "[    0.000198] x86/PAT: Configuration [0-7]: WB  WT  UC- UC  WB  WT  UC- UC  \r", "[    0.000243] last_pfn = 0xc0000 max_arch_pfn = 0x400000000\r", "[    0.000330] found SMP MP-table at [mem 0x000f0050-0x000f005f]\r", "[    0.001817] ACPI: Early table checksum verification disabled\r", "[    0.002183] ACPI BIOS Error (bug): A valid RSDP was not found (20190816/tbxfroot-210)\r", "[    0.002882] No NUMA configuration found\r", "[    0.002909] Faking a node at [mem 0x0000000000000000-0x000000023fffffff]\r", "[    0.003002] NODE_DATA(0) allocated [mem 0x23ffda000-0x23fffbfff]\r", "[    0.008931] Zone ranges:\r", "[    0.008950]   DMA      [mem 0x0000000000001000-0x0000000000ffffff]\r", "[    0.008991]   DMA32    [mem 0x0000000001000000-0x00000000ffffffff]\r", "[    0.009033]   Normal   [mem 0x0000000100000000-0x000000023fffffff]\r", "[    0.009075] Movable zone start for each node\r", "[    0.009113] Early memory node ranges\r", "[    0.009139]   node   0: [mem 0x0000000000001000-0x000000000009efff]\r", "[    0.009181]   node   0: [mem 0x0000000000100000-0x00000000bfffffff]\r", "[    0.009224]   node   0: [mem 0x0000000100000000-0x000000023fffffff]\r", "[    0.009301] Zeroed struct page in unavailable ranges: 98 pages\r", "[    0.009305] Initmem setup node 0 [mem 0x0000000000001000-0x000000023fffffff]\r", "[    0.374666] Intel MultiProcessor Specification v1.4\r", "[    0.374703] MPTABLE: OEM ID: \r", "[    0.374724] MPTABLE: Product ID: \r", "[    0.374747] MPTABLE: APIC at: 0xFEE00000\r", "[    0.374775] Processor #0 (Bootup-CPU)\r", "[    0.374809] IOAPIC[0]: apic_id 1, version 20, address 0xfec00000, GSI 0-23\r", "[    0.374874] Processors: 1\r", "[    0.374894] smpboot: Allowing 1 CPUs, 0 hotplug CPUs\r", "[    0.374953] [mem 0xc0000000-0xfffeffff] available for PCI devices\r", "[    0.374993] Booting paravirtualized kernel on bare hardware\r", "[    0.375036] clocksource: refined-jiffies: mask: 0xffffffff max_cycles: 0xffffffff, max_idle_ns: 1910969940391419 ns\r", "[    0.593774] setup_percpu: NR_CPUS:8192 nr_cpumask_bits:1 nr_cpu_ids:1 nr_node_ids:1\r", "[    0.598371] percpu: Embedded 49 pages/cpu s159768 r8192 d32744 u2097152\r", "[    0.598532] Built 1 zonelists, mobility grouping on.  Total pages: 2068361\r", "[    0.598576] Policy zone: Normal\r", "[    0.598602] Kernel command line: earlyprintk=ttyS0 console=ttyS0 root=/dev/sda1 no_timer_check memory_corruption_check=0 random.trust_cpu=on init=/home/ubuntu/guestinit.sh\r", "[    0.614893] Dentry cache hash table entries: 1048576 (order: 11, 8388608 bytes, linear)\r", "[    0.622969] Inode-cache hash table entries: 524288 (order: 10, 4194304 bytes, linear)\r", "[    0.623082] mem auto-init: stack:off, heap alloc:off, heap free:off\r", "[    0.992764] Memory: 8176384K/8388216K available (8194K kernel code, 1285K rwdata, 1956K rodata, 1900K init, 1304K bss, 211832K reserved, 0K cma-reserved)\r", "[    0.994009] rcu: Hierarchical RCU implementation.\r", "[    0.994041] rcu: \tRCU restricting CPUs from NR_CPUS=8192 to nr_cpu_ids=1.\r", "[    0.994086] rcu: RCU calculated value of scheduler-enlistment delay is 100 jiffies.\r", "[    0.994136] rcu: Adjusting geometry for rcu_fanout_leaf=16, nr_cpu_ids=1\r", "[    0.994813] NR_IRQS: 524544, nr_irqs: 256, preallocated irqs: 16\r", "[    0.995986] Console: colour dummy device 80x25\r", "[    0.996031] printk: console [ttyS0] enabled\r", "[    0.996031] printk: console [ttyS0] enabled\r", "[    0.996088] printk: bootconsole [earlyser0] disabled\r", "[    0.996088] printk: bootconsole [earlyser0] disabled\r", "[    0.996203] APIC: Switch to symmetric I/O mode setup\r", "[    0.996908] ..TIMER: vector=0x30 apic1=0 pin1=2 apic2=0 pin2=0\r", "[    0.996958] clocksource: tsc-early: mask: 0xffffffffffffffff max_cycles: 0x2b4a85d6902, max_idle_ns: 440795286792 ns\r", "[    0.997033] Calibrating delay loop (skipped), value calculated using timer frequency.. 6006.64 BogoMIPS (lpj=3003320)\r", "[    0.997108] pid_max: default: 32768 minimum: 301\r", "[    0.998707] Mount-cache hash table entries: 16384 (order: 5, 131072 bytes, linear)\r", "[    0.998959] Mountpoint-cache hash table entries: 16384 (order: 5, 131072 bytes, linear)\r", "[    0.999602] mce: unknown CPU type - not enabling MCE support\r", "[    0.999644] Last level iTLB entries: 4KB 0, 2MB 0, 4MB 0\r", "[    0.999683] Last level dTLB entries: 4KB 0, 2MB 0, 4MB 0, 1GB 0\r", "[    0.999727] Spectre V1 : Mitigation: usercopy/swapgs barriers and __user pointer sanitization\r", "[    0.999789] Spectre V2 : Spectre mitigation: kernel not compiled with retpoline; no mitigation available!\r", "[    0.999792] Speculative Store Bypass: Vulnerable\r", "[    0.999889] MDS: Vulnerable: Clear CPU buffers attempted, no microcode\r", "[    1.002052] Freeing SMP alternatives memory: 12K\r", "[    1.206518]  calibrated lapic_timer_period=187707\r", "[    1.206557] smpboot: CPU0: M5 Simulator Fake M5 x86_64 CPU (family: 0xf, model: 0x25, stepping: 0x1)\r", "[    1.207031] Performance Events: no PMU driver, software events only.\r", "[    1.207031] rcu: Hierarchical SRCU implementation.\r", "[    1.207085] smp: Bringing up secondary CPUs ...\r", "[    1.207120] smp: Brought up 1 node, 1 CPU\r", "[    1.207149] smpboot: Max logical packages: 1\r", "[    1.207181] smpboot: Total of 1 processors activated (6006.64 BogoMIPS)\r", "[    1.208818] devtmpfs: initialized\r", "[    1.209408] random: get_random_u32 called from bucket_table_alloc+0xea/0x110 with crng_init=0\r", "[    1.209573] clocksource: jiffies: mask: 0xffffffff max_cycles: 0xffffffff, max_idle_ns: 1911260446275000 ns\r", "[    1.209698] futex hash table entries: 256 (order: 2, 16384 bytes, linear)\r", "[    1.209944] \r", "[    1.209958] *************************************************************\r", "[    1.210005] **     NOTICE NOTICE NOTICE NOTICE NOTICE NOTICE NOTICE    **\r", "[    1.210034] **                                                         **\r", "[    1.210081] **  IOMMU DebugFS SUPPORT HAS BEEN ENABLED IN THIS KERNEL  **\r", "[    1.210128] **                                                         **\r", "[    1.210175] ** This means that this kernel is built to expose internal **\r", "[    1.210222] ** IOMMU data structures, which may compromise security on **\r", "[    1.210269] ** your system.                                            **\r", "[    1.210316] **                                                         **\r", "[    1.210363] ** If you see this message and you are not debugging the   **\r", "[    1.210410] ** kernel, report this immediately to your vendor!         **\r", "[    1.210457] **                                                         **\r", "[    1.210504] **     NOTICE NOTICE NOTICE NOTICE NOTICE NOTICE NOTICE    **\r", "[    1.210551] *************************************************************\r", "[    1.210922] NET: Registered protocol family 16\r", "[    1.211403] audit: initializing netlink subsys (disabled)\r", "[    1.212067] cpuidle: using governor ladder\r", "[    1.212193] PCI: Using configuration type 1 for base access\r", "[    1.219066] audit: type=2000 audit(1325376001.214:1): state=initialized audit_enabled=0 res=1\r", "[    1.232872] HugeTLB registered 2.00 MiB page size, pre-allocated 0 pages\r", "[    1.235558] ACPI: Interpreter disabled.\r", "[    1.235635] iommu: Default domain type: Translated \r", "[    1.235791] vgaarb: loaded\r", "[    1.236108] SCSI subsystem initialized\r", "[    1.236558] pps_core: LinuxPPS API ver. 1 registered\r", "[    1.236594] pps_core: Software ver. 5.3.6 - Copyright 2005-2007 Rodolfo Giometti <giometti@linux.it>\r", "[    1.236669] PTP clock support registered\r", "[    1.236723] PCI: Probing PCI hardware\r", "[    1.236803] PCI host bridge to bus 0000:00\r", "[    1.236839] pci_bus 0000:00: root bus resource [io  0x0000-0xffff]\r", "[    1.236886] pci_bus 0000:00: root bus resource [mem 0x00000000-0xffffffffffff]\r", "[    1.236939] pci_bus 0000:00: No busn resource found for root bus, will use [bus 00-ff]\r", "[    1.237011] pci 0000:00:02.0: [5543:1001] type 00 class 0x020000\r", "[    1.237061] pci 0000:00:02.0: reg 0x10: [mem 0xc0000000-0xc1ffffff]\r", "[    1.237118] pci 0000:00:02.0: reg 0x30: [mem 0x00000000-0x000007ff pref]\r", "[    1.237269] pci 0000:00:04.0: [8086:7111] type 00 class 0x010180\r", "[    1.237325] pci 0000:00:04.0: reg 0x20: [io  0x0000-0x000f]\r", "[    1.237371] pci 0000:00:04.0: reg 0x30: [mem 0x00000000-0x000007ff pref]\r", "[    1.237422] pci 0000:00:04.0: legacy IDE quirk: reg 0x10: [io  0x01f0-0x01f7]\r", "[    1.237474] pci 0000:00:04.0: legacy IDE quirk: reg 0x14: [io  0x03f6]\r", "[    1.237522] pci 0000:00:04.0: legacy IDE quirk: reg 0x18: [io  0x0170-0x0177]\r", "[    1.237574] pci 0000:00:04.0: legacy IDE quirk: reg 0x1c: [io  0x0376]\r", "[    1.237709] pci_bus 0000:00: busn_res: [bus 00-ff] end is updated to 00\r", "[    1.238897] clocksource: Switched to clocksource tsc-early\r", "[    1.270316] VFS: Disk quotas dquot_6.6.0\r", "[    1.270392] VFS: Dquot-cache hash table entries: 512 (order 0, 4096 bytes)\r", "[    1.270543] pnp: PnP ACPI: disabled\r", "[    1.278640] thermal_sys: Registered thermal governor 'step_wise'\r", "[    1.278642] thermal_sys: Registered thermal governor 'user_space'\r", "[    1.278725] pci 0000:00:02.0: BAR 6: assigned [mem 0xc2000000-0xc20007ff pref]\r", "[    1.278832] pci 0000:00:04.0: BAR 6: assigned [mem 0xc2000800-0xc2000fff pref]\r", "[    1.278888] pci 0000:00:04.0: BAR 4: assigned [io  0x1000-0x100f]\r", "[    1.278937] pci_bus 0000:00: resource 4 [io  0x0000-0xffff]\r", "[    1.278979] pci_bus 0000:00: resource 5 [mem 0x00000000-0xffffffffffff]\r", "[    1.279129] NET: Registered protocol family 2\r", "[    1.279505] tcp_listen_portaddr_hash hash table entries: 4096 (order: 4, 65536 bytes, linear)\r", "[    1.279677] TCP established hash table entries: 65536 (order: 7, 524288 bytes, linear)\r", "[    1.281021] TCP bind hash table entries: 65536 (order: 8, 1048576 bytes, linear)\r", "[    1.283230] TCP: Hash tables configured (established 65536 bind 65536)\r", "[    1.283498] UDP hash table entries: 4096 (order: 5, 131072 bytes, linear)\r", "[    1.283842] UDP-Lite hash table entries: 4096 (order: 5, 131072 bytes, linear)\r", "[    1.284319] NET: Registered protocol family 1\r", "[    1.284380] PCI: CLS 0 bytes, default 64\r", "[    1.285262] PCI-DMA: Using software bounce buffering for IO (SWIOTLB)\r", "[    1.285309] software IO TLB: mapped [mem 0xbc000000-0xc0000000] (64MB)\r", "[    1.285468] platform rtc_cmos: registered platform RTC device (no PNP device found)\r", "[    1.287205] workingset: timestamp_bits=52 max_order=21 bucket_order=0\r", "[    1.287899] fuse: init (API version 7.31)\r", "[    1.301017] Block layer SCSI generic (bsg) driver version 0.4 loaded (major 252)\r", "[    1.301070] io scheduler mq-deadline registered\r", "[    1.301103] io scheduler kyber registered\r", "[    1.301282] acpiphp_ibm: ibm_acpiphp_init: acpi_walk_namespace failed\r", "[    1.301632] Serial: 8250/16550 driver, 4 ports, IRQ sharing disabled\r", "[    1.301744] serial8250: ttyS0 at I/O 0x3f8 (irq = 4, base_baud = 115200) is a 8250\r", "[    1.302799] Linux agpgart interface v0.103\r", "[    1.311116] brd: module loaded\r", "[    1.318603] loop: module loaded\r", "[    1.318785] Loading iSCSI transport class v2.0-870.\r", "[    1.320007] ata_piix 0000:00:04.0: enabling device (0000 -> 0001)\r", "[    1.320057] ata_piix 0000:00:04.0: PCI->APIC IRQ transform: INT A -> IRQ 16\r", "[    1.322272] scsi host0: ata_piix\r", "[    1.322601] scsi host1: ata_piix\r", "[    1.322713] ata1: PATA max UDMA/33 cmd 0x1f0 ctl 0x3f6 bmdma 0x1000 irq 14\r", "[    1.322762] ata2: PATA max UDMA/33 cmd 0x170 ctl 0x376 bmdma 0x1008 irq 15\r", "[    1.322998] Ethernet Channel Bonding Driver: v3.7.1 (April 27, 2011)\r", "[    1.326457] tun: Universal TUN/TAP device driver, 1.6\r", "[    1.326959] VFIO - User Level meta-driver version: 0.3\r", "[    1.327850] i8042: PNP: No PS/2 controller found.\r", "[    1.327883] i8042: Probing ports directly.\r", "[    1.328183] serio: i8042 KBD port at 0x60,0x64 irq 1\r", "[    1.328224] serio: i8042 AUX port at 0x60,0x64 irq 12\r", "[    1.328883] mousedev: PS/2 mouse device common for all mice\r", "[    1.329753] NET: Registered protocol family 17\r", "[    1.329800] mce: Unable to init MCE device (rc: -5)\r", "[    1.329922] IPI shorthand broadcast: enabled\r", "[    1.329964] sched_clock: Marking stable (1328240980, 1545452)->(1329510741, 275691)\r", "[    1.332019] input: AT Translated Set 2 keyboard as /devices/platform/i8042/serio0/input/input0\r", "[    1.581021] ata1.00: ATA-7: M5 IDE Disk, , max UDMA/66\r", "[    1.581059] ata1.00: 83886080 sectors, multi 0: LBA \r", "[    1.581106] ata1.01: ATA-7: M5 IDE Disk, , max UDMA/66\r", "[    1.581144] ata1.01: 160 sectors, multi 0: LBA \r", "[    1.581743] scsi 0:0:0:0: Direct-Access     ATA      M5 IDE Disk      n/a  PQ: 0 ANSI: 5\r", "[    1.582031] scsi 0:0:0:0: Attached scsi generic sg0 type 0\r", "[    1.582248] scsi 0:0:1:0: Direct-Access     ATA      M5 IDE Disk      n/a  PQ: 0 ANSI: 5\r", "[    1.582522] scsi 0:0:1:0: Attached scsi generic sg1 type 0\r", "[    1.583075] sd 0:0:0:0: [sda] 83886080 512-byte logical blocks: (42.9 GB/40.0 GiB)\r", "[    1.583153] sd 0:0:0:0: [sda] Write Protect is off\r", "[    1.583239] sd 0:0:0:0: [sda] Write cache: disabled, read cache: enabled, doesn't support DPO or FUA\r", "[    1.583551] sd 0:0:1:0: [sdb] 160 512-byte logical blocks: (81.9 kB/80.0 KiB)\r", "[    1.583619] sd 0:0:1:0: [sdb] Write Protect is off\r", "[    1.583694] sd 0:0:1:0: [sdb] Write cache: disabled, read cache: enabled, doesn't support DPO or FUA\r", "[    1.585387] sd 0:0:1:0: [sdb] Attached SCSI disk\r", "[    1.585520]  sda: sda1\r", "[    1.586125] sd 0:0:0:0: [sda] Attached SCSI disk\r", "[    1.588614] EXT4-fs (sda1): mounted filesystem with ordered data mode. Opts: (null)\r", "[    1.588682] VFS: Mounted root (ext4 filesystem) on device 8:1.\r", "[    1.589739] devtmpfs: mounted\r", "[    1.594233] Freeing unused kernel image memory: 1900K\r", "[    1.594768] Write protecting the kernel read-only data: 12288k\r", "[    1.600463] Freeing unused kernel image memory: 2032K\r", "[    1.600769] Freeing unused kernel image memory: 92K\r", "[    1.600807] rodata_test: all tests were successful\r", "[    1.600844] Run /home/ubuntu/guestinit.sh as init process\r", "[    1.608027] random: fast init done\r", "+ export HOME=/root\r", "+ export LANG=en_US\r", "+ export PATH=/usr/local/sbin:/usr/local/bin:/usr/sbin:/usr/bin:/sbin:/bin:/usr/games:/usr/local/games\r", "+ m5 checkpoint\r", "Writing checkpoint", "+ insmod /tmp/guest/mqnic.ko\r", "[    1.647963] mqnic: loading out-of-tree module taints kernel.\r", "[    1.649223] mqnic 0000:00:02.0: mqnic probe\r", "[    1.649292] mqnic 0000:00:02.0: enabling device (0000 -> 0002)\r", "[    1.649339] mqnic 0000:00:02.0: PCI->APIC IRQ transform: INT A -> IRQ 17\r", "[    1.649399] mqnic 0000:00:02.0: FW ID: 0x00000020\r", "[    1.649436] mqnic 0000:00:02.0: FW version: 0.1\r", "[    1.649472] mqnic 0000:00:02.0: Board ID: 0x43215678\r", "[    1.649511] mqnic 0000:00:02.0: Board version: 0.1\r", "[    1.649548] mqnic 0000:00:02.0: PHC count: 1\r", "[    1.649582] mqnic 0000:00:02.0: PHC offset: 0x00000200\r", "[    1.649622] mqnic 0000:00:02.0: IF count: 1\r", "[    1.649656] mqnic 0000:00:02.0: IF stride: 0x00080000\r", "[    1.649695] mqnic 0000:00:02.0: IF CSR offset: 0x00080000\r", "[    1.649803] mqnic 0000:00:02.0: Failed to read MAC from EEPROM; no EEPROM I2C client registered\r", "[    1.649988] mqnic 0000:00:02.0: registered PHC (index 0)\r", "[    1.650029] mqnic 0000:00:02.0: Creating interface 0\r", "[    1.664282] mqnic 0000:00:02.0: IF ID: 0x00000000\r", "[    1.664320] mqnic 0000:00:02.0: IF features: 0x00000000\r", "[    1.664361] mqnic 0000:00:02.0: Event queue count: 1\r", "[    1.664400] mqnic 0000:00:02.0: Event queue offset: 0x00100000\r", "[    1.664444] mqnic 0000:00:02.0: TX queue count: 1\r", "[    1.664481] mqnic 0000:00:02.0: TX queue offset: 0x00200000\r", "[    1.664523] mqnic 0000:00:02.0: TX completion queue count: 1\r", "[    1.664566] mqnic 0000:00:02.0: TX completion queue offset: 0x00400000\r", "[    1.664615] mqnic 0000:00:02.0: RX queue count: 1\r", "[    1.664652] mqnic 0000:00:02.0: RX queue offset: 0x00600000\r", "[    1.664694] mqnic 0000:00:02.0: RX completion queue count: 1\r", "[    1.664738] mqnic 0000:00:02.0: RX completion queue offset: 0x00700000\r", "[    1.664790] mqnic 0000:00:02.0: Port count: 1\r", "[    1.664825] mqnic 0000:00:02.0: Port offset: 0x00800000\r", "[    1.664865] mqnic 0000:00:02.0: Port stride: 0x00200000\r", "[    1.664905] mqnic 0000:00:02.0: Bad MAC in EEPROM; using random MAC\r", "[    1.664954] mqnic 0000:00:02.0: Max desc block size: 1\r", "[    1.665810] mqnic 0000:00:02.0: Port ID: 0x00000000\r", "[    1.665848] mqnic 0000:00:02.0: Port features: 0x00000000\r", "[    1.665890] mqnic 0000:00:02.0: Port MTU: 2048\r", "[    1.665925] mqnic 0000:00:02.0: Scheduler count: 1\r", "[    1.665962] mqnic 0000:00:02.0: Scheduler offset: 0x00100000\r", "[    1.666006] mqnic 0000:00:02.0: Scheduler stride: 0x00100000\r", "[    1.666049] mqnic 0000:00:02.0: Scheduler type: 0x00000000\r", "+ ip link set dev eth0 up\r", "[    1.677136] mqnic 0000:00:02.0: mqnic_open on port 0\r", "+ ip addr add 10.0.0.100/24 dev eth0\r", "+ /root/nopaxos/sequencer/sequencer -c /root/sequencer.config\r", "[    2.317724] clocksource: tsc: mask: 0xffffffffffffffff max_cycles: 0x2b4a85d6902, max_idle_ns: 440795286792 ns\r", "[    2.317814] clocksource: Switched to clocksource tsc\r"], "stderr": ["warn: CheckedInt already exists in allParams. This may be caused by the Python 2.7 compatibility layer.", "warn: Enum already exists in allParams. This may be caused by the Python 2.7 compatibility layer.", "warn: ScopedEnum already exists in allParams. This may be caused by the Python 2.7 compatibility layer.", "warn: Physical memory size specified is 8192MB which is greater than 3GB.  Twice the number of memory controllers would be created.", "warn: No dot file generated. Please install pydot to generate the dot file and pdf.", "warn: DRAM device capacity (32768 Mbytes) does not match the address range assigned (4096 Mbytes)", "warn: DRAM device capacity (32768 Mbytes) does not match the address range assigned (8192 Mbytes)", "info: kernel located at: /home/hejingli/endhostsim-code/images/vmlinux", "system.pc.com_1.device: Listening for connections on port 3457", "warn: pollInterval=100000000  pciAsync=500000", "0: system.remote_gdb: listening for remote gdb on port 7001", "warn: Reading current count from inactive timer.", "warn: TimingPioPort::getAddrRanges()", "info: Entering event queue @ 0.  Starting simulation...", "warn: x86 cpuid family 0x0000: unimplemented function 6", "warn: x86 cpuid family 0x0000: unimplemented function 6", "warn: x86 cpuid family 0x0000: unimplemented function 6", "warn: instruction 'fninit' unimplemented", "warn: Don't know what interrupt to clear for console.", "warn: instruction 'sgdt_Ms' unimplemented", "warn: x86 cpuid family 0x0000: unimplemented function 6", "warn: x86 cpuid family 0x0000: unimplemented function 6", "warn: x86 cpuid family 0x0000: unimplemented function 6", "warn: x86 cpuid: unknown family 0x4000", "warn: instruction 'fwait' unimplemented", "warn: TimingPioPort::getAddrRanges()", "warn: Write to unknown i8042 (keyboard controller) command port.", "warn: Tried to clear PCI interrupt 14", "warn: instruction 'verw_Mw_or_Rv' unimplemented", "info: Entering event queue @ 1649960171883.  Starting simulation...", "info: Entering event queue @ 1649975576960.  Starting simulation...", "warn: instruction 'fcomi' unimplemented"]}, "host.replica.0": {"class": "Gem5Host", "cmd": ["/home/hejingli/endhostsim-code/gem5/build/X86/gem5.opt", "--outdir=/home/hejingli/endhostsim-code/experiments/out/nopaxos-gt-cb-ehseq-2/1/gem5-out.replica.0", "/home/hejingli/endhostsim-code/gem5/configs/cosim/cosim.py", "--caches", "--l2cache", "--l3cache", "--l1d_size=32kB", "--l1i_size=32kB", "--l2_size=2MB", "--l3_size=32MB", "--cacheline_size=64", "--cpu-clock=3GHz", "--sys-clock=1GHz", "--checkpoint-dir=/home/hejingli/endhostsim-code/experiments/out/nopaxos-gt-cb-ehseq-2/0/gem5-cp.replica.0", "--kernel=/home/hejingli/endhostsim-code/images/vmlinux", "--disk-image=/home/hejingli/endhostsim-code/images/output-nopaxos/nopaxos.raw", "--disk-image=/home/hejingli/endhostsim-code/experiments/out/nopaxos-gt-cb-ehseq-2/1/cfg.replica.0.tar", "--cpu-type=TimingSimpleCPU", "--mem-size=8192MB", "--num-cpus=1", "--ddio-enabled", "--ddio-way-part=8", "--mem-type=DDR4_2400_16x4", "--cosim-pci=/home/hejingli/endhostsim-code/experiments/out/nopaxos-gt-cb-ehseq-2/1/nic.pci.replica.0.", "--cosim-shm=/home/hejingli/endhostsim-code/experiments/out/nopaxos-gt-cb-ehseq-2/1/nic.shm.replica.0.", "--cosim-sync", "--cosim-sync_mode=0", "--cosim-pci-lat=500", "--cosim-sync-int=500"], "stdout": ["gem5 Simulator System.  http://gem5.org", "gem5 is copyrighted software; use the --copyright option for details.", "", "gem5 version 20.0.0.1", "gem5 compiled Dec  3 2020 17:56:02", "gem5 started Dec  6 2020 11:05:19", "gem5 executing on brain21, pid 17074", "command line: /home/hejingli/endhostsim-code/gem5/build/X86/gem5.opt --outdir=/home/hejingli/endhostsim-code/experiments/out/nopaxos-gt-cb-ehseq-2/1/gem5-out.replica.0 /home/hejingli/endhostsim-code/gem5/configs/cosim/cosim.py --caches --l2cache --l3cache --l1d_size=32kB --l1i_size=32kB --l2_size=2MB --l3_size=32MB --cacheline_size=64 --cpu-clock=3GHz --sys-clock=1GHz --checkpoint-dir=/home/hejingli/endhostsim-code/experiments/out/nopaxos-gt-cb-ehseq-2/0/gem5-cp.replica.0 --kernel=/home/hejingli/endhostsim-code/images/vmlinux --disk-image=/home/hejingli/endhostsim-code/images/output-nopaxos/nopaxos.raw --disk-image=/home/hejingli/endhostsim-code/experiments/out/nopaxos-gt-cb-ehseq-2/1/cfg.replica.0.tar --cpu-type=TimingSimpleCPU --mem-size=8192MB --num-cpus=1 --ddio-enabled --ddio-way-part=8 --mem-type=DDR4_2400_16x4 --cosim-pci=/home/hejingli/endhostsim-code/experiments/out/nopaxos-gt-cb-ehseq-2/1/nic.pci.replica.0. --cosim-shm=/home/hejingli/endhostsim-code/experiments/out/nopaxos-gt-cb-ehseq-2/1/nic.shm.replica.0. --cosim-sync --cosim-sync_mode=0 --cosim-pci-lat=500 --cosim-sync-int=500", "", "Global frequency set at 1000000000000 ticks per second", "      0: system.pc.south_bridge.cmos.rtc: Real-time clock set to Sun Jan  1 00:00:00 2012", "**** REAL SIMULATION ****", "[    0.000000] Linux version 5.4.46 (hejingli@brain21) (gcc version 8.3.0 (Debian 8.3.0-6)) #1 SMP Wed Dec 2 12:19:40 CET 2020\r", "[    0.000000] Command line: earlyprintk=ttyS0 console=ttyS0 root=/dev/sda1 no_timer_check memory_corruption_check=0 random.trust_cpu=on init=/home/ubuntu/guestinit.sh\r", "[    0.000000] CPU: vendor_id 'M5 Simulator' unknown, using generic init.\r", "[    0.000000] CPU: Your system may be unstable.\r", "[    0.000000] x86/fpu: x87 FPU will use FXSAVE\r", "[    0.000000] BIOS-provided physical RAM map:\r", "[    0.000000] BIOS-e820: [mem 0x0000000000000000-0x000000000009fbff] usable\r", "[    0.000000] BIOS-e820: [mem 0x000000000009fc00-0x00000000000fffff] reserved\r", "[    0.000000] BIOS-e820: [mem 0x0000000000100000-0x00000000bfffffff] usable\r", "[    0.000000] BIOS-e820: [mem 0x00000000ffff0000-0x00000000ffffffff] reserved\r", "[    0.000000] BIOS-e820: [mem 0x0000000100000000-0x000000023fffffff] usable\r", "[    0.000000] printk: bootconsole [earlyser0] enabled\r", "[    0.000000] NX (Execute Disable) protection: active\r", "[    0.000000] SMBIOS 2.5 present.\r", "[    0.000000] DMI:  , BIOS  06/08/2008\r", "[    0.000000] tsc: Fast TSC calibration using PIT\r", "[    0.000000] tsc: calibrated TSC: tsc_freq=3003320\r", "[    0.000000] tsc: Detected 3003.320 MHz processor\r", "[    0.000036] last_pfn = 0x240000 max_arch_pfn = 0x400000000\r", "[    0.000095] Disabled\r", "[    0.000112] x86/PAT: MTRRs disabled, skipping PAT initialization too.\r", "[    0.000163] CPU MTRRs all blank - virtualized system.\r", "[    0.000198] x86/PAT: Configuration [0-7]: WB  WT  UC- UC  WB  WT  UC- UC  \r", "[    0.000243] last_pfn = 0xc0000 max_arch_pfn = 0x400000000\r", "[    0.000330] found SMP MP-table at [mem 0x000f0050-0x000f005f]\r", "[    0.001817] ACPI: Early table checksum verification disabled\r", "[    0.002183] ACPI BIOS Error (bug): A valid RSDP was not found (20190816/tbxfroot-210)\r", "[    0.002882] No NUMA configuration found\r", "[    0.002909] Faking a node at [mem 0x0000000000000000-0x000000023fffffff]\r", "[    0.003002] NODE_DATA(0) allocated [mem 0x23ffda000-0x23fffbfff]\r", "[    0.008931] Zone ranges:\r", "[    0.008950]   DMA      [mem 0x0000000000001000-0x0000000000ffffff]\r", "[    0.008991]   DMA32    [mem 0x0000000001000000-0x00000000ffffffff]\r", "[    0.009033]   Normal   [mem 0x0000000100000000-0x000000023fffffff]\r", "[    0.009075] Movable zone start for each node\r", "[    0.009113] Early memory node ranges\r", "[    0.009139]   node   0: [mem 0x0000000000001000-0x000000000009efff]\r", "[    0.009181]   node   0: [mem 0x0000000000100000-0x00000000bfffffff]\r", "[    0.009224]   node   0: [mem 0x0000000100000000-0x000000023fffffff]\r", "[    0.009301] Zeroed struct page in unavailable ranges: 98 pages\r", "[    0.009305] Initmem setup node 0 [mem 0x0000000000001000-0x000000023fffffff]\r", "[    0.374666] Intel MultiProcessor Specification v1.4\r", "[    0.374703] MPTABLE: OEM ID: \r", "[    0.374724] MPTABLE: Product ID: \r", "[    0.374747] MPTABLE: APIC at: 0xFEE00000\r", "[    0.374775] Processor #0 (Bootup-CPU)\r", "[    0.374809] IOAPIC[0]: apic_id 1, version 20, address 0xfec00000, GSI 0-23\r", "[    0.374874] Processors: 1\r", "[    0.374894] smpboot: Allowing 1 CPUs, 0 hotplug CPUs\r", "[    0.374953] [mem 0xc0000000-0xfffeffff] available for PCI devices\r", "[    0.374993] Booting paravirtualized kernel on bare hardware\r", "[    0.375036] clocksource: refined-jiffies: mask: 0xffffffff max_cycles: 0xffffffff, max_idle_ns: 1910969940391419 ns\r", "[    0.593774] setup_percpu: NR_CPUS:8192 nr_cpumask_bits:1 nr_cpu_ids:1 nr_node_ids:1\r", "[    0.598371] percpu: Embedded 49 pages/cpu s159768 r8192 d32744 u2097152\r", "[    0.598532] Built 1 zonelists, mobility grouping on.  Total pages: 2068361\r", "[    0.598576] Policy zone: Normal\r", "[    0.598602] Kernel command line: earlyprintk=ttyS0 console=ttyS0 root=/dev/sda1 no_timer_check memory_corruption_check=0 random.trust_cpu=on init=/home/ubuntu/guestinit.sh\r", "[    0.614893] Dentry cache hash table entries: 1048576 (order: 11, 8388608 bytes, linear)\r", "[    0.622969] Inode-cache hash table entries: 524288 (order: 10, 4194304 bytes, linear)\r", "[    0.623082] mem auto-init: stack:off, heap alloc:off, heap free:off\r", "[    0.992764] Memory: 8176384K/8388216K available (8194K kernel code, 1285K rwdata, 1956K rodata, 1900K init, 1304K bss, 211832K reserved, 0K cma-reserved)\r", "[    0.994009] rcu: Hierarchical RCU implementation.\r", "[    0.994041] rcu: \tRCU restricting CPUs from NR_CPUS=8192 to nr_cpu_ids=1.\r", "[    0.994086] rcu: RCU calculated value of scheduler-enlistment delay is 100 jiffies.\r", "[    0.994136] rcu: Adjusting geometry for rcu_fanout_leaf=16, nr_cpu_ids=1\r", "[    0.994813] NR_IRQS: 524544, nr_irqs: 256, preallocated irqs: 16\r", "[    0.995986] Console: colour dummy device 80x25\r", "[    0.996031] printk: console [ttyS0] enabled\r", "[    0.996031] printk: console [ttyS0] enabled\r", "[    0.996088] printk: bootconsole [earlyser0] disabled\r", "[    0.996088] printk: bootconsole [earlyser0] disabled\r", "[    0.996203] APIC: Switch to symmetric I/O mode setup\r", "[    0.996908] ..TIMER: vector=0x30 apic1=0 pin1=2 apic2=0 pin2=0\r", "[    0.996958] clocksource: tsc-early: mask: 0xffffffffffffffff max_cycles: 0x2b4a85d6902, max_idle_ns: 440795286792 ns\r", "[    0.997033] Calibrating delay loop (skipped), value calculated using timer frequency.. 6006.64 BogoMIPS (lpj=3003320)\r", "[    0.997108] pid_max: default: 32768 minimum: 301\r", "[    0.998707] Mount-cache hash table entries: 16384 (order: 5, 131072 bytes, linear)\r", "[    0.998959] Mountpoint-cache hash table entries: 16384 (order: 5, 131072 bytes, linear)\r", "[    0.999602] mce: unknown CPU type - not enabling MCE support\r", "[    0.999644] Last level iTLB entries: 4KB 0, 2MB 0, 4MB 0\r", "[    0.999683] Last level dTLB entries: 4KB 0, 2MB 0, 4MB 0, 1GB 0\r", "[    0.999727] Spectre V1 : Mitigation: usercopy/swapgs barriers and __user pointer sanitization\r", "[    0.999789] Spectre V2 : Spectre mitigation: kernel not compiled with retpoline; no mitigation available!\r", "[    0.999792] Speculative Store Bypass: Vulnerable\r", "[    0.999889] MDS: Vulnerable: Clear CPU buffers attempted, no microcode\r", "[    1.002052] Freeing SMP alternatives memory: 12K\r", "[    1.206518]  calibrated lapic_timer_period=187707\r", "[    1.206557] smpboot: CPU0: M5 Simulator Fake M5 x86_64 CPU (family: 0xf, model: 0x25, stepping: 0x1)\r", "[    1.207031] Performance Events: no PMU driver, software events only.\r", "[    1.207031] rcu: Hierarchical SRCU implementation.\r", "[    1.207085] smp: Bringing up secondary CPUs ...\r", "[    1.207120] smp: Brought up 1 node, 1 CPU\r", "[    1.207149] smpboot: Max logical packages: 1\r", "[    1.207181] smpboot: Total of 1 processors activated (6006.64 BogoMIPS)\r", "[    1.208818] devtmpfs: initialized\r", "[    1.209408] random: get_random_u32 called from bucket_table_alloc+0xea/0x110 with crng_init=0\r", "[    1.209573] clocksource: jiffies: mask: 0xffffffff max_cycles: 0xffffffff, max_idle_ns: 1911260446275000 ns\r", "[    1.209698] futex hash table entries: 256 (order: 2, 16384 bytes, linear)\r", "[    1.209944] \r", "[    1.209958] *************************************************************\r", "[    1.210005] **     NOTICE NOTICE NOTICE NOTICE NOTICE NOTICE NOTICE    **\r", "[    1.210034] **                                                         **\r", "[    1.210081] **  IOMMU DebugFS SUPPORT HAS BEEN ENABLED IN THIS KERNEL  **\r", "[    1.210128] **                                                         **\r", "[    1.210175] ** This means that this kernel is built to expose internal **\r", "[    1.210222] ** IOMMU data structures, which may compromise security on **\r", "[    1.210269] ** your system.                                            **\r", "[    1.210316] **                                                         **\r", "[    1.210363] ** If you see this message and you are not debugging the   **\r", "[    1.210410] ** kernel, report this immediately to your vendor!         **\r", "[    1.210457] **                                                         **\r", "[    1.210504] **     NOTICE NOTICE NOTICE NOTICE NOTICE NOTICE NOTICE    **\r", "[    1.210551] *************************************************************\r", "[    1.210922] NET: Registered protocol family 16\r", "[    1.211403] audit: initializing netlink subsys (disabled)\r", "[    1.212067] cpuidle: using governor ladder\r", "[    1.212193] PCI: Using configuration type 1 for base access\r", "[    1.219066] audit: type=2000 audit(1325376001.214:1): state=initialized audit_enabled=0 res=1\r", "[    1.232872] HugeTLB registered 2.00 MiB page size, pre-allocated 0 pages\r", "[    1.235558] ACPI: Interpreter disabled.\r", "[    1.235635] iommu: Default domain type: Translated \r", "[    1.235791] vgaarb: loaded\r", "[    1.236108] SCSI subsystem initialized\r", "[    1.236558] pps_core: LinuxPPS API ver. 1 registered\r", "[    1.236594] pps_core: Software ver. 5.3.6 - Copyright 2005-2007 Rodolfo Giometti <giometti@linux.it>\r", "[    1.236669] PTP clock support registered\r", "[    1.236723] PCI: Probing PCI hardware\r", "[    1.236803] PCI host bridge to bus 0000:00\r", "[    1.236839] pci_bus 0000:00: root bus resource [io  0x0000-0xffff]\r", "[    1.236886] pci_bus 0000:00: root bus resource [mem 0x00000000-0xffffffffffff]\r", "[    1.236939] pci_bus 0000:00: No busn resource found for root bus, will use [bus 00-ff]\r", "[    1.237011] pci 0000:00:02.0: [5543:1001] type 00 class 0x020000\r", "[    1.237061] pci 0000:00:02.0: reg 0x10: [mem 0xc0000000-0xc1ffffff]\r", "[    1.237118] pci 0000:00:02.0: reg 0x30: [mem 0x00000000-0x000007ff pref]\r", "[    1.237269] pci 0000:00:04.0: [8086:7111] type 00 class 0x010180\r", "[    1.237325] pci 0000:00:04.0: reg 0x20: [io  0x0000-0x000f]\r", "[    1.237371] pci 0000:00:04.0: reg 0x30: [mem 0x00000000-0x000007ff pref]\r", "[    1.237422] pci 0000:00:04.0: legacy IDE quirk: reg 0x10: [io  0x01f0-0x01f7]\r", "[    1.237474] pci 0000:00:04.0: legacy IDE quirk: reg 0x14: [io  0x03f6]\r", "[    1.237522] pci 0000:00:04.0: legacy IDE quirk: reg 0x18: [io  0x0170-0x0177]\r", "[    1.237574] pci 0000:00:04.0: legacy IDE quirk: reg 0x1c: [io  0x0376]\r", "[    1.237709] pci_bus 0000:00: busn_res: [bus 00-ff] end is updated to 00\r", "[    1.238897] clocksource: Switched to clocksource tsc-early\r", "[    1.270316] VFS: Disk quotas dquot_6.6.0\r", "[    1.270392] VFS: Dquot-cache hash table entries: 512 (order 0, 4096 bytes)\r", "[    1.270543] pnp: PnP ACPI: disabled\r", "[    1.278640] thermal_sys: Registered thermal governor 'step_wise'\r", "[    1.278642] thermal_sys: Registered thermal governor 'user_space'\r", "[    1.278725] pci 0000:00:02.0: BAR 6: assigned [mem 0xc2000000-0xc20007ff pref]\r", "[    1.278832] pci 0000:00:04.0: BAR 6: assigned [mem 0xc2000800-0xc2000fff pref]\r", "[    1.278888] pci 0000:00:04.0: BAR 4: assigned [io  0x1000-0x100f]\r", "[    1.278937] pci_bus 0000:00: resource 4 [io  0x0000-0xffff]\r", "[    1.278979] pci_bus 0000:00: resource 5 [mem 0x00000000-0xffffffffffff]\r", "[    1.279129] NET: Registered protocol family 2\r", "[    1.279505] tcp_listen_portaddr_hash hash table entries: 4096 (order: 4, 65536 bytes, linear)\r", "[    1.279677] TCP established hash table entries: 65536 (order: 7, 524288 bytes, linear)\r", "[    1.281021] TCP bind hash table entries: 65536 (order: 8, 1048576 bytes, linear)\r", "[    1.283230] TCP: Hash tables configured (established 65536 bind 65536)\r", "[    1.283498] UDP hash table entries: 4096 (order: 5, 131072 bytes, linear)\r", "[    1.283842] UDP-Lite hash table entries: 4096 (order: 5, 131072 bytes, linear)\r", "[    1.284319] NET: Registered protocol family 1\r", "[    1.284380] PCI: CLS 0 bytes, default 64\r", "[    1.285262] PCI-DMA: Using software bounce buffering for IO (SWIOTLB)\r", "[    1.285309] software IO TLB: mapped [mem 0xbc000000-0xc0000000] (64MB)\r", "[    1.285468] platform rtc_cmos: registered platform RTC device (no PNP device found)\r", "[    1.287205] workingset: timestamp_bits=52 max_order=21 bucket_order=0\r", "[    1.287899] fuse: init (API version 7.31)\r", "[    1.301017] Block layer SCSI generic (bsg) driver version 0.4 loaded (major 252)\r", "[    1.301070] io scheduler mq-deadline registered\r", "[    1.301103] io scheduler kyber registered\r", "[    1.301282] acpiphp_ibm: ibm_acpiphp_init: acpi_walk_namespace failed\r", "[    1.301632] Serial: 8250/16550 driver, 4 ports, IRQ sharing disabled\r", "[    1.301744] serial8250: ttyS0 at I/O 0x3f8 (irq = 4, base_baud = 115200) is a 8250\r", "[    1.302799] Linux agpgart interface v0.103\r", "[    1.311116] brd: module loaded\r", "[    1.318603] loop: module loaded\r", "[    1.318785] Loading iSCSI transport class v2.0-870.\r", "[    1.320007] ata_piix 0000:00:04.0: enabling device (0000 -> 0001)\r", "[    1.320057] ata_piix 0000:00:04.0: PCI->APIC IRQ transform: INT A -> IRQ 16\r", "[    1.322272] scsi host0: ata_piix\r", "[    1.322601] scsi host1: ata_piix\r", "[    1.322713] ata1: PATA max UDMA/33 cmd 0x1f0 ctl 0x3f6 bmdma 0x1000 irq 14\r", "[    1.322762] ata2: PATA max UDMA/33 cmd 0x170 ctl 0x376 bmdma 0x1008 irq 15\r", "[    1.322998] Ethernet Channel Bonding Driver: v3.7.1 (April 27, 2011)\r", "[    1.326457] tun: Universal TUN/TAP device driver, 1.6\r", "[    1.326959] VFIO - User Level meta-driver version: 0.3\r", "[    1.327850] i8042: PNP: No PS/2 controller found.\r", "[    1.327883] i8042: Probing ports directly.\r", "[    1.328183] serio: i8042 KBD port at 0x60,0x64 irq 1\r", "[    1.328224] serio: i8042 AUX port at 0x60,0x64 irq 12\r", "[    1.328883] mousedev: PS/2 mouse device common for all mice\r", "[    1.329753] NET: Registered protocol family 17\r", "[    1.329800] mce: Unable to init MCE device (rc: -5)\r", "[    1.329922] IPI shorthand broadcast: enabled\r", "[    1.329964] sched_clock: Marking stable (1328240980, 1545452)->(1329510741, 275691)\r", "[    1.332019] input: AT Translated Set 2 keyboard as /devices/platform/i8042/serio0/input/input0\r", "[    1.581021] ata1.00: ATA-7: M5 IDE Disk, , max UDMA/66\r", "[    1.581059] ata1.00: 83886080 sectors, multi 0: LBA \r", "[    1.581106] ata1.01: ATA-7: M5 IDE Disk, , max UDMA/66\r", "[    1.581144] ata1.01: 160 sectors, multi 0: LBA \r", "[    1.581743] scsi 0:0:0:0: Direct-Access     ATA      M5 IDE Disk      n/a  PQ: 0 ANSI: 5\r", "[    1.582031] scsi 0:0:0:0: Attached scsi generic sg0 type 0\r", "[    1.582248] scsi 0:0:1:0: Direct-Access     ATA      M5 IDE Disk      n/a  PQ: 0 ANSI: 5\r", "[    1.582522] scsi 0:0:1:0: Attached scsi generic sg1 type 0\r", "[    1.583075] sd 0:0:0:0: [sda] 83886080 512-byte logical blocks: (42.9 GB/40.0 GiB)\r", "[    1.583153] sd 0:0:0:0: [sda] Write Protect is off\r", "[    1.583239] sd 0:0:0:0: [sda] Write cache: disabled, read cache: enabled, doesn't support DPO or FUA\r", "[    1.583551] sd 0:0:1:0: [sdb] 160 512-byte logical blocks: (81.9 kB/80.0 KiB)\r", "[    1.583619] sd 0:0:1:0: [sdb] Write Protect is off\r", "[    1.583694] sd 0:0:1:0: [sdb] Write cache: disabled, read cache: enabled, doesn't support DPO or FUA\r", "[    1.585387] sd 0:0:1:0: [sdb] Attached SCSI disk\r", "[    1.585520]  sda: sda1\r", "[    1.586125] sd 0:0:0:0: [sda] Attached SCSI disk\r", "[    1.588614] EXT4-fs (sda1): mounted filesystem with ordered data mode. Opts: (null)\r", "[    1.588682] VFS: Mounted root (ext4 filesystem) on device 8:1.\r", "[    1.589739] devtmpfs: mounted\r", "[    1.594233] Freeing unused kernel image memory: 1900K\r", "[    1.594768] Write protecting the kernel read-only data: 12288k\r", "[    1.600463] Freeing unused kernel image memory: 2032K\r", "[    1.600769] Freeing unused kernel image memory: 92K\r", "[    1.600807] rodata_test: all tests were successful\r", "[    1.600844] Run /home/ubuntu/guestinit.sh as init process\r", "[    1.608027] random: fast init done\r", "+ export HOME=/root\r", "+ export LANG=en_US\r", "+ export PATH=/usr/local/sbin:/usr/local/bin:/usr/sbin:/usr/bin:/sbin:/bin:/usr/games:/usr/local/games\r", "+ m5 checkpoint\r", "Writing checkpoint", "+ insmod /tmp/guest/mqnic.ko\r", "[    1.647963] mqnic: loading out-of-tree module taints kernel.\r", "[    1.649223] mqnic 0000:00:02.0: mqnic probe\r", "[    1.649292] mqnic 0000:00:02.0: enabling device (0000 -> 0002)\r", "[    1.649339] mqnic 0000:00:02.0: PCI->APIC IRQ transform: INT A -> IRQ 17\r", "[    1.649399] mqnic 0000:00:02.0: FW ID: 0x00000020\r", "[    1.649436] mqnic 0000:00:02.0: FW version: 0.1\r", "[    1.649472] mqnic 0000:00:02.0: Board ID: 0x43215678\r", "[    1.649511] mqnic 0000:00:02.0: Board version: 0.1\r", "[    1.649548] mqnic 0000:00:02.0: PHC count: 1\r", "[    1.649582] mqnic 0000:00:02.0: PHC offset: 0x00000200\r", "[    1.649622] mqnic 0000:00:02.0: IF count: 1\r", "[    1.649656] mqnic 0000:00:02.0: IF stride: 0x00080000\r", "[    1.649695] mqnic 0000:00:02.0: IF CSR offset: 0x00080000\r", "[    1.649803] mqnic 0000:00:02.0: Failed to read MAC from EEPROM; no EEPROM I2C client registered\r", "[    1.649988] mqnic 0000:00:02.0: registered PHC (index 0)\r", "[    1.650029] mqnic 0000:00:02.0: Creating interface 0\r", "[    1.664282] mqnic 0000:00:02.0: IF ID: 0x00000000\r", "[    1.664320] mqnic 0000:00:02.0: IF features: 0x00000000\r", "[    1.664361] mqnic 0000:00:02.0: Event queue count: 1\r", "[    1.664400] mqnic 0000:00:02.0: Event queue offset: 0x00100000\r", "[    1.664444] mqnic 0000:00:02.0: TX queue count: 1\r", "[    1.664481] mqnic 0000:00:02.0: TX queue offset: 0x00200000\r", "[    1.664523] mqnic 0000:00:02.0: TX completion queue count: 1\r", "[    1.664566] mqnic 0000:00:02.0: TX completion queue offset: 0x00400000\r", "[    1.664615] mqnic 0000:00:02.0: RX queue count: 1\r", "[    1.664652] mqnic 0000:00:02.0: RX queue offset: 0x00600000\r", "[    1.664694] mqnic 0000:00:02.0: RX completion queue count: 1\r", "[    1.664738] mqnic 0000:00:02.0: RX completion queue offset: 0x00700000\r", "[    1.664790] mqnic 0000:00:02.0: Port count: 1\r", "[    1.664825] mqnic 0000:00:02.0: Port offset: 0x00800000\r", "[    1.664865] mqnic 0000:00:02.0: Port stride: 0x00200000\r", "[    1.664905] mqnic 0000:00:02.0: Bad MAC in EEPROM; using random MAC\r", "[    1.664954] mqnic 0000:00:02.0: Max desc block size: 1\r", "[    1.665810] mqnic 0000:00:02.0: Port ID: 0x00000000\r", "[    1.665848] mqnic 0000:00:02.0: Port features: 0x00000000\r", "[    1.665890] mqnic 0000:00:02.0: Port MTU: 2048\r", "[    1.665925] mqnic 0000:00:02.0: Scheduler count: 1\r", "[    1.665962] mqnic 0000:00:02.0: Scheduler offset: 0x00100000\r", "[    1.666006] mqnic 0000:00:02.0: Scheduler stride: 0x00100000\r", "[    1.666049] mqnic 0000:00:02.0: Scheduler type: 0x00000000\r", "+ ip link set dev eth0 up\r", "[    1.677136] mqnic 0000:00:02.0: mqnic_open on port 0\r", "+ ip addr add 10.0.0.1/24 dev eth0\r", "+ /root/nopaxos/bench/replica -c /root/nopaxos.config -i 0 -m nopaxos\r", "[    2.318150] clocksource: tsc: mask: 0xffffffffffffffff max_cycles: 0x2b4a85d6902, max_idle_ns: 440795286792 ns\r", "[    2.318240] clocksource: Switched to clocksource tsc\r", "20120001-000002-3322 00647 * BindToPort      (udptransport.cc:193): Binding to 10.0.0.1:12345\r", "20120001-000002-3348 00647 * Register        (udptransport.cc:396): Listening on UDP port 12345\r", "20120001-000002-3351 00647 * BindToPort      (udptransport.cc:193): Binding to 10.0.0.255:12345\r", "20120001-000002-3353 00647 * ListenOnMulticastPort (udptransport.cc:315): Listening for multicast requests on 10.0.0.255:12345\r", "[    2.739912] random: crng init done\r"], "stderr": ["warn: CheckedInt already exists in allParams. This may be caused by the Python 2.7 compatibility layer.", "warn: Enum already exists in allParams. This may be caused by the Python 2.7 compatibility layer.", "warn: ScopedEnum already exists in allParams. This may be caused by the Python 2.7 compatibility layer.", "warn: Physical memory size specified is 8192MB which is greater than 3GB.  Twice the number of memory controllers would be created.", "warn: No dot file generated. Please install pydot to generate the dot file and pdf.", "warn: DRAM device capacity (32768 Mbytes) does not match the address range assigned (4096 Mbytes)", "warn: DRAM device capacity (32768 Mbytes) does not match the address range assigned (8192 Mbytes)", "info: kernel located at: /home/hejingli/endhostsim-code/images/vmlinux", "system.pc.com_1.device: Listening for connections on port 3458", "warn: pollInterval=100000000  pciAsync=500000", "0: system.remote_gdb: listening for remote gdb on port 7002", "warn: Reading current count from inactive timer.", "warn: TimingPioPort::getAddrRanges()", "info: Entering event queue @ 0.  Starting simulation...", "warn: x86 cpuid family 0x0000: unimplemented function 6", "warn: x86 cpuid family 0x0000: unimplemented function 6", "warn: x86 cpuid family 0x0000: unimplemented function 6", "warn: instruction 'fninit' unimplemented", "warn: Don't know what interrupt to clear for console.", "warn: instruction 'sgdt_Ms' unimplemented", "warn: x86 cpuid family 0x0000: unimplemented function 6", "warn: x86 cpuid family 0x0000: unimplemented function 6", "warn: x86 cpuid family 0x0000: unimplemented function 6", "warn: x86 cpuid: unknown family 0x4000", "warn: instruction 'fwait' unimplemented", "warn: TimingPioPort::getAddrRanges()", "warn: Write to unknown i8042 (keyboard controller) command port.", "warn: Tried to clear PCI interrupt 14", "warn: instruction 'verw_Mw_or_Rv' unimplemented", "info: Entering event queue @ 1649960171883.  Starting simulation...", "info: Entering event queue @ 1649975576960.  Starting simulation...", "warn: x86 cpuid family 0x0000: unimplemented function 4", "warn: instruction 'fcomi' unimplemented", "warn: MOVNTDQ: Ignoring non-temporal hint, modeling as cacheable!"]}, "host.replica.1": {"class": "Gem5Host", "cmd": ["/home/hejingli/endhostsim-code/gem5/build/X86/gem5.opt", "--outdir=/home/hejingli/endhostsim-code/experiments/out/nopaxos-gt-cb-ehseq-2/1/gem5-out.replica.1", "/home/hejingli/endhostsim-code/gem5/configs/cosim/cosim.py", "--caches", "--l2cache", "--l3cache", "--l1d_size=32kB", "--l1i_size=32kB", "--l2_size=2MB", "--l3_size=32MB", "--cacheline_size=64", "--cpu-clock=3GHz", "--sys-clock=1GHz", "--checkpoint-dir=/home/hejingli/endhostsim-code/experiments/out/nopaxos-gt-cb-ehseq-2/0/gem5-cp.replica.1", "--kernel=/home/hejingli/endhostsim-code/images/vmlinux", "--disk-image=/home/hejingli/endhostsim-code/images/output-nopaxos/nopaxos.raw", "--disk-image=/home/hejingli/endhostsim-code/experiments/out/nopaxos-gt-cb-ehseq-2/1/cfg.replica.1.tar", "--cpu-type=TimingSimpleCPU", "--mem-size=8192MB", "--num-cpus=1", "--ddio-enabled", "--ddio-way-part=8", "--mem-type=DDR4_2400_16x4", "--cosim-pci=/home/hejingli/endhostsim-code/experiments/out/nopaxos-gt-cb-ehseq-2/1/nic.pci.replica.1.", "--cosim-shm=/home/hejingli/endhostsim-code/experiments/out/nopaxos-gt-cb-ehseq-2/1/nic.shm.replica.1.", "--cosim-sync", "--cosim-sync_mode=0", "--cosim-pci-lat=500", "--cosim-sync-int=500"], "stdout": ["gem5 Simulator System.  http://gem5.org", "gem5 is copyrighted software; use the --copyright option for details.", "", "gem5 version 20.0.0.1", "gem5 compiled Dec  3 2020 17:56:02", "gem5 started Dec  6 2020 11:05:20", "gem5 executing on brain21, pid 17076", "command line: /home/hejingli/endhostsim-code/gem5/build/X86/gem5.opt --outdir=/home/hejingli/endhostsim-code/experiments/out/nopaxos-gt-cb-ehseq-2/1/gem5-out.replica.1 /home/hejingli/endhostsim-code/gem5/configs/cosim/cosim.py --caches --l2cache --l3cache --l1d_size=32kB --l1i_size=32kB --l2_size=2MB --l3_size=32MB --cacheline_size=64 --cpu-clock=3GHz --sys-clock=1GHz --checkpoint-dir=/home/hejingli/endhostsim-code/experiments/out/nopaxos-gt-cb-ehseq-2/0/gem5-cp.replica.1 --kernel=/home/hejingli/endhostsim-code/images/vmlinux --disk-image=/home/hejingli/endhostsim-code/images/output-nopaxos/nopaxos.raw --disk-image=/home/hejingli/endhostsim-code/experiments/out/nopaxos-gt-cb-ehseq-2/1/cfg.replica.1.tar --cpu-type=TimingSimpleCPU --mem-size=8192MB --num-cpus=1 --ddio-enabled --ddio-way-part=8 --mem-type=DDR4_2400_16x4 --cosim-pci=/home/hejingli/endhostsim-code/experiments/out/nopaxos-gt-cb-ehseq-2/1/nic.pci.replica.1. --cosim-shm=/home/hejingli/endhostsim-code/experiments/out/nopaxos-gt-cb-ehseq-2/1/nic.shm.replica.1. --cosim-sync --cosim-sync_mode=0 --cosim-pci-lat=500 --cosim-sync-int=500", "", "Global frequency set at 1000000000000 ticks per second", "      0: system.pc.south_bridge.cmos.rtc: Real-time clock set to Sun Jan  1 00:00:00 2012", "**** REAL SIMULATION ****", "[    0.000000] Linux version 5.4.46 (hejingli@brain21) (gcc version 8.3.0 (Debian 8.3.0-6)) #1 SMP Wed Dec 2 12:19:40 CET 2020\r", "[    0.000000] Command line: earlyprintk=ttyS0 console=ttyS0 root=/dev/sda1 no_timer_check memory_corruption_check=0 random.trust_cpu=on init=/home/ubuntu/guestinit.sh\r", "[    0.000000] CPU: vendor_id 'M5 Simulator' unknown, using generic init.\r", "[    0.000000] CPU: Your system may be unstable.\r", "[    0.000000] x86/fpu: x87 FPU will use FXSAVE\r", "[    0.000000] BIOS-provided physical RAM map:\r", "[    0.000000] BIOS-e820: [mem 0x0000000000000000-0x000000000009fbff] usable\r", "[    0.000000] BIOS-e820: [mem 0x000000000009fc00-0x00000000000fffff] reserved\r", "[    0.000000] BIOS-e820: [mem 0x0000000000100000-0x00000000bfffffff] usable\r", "[    0.000000] BIOS-e820: [mem 0x00000000ffff0000-0x00000000ffffffff] reserved\r", "[    0.000000] BIOS-e820: [mem 0x0000000100000000-0x000000023fffffff] usable\r", "[    0.000000] printk: bootconsole [earlyser0] enabled\r", "[    0.000000] NX (Execute Disable) protection: active\r", "[    0.000000] SMBIOS 2.5 present.\r", "[    0.000000] DMI:  , BIOS  06/08/2008\r", "[    0.000000] tsc: Fast TSC calibration using PIT\r", "[    0.000000] tsc: calibrated TSC: tsc_freq=3003320\r", "[    0.000000] tsc: Detected 3003.320 MHz processor\r", "[    0.000036] last_pfn = 0x240000 max_arch_pfn = 0x400000000\r", "[    0.000095] Disabled\r", "[    0.000112] x86/PAT: MTRRs disabled, skipping PAT initialization too.\r", "[    0.000163] CPU MTRRs all blank - virtualized system.\r", "[    0.000198] x86/PAT: Configuration [0-7]: WB  WT  UC- UC  WB  WT  UC- UC  \r", "[    0.000243] last_pfn = 0xc0000 max_arch_pfn = 0x400000000\r", "[    0.000330] found SMP MP-table at [mem 0x000f0050-0x000f005f]\r", "[    0.001817] ACPI: Early table checksum verification disabled\r", "[    0.002183] ACPI BIOS Error (bug): A valid RSDP was not found (20190816/tbxfroot-210)\r", "[    0.002882] No NUMA configuration found\r", "[    0.002909] Faking a node at [mem 0x0000000000000000-0x000000023fffffff]\r", "[    0.003002] NODE_DATA(0) allocated [mem 0x23ffda000-0x23fffbfff]\r", "[    0.008931] Zone ranges:\r", "[    0.008950]   DMA      [mem 0x0000000000001000-0x0000000000ffffff]\r", "[    0.008991]   DMA32    [mem 0x0000000001000000-0x00000000ffffffff]\r", "[    0.009033]   Normal   [mem 0x0000000100000000-0x000000023fffffff]\r", "[    0.009075] Movable zone start for each node\r", "[    0.009113] Early memory node ranges\r", "[    0.009139]   node   0: [mem 0x0000000000001000-0x000000000009efff]\r", "[    0.009181]   node   0: [mem 0x0000000000100000-0x00000000bfffffff]\r", "[    0.009224]   node   0: [mem 0x0000000100000000-0x000000023fffffff]\r", "[    0.009301] Zeroed struct page in unavailable ranges: 98 pages\r", "[    0.009305] Initmem setup node 0 [mem 0x0000000000001000-0x000000023fffffff]\r", "[    0.374666] Intel MultiProcessor Specification v1.4\r", "[    0.374703] MPTABLE: OEM ID: \r", "[    0.374724] MPTABLE: Product ID: \r", "[    0.374747] MPTABLE: APIC at: 0xFEE00000\r", "[    0.374775] Processor #0 (Bootup-CPU)\r", "[    0.374809] IOAPIC[0]: apic_id 1, version 20, address 0xfec00000, GSI 0-23\r", "[    0.374874] Processors: 1\r", "[    0.374894] smpboot: Allowing 1 CPUs, 0 hotplug CPUs\r", "[    0.374953] [mem 0xc0000000-0xfffeffff] available for PCI devices\r", "[    0.374993] Booting paravirtualized kernel on bare hardware\r", "[    0.375036] clocksource: refined-jiffies: mask: 0xffffffff max_cycles: 0xffffffff, max_idle_ns: 1910969940391419 ns\r", "[    0.593774] setup_percpu: NR_CPUS:8192 nr_cpumask_bits:1 nr_cpu_ids:1 nr_node_ids:1\r", "[    0.598371] percpu: Embedded 49 pages/cpu s159768 r8192 d32744 u2097152\r", "[    0.598532] Built 1 zonelists, mobility grouping on.  Total pages: 2068361\r", "[    0.598576] Policy zone: Normal\r", "[    0.598602] Kernel command line: earlyprintk=ttyS0 console=ttyS0 root=/dev/sda1 no_timer_check memory_corruption_check=0 random.trust_cpu=on init=/home/ubuntu/guestinit.sh\r", "[    0.614893] Dentry cache hash table entries: 1048576 (order: 11, 8388608 bytes, linear)\r", "[    0.622969] Inode-cache hash table entries: 524288 (order: 10, 4194304 bytes, linear)\r", "[    0.623082] mem auto-init: stack:off, heap alloc:off, heap free:off\r", "[    0.992764] Memory: 8176384K/8388216K available (8194K kernel code, 1285K rwdata, 1956K rodata, 1900K init, 1304K bss, 211832K reserved, 0K cma-reserved)\r", "[    0.994009] rcu: Hierarchical RCU implementation.\r", "[    0.994041] rcu: \tRCU restricting CPUs from NR_CPUS=8192 to nr_cpu_ids=1.\r", "[    0.994086] rcu: RCU calculated value of scheduler-enlistment delay is 100 jiffies.\r", "[    0.994136] rcu: Adjusting geometry for rcu_fanout_leaf=16, nr_cpu_ids=1\r", "[    0.994813] NR_IRQS: 524544, nr_irqs: 256, preallocated irqs: 16\r", "[    0.995986] Console: colour dummy device 80x25\r", "[    0.996031] printk: console [ttyS0] enabled\r", "[    0.996031] printk: console [ttyS0] enabled\r", "[    0.996088] printk: bootconsole [earlyser0] disabled\r", "[    0.996088] printk: bootconsole [earlyser0] disabled\r", "[    0.996203] APIC: Switch to symmetric I/O mode setup\r", "[    0.996908] ..TIMER: vector=0x30 apic1=0 pin1=2 apic2=0 pin2=0\r", "[    0.996958] clocksource: tsc-early: mask: 0xffffffffffffffff max_cycles: 0x2b4a85d6902, max_idle_ns: 440795286792 ns\r", "[    0.997033] Calibrating delay loop (skipped), value calculated using timer frequency.. 6006.64 BogoMIPS (lpj=3003320)\r", "[    0.997108] pid_max: default: 32768 minimum: 301\r", "[    0.998707] Mount-cache hash table entries: 16384 (order: 5, 131072 bytes, linear)\r", "[    0.998959] Mountpoint-cache hash table entries: 16384 (order: 5, 131072 bytes, linear)\r", "[    0.999602] mce: unknown CPU type - not enabling MCE support\r", "[    0.999644] Last level iTLB entries: 4KB 0, 2MB 0, 4MB 0\r", "[    0.999683] Last level dTLB entries: 4KB 0, 2MB 0, 4MB 0, 1GB 0\r", "[    0.999727] Spectre V1 : Mitigation: usercopy/swapgs barriers and __user pointer sanitization\r", "[    0.999789] Spectre V2 : Spectre mitigation: kernel not compiled with retpoline; no mitigation available!\r", "[    0.999792] Speculative Store Bypass: Vulnerable\r", "[    0.999889] MDS: Vulnerable: Clear CPU buffers attempted, no microcode\r", "[    1.002052] Freeing SMP alternatives memory: 12K\r", "[    1.206518]  calibrated lapic_timer_period=187707\r", "[    1.206557] smpboot: CPU0: M5 Simulator Fake M5 x86_64 CPU (family: 0xf, model: 0x25, stepping: 0x1)\r", "[    1.207031] Performance Events: no PMU driver, software events only.\r", "[    1.207031] rcu: Hierarchical SRCU implementation.\r", "[    1.207085] smp: Bringing up secondary CPUs ...\r", "[    1.207120] smp: Brought up 1 node, 1 CPU\r", "[    1.207149] smpboot: Max logical packages: 1\r", "[    1.207181] smpboot: Total of 1 processors activated (6006.64 BogoMIPS)\r", "[    1.208818] devtmpfs: initialized\r", "[    1.209408] random: get_random_u32 called from bucket_table_alloc+0xea/0x110 with crng_init=0\r", "[    1.209573] clocksource: jiffies: mask: 0xffffffff max_cycles: 0xffffffff, max_idle_ns: 1911260446275000 ns\r", "[    1.209698] futex hash table entries: 256 (order: 2, 16384 bytes, linear)\r", "[    1.209944] \r", "[    1.209958] *************************************************************\r", "[    1.210005] **     NOTICE NOTICE NOTICE NOTICE NOTICE NOTICE NOTICE    **\r", "[    1.210034] **                                                         **\r", "[    1.210081] **  IOMMU DebugFS SUPPORT HAS BEEN ENABLED IN THIS KERNEL  **\r", "[    1.210128] **                                                         **\r", "[    1.210175] ** This means that this kernel is built to expose internal **\r", "[    1.210222] ** IOMMU data structures, which may compromise security on **\r", "[    1.210269] ** your system.                                            **\r", "[    1.210316] **                                                         **\r", "[    1.210363] ** If you see this message and you are not debugging the   **\r", "[    1.210410] ** kernel, report this immediately to your vendor!         **\r", "[    1.210457] **                                                         **\r", "[    1.210504] **     NOTICE NOTICE NOTICE NOTICE NOTICE NOTICE NOTICE    **\r", "[    1.210551] *************************************************************\r", "[    1.210922] NET: Registered protocol family 16\r", "[    1.211403] audit: initializing netlink subsys (disabled)\r", "[    1.212067] cpuidle: using governor ladder\r", "[    1.212193] PCI: Using configuration type 1 for base access\r", "[    1.219066] audit: type=2000 audit(1325376001.214:1): state=initialized audit_enabled=0 res=1\r", "[    1.232872] HugeTLB registered 2.00 MiB page size, pre-allocated 0 pages\r", "[    1.235558] ACPI: Interpreter disabled.\r", "[    1.235635] iommu: Default domain type: Translated \r", "[    1.235791] vgaarb: loaded\r", "[    1.236108] SCSI subsystem initialized\r", "[    1.236558] pps_core: LinuxPPS API ver. 1 registered\r", "[    1.236594] pps_core: Software ver. 5.3.6 - Copyright 2005-2007 Rodolfo Giometti <giometti@linux.it>\r", "[    1.236669] PTP clock support registered\r", "[    1.236723] PCI: Probing PCI hardware\r", "[    1.236803] PCI host bridge to bus 0000:00\r", "[    1.236839] pci_bus 0000:00: root bus resource [io  0x0000-0xffff]\r", "[    1.236886] pci_bus 0000:00: root bus resource [mem 0x00000000-0xffffffffffff]\r", "[    1.236939] pci_bus 0000:00: No busn resource found for root bus, will use [bus 00-ff]\r", "[    1.237011] pci 0000:00:02.0: [5543:1001] type 00 class 0x020000\r", "[    1.237061] pci 0000:00:02.0: reg 0x10: [mem 0xc0000000-0xc1ffffff]\r", "[    1.237118] pci 0000:00:02.0: reg 0x30: [mem 0x00000000-0x000007ff pref]\r", "[    1.237269] pci 0000:00:04.0: [8086:7111] type 00 class 0x010180\r", "[    1.237325] pci 0000:00:04.0: reg 0x20: [io  0x0000-0x000f]\r", "[    1.237371] pci 0000:00:04.0: reg 0x30: [mem 0x00000000-0x000007ff pref]\r", "[    1.237422] pci 0000:00:04.0: legacy IDE quirk: reg 0x10: [io  0x01f0-0x01f7]\r", "[    1.237474] pci 0000:00:04.0: legacy IDE quirk: reg 0x14: [io  0x03f6]\r", "[    1.237522] pci 0000:00:04.0: legacy IDE quirk: reg 0x18: [io  0x0170-0x0177]\r", "[    1.237574] pci 0000:00:04.0: legacy IDE quirk: reg 0x1c: [io  0x0376]\r", "[    1.237709] pci_bus 0000:00: busn_res: [bus 00-ff] end is updated to 00\r", "[    1.238897] clocksource: Switched to clocksource tsc-early\r", "[    1.270316] VFS: Disk quotas dquot_6.6.0\r", "[    1.270392] VFS: Dquot-cache hash table entries: 512 (order 0, 4096 bytes)\r", "[    1.270543] pnp: PnP ACPI: disabled\r", "[    1.278640] thermal_sys: Registered thermal governor 'step_wise'\r", "[    1.278642] thermal_sys: Registered thermal governor 'user_space'\r", "[    1.278725] pci 0000:00:02.0: BAR 6: assigned [mem 0xc2000000-0xc20007ff pref]\r", "[    1.278832] pci 0000:00:04.0: BAR 6: assigned [mem 0xc2000800-0xc2000fff pref]\r", "[    1.278888] pci 0000:00:04.0: BAR 4: assigned [io  0x1000-0x100f]\r", "[    1.278937] pci_bus 0000:00: resource 4 [io  0x0000-0xffff]\r", "[    1.278979] pci_bus 0000:00: resource 5 [mem 0x00000000-0xffffffffffff]\r", "[    1.279129] NET: Registered protocol family 2\r", "[    1.279505] tcp_listen_portaddr_hash hash table entries: 4096 (order: 4, 65536 bytes, linear)\r", "[    1.279677] TCP established hash table entries: 65536 (order: 7, 524288 bytes, linear)\r", "[    1.281021] TCP bind hash table entries: 65536 (order: 8, 1048576 bytes, linear)\r", "[    1.283230] TCP: Hash tables configured (established 65536 bind 65536)\r", "[    1.283498] UDP hash table entries: 4096 (order: 5, 131072 bytes, linear)\r", "[    1.283842] UDP-Lite hash table entries: 4096 (order: 5, 131072 bytes, linear)\r", "[    1.284319] NET: Registered protocol family 1\r", "[    1.284380] PCI: CLS 0 bytes, default 64\r", "[    1.285262] PCI-DMA: Using software bounce buffering for IO (SWIOTLB)\r", "[    1.285309] software IO TLB: mapped [mem 0xbc000000-0xc0000000] (64MB)\r", "[    1.285468] platform rtc_cmos: registered platform RTC device (no PNP device found)\r", "[    1.287205] workingset: timestamp_bits=52 max_order=21 bucket_order=0\r", "[    1.287899] fuse: init (API version 7.31)\r", "[    1.301017] Block layer SCSI generic (bsg) driver version 0.4 loaded (major 252)\r", "[    1.301070] io scheduler mq-deadline registered\r", "[    1.301103] io scheduler kyber registered\r", "[    1.301282] acpiphp_ibm: ibm_acpiphp_init: acpi_walk_namespace failed\r", "[    1.301632] Serial: 8250/16550 driver, 4 ports, IRQ sharing disabled\r", "[    1.301744] serial8250: ttyS0 at I/O 0x3f8 (irq = 4, base_baud = 115200) is a 8250\r", "[    1.302799] Linux agpgart interface v0.103\r", "[    1.311116] brd: module loaded\r", "[    1.318603] loop: module loaded\r", "[    1.318785] Loading iSCSI transport class v2.0-870.\r", "[    1.320007] ata_piix 0000:00:04.0: enabling device (0000 -> 0001)\r", "[    1.320057] ata_piix 0000:00:04.0: PCI->APIC IRQ transform: INT A -> IRQ 16\r", "[    1.322272] scsi host0: ata_piix\r", "[    1.322601] scsi host1: ata_piix\r", "[    1.322713] ata1: PATA max UDMA/33 cmd 0x1f0 ctl 0x3f6 bmdma 0x1000 irq 14\r", "[    1.322762] ata2: PATA max UDMA/33 cmd 0x170 ctl 0x376 bmdma 0x1008 irq 15\r", "[    1.322998] Ethernet Channel Bonding Driver: v3.7.1 (April 27, 2011)\r", "[    1.326457] tun: Universal TUN/TAP device driver, 1.6\r", "[    1.326959] VFIO - User Level meta-driver version: 0.3\r", "[    1.327850] i8042: PNP: No PS/2 controller found.\r", "[    1.327883] i8042: Probing ports directly.\r", "[    1.328183] serio: i8042 KBD port at 0x60,0x64 irq 1\r", "[    1.328224] serio: i8042 AUX port at 0x60,0x64 irq 12\r", "[    1.328883] mousedev: PS/2 mouse device common for all mice\r", "[    1.329753] NET: Registered protocol family 17\r", "[    1.329800] mce: Unable to init MCE device (rc: -5)\r", "[    1.329922] IPI shorthand broadcast: enabled\r", "[    1.329964] sched_clock: Marking stable (1328240980, 1545452)->(1329510741, 275691)\r", "[    1.332019] input: AT Translated Set 2 keyboard as /devices/platform/i8042/serio0/input/input0\r", "[    1.581021] ata1.00: ATA-7: M5 IDE Disk, , max UDMA/66\r", "[    1.581059] ata1.00: 83886080 sectors, multi 0: LBA \r", "[    1.581106] ata1.01: ATA-7: M5 IDE Disk, , max UDMA/66\r", "[    1.581144] ata1.01: 160 sectors, multi 0: LBA \r", "[    1.581743] scsi 0:0:0:0: Direct-Access     ATA      M5 IDE Disk      n/a  PQ: 0 ANSI: 5\r", "[    1.582031] scsi 0:0:0:0: Attached scsi generic sg0 type 0\r", "[    1.582248] scsi 0:0:1:0: Direct-Access     ATA      M5 IDE Disk      n/a  PQ: 0 ANSI: 5\r", "[    1.582522] scsi 0:0:1:0: Attached scsi generic sg1 type 0\r", "[    1.583075] sd 0:0:0:0: [sda] 83886080 512-byte logical blocks: (42.9 GB/40.0 GiB)\r", "[    1.583153] sd 0:0:0:0: [sda] Write Protect is off\r", "[    1.583239] sd 0:0:0:0: [sda] Write cache: disabled, read cache: enabled, doesn't support DPO or FUA\r", "[    1.583551] sd 0:0:1:0: [sdb] 160 512-byte logical blocks: (81.9 kB/80.0 KiB)\r", "[    1.583619] sd 0:0:1:0: [sdb] Write Protect is off\r", "[    1.583694] sd 0:0:1:0: [sdb] Write cache: disabled, read cache: enabled, doesn't support DPO or FUA\r", "[    1.585387] sd 0:0:1:0: [sdb] Attached SCSI disk\r", "[    1.585520]  sda: sda1\r", "[    1.586125] sd 0:0:0:0: [sda] Attached SCSI disk\r", "[    1.588614] EXT4-fs (sda1): mounted filesystem with ordered data mode. Opts: (null)\r", "[    1.588682] VFS: Mounted root (ext4 filesystem) on device 8:1.\r", "[    1.589739] devtmpfs: mounted\r", "[    1.594233] Freeing unused kernel image memory: 1900K\r", "[    1.594768] Write protecting the kernel read-only data: 12288k\r", "[    1.600463] Freeing unused kernel image memory: 2032K\r", "[    1.600769] Freeing unused kernel image memory: 92K\r", "[    1.600807] rodata_test: all tests were successful\r", "[    1.600844] Run /home/ubuntu/guestinit.sh as init process\r", "[    1.608027] random: fast init done\r", "+ export HOME=/root\r", "+ export LANG=en_US\r", "+ export PATH=/usr/local/sbin:/usr/local/bin:/usr/sbin:/usr/bin:/sbin:/bin:/usr/games:/usr/local/games\r", "+ m5 checkpoint\r", "Writing checkpoint", "+ insmod /tmp/guest/mqnic.ko\r", "[    1.647963] mqnic: loading out-of-tree module taints kernel.\r", "[    1.649223] mqnic 0000:00:02.0: mqnic probe\r", "[    1.649292] mqnic 0000:00:02.0: enabling device (0000 -> 0002)\r", "[    1.649339] mqnic 0000:00:02.0: PCI->APIC IRQ transform: INT A -> IRQ 17\r", "[    1.649399] mqnic 0000:00:02.0: FW ID: 0x00000020\r", "[    1.649436] mqnic 0000:00:02.0: FW version: 0.1\r", "[    1.649472] mqnic 0000:00:02.0: Board ID: 0x43215678\r", "[    1.649511] mqnic 0000:00:02.0: Board version: 0.1\r", "[    1.649548] mqnic 0000:00:02.0: PHC count: 1\r", "[    1.649582] mqnic 0000:00:02.0: PHC offset: 0x00000200\r", "[    1.649622] mqnic 0000:00:02.0: IF count: 1\r", "[    1.649656] mqnic 0000:00:02.0: IF stride: 0x00080000\r", "[    1.649695] mqnic 0000:00:02.0: IF CSR offset: 0x00080000\r", "[    1.649803] mqnic 0000:00:02.0: Failed to read MAC from EEPROM; no EEPROM I2C client registered\r", "[    1.649988] mqnic 0000:00:02.0: registered PHC (index 0)\r", "[    1.650029] mqnic 0000:00:02.0: Creating interface 0\r", "[    1.664282] mqnic 0000:00:02.0: IF ID: 0x00000000\r", "[    1.664320] mqnic 0000:00:02.0: IF features: 0x00000000\r", "[    1.664361] mqnic 0000:00:02.0: Event queue count: 1\r", "[    1.664400] mqnic 0000:00:02.0: Event queue offset: 0x00100000\r", "[    1.664444] mqnic 0000:00:02.0: TX queue count: 1\r", "[    1.664481] mqnic 0000:00:02.0: TX queue offset: 0x00200000\r", "[    1.664523] mqnic 0000:00:02.0: TX completion queue count: 1\r", "[    1.664566] mqnic 0000:00:02.0: TX completion queue offset: 0x00400000\r", "[    1.664615] mqnic 0000:00:02.0: RX queue count: 1\r", "[    1.664652] mqnic 0000:00:02.0: RX queue offset: 0x00600000\r", "[    1.664694] mqnic 0000:00:02.0: RX completion queue count: 1\r", "[    1.664738] mqnic 0000:00:02.0: RX completion queue offset: 0x00700000\r", "[    1.664790] mqnic 0000:00:02.0: Port count: 1\r", "[    1.664825] mqnic 0000:00:02.0: Port offset: 0x00800000\r", "[    1.664865] mqnic 0000:00:02.0: Port stride: 0x00200000\r", "[    1.664905] mqnic 0000:00:02.0: Bad MAC in EEPROM; using random MAC\r", "[    1.664954] mqnic 0000:00:02.0: Max desc block size: 1\r", "[    1.665810] mqnic 0000:00:02.0: Port ID: 0x00000000\r", "[    1.665848] mqnic 0000:00:02.0: Port features: 0x00000000\r", "[    1.665890] mqnic 0000:00:02.0: Port MTU: 2048\r", "[    1.665925] mqnic 0000:00:02.0: Scheduler count: 1\r", "[    1.665962] mqnic 0000:00:02.0: Scheduler offset: 0x00100000\r", "[    1.666006] mqnic 0000:00:02.0: Scheduler stride: 0x00100000\r", "[    1.666049] mqnic 0000:00:02.0: Scheduler type: 0x00000000\r", "+ ip link set dev eth0 up\r", "[    1.677136] mqnic 0000:00:02.0: mqnic_open on port 0\r", "+ ip addr add 10.0.0.2/24 dev eth0\r", "+ /root/nopaxos/bench/replica -c /root/nopaxos.config -i 1 -m nopaxos\r", "[    2.318123] clocksource: tsc: mask: 0xffffffffffffffff max_cycles: 0x2b4a85d6902, max_idle_ns: 440795286792 ns\r", "[    2.318213] clocksource: Switched to clocksource tsc\r", "20120001-000002-3322 00647 * BindToPort      (udptransport.cc:193): Binding to 10.0.0.2:12345\r", "20120001-000002-3348 00647 * Register        (udptransport.cc:396): Listening on UDP port 12345\r", "20120001-000002-3350 00647 * BindToPort      (udptransport.cc:193): Binding to 10.0.0.255:12345\r", "20120001-000002-3352 00647 * ListenOnMulticastPort (udptransport.cc:315): Listening for multicast requests on 10.0.0.255:12345\r", "[    2.714412] random: crng init done\r"], "stderr": ["warn: CheckedInt already exists in allParams. This may be caused by the Python 2.7 compatibility layer.", "warn: Enum already exists in allParams. This may be caused by the Python 2.7 compatibility layer.", "warn: ScopedEnum already exists in allParams. This may be caused by the Python 2.7 compatibility layer.", "warn: Physical memory size specified is 8192MB which is greater than 3GB.  Twice the number of memory controllers would be created.", "warn: No dot file generated. Please install pydot to generate the dot file and pdf.", "warn: DRAM device capacity (32768 Mbytes) does not match the address range assigned (4096 Mbytes)", "warn: DRAM device capacity (32768 Mbytes) does not match the address range assigned (8192 Mbytes)", "info: kernel located at: /home/hejingli/endhostsim-code/images/vmlinux", "system.pc.com_1.device: Listening for connections on port 3460", "warn: pollInterval=100000000  pciAsync=500000", "0: system.remote_gdb: listening for remote gdb on port 7004", "warn: Reading current count from inactive timer.", "warn: TimingPioPort::getAddrRanges()", "info: Entering event queue @ 0.  Starting simulation...", "warn: x86 cpuid family 0x0000: unimplemented function 6", "warn: x86 cpuid family 0x0000: unimplemented function 6", "warn: x86 cpuid family 0x0000: unimplemented function 6", "warn: instruction 'fninit' unimplemented", "warn: Don't know what interrupt to clear for console.", "warn: instruction 'sgdt_Ms' unimplemented", "warn: x86 cpuid family 0x0000: unimplemented function 6", "warn: x86 cpuid family 0x0000: unimplemented function 6", "warn: x86 cpuid family 0x0000: unimplemented function 6", "warn: x86 cpuid: unknown family 0x4000", "warn: instruction 'fwait' unimplemented", "warn: TimingPioPort::getAddrRanges()", "warn: Write to unknown i8042 (keyboard controller) command port.", "warn: Tried to clear PCI interrupt 14", "warn: instruction 'verw_Mw_or_Rv' unimplemented", "info: Entering event queue @ 1649960171883.  Starting simulation...", "info: Entering event queue @ 1649975576960.  Starting simulation...", "warn: x86 cpuid family 0x0000: unimplemented function 4", "warn: instruction 'fcomi' unimplemented", "warn: MOVNTDQ: Ignoring non-temporal hint, modeling as cacheable!"]}, "host.replica.2": {"class": "Gem5Host", "cmd": ["/home/hejingli/endhostsim-code/gem5/build/X86/gem5.opt", "--outdir=/home/hejingli/endhostsim-code/experiments/out/nopaxos-gt-cb-ehseq-2/1/gem5-out.replica.2", "/home/hejingli/endhostsim-code/gem5/configs/cosim/cosim.py", "--caches", "--l2cache", "--l3cache", "--l1d_size=32kB", "--l1i_size=32kB", "--l2_size=2MB", "--l3_size=32MB", "--cacheline_size=64", "--cpu-clock=3GHz", "--sys-clock=1GHz", "--checkpoint-dir=/home/hejingli/endhostsim-code/experiments/out/nopaxos-gt-cb-ehseq-2/0/gem5-cp.replica.2", "--kernel=/home/hejingli/endhostsim-code/images/vmlinux", "--disk-image=/home/hejingli/endhostsim-code/images/output-nopaxos/nopaxos.raw", "--disk-image=/home/hejingli/endhostsim-code/experiments/out/nopaxos-gt-cb-ehseq-2/1/cfg.replica.2.tar", "--cpu-type=TimingSimpleCPU", "--mem-size=8192MB", "--num-cpus=1", "--ddio-enabled", "--ddio-way-part=8", "--mem-type=DDR4_2400_16x4", "--cosim-pci=/home/hejingli/endhostsim-code/experiments/out/nopaxos-gt-cb-ehseq-2/1/nic.pci.replica.2.", "--cosim-shm=/home/hejingli/endhostsim-code/experiments/out/nopaxos-gt-cb-ehseq-2/1/nic.shm.replica.2.", "--cosim-sync", "--cosim-sync_mode=0", "--cosim-pci-lat=500", "--cosim-sync-int=500"], "stdout": ["gem5 Simulator System.  http://gem5.org", "gem5 is copyrighted software; use the --copyright option for details.", "", "gem5 version 20.0.0.1", "gem5 compiled Dec  3 2020 17:56:02", "gem5 started Dec  6 2020 11:05:21", "gem5 executing on brain21, pid 17077", "command line: /home/hejingli/endhostsim-code/gem5/build/X86/gem5.opt --outdir=/home/hejingli/endhostsim-code/experiments/out/nopaxos-gt-cb-ehseq-2/1/gem5-out.replica.2 /home/hejingli/endhostsim-code/gem5/configs/cosim/cosim.py --caches --l2cache --l3cache --l1d_size=32kB --l1i_size=32kB --l2_size=2MB --l3_size=32MB --cacheline_size=64 --cpu-clock=3GHz --sys-clock=1GHz --checkpoint-dir=/home/hejingli/endhostsim-code/experiments/out/nopaxos-gt-cb-ehseq-2/0/gem5-cp.replica.2 --kernel=/home/hejingli/endhostsim-code/images/vmlinux --disk-image=/home/hejingli/endhostsim-code/images/output-nopaxos/nopaxos.raw --disk-image=/home/hejingli/endhostsim-code/experiments/out/nopaxos-gt-cb-ehseq-2/1/cfg.replica.2.tar --cpu-type=TimingSimpleCPU --mem-size=8192MB --num-cpus=1 --ddio-enabled --ddio-way-part=8 --mem-type=DDR4_2400_16x4 --cosim-pci=/home/hejingli/endhostsim-code/experiments/out/nopaxos-gt-cb-ehseq-2/1/nic.pci.replica.2. --cosim-shm=/home/hejingli/endhostsim-code/experiments/out/nopaxos-gt-cb-ehseq-2/1/nic.shm.replica.2. --cosim-sync --cosim-sync_mode=0 --cosim-pci-lat=500 --cosim-sync-int=500", "", "Global frequency set at 1000000000000 ticks per second", "      0: system.pc.south_bridge.cmos.rtc: Real-time clock set to Sun Jan  1 00:00:00 2012", "**** REAL SIMULATION ****", "[    0.000000] Linux version 5.4.46 (hejingli@brain21) (gcc version 8.3.0 (Debian 8.3.0-6)) #1 SMP Wed Dec 2 12:19:40 CET 2020\r", "[    0.000000] Command line: earlyprintk=ttyS0 console=ttyS0 root=/dev/sda1 no_timer_check memory_corruption_check=0 random.trust_cpu=on init=/home/ubuntu/guestinit.sh\r", "[    0.000000] CPU: vendor_id 'M5 Simulator' unknown, using generic init.\r", "[    0.000000] CPU: Your system may be unstable.\r", "[    0.000000] x86/fpu: x87 FPU will use FXSAVE\r", "[    0.000000] BIOS-provided physical RAM map:\r", "[    0.000000] BIOS-e820: [mem 0x0000000000000000-0x000000000009fbff] usable\r", "[    0.000000] BIOS-e820: [mem 0x000000000009fc00-0x00000000000fffff] reserved\r", "[    0.000000] BIOS-e820: [mem 0x0000000000100000-0x00000000bfffffff] usable\r", "[    0.000000] BIOS-e820: [mem 0x00000000ffff0000-0x00000000ffffffff] reserved\r", "[    0.000000] BIOS-e820: [mem 0x0000000100000000-0x000000023fffffff] usable\r", "[    0.000000] printk: bootconsole [earlyser0] enabled\r", "[    0.000000] NX (Execute Disable) protection: active\r", "[    0.000000] SMBIOS 2.5 present.\r", "[    0.000000] DMI:  , BIOS  06/08/2008\r", "[    0.000000] tsc: Fast TSC calibration using PIT\r", "[    0.000000] tsc: calibrated TSC: tsc_freq=3003320\r", "[    0.000000] tsc: Detected 3003.320 MHz processor\r", "[    0.000036] last_pfn = 0x240000 max_arch_pfn = 0x400000000\r", "[    0.000095] Disabled\r", "[    0.000112] x86/PAT: MTRRs disabled, skipping PAT initialization too.\r", "[    0.000163] CPU MTRRs all blank - virtualized system.\r", "[    0.000198] x86/PAT: Configuration [0-7]: WB  WT  UC- UC  WB  WT  UC- UC  \r", "[    0.000243] last_pfn = 0xc0000 max_arch_pfn = 0x400000000\r", "[    0.000330] found SMP MP-table at [mem 0x000f0050-0x000f005f]\r", "[    0.001817] ACPI: Early table checksum verification disabled\r", "[    0.002183] ACPI BIOS Error (bug): A valid RSDP was not found (20190816/tbxfroot-210)\r", "[    0.002882] No NUMA configuration found\r", "[    0.002909] Faking a node at [mem 0x0000000000000000-0x000000023fffffff]\r", "[    0.003002] NODE_DATA(0) allocated [mem 0x23ffda000-0x23fffbfff]\r", "[    0.008931] Zone ranges:\r", "[    0.008950]   DMA      [mem 0x0000000000001000-0x0000000000ffffff]\r", "[    0.008991]   DMA32    [mem 0x0000000001000000-0x00000000ffffffff]\r", "[    0.009033]   Normal   [mem 0x0000000100000000-0x000000023fffffff]\r", "[    0.009075] Movable zone start for each node\r", "[    0.009113] Early memory node ranges\r", "[    0.009139]   node   0: [mem 0x0000000000001000-0x000000000009efff]\r", "[    0.009181]   node   0: [mem 0x0000000000100000-0x00000000bfffffff]\r", "[    0.009224]   node   0: [mem 0x0000000100000000-0x000000023fffffff]\r", "[    0.009301] Zeroed struct page in unavailable ranges: 98 pages\r", "[    0.009305] Initmem setup node 0 [mem 0x0000000000001000-0x000000023fffffff]\r", "[    0.374666] Intel MultiProcessor Specification v1.4\r", "[    0.374703] MPTABLE: OEM ID: \r", "[    0.374724] MPTABLE: Product ID: \r", "[    0.374747] MPTABLE: APIC at: 0xFEE00000\r", "[    0.374775] Processor #0 (Bootup-CPU)\r", "[    0.374809] IOAPIC[0]: apic_id 1, version 20, address 0xfec00000, GSI 0-23\r", "[    0.374874] Processors: 1\r", "[    0.374894] smpboot: Allowing 1 CPUs, 0 hotplug CPUs\r", "[    0.374953] [mem 0xc0000000-0xfffeffff] available for PCI devices\r", "[    0.374993] Booting paravirtualized kernel on bare hardware\r", "[    0.375036] clocksource: refined-jiffies: mask: 0xffffffff max_cycles: 0xffffffff, max_idle_ns: 1910969940391419 ns\r", "[    0.593774] setup_percpu: NR_CPUS:8192 nr_cpumask_bits:1 nr_cpu_ids:1 nr_node_ids:1\r", "[    0.598371] percpu: Embedded 49 pages/cpu s159768 r8192 d32744 u2097152\r", "[    0.598532] Built 1 zonelists, mobility grouping on.  Total pages: 2068361\r", "[    0.598576] Policy zone: Normal\r", "[    0.598602] Kernel command line: earlyprintk=ttyS0 console=ttyS0 root=/dev/sda1 no_timer_check memory_corruption_check=0 random.trust_cpu=on init=/home/ubuntu/guestinit.sh\r", "[    0.614893] Dentry cache hash table entries: 1048576 (order: 11, 8388608 bytes, linear)\r", "[    0.622969] Inode-cache hash table entries: 524288 (order: 10, 4194304 bytes, linear)\r", "[    0.623082] mem auto-init: stack:off, heap alloc:off, heap free:off\r", "[    0.992764] Memory: 8176384K/8388216K available (8194K kernel code, 1285K rwdata, 1956K rodata, 1900K init, 1304K bss, 211832K reserved, 0K cma-reserved)\r", "[    0.994009] rcu: Hierarchical RCU implementation.\r", "[    0.994041] rcu: \tRCU restricting CPUs from NR_CPUS=8192 to nr_cpu_ids=1.\r", "[    0.994086] rcu: RCU calculated value of scheduler-enlistment delay is 100 jiffies.\r", "[    0.994136] rcu: Adjusting geometry for rcu_fanout_leaf=16, nr_cpu_ids=1\r", "[    0.994813] NR_IRQS: 524544, nr_irqs: 256, preallocated irqs: 16\r", "[    0.995986] Console: colour dummy device 80x25\r", "[    0.996031] printk: console [ttyS0] enabled\r", "[    0.996031] printk: console [ttyS0] enabled\r", "[    0.996088] printk: bootconsole [earlyser0] disabled\r", "[    0.996088] printk: bootconsole [earlyser0] disabled\r", "[    0.996203] APIC: Switch to symmetric I/O mode setup\r", "[    0.996908] ..TIMER: vector=0x30 apic1=0 pin1=2 apic2=0 pin2=0\r", "[    0.996958] clocksource: tsc-early: mask: 0xffffffffffffffff max_cycles: 0x2b4a85d6902, max_idle_ns: 440795286792 ns\r", "[    0.997033] Calibrating delay loop (skipped), value calculated using timer frequency.. 6006.64 BogoMIPS (lpj=3003320)\r", "[    0.997108] pid_max: default: 32768 minimum: 301\r", "[    0.998707] Mount-cache hash table entries: 16384 (order: 5, 131072 bytes, linear)\r", "[    0.998959] Mountpoint-cache hash table entries: 16384 (order: 5, 131072 bytes, linear)\r", "[    0.999602] mce: unknown CPU type - not enabling MCE support\r", "[    0.999644] Last level iTLB entries: 4KB 0, 2MB 0, 4MB 0\r", "[    0.999683] Last level dTLB entries: 4KB 0, 2MB 0, 4MB 0, 1GB 0\r", "[    0.999727] Spectre V1 : Mitigation: usercopy/swapgs barriers and __user pointer sanitization\r", "[    0.999789] Spectre V2 : Spectre mitigation: kernel not compiled with retpoline; no mitigation available!\r", "[    0.999792] Speculative Store Bypass: Vulnerable\r", "[    0.999889] MDS: Vulnerable: Clear CPU buffers attempted, no microcode\r", "[    1.002052] Freeing SMP alternatives memory: 12K\r", "[    1.206518]  calibrated lapic_timer_period=187707\r", "[    1.206557] smpboot: CPU0: M5 Simulator Fake M5 x86_64 CPU (family: 0xf, model: 0x25, stepping: 0x1)\r", "[    1.207031] Performance Events: no PMU driver, software events only.\r", "[    1.207031] rcu: Hierarchical SRCU implementation.\r", "[    1.207085] smp: Bringing up secondary CPUs ...\r", "[    1.207120] smp: Brought up 1 node, 1 CPU\r", "[    1.207149] smpboot: Max logical packages: 1\r", "[    1.207181] smpboot: Total of 1 processors activated (6006.64 BogoMIPS)\r", "[    1.208818] devtmpfs: initialized\r", "[    1.209408] random: get_random_u32 called from bucket_table_alloc+0xea/0x110 with crng_init=0\r", "[    1.209573] clocksource: jiffies: mask: 0xffffffff max_cycles: 0xffffffff, max_idle_ns: 1911260446275000 ns\r", "[    1.209698] futex hash table entries: 256 (order: 2, 16384 bytes, linear)\r", "[    1.209944] \r", "[    1.209958] *************************************************************\r", "[    1.210005] **     NOTICE NOTICE NOTICE NOTICE NOTICE NOTICE NOTICE    **\r", "[    1.210034] **                                                         **\r", "[    1.210081] **  IOMMU DebugFS SUPPORT HAS BEEN ENABLED IN THIS KERNEL  **\r", "[    1.210128] **                                                         **\r", "[    1.210175] ** This means that this kernel is built to expose internal **\r", "[    1.210222] ** IOMMU data structures, which may compromise security on **\r", "[    1.210269] ** your system.                                            **\r", "[    1.210316] **                                                         **\r", "[    1.210363] ** If you see this message and you are not debugging the   **\r", "[    1.210410] ** kernel, report this immediately to your vendor!         **\r", "[    1.210457] **                                                         **\r", "[    1.210504] **     NOTICE NOTICE NOTICE NOTICE NOTICE NOTICE NOTICE    **\r", "[    1.210551] *************************************************************\r", "[    1.210922] NET: Registered protocol family 16\r", "[    1.211403] audit: initializing netlink subsys (disabled)\r", "[    1.212067] cpuidle: using governor ladder\r", "[    1.212193] PCI: Using configuration type 1 for base access\r", "[    1.219066] audit: type=2000 audit(1325376001.214:1): state=initialized audit_enabled=0 res=1\r", "[    1.232872] HugeTLB registered 2.00 MiB page size, pre-allocated 0 pages\r", "[    1.235558] ACPI: Interpreter disabled.\r", "[    1.235635] iommu: Default domain type: Translated \r", "[    1.235791] vgaarb: loaded\r", "[    1.236108] SCSI subsystem initialized\r", "[    1.236558] pps_core: LinuxPPS API ver. 1 registered\r", "[    1.236594] pps_core: Software ver. 5.3.6 - Copyright 2005-2007 Rodolfo Giometti <giometti@linux.it>\r", "[    1.236669] PTP clock support registered\r", "[    1.236723] PCI: Probing PCI hardware\r", "[    1.236803] PCI host bridge to bus 0000:00\r", "[    1.236839] pci_bus 0000:00: root bus resource [io  0x0000-0xffff]\r", "[    1.236886] pci_bus 0000:00: root bus resource [mem 0x00000000-0xffffffffffff]\r", "[    1.236939] pci_bus 0000:00: No busn resource found for root bus, will use [bus 00-ff]\r", "[    1.237011] pci 0000:00:02.0: [5543:1001] type 00 class 0x020000\r", "[    1.237061] pci 0000:00:02.0: reg 0x10: [mem 0xc0000000-0xc1ffffff]\r", "[    1.237118] pci 0000:00:02.0: reg 0x30: [mem 0x00000000-0x000007ff pref]\r", "[    1.237269] pci 0000:00:04.0: [8086:7111] type 00 class 0x010180\r", "[    1.237325] pci 0000:00:04.0: reg 0x20: [io  0x0000-0x000f]\r", "[    1.237371] pci 0000:00:04.0: reg 0x30: [mem 0x00000000-0x000007ff pref]\r", "[    1.237422] pci 0000:00:04.0: legacy IDE quirk: reg 0x10: [io  0x01f0-0x01f7]\r", "[    1.237474] pci 0000:00:04.0: legacy IDE quirk: reg 0x14: [io  0x03f6]\r", "[    1.237522] pci 0000:00:04.0: legacy IDE quirk: reg 0x18: [io  0x0170-0x0177]\r", "[    1.237574] pci 0000:00:04.0: legacy IDE quirk: reg 0x1c: [io  0x0376]\r", "[    1.237709] pci_bus 0000:00: busn_res: [bus 00-ff] end is updated to 00\r", "[    1.238897] clocksource: Switched to clocksource tsc-early\r", "[    1.270316] VFS: Disk quotas dquot_6.6.0\r", "[    1.270392] VFS: Dquot-cache hash table entries: 512 (order 0, 4096 bytes)\r", "[    1.270543] pnp: PnP ACPI: disabled\r", "[    1.278640] thermal_sys: Registered thermal governor 'step_wise'\r", "[    1.278642] thermal_sys: Registered thermal governor 'user_space'\r", "[    1.278725] pci 0000:00:02.0: BAR 6: assigned [mem 0xc2000000-0xc20007ff pref]\r", "[    1.278832] pci 0000:00:04.0: BAR 6: assigned [mem 0xc2000800-0xc2000fff pref]\r", "[    1.278888] pci 0000:00:04.0: BAR 4: assigned [io  0x1000-0x100f]\r", "[    1.278937] pci_bus 0000:00: resource 4 [io  0x0000-0xffff]\r", "[    1.278979] pci_bus 0000:00: resource 5 [mem 0x00000000-0xffffffffffff]\r", "[    1.279129] NET: Registered protocol family 2\r", "[    1.279505] tcp_listen_portaddr_hash hash table entries: 4096 (order: 4, 65536 bytes, linear)\r", "[    1.279677] TCP established hash table entries: 65536 (order: 7, 524288 bytes, linear)\r", "[    1.281021] TCP bind hash table entries: 65536 (order: 8, 1048576 bytes, linear)\r", "[    1.283230] TCP: Hash tables configured (established 65536 bind 65536)\r", "[    1.283498] UDP hash table entries: 4096 (order: 5, 131072 bytes, linear)\r", "[    1.283842] UDP-Lite hash table entries: 4096 (order: 5, 131072 bytes, linear)\r", "[    1.284319] NET: Registered protocol family 1\r", "[    1.284380] PCI: CLS 0 bytes, default 64\r", "[    1.285262] PCI-DMA: Using software bounce buffering for IO (SWIOTLB)\r", "[    1.285309] software IO TLB: mapped [mem 0xbc000000-0xc0000000] (64MB)\r", "[    1.285468] platform rtc_cmos: registered platform RTC device (no PNP device found)\r", "[    1.287205] workingset: timestamp_bits=52 max_order=21 bucket_order=0\r", "[    1.287899] fuse: init (API version 7.31)\r", "[    1.301017] Block layer SCSI generic (bsg) driver version 0.4 loaded (major 252)\r", "[    1.301070] io scheduler mq-deadline registered\r", "[    1.301103] io scheduler kyber registered\r", "[    1.301282] acpiphp_ibm: ibm_acpiphp_init: acpi_walk_namespace failed\r", "[    1.301632] Serial: 8250/16550 driver, 4 ports, IRQ sharing disabled\r", "[    1.301744] serial8250: ttyS0 at I/O 0x3f8 (irq = 4, base_baud = 115200) is a 8250\r", "[    1.302799] Linux agpgart interface v0.103\r", "[    1.311116] brd: module loaded\r", "[    1.318603] loop: module loaded\r", "[    1.318785] Loading iSCSI transport class v2.0-870.\r", "[    1.320007] ata_piix 0000:00:04.0: enabling device (0000 -> 0001)\r", "[    1.320057] ata_piix 0000:00:04.0: PCI->APIC IRQ transform: INT A -> IRQ 16\r", "[    1.322272] scsi host0: ata_piix\r", "[    1.322601] scsi host1: ata_piix\r", "[    1.322713] ata1: PATA max UDMA/33 cmd 0x1f0 ctl 0x3f6 bmdma 0x1000 irq 14\r", "[    1.322762] ata2: PATA max UDMA/33 cmd 0x170 ctl 0x376 bmdma 0x1008 irq 15\r", "[    1.322998] Ethernet Channel Bonding Driver: v3.7.1 (April 27, 2011)\r", "[    1.326457] tun: Universal TUN/TAP device driver, 1.6\r", "[    1.326959] VFIO - User Level meta-driver version: 0.3\r", "[    1.327850] i8042: PNP: No PS/2 controller found.\r", "[    1.327883] i8042: Probing ports directly.\r", "[    1.328183] serio: i8042 KBD port at 0x60,0x64 irq 1\r", "[    1.328224] serio: i8042 AUX port at 0x60,0x64 irq 12\r", "[    1.328883] mousedev: PS/2 mouse device common for all mice\r", "[    1.329753] NET: Registered protocol family 17\r", "[    1.329800] mce: Unable to init MCE device (rc: -5)\r", "[    1.329922] IPI shorthand broadcast: enabled\r", "[    1.329964] sched_clock: Marking stable (1328240980, 1545452)->(1329510741, 275691)\r", "[    1.332019] input: AT Translated Set 2 keyboard as /devices/platform/i8042/serio0/input/input0\r", "[    1.581021] ata1.00: ATA-7: M5 IDE Disk, , max UDMA/66\r", "[    1.581059] ata1.00: 83886080 sectors, multi 0: LBA \r", "[    1.581106] ata1.01: ATA-7: M5 IDE Disk, , max UDMA/66\r", "[    1.581144] ata1.01: 160 sectors, multi 0: LBA \r", "[    1.581743] scsi 0:0:0:0: Direct-Access     ATA      M5 IDE Disk      n/a  PQ: 0 ANSI: 5\r", "[    1.582031] scsi 0:0:0:0: Attached scsi generic sg0 type 0\r", "[    1.582248] scsi 0:0:1:0: Direct-Access     ATA      M5 IDE Disk      n/a  PQ: 0 ANSI: 5\r", "[    1.582522] scsi 0:0:1:0: Attached scsi generic sg1 type 0\r", "[    1.583075] sd 0:0:0:0: [sda] 83886080 512-byte logical blocks: (42.9 GB/40.0 GiB)\r", "[    1.583153] sd 0:0:0:0: [sda] Write Protect is off\r", "[    1.583239] sd 0:0:0:0: [sda] Write cache: disabled, read cache: enabled, doesn't support DPO or FUA\r", "[    1.583551] sd 0:0:1:0: [sdb] 160 512-byte logical blocks: (81.9 kB/80.0 KiB)\r", "[    1.583619] sd 0:0:1:0: [sdb] Write Protect is off\r", "[    1.583694] sd 0:0:1:0: [sdb] Write cache: disabled, read cache: enabled, doesn't support DPO or FUA\r", "[    1.585387] sd 0:0:1:0: [sdb] Attached SCSI disk\r", "[    1.585520]  sda: sda1\r", "[    1.586125] sd 0:0:0:0: [sda] Attached SCSI disk\r", "[    1.588614] EXT4-fs (sda1): mounted filesystem with ordered data mode. Opts: (null)\r", "[    1.588682] VFS: Mounted root (ext4 filesystem) on device 8:1.\r", "[    1.589739] devtmpfs: mounted\r", "[    1.594233] Freeing unused kernel image memory: 1900K\r", "[    1.594768] Write protecting the kernel read-only data: 12288k\r", "[    1.600463] Freeing unused kernel image memory: 2032K\r", "[    1.600769] Freeing unused kernel image memory: 92K\r", "[    1.600807] rodata_test: all tests were successful\r", "[    1.600844] Run /home/ubuntu/guestinit.sh as init process\r", "[    1.608027] random: fast init done\r", "+ export HOME=/root\r", "+ export LANG=en_US\r", "+ export PATH=/usr/local/sbin:/usr/local/bin:/usr/sbin:/usr/bin:/sbin:/bin:/usr/games:/usr/local/games\r", "+ m5 checkpoint\r", "Writing checkpoint", "+ insmod /tmp/guest/mqnic.ko\r", "[    1.647963] mqnic: loading out-of-tree module taints kernel.\r", "[    1.649223] mqnic 0000:00:02.0: mqnic probe\r", "[    1.649292] mqnic 0000:00:02.0: enabling device (0000 -> 0002)\r", "[    1.649339] mqnic 0000:00:02.0: PCI->APIC IRQ transform: INT A -> IRQ 17\r", "[    1.649399] mqnic 0000:00:02.0: FW ID: 0x00000020\r", "[    1.649436] mqnic 0000:00:02.0: FW version: 0.1\r", "[    1.649472] mqnic 0000:00:02.0: Board ID: 0x43215678\r", "[    1.649511] mqnic 0000:00:02.0: Board version: 0.1\r", "[    1.649548] mqnic 0000:00:02.0: PHC count: 1\r", "[    1.649582] mqnic 0000:00:02.0: PHC offset: 0x00000200\r", "[    1.649622] mqnic 0000:00:02.0: IF count: 1\r", "[    1.649656] mqnic 0000:00:02.0: IF stride: 0x00080000\r", "[    1.649695] mqnic 0000:00:02.0: IF CSR offset: 0x00080000\r", "[    1.649803] mqnic 0000:00:02.0: Failed to read MAC from EEPROM; no EEPROM I2C client registered\r", "[    1.649988] mqnic 0000:00:02.0: registered PHC (index 0)\r", "[    1.650029] mqnic 0000:00:02.0: Creating interface 0\r", "[    1.664282] mqnic 0000:00:02.0: IF ID: 0x00000000\r", "[    1.664320] mqnic 0000:00:02.0: IF features: 0x00000000\r", "[    1.664361] mqnic 0000:00:02.0: Event queue count: 1\r", "[    1.664400] mqnic 0000:00:02.0: Event queue offset: 0x00100000\r", "[    1.664444] mqnic 0000:00:02.0: TX queue count: 1\r", "[    1.664481] mqnic 0000:00:02.0: TX queue offset: 0x00200000\r", "[    1.664523] mqnic 0000:00:02.0: TX completion queue count: 1\r", "[    1.664566] mqnic 0000:00:02.0: TX completion queue offset: 0x00400000\r", "[    1.664615] mqnic 0000:00:02.0: RX queue count: 1\r", "[    1.664652] mqnic 0000:00:02.0: RX queue offset: 0x00600000\r", "[    1.664694] mqnic 0000:00:02.0: RX completion queue count: 1\r", "[    1.664738] mqnic 0000:00:02.0: RX completion queue offset: 0